 cgamex86

 Timestamp is 623b3010 (Wed Mar 23 10:34:56 2022)

 Preferred load address is 30000000

 Start         Length     Name                   Class
 0001:00000000 00066b87H .text                   CODE
 0001:00066b87 0002f409H .textbss                CODE
 0002:00000000 00009851H .rdata                  DATA
 0002:00009860 0000016aH .edata                  DATA
 0003:00000000 00000104H .CRT$XCA                DATA
 0003:00000104 00000104H .CRT$XCZ                DATA
 0003:00000208 00000104H .CRT$XIA                DATA
 0003:0000030c 00000109H .CRT$XIC                DATA
 0003:00000418 00000104H .CRT$XIZ                DATA
 0003:0000051c 00000104H .CRT$XPA                DATA
 0003:00000620 00000104H .CRT$XPX                DATA
 0003:00000724 00000104H .CRT$XPZ                DATA
 0003:00000828 00000104H .CRT$XTA                DATA
 0003:0000092c 00000104H .CRT$XTZ                DATA
 0003:00000a30 00005710H .data                   DATA
 0003:00006140 006115e0H .bss                    DATA
 0004:00000000 00000014H .idata$2                DATA
 0004:00000014 00000014H .idata$3                DATA
 0004:00000028 0000018cH .idata$4                DATA
 0004:000001b4 0000018cH .idata$5                DATA
 0004:00000340 000006c8H .idata$6                DATA

  Address         Publics by Value              Rva+Base     Lib:Object

 0001:00001890       _BG_FindItemForPowerup     30002890 f   bg_misc.obj
 0001:00001930       _BG_FindItemForHoldable    30002930 f   bg_misc.obj
 0001:000019c0       _BG_FindItemForWeapon      300029c0 f   bg_misc.obj
 0001:00001a30       _BG_FindItem               30002a30 f   bg_misc.obj
 0001:00001a90       _BG_PlayerTouchesItem      30002a90 f   bg_misc.obj
 0001:00001b80       _BG_CanItemBeGrabbed       30002b80 f   bg_misc.obj
 0001:00001e40       _BG_EvaluateTrajectory     30002e40 f   bg_misc.obj
 0001:00002130       _BG_EvaluateTrajectoryDelta 30003130 f   bg_misc.obj
 0001:00002360       _BG_AddPredictableEventToPlayerstate 30003360 f   bg_misc.obj
 0001:00002440       _BG_TouchJumpPad           30003440 f   bg_misc.obj
 0001:00002560       _BG_PlayerStateToEntityState 30003560 f   bg_misc.obj
 0001:00002990       _BG_PlayerStateToEntityStateExtraPolate 30003990 f   bg_misc.obj
 0001:00002de0       _PM_AddEvent               30003de0 f   bg_pmove.obj
 0001:00002e10       _PM_AddTouchEnt            30003e10 f   bg_pmove.obj
 0001:00002ec0       _PM_ClipVelocity           30003ec0 f   bg_pmove.obj
 0001:00002f80       _PM_UpdateViewAngles       30003f80 f   bg_pmove.obj
 0001:000030c0       _PmoveSingle               300040c0 f   bg_pmove.obj
 0001:00007000       _Pmove                     30008000 f   bg_pmove.obj
 0001:00007130       _PM_SlideMove              30008130 f   bg_slidemove.obj
 0001:00007c10       _PM_StepSlideMove          30008c10 f   bg_slidemove.obj
 0001:00008150       _CG_TargetCommand_f        30009150 f   cg_consolecmds.obj
 0001:000086c0       _CG_ConsoleCommand         300096c0 f   cg_consolecmds.obj
 0001:00008740       _CG_InitConsoleCommands    30009740 f   cg_consolecmds.obj
 0001:00008950       _CG_Draw3DModel            30009950 f   cg_draw.obj
 0001:00008b00       _CG_DrawHead               30009b00 f   cg_draw.obj
 0001:00008ca0       _CG_DrawFlagModel          30009ca0 f   cg_draw.obj
 0001:00008e80       _CG_DrawTeamBackground     30009e80 f   cg_draw.obj
 0001:00008f40       _CG_AddLagometerFrameInfo  30009f40 f   cg_draw.obj
 0001:00008f90       _CG_AddLagometerSnapshotInfo 30009f90 f   cg_draw.obj
 0001:00009030       _CG_CenterPrint            3000a030 f   cg_draw.obj
 0001:000090e0       _CG_DrawActive             3000a0e0 f   cg_draw.obj
 0001:0000d520       _CG_AdjustFrom640          3000e520 f   cg_drawtools.obj
 0001:0000d590       _CG_FillRect               3000e590 f   cg_drawtools.obj
 0001:0000d610       _CG_DrawSides              3000e610 f   cg_drawtools.obj
 0001:0000d6c0       _CG_DrawTopBottom          3000e6c0 f   cg_drawtools.obj
 0001:0000d770       _CG_DrawRect               3000e770 f   cg_drawtools.obj
 0001:0000d7f0       _CG_DrawPic                3000e7f0 f   cg_drawtools.obj
 0001:0000d860       _CG_DrawChar               3000e860 f   cg_drawtools.obj
 0001:0000d960       _CG_DrawStringExt          3000e960 f   cg_drawtools.obj
 0001:0000dbc0       _CG_DrawBigString          3000ebc0 f   cg_drawtools.obj
 0001:0000dc20       _CG_DrawBigStringColor     3000ec20 f   cg_drawtools.obj
 0001:0000dc60       _CG_DrawSmallString        3000ec60 f   cg_drawtools.obj
 0001:0000dcc0       _CG_DrawSmallStringColor   3000ecc0 f   cg_drawtools.obj
 0001:0000dd00       _CG_DrawStrlen             3000ed00 f   cg_drawtools.obj
 0001:0000dd90       _CG_TileClear              3000ed90 f   cg_drawtools.obj
 0001:0000df90       _CG_FadeColor              3000ef90 f   cg_drawtools.obj
 0001:0000e050       _CG_TeamColor              3000f050 f   cg_drawtools.obj
 0001:0000e0b0       _CG_GetColorForHealth      3000f0b0 f   cg_drawtools.obj
 0001:0000e200       _CG_ColorForHealth         3000f200 f   cg_drawtools.obj
 0001:0000e250       _UI_DrawBannerString       3000f250 f   cg_drawtools.obj
 0001:0000e5a0       _UI_ProportionalStringWidth 3000f5a0 f   cg_drawtools.obj
 0001:0000e630       _UI_ProportionalSizeScale  3000f630 f   cg_drawtools.obj
 0001:0000e670       _UI_DrawProportionalString 3000f670 f   cg_drawtools.obj
 0001:0000eb40       _CG_BubbleTrail            3000fb40 f   cg_effects.obj
 0001:0000eeb0       _CG_SmokePuff              3000feb0 f   cg_effects.obj
 0001:0000f160       _CG_SpawnEffect            30010160 f   cg_effects.obj
 0001:0000f2c0       _CG_ScorePlum              300102c0 f   cg_effects.obj
 0001:0000f4b0       _CG_MakeExplosion          300104b0 f   cg_effects.obj
 0001:0000f740       _CG_Bleed                  30010740 f   cg_effects.obj
 0001:0000f860       _CG_LaunchGib              30010860 f   cg_effects.obj
 0001:0000f9f0       _CG_GibPlayer              300109f0 f   cg_effects.obj
 0001:000102d0       _CG_LaunchExplode          300112d0 f   cg_effects.obj
 0001:00010460       _CG_BigExplode             30011460 f   cg_effects.obj
 0001:000108e0       _CG_PositionEntityOnTag    300118e0 f   cg_ents.obj
 0001:00010a30       _CG_PositionRotatedEntityOnTag 30011a30 f   cg_ents.obj
 0001:00010b90       _CG_SetEntitySoundPosition 30011b90 f   cg_ents.obj
 0001:00010c50       _CG_Beam                   30011c50 f   cg_ents.obj
 0001:00010d30       _CG_AdjustPositionForMover 30011d30 f   cg_ents.obj
 0001:00010ed0       _CG_AddPacketEntities      30011ed0 f   cg_ents.obj
 0001:00012ac0       _CG_PlaceString            30013ac0 f   cg_event.obj
 0001:00012c60       _CG_PainEvent              30013c60 f   cg_event.obj
 0001:00012d30       _CG_EntityEvent            30013d30 f   cg_event.obj
 0001:00015280       _CG_CheckEvents            30016280 f   cg_event.obj
 0001:000153a0       _CG_LoadingString          300163a0 f   cg_info.obj
 0001:000153e0       _CG_LoadingItem            300163e0 f   cg_info.obj
 0001:00015470       _CG_LoadingClient          30016470 f   cg_info.obj
 0001:000156c0       _CG_DrawInformation        300166c0 f   cg_info.obj
 0001:00015da0       _CG_InitLocalEntities      30016da0 f   cg_localents.obj
 0001:00015e40       _CG_FreeLocalEntity        30016e40 f   cg_localents.obj
 0001:00015eb0       _CG_AllocLocalEntity       30016eb0 f   cg_localents.obj
 0001:00015f50       _CG_BloodTrail             30016f50 f   cg_localents.obj
 0001:00016050       _CG_FragmentBounceMark     30017050 f   cg_localents.obj
 0001:000161a0       _CG_FragmentBounceSound    300171a0 f   cg_localents.obj
 0001:00016250       _CG_ReflectVelocity        30017250 f   cg_localents.obj
 0001:00016430       _CG_AddFragment            30017430 f   cg_localents.obj
 0001:00016700       _CG_AddFadeRGB             30017700 f   cg_localents.obj
 0001:000167d0       _CG_AddScorePlum           300177d0 f   cg_localents.obj
 0001:00016d80       _CG_AddLocalEntities       30017d80 f   cg_localents.obj
 0001:000175d0       _vmMain                    300185d0 f   cg_main.obj
 0001:00017700       _CG_RegisterCvars          30018700 f   cg_main.obj
 0001:00017840       _CG_UpdateCvars            30018840 f   cg_main.obj
 0001:000179b0       _CG_CrosshairPlayer        300189b0 f   cg_main.obj
 0001:000179f0       _CG_LastAttacker           300189f0 f   cg_main.obj
 0001:00017a30       _CG_Printf                 30018a30 f   cg_main.obj
 0001:00017a90       _CG_Error                  30018a90 f   cg_main.obj
 0001:00017af0       _Com_Error                 30018af0 f   cg_main.obj
 0001:00017b50       _Com_Printf                30018b50 f   cg_main.obj
 0001:00017bb0       _CG_Argv                   30018bb0 f   cg_main.obj
 0001:00017bf0       _CG_BuildSpectatorString   30018bf0 f   cg_main.obj
 0001:00017cd0       _CG_ConfigString           30018cd0 f   cg_main.obj
 0001:00017d20       _CG_StartMusic             30018d20 f   cg_main.obj
 0001:00017db0       _CG_Init                   30018db0 f   cg_main.obj
 0001:00019850       _CG_Shutdown               3001a850 f   cg_main.obj
 0001:00019870       _CG_EventHandling          3001a870 f   cg_main.obj
 0001:00019890       _CG_KeyEvent               3001a890 f   cg_main.obj
 0001:000198b0       _CG_MouseEvent             3001a8b0 f   cg_main.obj
 0001:000198d0       _CG_InitMarkPolys          3001a8d0 f   cg_marks.obj
 0001:00019970       _CG_FreeMarkPoly           3001a970 f   cg_marks.obj
 0001:000199e0       _CG_AllocMark              3001a9e0 f   cg_marks.obj
 0001:00019ab0       _CG_ImpactMark             3001aab0 f   cg_marks.obj
 0001:0001a0d0       _CG_AddMarks               3001b0d0 f   cg_marks.obj
 0001:0001a3a0       _CG_ClearParticles         3001b3a0 f   cg_marks.obj
 0001:0001a520       _CG_AddParticleToScene     3001b520 f   cg_marks.obj
 0001:0001d090       _CG_AddParticles           3001e090 f   cg_marks.obj
 0001:0001d570       _CG_ParticleSnowFlurry     3001e570 f   cg_marks.obj
 0001:0001d8e0       _CG_ParticleSnow           3001e8e0 f   cg_marks.obj
 0001:0001dbc0       _CG_ParticleBubble         3001ebc0 f   cg_marks.obj
 0001:0001df10       _CG_ParticleSmoke          3001ef10 f   cg_marks.obj
 0001:0001e150       _CG_ParticleBulletDebris   3001f150 f   cg_marks.obj
 0001:0001e310       _CG_ParticleExplosion      3001f310 f   cg_marks.obj
 0001:0001e570       _CG_AddParticleShrapnel    3001f570 f   cg_marks.obj
 0001:0001e590       _CG_NewParticleArea        3001f590 f   cg_marks.obj
 0001:0001e820       _CG_SnowLink               3001f820 f   cg_marks.obj
 0001:0001e8c0       _CG_ParticleImpactSmokePuff 3001f8c0 f   cg_marks.obj
 0001:0001eb00       _CG_Particle_Bleed         3001fb00 f   cg_marks.obj
 0001:0001ed10       _CG_Particle_OilParticle   3001fd10 f   cg_marks.obj
 0001:0001ef40       _CG_Particle_OilSlick      3001ff40 f   cg_marks.obj
 0001:0001f220       _CG_OilSlickRemove         30020220 f   cg_marks.obj
 0001:0001f2d0       _ValidBloodPool            300202d0 f   cg_marks.obj
 0001:0001f530       _CG_BloodPool              30020530 f   cg_marks.obj
 0001:0001f780       _CG_ParticleBloodCloud     30020780 f   cg_marks.obj
 0001:0001fa80       _CG_ParticleSparks         30020a80 f   cg_marks.obj
 0001:0001fde0       _CG_ParticleDust           30020de0 f   cg_marks.obj
 0001:000202a0       _CG_ParticleMisc           300212a0 f   cg_marks.obj
 0001:00020410       _CG_CustomSound            30021410 f   cg_players.obj
 0001:00020500       _CG_NewClientInfo          30021500 f   cg_players.obj
 0001:00022f20       _CG_LoadDeferredPlayers    30023f20 f   cg_players.obj
 0001:00022fd0       _CG_AddRefEntityWithPowerups 30023fd0 f   cg_players.obj
 0001:00023130       _CG_LightVerts             30024130 f   cg_players.obj
 0001:00023300       _CG_Player                 30024300 f   cg_players.obj
 0001:000255e0       _CG_ResetPlayerEntity      300265e0 f   cg_players.obj
 0001:000258e0       _CG_CheckAmmo              300268e0 f   cg_playerstate.obj
 0001:00025a30       _CG_DamageFeedback         30026a30 f   cg_playerstate.obj
 0001:00025e10       _CG_Respawn                30026e10 f   cg_playerstate.obj
 0001:00025e60       _CG_CheckPlayerstateEvents 30026e60 f   cg_playerstate.obj
 0001:00026010       _CG_CheckChangedPredictableEvents 30027010 f   cg_playerstate.obj
 0001:00026140       _CG_CheckLocalSounds       30027140 f   cg_playerstate.obj
 0001:000266d0       _CG_TransitionPlayerState  300276d0 f   cg_playerstate.obj
 0001:00026850       _CG_BuildSolidList         30027850 f   cg_predict.obj
 0001:000269a0       _CG_Trace                  300279a0 f   cg_predict.obj
 0001:00026d00       _CG_PointContents          30027d00 f   cg_predict.obj
 0001:00026df0       _CG_PredictPlayerState     30027df0 f   cg_predict.obj
 0001:00027bd0       _CG_DrawOldScoreboard      30028bd0 f   cg_scoreboard.obj
 0001:00028bf0       _CG_DrawOldTourneyScoreboard 30029bf0 f   cg_scoreboard.obj
 0001:00029040       _CG_ParseServerinfo        3002a040 f   cg_servercmds.obj
 0001:00029260       _CG_SetConfigValues        3002a260 f   cg_servercmds.obj
 0001:00029330       _CG_ShaderStateChanged     3002a330 f   cg_servercmds.obj
 0001:00029560       _CG_ParseVoiceChats        3002a560 f   cg_servercmds.obj
 0001:00029b40       _CG_LoadVoiceChats         3002ab40 f   cg_servercmds.obj
 0001:00029c50       _CG_HeadModelVoiceChats    3002ac50 f   cg_servercmds.obj
 0001:00029de0       _CG_GetVoiceChat           3002ade0 f   cg_servercmds.obj
 0001:00029ef0       _CG_VoiceChatListForClient 3002aef0 f   cg_servercmds.obj
 0001:0002a380       _CG_PlayVoiceChat          3002b380 f   cg_servercmds.obj
 0001:0002a3a0       _CG_PlayBufferedVoiceChats 3002b3a0 f   cg_servercmds.obj
 0001:0002a3c0       _CG_AddBufferedVoiceChat   3002b3c0 f   cg_servercmds.obj
 0001:0002a3e0       _CG_VoiceChatLocal         3002b3e0 f   cg_servercmds.obj
 0001:0002a400       _CG_VoiceChat              3002b400 f   cg_servercmds.obj
 0001:0002a420       _CG_ExecuteNewServerCommands 3002b420 f   cg_servercmds.obj
 0001:0002b6b0       _CG_SetInitialSnapshot     3002c6b0 f   cg_snapshot.obj
 0001:0002b8d0       _CG_ProcessSnapshots       3002c8d0 f   cg_snapshot.obj
 0001:0002c030       _dllEntry                  3002d030 f   cg_syscalls.obj
 0001:0002c050       _PASSFLOAT                 3002d050 f   cg_syscalls.obj
 0001:0002c070       _trap_Print                3002d070 f   cg_syscalls.obj
 0001:0002c0a0       _trap_Error                3002d0a0 f   cg_syscalls.obj
 0001:0002c0d0       _trap_Milliseconds         3002d0d0 f   cg_syscalls.obj
 0001:0002c100       _trap_Cvar_Register        3002d100 f   cg_syscalls.obj
 0001:0002c140       _trap_Cvar_Update          3002d140 f   cg_syscalls.obj
 0001:0002c170       _trap_Cvar_Set             3002d170 f   cg_syscalls.obj
 0001:0002c1a0       _trap_Cvar_VariableStringBuffer 3002d1a0 f   cg_syscalls.obj
 0001:0002c1d0       _trap_Argc                 3002d1d0 f   cg_syscalls.obj
 0001:0002c200       _trap_Argv                 3002d200 f   cg_syscalls.obj
 0001:0002c230       _trap_Args                 3002d230 f   cg_syscalls.obj
 0001:0002c260       _trap_FS_FOpenFile         3002d260 f   cg_syscalls.obj
 0001:0002c290       _trap_FS_Read              3002d290 f   cg_syscalls.obj
 0001:0002c2c0       _trap_FS_Write             3002d2c0 f   cg_syscalls.obj
 0001:0002c2f0       _trap_FS_FCloseFile        3002d2f0 f   cg_syscalls.obj
 0001:0002c320       _trap_FS_Seek              3002d320 f   cg_syscalls.obj
 0001:0002c350       _trap_SendConsoleCommand   3002d350 f   cg_syscalls.obj
 0001:0002c380       _trap_AddCommand           3002d380 f   cg_syscalls.obj
 0001:0002c3b0       _trap_RemoveCommand        3002d3b0 f   cg_syscalls.obj
 0001:0002c3e0       _trap_SendClientCommand    3002d3e0 f   cg_syscalls.obj
 0001:0002c410       _trap_UpdateScreen         3002d410 f   cg_syscalls.obj
 0001:0002c440       _trap_CM_LoadMap           3002d440 f   cg_syscalls.obj
 0001:0002c470       _trap_CM_NumInlineModels   3002d470 f   cg_syscalls.obj
 0001:0002c4a0       _trap_CM_InlineModel       3002d4a0 f   cg_syscalls.obj
 0001:0002c4d0       _trap_CM_TempBoxModel      3002d4d0 f   cg_syscalls.obj
 0001:0002c500       _trap_CM_TempCapsuleModel  3002d500 f   cg_syscalls.obj
 0001:0002c530       _trap_CM_PointContents     3002d530 f   cg_syscalls.obj
 0001:0002c560       _trap_CM_TransformedPointContents 3002d560 f   cg_syscalls.obj
 0001:0002c5a0       _trap_CM_BoxTrace          3002d5a0 f   cg_syscalls.obj
 0001:0002c5f0       _trap_CM_CapsuleTrace      3002d5f0 f   cg_syscalls.obj
 0001:0002c640       _trap_CM_TransformedBoxTrace 3002d640 f   cg_syscalls.obj
 0001:0002c690       _trap_CM_TransformedCapsuleTrace 3002d690 f   cg_syscalls.obj
 0001:0002c6e0       _trap_CM_MarkFragments     3002d6e0 f   cg_syscalls.obj
 0001:0002c730       _trap_S_StartSound         3002d730 f   cg_syscalls.obj
 0001:0002c770       _trap_S_StartLocalSound    3002d770 f   cg_syscalls.obj
 0001:0002c7a0       _trap_S_ClearLoopingSounds 3002d7a0 f   cg_syscalls.obj
 0001:0002c7d0       _trap_S_AddLoopingSound    3002d7d0 f   cg_syscalls.obj
 0001:0002c810       _trap_S_AddRealLoopingSound 3002d810 f   cg_syscalls.obj
 0001:0002c850       _trap_S_StopLoopingSound   3002d850 f   cg_syscalls.obj
 0001:0002c880       _trap_S_UpdateEntityPosition 3002d880 f   cg_syscalls.obj
 0001:0002c8b0       _trap_S_Respatialize       3002d8b0 f   cg_syscalls.obj
 0001:0002c8f0       _trap_S_RegisterSound      3002d8f0 f   cg_syscalls.obj
 0001:0002c920       _trap_S_StartBackgroundTrack 3002d920 f   cg_syscalls.obj
 0001:0002c950       _trap_R_LoadWorldMap       3002d950 f   cg_syscalls.obj
 0001:0002c980       _trap_R_RegisterModel      3002d980 f   cg_syscalls.obj
 0001:0002c9b0       _trap_R_RegisterSkin       3002d9b0 f   cg_syscalls.obj
 0001:0002c9e0       _trap_R_RegisterShader     3002d9e0 f   cg_syscalls.obj
 0001:0002ca10       _trap_R_RegisterShaderNoMip 3002da10 f   cg_syscalls.obj
 0001:0002ca40       _trap_R_RegisterFont       3002da40 f   cg_syscalls.obj
 0001:0002ca70       _trap_R_ClearScene         3002da70 f   cg_syscalls.obj
 0001:0002caa0       _trap_R_AddRefEntityToScene 3002daa0 f   cg_syscalls.obj
 0001:0002cad0       _trap_R_AddPolyToScene     3002dad0 f   cg_syscalls.obj
 0001:0002cb00       _trap_R_AddPolysToScene    3002db00 f   cg_syscalls.obj
 0001:0002cb40       _trap_R_LightForPoint      3002db40 f   cg_syscalls.obj
 0001:0002cb80       _trap_R_AddLightToScene    3002db80 f   cg_syscalls.obj
 0001:0002cbf0       _trap_R_AddAdditiveLightToScene 3002dbf0 f   cg_syscalls.obj
 0001:0002cc60       _trap_R_RenderScene        3002dc60 f   cg_syscalls.obj
 0001:0002cc90       _trap_R_SetColor           3002dc90 f   cg_syscalls.obj
 0001:0002ccc0       _trap_R_DrawStretchPic     3002dcc0 f   cg_syscalls.obj
 0001:0002cd70       _trap_R_ModelBounds        3002dd70 f   cg_syscalls.obj
 0001:0002cda0       _trap_R_LerpTag            3002dda0 f   cg_syscalls.obj
 0001:0002cdf0       _trap_R_RemapShader        3002ddf0 f   cg_syscalls.obj
 0001:0002ce20       _trap_GetGlconfig          3002de20 f   cg_syscalls.obj
 0001:0002ce50       _trap_GetGameState         3002de50 f   cg_syscalls.obj
 0001:0002ce80       _trap_GetCurrentSnapshotNumber 3002de80 f   cg_syscalls.obj
 0001:0002ceb0       _trap_GetSnapshot          3002deb0 f   cg_syscalls.obj
 0001:0002cee0       _trap_GetServerCommand     3002dee0 f   cg_syscalls.obj
 0001:0002cf10       _trap_GetCurrentCmdNumber  3002df10 f   cg_syscalls.obj
 0001:0002cf40       _trap_GetUserCmd           3002df40 f   cg_syscalls.obj
 0001:0002cf70       _trap_SetUserCmdValue      3002df70 f   cg_syscalls.obj
 0001:0002cfb0       _testPrintInt              3002dfb0 f   cg_syscalls.obj
 0001:0002cfe0       _testPrintFloat            3002dfe0 f   cg_syscalls.obj
 0001:0002d020       _trap_MemoryRemaining      3002e020 f   cg_syscalls.obj
 0001:0002d050       _trap_Key_IsDown           3002e050 f   cg_syscalls.obj
 0001:0002d080       _trap_Key_GetCatcher       3002e080 f   cg_syscalls.obj
 0001:0002d0b0       _trap_Key_SetCatcher       3002e0b0 f   cg_syscalls.obj
 0001:0002d0e0       _trap_Key_GetKey           3002e0e0 f   cg_syscalls.obj
 0001:0002d110       _trap_PC_AddGlobalDefine   3002e110 f   cg_syscalls.obj
 0001:0002d140       _trap_PC_LoadSource        3002e140 f   cg_syscalls.obj
 0001:0002d170       _trap_PC_FreeSource        3002e170 f   cg_syscalls.obj
 0001:0002d1a0       _trap_PC_ReadToken         3002e1a0 f   cg_syscalls.obj
 0001:0002d1d0       _trap_PC_SourceFileAndLine 3002e1d0 f   cg_syscalls.obj
 0001:0002d200       _trap_S_StopBackgroundTrack 3002e200 f   cg_syscalls.obj
 0001:0002d230       _trap_RealTime             3002e230 f   cg_syscalls.obj
 0001:0002d260       _trap_SnapVector           3002e260 f   cg_syscalls.obj
 0001:0002d290       _trap_CIN_PlayCinematic    3002e290 f   cg_syscalls.obj
 0001:0002d2d0       _trap_CIN_StopCinematic    3002e2d0 f   cg_syscalls.obj
 0001:0002d300       _trap_CIN_RunCinematic     3002e300 f   cg_syscalls.obj
 0001:0002d330       _trap_CIN_DrawCinematic    3002e330 f   cg_syscalls.obj
 0001:0002d360       _trap_CIN_SetExtents       3002e360 f   cg_syscalls.obj
 0001:0002d3a0       _trap_GetEntityToken       3002e3a0 f   cg_syscalls.obj
 0001:0002d3d0       _trap_R_inPVS              3002e3d0 f   cg_syscalls.obj
 0001:0002d400       _CG_TestModel_f            3002e400 f   cg_view.obj
 0001:0002d580       _CG_TestGun_f              3002e580 f   cg_view.obj
 0001:0002d5c0       _CG_TestModelNextFrame_f   3002e5c0 f   cg_view.obj
 0001:0002d600       _CG_TestModelPrevFrame_f   3002e600 f   cg_view.obj
 0001:0002d660       _CG_TestModelNextSkin_f    3002e660 f   cg_view.obj
 0001:0002d6a0       _CG_TestModelPrevSkin_f    3002e6a0 f   cg_view.obj
 0001:0002d700       _CG_ZoomDown_f             3002e700 f   cg_view.obj
 0001:0002d740       _CG_ZoomUp_f               3002e740 f   cg_view.obj
 0001:0002d780       _CG_AddBufferedSound       3002e780 f   cg_view.obj
 0001:0002d7f0       _CG_DrawActiveFrame        3002e7f0 f   cg_view.obj
 0001:0002f110       _CG_RailTrail              30030110 f   cg_weapons.obj
 0001:0002fa20       _CG_GrappleTrail           30030a20 f   cg_weapons.obj
 0001:0002fcb0       _CG_RegisterWeapon         30030cb0 f   cg_weapons.obj
 0001:000317b0       _CG_RegisterItemVisuals    300327b0 f   cg_weapons.obj
 0001:00031900       _CG_AddPlayerWeapon        30032900 f   cg_weapons.obj
 0001:00032850       _CG_AddViewWeapon          30033850 f   cg_weapons.obj
 0001:00032f40       _CG_DrawWeaponSelect       30033f40 f   cg_weapons.obj
 0001:00033200       _CG_NextWeapon_f           30034200 f   cg_weapons.obj
 0001:00033340       _CG_PrevWeapon_f           30034340 f   cg_weapons.obj
 0001:00033420       _CG_Weapon_f               30034420 f   cg_weapons.obj
 0001:000334d0       _CG_OutOfAmmoChange        300344d0 f   cg_weapons.obj
 0001:00033540       _CG_FireWeapon             30034540 f   cg_weapons.obj
 0001:000336d0       _CG_MissileHitWall         300346d0 f   cg_weapons.obj
 0001:00033cc0       _CG_MissileHitPlayer       30034cc0 f   cg_weapons.obj
 0001:00033d20       _CG_ShotgunFire            30034d20 f   cg_weapons.obj
 0001:000342a0       _CG_Tracer                 300352a0 f   cg_weapons.obj
 0001:00034760       _CG_Bullet                 30035760 f   cg_weapons.obj
 0001:00034b50       _Q_rand                    30035b50 f   q_math.obj
 0001:00034b90       _Q_random                  30035b90 f   q_math.obj
 0001:00034bd0       _Q_crandom                 30035bd0 f   q_math.obj
 0001:00034c00       _ClampChar                 30035c00 f   q_math.obj
 0001:00034c30       _ClampShort                30035c30 f   q_math.obj
 0001:00034c70       _DirToByte                 30035c70 f   q_math.obj
 0001:00034d40       _ByteToDir                 30035d40 f   q_math.obj
 0001:00034de0       _ColorBytes3               30035de0 f   q_math.obj
 0001:00034e40       _ColorBytes4               30035e40 f   q_math.obj
 0001:00034eb0       _NormalizeColor            30035eb0 f   q_math.obj
 0001:00034f80       _PlaneFromPoints           30035f80 f   q_math.obj
 0001:00035110       _RotatePointAroundVector   30036110 f   q_math.obj
 0001:000353c0       _RotateAroundDirection     300363c0 f   q_math.obj
 0001:00035470       _vectoangles               30036470 f   q_math.obj
 0001:00035640       _AnglesToAxis              30036640 f   q_math.obj
 0001:000356b0       _AxisClear                 300366b0 f   q_math.obj
 0001:00035740       _AxisCopy                  30036740 f   q_math.obj
 0001:000357e0       _ProjectPointOnPlane       300367e0 f   q_math.obj
 0001:00035920       _MakeNormalVectors         30036920 f   q_math.obj
 0001:00035a10       _VectorRotate              30036a10 f   q_math.obj
 0001:00035ad0       _Q_rsqrt                   30036ad0 f   q_math.obj
 0001:00035b40       _Q_fabs                    30036b40 f   q_math.obj
 0001:00035b70       _LerpAngle                 30036b70 f   q_math.obj
 0001:00035bf0       _AngleSubtract             30036bf0 f   q_math.obj
 0001:00035c60       _AnglesSubtract            30036c60 f   q_math.obj
 0001:00035ce0       _AngleMod                  30036ce0 f   q_math.obj
 0001:00035d20       _AngleNormalize360         30036d20 f   q_math.obj
 0001:00035d60       _AngleNormalize180         30036d60 f   q_math.obj
 0001:00035db0       _AngleDelta                30036db0 f   q_math.obj
 0001:00035de0       _SetPlaneSignbits          30036de0 f   q_math.obj
 0001:00035e60       _BoxOnPlaneSide            30036e60 f   q_math.obj
 0001:00036130       _RadiusFromBounds          30037130 f   q_math.obj
 0001:00036250       _ClearBounds               30037250 f   q_math.obj
 0001:000362b0       _AddPointToBounds          300372b0 f   q_math.obj
 0001:000363b0       _VectorNormalize           300373b0 f   q_math.obj
 0001:00036470       _VectorNormalize2          30037470 f   q_math.obj
 0001:00036550       __VectorMA                 30037550 f   q_math.obj
 0001:000365b0       __DotProduct               300375b0 f   q_math.obj
 0001:00036600       __VectorSubtract           30037600 f   q_math.obj
 0001:00036660       __VectorAdd                30037660 f   q_math.obj
 0001:000366c0       __VectorCopy               300376c0 f   q_math.obj
 0001:00036700       __VectorScale              30037700 f   q_math.obj
 0001:00036750       _Vector4Scale              30037750 f   q_math.obj
 0001:000367b0       _Q_log2                    300377b0 f   q_math.obj
 0001:000367f0       _MatrixMultiply            300377f0 f   q_math.obj
 0001:00036a00       _AngleVectors              30037a00 f   q_math.obj
 0001:00036c60       _PerpendicularVector       30037c60 f   q_math.obj
 0001:00036d50       _Com_Clamp                 30037d50 f   q_shared.obj
 0001:00036da0       _COM_SkipPath              30037da0 f   q_shared.obj
 0001:00036e00       _COM_StripExtension        30037e00 f   q_shared.obj
 0001:00036e60       _COM_DefaultExtension      30037e60 f   q_shared.obj
 0001:00036f10       _ShortSwap                 30037f10 f   q_shared.obj
 0001:00036f70       _ShortNoSwap               30037f70 f   q_shared.obj
 0001:00036f90       _LongSwap                  30037f90 f   q_shared.obj
 0001:00037030       _LongNoSwap                30038030 f   q_shared.obj
 0001:00037050       _Long64Swap                30038050 f   q_shared.obj
 0001:000370b0       _Long64NoSwap              300380b0 f   q_shared.obj
 0001:000370d0       _FloatSwap                 300380d0 f   q_shared.obj
 0001:00037110       _FloatNoSwap               30038110 f   q_shared.obj
 0001:00037130       _COM_BeginParseSession     30038130 f   q_shared.obj
 0001:00037180       _COM_GetCurrentParseLine   30038180 f   q_shared.obj
 0001:000371a0       _COM_Parse                 300381a0 f   q_shared.obj
 0001:000371d0       _COM_ParseError            300381d0 f   q_shared.obj
 0001:00037240       _COM_ParseWarning          30038240 f   q_shared.obj
 0001:000372b0       _COM_Compress              300382b0 f   q_shared.obj
 0001:00037530       _COM_ParseExt              30038530 f   q_shared.obj
 0001:00037860       _COM_MatchToken            30038860 f   q_shared.obj
 0001:000378c0       _SkipBracedSection         300388c0 f   q_shared.obj
 0001:00037950       _SkipRestOfLine            30038950 f   q_shared.obj
 0001:000379c0       _Parse1DMatrix             300389c0 f   q_shared.obj
 0001:00037a50       _Parse2DMatrix             30038a50 f   q_shared.obj
 0001:00037ae0       _Parse3DMatrix             30038ae0 f   q_shared.obj
 0001:00037b80       _Q_isprint                 30038b80 f   q_shared.obj
 0001:00037bb0       _Q_islower                 30038bb0 f   q_shared.obj
 0001:00037be0       _Q_isupper                 30038be0 f   q_shared.obj
 0001:00037c10       _Q_isalpha                 30038c10 f   q_shared.obj
 0001:00037c50       _Q_strrchr                 30038c50 f   q_shared.obj
 0001:00037cd0       _Q_strncpyz                30038cd0 f   q_shared.obj
 0001:00037d60       _Q_stricmpn                30038d60 f   q_shared.obj
 0001:00037e70       _Q_strncmp                 30038e70 f   q_shared.obj
 0001:00037f00       _Q_stricmp                 30038f00 f   q_shared.obj
 0001:00037f50       _Q_strlwr                  30038f50 f   q_shared.obj
 0001:00037fb0       _Q_strupr                  30038fb0 f   q_shared.obj
 0001:00038010       _Q_strcat                  30039010 f   q_shared.obj
 0001:00038080       _Q_PrintStrlen             30039080 f   q_shared.obj
 0001:00038120       _Q_CleanStr                30039120 f   q_shared.obj
 0001:000381e0       _Com_sprintf               300391e0 f   q_shared.obj
 0001:00038290       _va                        30039290 f   q_shared.obj
 0001:00038300       _Info_ValueForKey          30039300 f   q_shared.obj
 0001:000384e0       _Info_NextPair             300394e0 f   q_shared.obj
 0001:000385f0       _Info_RemoveKey            300395f0 f   q_shared.obj
 0001:000387c0       _Info_RemoveKey_Big        300397c0 f   q_shared.obj
 0001:00038990       _Info_Validate             30039990 f   q_shared.obj
 0001:000389f0       _Info_SetValueForKey       300399f0 f   q_shared.obj
 0001:00038bd0       _Info_SetValueForKey_Big   30039bd0 f   q_shared.obj
 0001:00038da0       _UI_Alloc                  30039da0 f   ui_shared.obj
 0001:00038e40       _UI_InitMemory             30039e40 f   ui_shared.obj
 0001:00038e70       _UI_OutOfMemory            30039e70 f   ui_shared.obj
 0001:00038e90       _String_Alloc              30039e90 f   ui_shared.obj
 0001:000390d0       _String_Report             3003a0d0 f   ui_shared.obj
 0001:000391a0       _String_Init               3003a1a0 f   ui_shared.obj
 0001:00039260       _PC_SourceWarning          3003a260 f   ui_shared.obj
 0001:00039300       _PC_SourceError            3003a300 f   ui_shared.obj
 0001:000393a0       _LerpColor                 3003a3a0 f   ui_shared.obj
 0001:00039460       _Float_Parse               3003a460 f   ui_shared.obj
 0001:000394c0       _PC_Float_Parse            3003a4c0 f   ui_shared.obj
 0001:000395b0       _Color_Parse               3003a5b0 f   ui_shared.obj
 0001:00039620       _PC_Color_Parse            3003a620 f   ui_shared.obj
 0001:00039690       _Int_Parse                 3003a690 f   ui_shared.obj
 0001:000396f0       _PC_Int_Parse              3003a6f0 f   ui_shared.obj
 0001:000397d0       _Rect_Parse                3003a7d0 f   ui_shared.obj
 0001:00039860       _PC_Rect_Parse             3003a860 f   ui_shared.obj
 0001:000398f0       _String_Parse              3003a8f0 f   ui_shared.obj
 0001:00039950       _PC_String_Parse           3003a950 f   ui_shared.obj
 0001:000399b0       _PC_Script_Parse           3003a9b0 f   ui_shared.obj
 0001:00039b40       _Init_Display              3003ab40 f   ui_shared.obj
 0001:00039b60       _GradientBar_Paint         3003ab60 f   ui_shared.obj
 0001:00039be0       _Window_Init               3003abe0 f   ui_shared.obj
 0001:00039c60       _Fade                      3003ac60 f   ui_shared.obj
 0001:00039d60       _Window_Paint              3003ad60 f   ui_shared.obj
 0001:0003a390       _Item_SetScreenCoords      3003b390 f   ui_shared.obj
 0001:0003a440       _Item_UpdatePosition       3003b440 f   ui_shared.obj
 0001:0003a4e0       _Menu_UpdatePosition       3003b4e0 f   ui_shared.obj
 0001:0003a590       _Menu_PostParse            3003b590 f   ui_shared.obj
 0001:0003a600       _Menu_ClearFocus           3003b600 f   ui_shared.obj
 0001:0003a710       _IsVisible                 3003b710 f   ui_shared.obj
 0001:0003a760       _Rect_ContainsPoint        3003b760 f   ui_shared.obj
 0001:0003a7f0       _Menu_ItemsMatchingGroup   3003b7f0 f   ui_shared.obj
 0001:0003a8b0       _Menu_GetMatchingItemByNumber 3003b8b0 f   ui_shared.obj
 0001:0003a990       _Script_SetColor           3003b990 f   ui_shared.obj
 0001:0003aad0       _Script_SetAsset           3003bad0 f   ui_shared.obj
 0001:0003ab00       _Script_SetBackground      3003bb00 f   ui_shared.obj
 0001:0003ab50       _Menu_FindItemByName       3003bb50 f   ui_shared.obj
 0001:0003abf0       _Script_SetTeamColor       3003bbf0 f   ui_shared.obj
 0001:0003ac60       _Script_SetItemColor       3003bc60 f   ui_shared.obj
 0001:0003ae20       _Menu_ShowItemByName       3003be20 f   ui_shared.obj
 0001:0003af00       _Menu_FadeItemByName       3003bf00 f   ui_shared.obj
 0001:0003afd0       _Menus_FindByName          3003bfd0 f   ui_shared.obj
 0001:0003b050       _Menus_ShowByName          3003c050 f   ui_shared.obj
 0001:0003b090       _Menus_OpenByName          3003c090 f   ui_shared.obj
 0001:0003b0c0       _Menus_CloseByName         3003c0c0 f   ui_shared.obj
 0001:0003b180       _Menus_CloseAll            3003c180 f   ui_shared.obj
 0001:0003b210       _Script_Show               3003c210 f   ui_shared.obj
 0001:0003b260       _Script_Hide               3003c260 f   ui_shared.obj
 0001:0003b2b0       _Script_FadeIn             3003c2b0 f   ui_shared.obj
 0001:0003b300       _Script_FadeOut            3003c300 f   ui_shared.obj
 0001:0003b350       _Script_Open               3003c350 f   ui_shared.obj
 0001:0003b390       _Script_ConditionalOpen    3003c390 f   ui_shared.obj
 0001:0003b440       _Script_Close              3003c440 f   ui_shared.obj
 0001:0003b480       _Menu_TransitionItemByName 3003c480 f   ui_shared.obj
 0001:0003b620       _Script_Transition         3003c620 f   ui_shared.obj
 0001:0003b730       _Menu_OrbitItemByName      3003c730 f   ui_shared.obj
 0001:0003b800       _Script_Orbit              3003c800 f   ui_shared.obj
 0001:0003b8f0       _Script_SetFocus           3003c8f0 f   ui_shared.obj
 0001:0003ba00       _Script_SetPlayerModel     3003ca00 f   ui_shared.obj
 0001:0003ba50       _Script_SetPlayerHead      3003ca50 f   ui_shared.obj
 0001:0003baa0       _Script_SetCvar            3003caa0 f   ui_shared.obj
 0001:0003bb00       _Script_Exec               3003cb00 f   ui_shared.obj
 0001:0003bb60       _Script_Play               3003cb60 f   ui_shared.obj
 0001:0003bbc0       _Script_playLooped         3003cbc0 f   ui_shared.obj
 0001:0003bc20       _Item_RunScript            3003cc20 f   ui_shared.obj
 0001:0003bdd0       _Item_EnableShowViaCvar    3003cdd0 f   ui_shared.obj
 0001:0003bfd0       _Item_SetFocus             3003cfd0 f   ui_shared.obj
 0001:0003c2a0       _Item_ListBox_MaxScroll    3003d2a0 f   ui_shared.obj
 0001:0003c360       _Item_ListBox_ThumbPosition 3003d360 f   ui_shared.obj
 0001:0003c4b0       _Item_ListBox_ThumbDrawPosition 3003d4b0 f   ui_shared.obj
 0001:0003c690       _Item_Slider_ThumbPosition 3003d690 f   ui_shared.obj
 0001:0003c7b0       _Item_Slider_OverSlider    3003d7b0 f   ui_shared.obj
 0001:0003c830       _Item_ListBox_OverLB       3003d830 f   ui_shared.obj
 0001:0003cb90       _Item_ListBox_MouseEnter   3003db90 f   ui_shared.obj
 0001:0003cd90       _Item_MouseEnter           3003dd90 f   ui_shared.obj
 0001:0003cf90       _Item_MouseLeave           3003df90 f   ui_shared.obj
 0001:0003d020       _Menu_HitTest              3003e020 f   ui_shared.obj
 0001:0003d0a0       _Item_SetMouseOver         3003e0a0 f   ui_shared.obj
 0001:0003d0f0       _Item_OwnerDraw_HandleKey  3003e0f0 f   ui_shared.obj
 0001:0003d150       _Item_ListBox_HandleKey    3003e150 f   ui_shared.obj
 0001:0003db30       _Item_YesNo_HandleKey      3003eb30 f   ui_shared.obj
 0001:0003dc60       _Item_Multi_CountSettings  3003ec60 f   ui_shared.obj
 0001:0003dca0       _Item_Multi_FindCvarByValue 3003eca0 f   ui_shared.obj
 0001:0003de10       _Item_Multi_Setting        3003ee10 f   ui_shared.obj
 0001:0003dfa0       _Item_Multi_HandleKey      3003efa0 f   ui_shared.obj
 0001:0003e1a0       _Item_TextField_HandleKey  3003f1a0 f   ui_shared.obj
 0001:0003e970       _Item_StartCapture         3003f970 f   ui_shared.obj
 0001:0003f140       _Item_StopCapture          30040140 f   ui_shared.obj
 0001:0003f160       _Item_Slider_HandleKey     30040160 f   ui_shared.obj
 0001:0003f390       _Item_HandleKey            30040390 f   ui_shared.obj
 0001:0003f570       _Item_Action               30040570 f   ui_shared.obj
 0001:0003f5b0       _Menu_SetPrevCursorItem    300405b0 f   ui_shared.obj
 0001:0003f760       _Menu_SetNextCursorItem    30040760 f   ui_shared.obj
 0001:0003f910       _Menus_Activate            30040910 f   ui_shared.obj
 0001:0003fb50       _Display_VisibleMenuCount  30040b50 f   ui_shared.obj
 0001:0003fbc0       _Menus_HandleOOBClick      30040bc0 f   ui_shared.obj
 0001:0003fd80       _Menu_HandleKey            30040d80 f   ui_shared.obj
 0001:00040540       _ToWindowCoords            30041540 f   ui_shared.obj
 0001:000405b0       _Rect_ToWindowCoords       300415b0 f   ui_shared.obj
 0001:000405e0       _Item_SetTextExtents       300415e0 f   ui_shared.obj
 0001:000408f0       _Item_TextColor            300418f0 f   ui_shared.obj
 0001:00040be0       _Item_Text_AutoWrapped_Paint 30041be0 f   ui_shared.obj
 0001:00041050       _Item_Text_Wrapped_Paint   30042050 f   ui_shared.obj
 0001:00041310       _Item_Text_Paint           30042310 f   ui_shared.obj
 0001:000414a0       _Item_TextField_Paint      300424a0 f   ui_shared.obj
 0001:00041830       _Item_YesNo_Paint          30042830 f   ui_shared.obj
 0001:00041ac0       _Item_Multi_Paint          30042ac0 f   ui_shared.obj
 0001:00041cd0       _Controls_GetConfig        30042cd0 f   ui_shared.obj
 0001:00041e30       _Controls_SetConfig        30042e30 f   ui_shared.obj
 0001:00041f20       _Controls_SetDefaults      30042f20 f   ui_shared.obj
 0001:00041fa0       _BindingIDFromName         30042fa0 f   ui_shared.obj
 0001:00042010       _BindingFromName           30043010 f   ui_shared.obj
 0001:00042160       _Item_Slider_Paint         30043160 f   ui_shared.obj
 0001:000423c0       _Item_Bind_Paint           300433c0 f   ui_shared.obj
 0001:000426a0       _Display_KeyBindPending    300436a0 f   ui_shared.obj
 0001:000426c0       _Item_Bind_HandleKey       300436c0 f   ui_shared.obj
 0001:00042ae0       _AdjustFrom640             30043ae0 f   ui_shared.obj
 0001:00042b70       _Item_Model_Paint          30043b70 f   ui_shared.obj
 0001:00042fb0       _Item_Image_Paint          30043fb0 f   ui_shared.obj
 0001:00043040       _Item_ListBox_Paint        30044040 f   ui_shared.obj
 0001:00043b00       _Item_OwnerDraw_Paint      30044b00 f   ui_shared.obj
 0001:000440f0       _Item_Paint                300450f0 f   ui_shared.obj
 0001:000448c0       _Menu_Init                 300458c0 f   ui_shared.obj
 0001:00044960       _Menu_GetFocusedItem       30045960 f   ui_shared.obj
 0001:000449e0       _Menu_GetFocused           300459e0 f   ui_shared.obj
 0001:00044a70       _Menu_ScrollFeeder         30045a70 f   ui_shared.obj
 0001:00044b10       _Menu_SetFeederSelection   30045b10 f   ui_shared.obj
 0001:00044c60       _Menus_AnyFullScreenVisible 30045c60 f   ui_shared.obj
 0001:00044ce0       _Menus_ActivateByName      30045ce0 f   ui_shared.obj
 0001:00044df0       _Item_Init                 30045df0 f   ui_shared.obj
 0001:00044e40       _Menu_HandleMouseMove      30045e40 f   ui_shared.obj
 0001:00045110       _Menu_Paint                30046110 f   ui_shared.obj
 0001:000452d0       _Item_ValidateTypeData     300462d0 f   ui_shared.obj
 0001:00045470       _KeywordHash_Key           30046470 f   ui_shared.obj
 0001:00045550       _KeywordHash_Add           30046550 f   ui_shared.obj
 0001:000455a0       _KeywordHash_Find          300465a0 f   ui_shared.obj
 0001:00045620       _ItemParse_name            30046620 f   ui_shared.obj
 0001:00045660       _ItemParse_focusSound      30046660 f   ui_shared.obj
 0001:000456c0       _ItemParse_text            300466c0 f   ui_shared.obj
 0001:00045700       _ItemParse_group           30046700 f   ui_shared.obj
 0001:00045740       _ItemParse_asset_model     30046740 f   ui_shared.obj
 0001:000457d0       _ItemParse_asset_shader    300467d0 f   ui_shared.obj
 0001:00045830       _ItemParse_model_origin    30046830 f   ui_shared.obj
 0001:000458d0       _ItemParse_model_fovx      300468d0 f   ui_shared.obj
 0001:00045930       _ItemParse_model_fovy      30046930 f   ui_shared.obj
 0001:00045990       _ItemParse_model_rotation  30046990 f   ui_shared.obj
 0001:000459f0       _ItemParse_model_angle     300469f0 f   ui_shared.obj
 0001:00045a50       _ItemParse_rect            30046a50 f   ui_shared.obj
 0001:00045a90       _ItemParse_style           30046a90 f   ui_shared.obj
 0001:00045ad0       _ItemParse_decoration      30046ad0 f   ui_shared.obj
 0001:00045b00       _ItemParse_notselectable   30046b00 f   ui_shared.obj
 0001:00045b60       _ItemParse_wrapped         30046b60 f   ui_shared.obj
 0001:00045b90       _ItemParse_autowrapped     30046b90 f   ui_shared.obj
 0001:00045bc0       _ItemParse_horizontalscroll 30046bc0 f   ui_shared.obj
 0001:00045bf0       _ItemParse_type            30046bf0 f   ui_shared.obj
 0001:00045c40       _ItemParse_elementwidth    30046c40 f   ui_shared.obj
 0001:00045ca0       _ItemParse_elementheight   30046ca0 f   ui_shared.obj
 0001:00045d00       _ItemParse_feeder          30046d00 f   ui_shared.obj
 0001:00045d40       _ItemParse_elementtype     30046d40 f   ui_shared.obj
 0001:00045db0       _ItemParse_columns         30046db0 f   ui_shared.obj
 0001:00045f00       _ItemParse_border          30046f00 f   ui_shared.obj
 0001:00045f40       _ItemParse_bordersize      30046f40 f   ui_shared.obj
 0001:00045f80       _ItemParse_visible         30046f80 f   ui_shared.obj
 0001:00045fe0       _ItemParse_ownerdraw       30046fe0 f   ui_shared.obj
 0001:00046030       _ItemParse_align           30047030 f   ui_shared.obj
 0001:00046070       _ItemParse_textalign       30047070 f   ui_shared.obj
 0001:000460b0       _ItemParse_textalignx      300470b0 f   ui_shared.obj
 0001:000460f0       _ItemParse_textaligny      300470f0 f   ui_shared.obj
 0001:00046130       _ItemParse_textscale       30047130 f   ui_shared.obj
 0001:00046170       _ItemParse_textstyle       30047170 f   ui_shared.obj
 0001:000461b0       _ItemParse_backcolor       300471b0 f   ui_shared.obj
 0001:00046220       _ItemParse_forecolor       30047220 f   ui_shared.obj
 0001:000462a0       _ItemParse_bordercolor     300472a0 f   ui_shared.obj
 0001:00046310       _ItemParse_outlinecolor    30047310 f   ui_shared.obj
 0001:00046350       _ItemParse_background      30047350 f   ui_shared.obj
 0001:000463b0       _ItemParse_cinematic       300473b0 f   ui_shared.obj
 0001:000463f0       _ItemParse_doubleClick     300473f0 f   ui_shared.obj
 0001:00046470       _ItemParse_onFocus         30047470 f   ui_shared.obj
 0001:000464b0       _ItemParse_leaveFocus      300474b0 f   ui_shared.obj
 0001:000464f0       _ItemParse_mouseEnter      300474f0 f   ui_shared.obj
 0001:00046530       _ItemParse_mouseExit       30047530 f   ui_shared.obj
 0001:00046570       _ItemParse_mouseEnterText  30047570 f   ui_shared.obj
 0001:000465b0       _ItemParse_mouseExitText   300475b0 f   ui_shared.obj
 0001:000465f0       _ItemParse_action          300475f0 f   ui_shared.obj
 0001:00046630       _ItemParse_special         30047630 f   ui_shared.obj
 0001:00046670       _ItemParse_cvarTest        30047670 f   ui_shared.obj
 0001:000466b0       _ItemParse_cvar            300476b0 f   ui_shared.obj
 0001:00046750       _ItemParse_maxChars        30047750 f   ui_shared.obj
 0001:000467d0       _ItemParse_maxPaintChars   300477d0 f   ui_shared.obj
 0001:00046850       _ItemParse_cvarFloat       30047850 f   ui_shared.obj
 0001:00046920       _ItemParse_cvarStrList     30047920 f   ui_shared.obj
 0001:00046b40       _ItemParse_cvarFloatList   30047b40 f   ui_shared.obj
 0001:00046d30       _ItemParse_addColorRange   30047d30 f   ui_shared.obj
 0001:00046e00       _ItemParse_ownerdrawFlag   30047e00 f   ui_shared.obj
 0001:00046e50       _ItemParse_enableCvar      30047e50 f   ui_shared.obj
 0001:00046ea0       _ItemParse_disableCvar     30047ea0 f   ui_shared.obj
 0001:00046ef0       _ItemParse_showCvar        30047ef0 f   ui_shared.obj
 0001:00046f40       _ItemParse_hideCvar        30047f40 f   ui_shared.obj
 0001:00046f90       _Item_SetupKeywordHash     30047f90 f   ui_shared.obj
 0001:00047010       _Item_Parse                30048010 f   ui_shared.obj
 0001:00047170       _Item_InitControls         30048170 f   ui_shared.obj
 0001:00047200       _MenuParse_font            30048200 f   ui_shared.obj
 0001:000472a0       _MenuParse_name            300482a0 f   ui_shared.obj
 0001:00047300       _MenuParse_fullscreen      30048300 f   ui_shared.obj
 0001:00047350       _MenuParse_rect            30048350 f   ui_shared.obj
 0001:00047390       _MenuParse_style           30048390 f   ui_shared.obj
 0001:000473e0       _MenuParse_visible         300483e0 f   ui_shared.obj
 0001:00047440       _MenuParse_onOpen          30048440 f   ui_shared.obj
 0001:00047490       _MenuParse_onClose         30048490 f   ui_shared.obj
 0001:000474e0       _MenuParse_onESC           300484e0 f   ui_shared.obj
 0001:00047530       _MenuParse_border          30048530 f   ui_shared.obj
 0001:00047580       _MenuParse_borderSize      30048580 f   ui_shared.obj
 0001:000475d0       _MenuParse_backcolor       300485d0 f   ui_shared.obj
 0001:00047650       _MenuParse_forecolor       30048650 f   ui_shared.obj
 0001:000476e0       _MenuParse_bordercolor     300486e0 f   ui_shared.obj
 0001:00047760       _MenuParse_focuscolor      30048760 f   ui_shared.obj
 0001:000477e0       _MenuParse_disablecolor    300487e0 f   ui_shared.obj
 0001:00047860       _MenuParse_outlinecolor    30048860 f   ui_shared.obj
 0001:000478b0       _MenuParse_background      300488b0 f   ui_shared.obj
 0001:00047910       _MenuParse_cinematic       30048910 f   ui_shared.obj
 0001:00047960       _MenuParse_ownerdrawFlag   30048960 f   ui_shared.obj
 0001:000479c0       _MenuParse_ownerdraw       300489c0 f   ui_shared.obj
 0001:00047a10       _MenuParse_popup           30048a10 f   ui_shared.obj
 0001:00047a50       _MenuParse_outOfBounds     30048a50 f   ui_shared.obj
 0001:00047a90       _MenuParse_soundLoop       30048a90 f   ui_shared.obj
 0001:00047ae0       _MenuParse_fadeClamp       30048ae0 f   ui_shared.obj
 0001:00047b30       _MenuParse_fadeAmount      30048b30 f   ui_shared.obj
 0001:00047b80       _MenuParse_fadeCycle       30048b80 f   ui_shared.obj
 0001:00047bd0       _MenuParse_itemDef         30048bd0 f   ui_shared.obj
 0001:00047cf0       _Menu_SetupKeywordHash     30048cf0 f   ui_shared.obj
 0001:00047d70       _Menu_Parse                30048d70 f   ui_shared.obj
 0001:00047ee0       _Menu_New                  30048ee0 f   ui_shared.obj
 0001:00047f60       _Menu_Count                30048f60 f   ui_shared.obj
 0001:00047f80       _Menu_PaintAll             30048f80 f   ui_shared.obj
 0001:00048080       _Menu_Reset                30049080 f   ui_shared.obj
 0001:000480a0       _Display_GetContext        300490a0 f   ui_shared.obj
 0001:000480c0       _Display_CaptureItem       300490c0 f   ui_shared.obj
 0001:00048150       _Display_MouseMove         30049150 f   ui_shared.obj
 0001:00048260       _Display_CursorType        30049260 f   ui_shared.obj
 0001:00048320       _Display_HandleKey         30049320 f   ui_shared.obj
 0001:00048380       _Display_CacheAll          30049380 f   ui_shared.obj
 0001:000486c0       __fpmath                   300496c0 f   LIBCMTD:fpinit.obj
 0001:000486f0       __fpclear                  300496f0 f   LIBCMTD:fpinit.obj
 0001:00048700       __cfltcvt_init             30049700 f   LIBCMTD:fpinit.obj
 0001:00048750       ___setfflag                30049750 f   LIBCMTD:fpinit.obj
 0001:00048770       __CIsin                    30049770 f   LIBCMTD:sin.obj
 0001:00048784       _sin                       30049784 f   LIBCMTD:sin.obj
 0001:00048820       __CIcos                    30049820 f   LIBCMTD:cos.obj
 0001:00048834       _cos                       30049834 f   LIBCMTD:cos.obj
 0001:000488d0       _atof                      300498d0 f   LIBCMTD:atof.obj
 0001:00048950       _fabs                      30049950 f   LIBCMTD:fabs.obj
 0001:00048a44       __ftol                     30049a44 f   LIBCMTD:ftol.obj
 0001:00048a70       _memset                    30049a70 f   LIBCMTD:memset.obj
 0001:00048ad0       _abs                       30049ad0 f   LIBCMTD:abs.obj
 0001:00048b00       __CIsqrt                   30049b00 f   LIBCMTD:sqrt.obj
 0001:00048b14       _sqrt                      30049b14 f   LIBCMTD:sqrt.obj
 0001:00048bc0       _atol                      30049bc0 f   LIBCMTD:atox.obj
 0001:00048cc0       _atoi                      30049cc0 f   LIBCMTD:atox.obj
 0001:00048ce0       __atoi64                   30049ce0 f   LIBCMTD:atox.obj
 0001:00048e10       _strlen                    30049e10 f   LIBCMTD:strlen.obj
 0001:00048e90       _srand                     30049e90 f   LIBCMTD:rand.obj
 0001:00048ea0       _rand                      30049ea0 f   LIBCMTD:rand.obj
 0001:00048ee0       _memcpy                    30049ee0 f   LIBCMTD:memcpy.obj
 0001:00049220       _strcpy                    3004a220 f   LIBCMTD:strcat.obj
 0001:00049230       _strcat                    3004a230 f   LIBCMTD:strcat.obj
 0001:00049310       _vsprintf                  3004a310 f   LIBCMTD:vsprintf.obj
 0001:00049410       _strcmp                    3004a410 f   LIBCMTD:strcmp.obj
 0001:000494a0       __alloca_probe             3004a4a0 f   LIBCMTD:chkstk.obj
 0001:000494a0       __chkstk                   3004a4a0 f   LIBCMTD:chkstk.obj
 0001:000494d0       _floor                     3004a4d0 f   LIBCMTD:floor.obj
 0001:00049620       _strchr                    3004a620 f   LIBCMTD:strchr.obj
 0001:00049626       ___from_strstr_to_strchr   3004a626 f   LIBCMTD:strchr.obj
 0001:000496e0       __CIacos                   3004a6e0 f   LIBCMTD:acos.obj
 0001:000496f4       _acos                      3004a6f4 f   LIBCMTD:acos.obj
 0001:000497b0       _strncpy                   3004a7b0 f   LIBCMTD:strncpy.obj
 0001:000498b0       _strstr                    3004a8b0 f   LIBCMTD:strstr.obj
 0001:00049930       _atan2                     3004a930 f   LIBCMTD:87ctriga.obj
 0001:0004993a       __CIatan2                  3004a93a f   LIBCMTD:87ctriga.obj
 0001:00049950       __CItan                    3004a950 f   LIBCMTD:tan.obj
 0001:00049964       _tan                       3004a964 f   LIBCMTD:tan.obj
 0001:00049a10       __assert                   3004aa10 f   LIBCMTD:assert.obj
 0001:00049d90       __tolower                  3004ad90 f   LIBCMTD:tolower.obj
 0001:00049da0       _tolower                   3004ada0 f   LIBCMTD:tolower.obj
 0001:00049e40       __tolower_lk               3004ae40 f   LIBCMTD:tolower.obj
 0001:00049f70       __toupper                  3004af70 f   LIBCMTD:toupper.obj
 0001:00049f80       _toupper                   3004af80 f   LIBCMTD:toupper.obj
 0001:0004a020       __toupper_lk               3004b020 f   LIBCMTD:toupper.obj
 0001:0004a150       _memmove                   3004b150 f   LIBCMTD:memmove.obj
 0001:0004a490       __CRT_INIT@12              3004b490 f   LIBCMTD:dllcrt0.obj
 0001:0004a5d0       __DllMainCRTStartup@12     3004b5d0 f   LIBCMTD:dllcrt0.obj
 0001:0004a6d0       __amsg_exit                3004b6d0 f   LIBCMTD:dllcrt0.obj
 0001:0004a710       __setdefaultprecision      3004b710 f   LIBCMTD:fp8.obj
 0001:0004a730       __ms_p5_test_fdiv          3004b730 f   LIBCMTD:testfdiv.obj
 0001:0004a790       __ms_p5_mp_test_fdiv       3004b790 f   LIBCMTD:testfdiv.obj
 0001:0004a7e0       __forcdecpt                3004b7e0 f   LIBCMTD:cvt.obj
 0001:0004a890       __cropzeros                3004b890 f   LIBCMTD:cvt.obj
 0001:0004a970       __positive                 3004b970 f   LIBCMTD:cvt.obj
 0001:0004a9a0       __fassign                  3004b9a0 f   LIBCMTD:cvt.obj
 0001:0004a9f0       __cftoe                    3004b9f0 f   LIBCMTD:cvt.obj
 0001:0004abe0       __cftof                    3004bbe0 f   LIBCMTD:cvt.obj
 0001:0004ad90       __cftog                    3004bd90 f   LIBCMTD:cvt.obj
 0001:0004ae80       __cfltcvt                  3004be80 f   LIBCMTD:cvt.obj
 0001:0004af10       __trandisp1                3004bf10 f   LIBCMTD:87disp.obj
 0001:0004af77       __trandisp2                3004bf77 f   LIBCMTD:87disp.obj
 0001:0004b003       __rttospopde               3004c003 f   LIBCMTD:87disp.obj
 0001:0004b008       __rttospop                 3004c008 f   LIBCMTD:87disp.obj
 0001:0004b00a       __rtnospop                 3004c00a f   LIBCMTD:87disp.obj
 0001:0004b00c       __rttosnpop                3004c00c f   LIBCMTD:87disp.obj
 0001:0004b00d       __rtnospopde               3004c00d f   LIBCMTD:87disp.obj
 0001:0004b014       __rtzeropop                3004c014 f   LIBCMTD:87disp.obj
 0001:0004b016       __rtzeronpop               3004c016 f   LIBCMTD:87disp.obj
 0001:0004b01b       __rtonepop                 3004c01b f   LIBCMTD:87disp.obj
 0001:0004b01d       __rtonenpop                3004c01d f   LIBCMTD:87disp.obj
 0001:0004b022       __tosnan1                  3004c022 f   LIBCMTD:87disp.obj
 0001:0004b04d       __nosnan2                  3004c04d f   LIBCMTD:87disp.obj
 0001:0004b04f       __tosnan2                  3004c04f f   LIBCMTD:87disp.obj
 0001:0004b077       __nan2                     3004c077 f   LIBCMTD:87disp.obj
 0001:0004b0b6       __rtindfpop                3004c0b6 f   LIBCMTD:87disp.obj
 0001:0004b0b8       __rtindfnpop               3004c0b8 f   LIBCMTD:87disp.obj
 0001:0004b0c9       __rttosnpopde              3004c0c9 f   LIBCMTD:87disp.obj
 0001:0004b0d3       __rtchsifneg               3004c0d3 f   LIBCMTD:87disp.obj
 0001:0004b0e0       __twoToTOS                 3004c0e0 f   LIBCMTD:common.obj
 0001:0004b0f5       __load_CW                  3004c0f5 f   LIBCMTD:common.obj
 0001:0004b10c       __convertTOStoQNaN         3004c10c f   LIBCMTD:common.obj
 0001:0004b125       __fload_withFB             3004c125 f   LIBCMTD:common.obj
 0001:0004b168       __checkTOS_withFB          3004c168 f   LIBCMTD:common.obj
 0001:0004b17e       __fast_exit                3004c17e f   LIBCMTD:common.obj
 0001:0004b18b       __math_exit                3004c18b f   LIBCMTD:common.obj
 0001:0004b1b5       __check_overflow_exit      3004c1b5 f   LIBCMTD:common.obj
 0001:0004b1c9       __check_range_exit         3004c1c9 f   LIBCMTD:common.obj
 0001:0004b270       __startTwoArgErrorHandling 3004c270 f   LIBCMTD:genexcep.obj
 0001:0004b287       __startOneArgErrorHandling 3004c287 f   LIBCMTD:genexcep.obj
 0001:0004b2d0       __fltin2                   3004c2d0 f   LIBCMTD:cfin.obj
 0001:0004b390       __isctype                  3004c390 f   LIBCMTD:isctype.obj
 0001:0004b450       __handle_qnan1             3004c450 f   LIBCMTD:fpexcept.obj
 0001:0004b4b0       __handle_qnan2             3004c4b0 f   LIBCMTD:fpexcept.obj
 0001:0004b520       __except1                  3004c520 f   LIBCMTD:fpexcept.obj
 0001:0004b5e0       __except2                  3004c5e0 f   LIBCMTD:fpexcept.obj
 0001:0004b6b0       __raise_exc                3004c6b0 f   LIBCMTD:fpexcept.obj
 0001:0004bb80       __handle_exc               3004cb80 f   LIBCMTD:fpexcept.obj
 0001:0004bf00       __umatherr                 3004cf00 f   LIBCMTD:fpexcept.obj
 0001:0004bfa0       __set_errno                3004cfa0 f   LIBCMTD:fpexcept.obj
 0001:0004c020       __errcode                  3004d020 f   LIBCMTD:fpexcept.obj
 0001:0004c0a0       __set_exp                  3004d0a0 f   LIBCMTD:util.obj
 0001:0004c0e0       __get_exp                  3004d0e0 f   LIBCMTD:util.obj
 0001:0004c110       __add_exp                  3004d110 f   LIBCMTD:util.obj
 0001:0004c150       __set_bexp                 3004d150 f   LIBCMTD:util.obj
 0001:0004c190       __sptype                   3004d190 f   LIBCMTD:util.obj
 0001:0004c210       __decomp                   3004d210 f   LIBCMTD:util.obj
 0001:0004c350       __statfp                   3004d350 f   LIBCMTD:fpctrl.obj
 0001:0004c370       __clrfp                    3004d370 f   LIBCMTD:fpctrl.obj
 0001:0004c390       __ctrlfp                   3004d390 f   LIBCMTD:fpctrl.obj
 0001:0004c3d0       __set_statfp               3004d3d0 f   LIBCMTD:fpctrl.obj
 0001:0004c450       __allmul                   3004d450 f   LIBCMTD:llmul.obj
 0001:0004c490       __mtinit                   3004d490 f   LIBCMTD:tidtable.obj
 0001:0004c520       __mtterm                   3004d520 f   LIBCMTD:tidtable.obj
 0001:0004c550       __initptd                  3004d550 f   LIBCMTD:tidtable.obj
 0001:0004c570       __getptd                   3004d570 f   LIBCMTD:tidtable.obj
 0001:0004c610       __freeptd                  3004d610 f   LIBCMTD:tidtable.obj
 0001:0004c720       ___threadid                3004d720 f   LIBCMTD:tidtable.obj
 0001:0004c730       ___threadhandle            3004d730 f   LIBCMTD:tidtable.obj
 0001:0004c740       __flsbuf                   3004d740 f   LIBCMTD:_flsbuf.obj
 0001:0004c9c0       __output                   3004d9c0 f   LIBCMTD:output.obj
 0001:0004d860       __CrtDbgBreak              3004e860 f   LIBCMTD:dbgrpt.obj
 0001:0004d870       __CrtSetReportMode         3004e870 f   LIBCMTD:dbgrpt.obj
 0001:0004d8d0       __CrtSetReportFile         3004e8d0 f   LIBCMTD:dbgrpt.obj
 0001:0004d950       __CrtSetReportHook         3004e950 f   LIBCMTD:dbgrpt.obj
 0001:0004d970       __CrtDbgReport             3004e970 f   LIBCMTD:dbgrpt.obj
 0001:0004e010       __frnd                     3004f010 f   LIBCMTD:frnd.obj
 0001:0004e04c       __fFATN2                   3004f04c f   LIBCMTD:87triga.obj
 0001:0004e09c       __rtpiby2                  3004f09c f   LIBCMTD:87triga.obj
 0001:0004e0e0       __cintrindisp2             3004f0e0 f   LIBCMTD:87cdisp.obj
 0001:0004e11e       __cintrindisp1             3004f11e f   LIBCMTD:87cdisp.obj
 0001:0004e15b       __ctrandisp2               3004f15b f   LIBCMTD:87cdisp.obj
 0001:0004e2db       __ctrandisp1               3004f2db f   LIBCMTD:87cdisp.obj
 0001:0004e30e       __fload                    3004f30e f   LIBCMTD:87cdisp.obj
 0001:0004e350       _abort                     3004f350 f   LIBCMTD:abort.obj
 0001:0004e370       __cinit                    3004f370 f   LIBCMTD:crt0dat.obj
 0001:0004e3b0       _exit                      3004f3b0 f   LIBCMTD:crt0dat.obj
 0001:0004e3d0       __exit                     3004f3d0 f   LIBCMTD:crt0dat.obj
 0001:0004e3f0       __cexit                    3004f3f0 f   LIBCMTD:crt0dat.obj
 0001:0004e410       __c_exit                   3004f410 f   LIBCMTD:crt0dat.obj
 0001:0004e520       __lockexit                 3004f520 f   LIBCMTD:crt0dat.obj
 0001:0004e530       __unlockexit               3004f530 f   LIBCMTD:crt0dat.obj
 0001:0004e570       _signal                    3004f570 f   LIBCMTD:winsig.obj
 0001:0004e840       _raise                     3004f840 f   LIBCMTD:winsig.obj
 0001:0004eae0       ___fpecode                 3004fae0 f   LIBCMTD:winsig.obj
 0001:0004eaf0       ___pxcptinfoptrs           3004faf0 f   LIBCMTD:winsig.obj
 0001:0004eb00       ___crtMessageBoxA          3004fb00 f   LIBCMTD:crtmbox.obj
 0001:0004ebc0       __itoa                     3004fbc0 f   LIBCMTD:xtoa.obj
 0001:0004ece0       __ltoa                     3004fce0 f   LIBCMTD:xtoa.obj
 0001:0004ed20       __ultoa                    3004fd20 f   LIBCMTD:xtoa.obj
 0001:0004ed40       __i64toa                   3004fd40 f   LIBCMTD:xtoa.obj
 0001:0004ee90       __ui64toa                  3004fe90 f   LIBCMTD:xtoa.obj
 0001:0004eeb0       _strncat                   3004feb0 f   LIBCMTD:strncat.obj
 0001:0004efe0       _fflush                    3004ffe0 f   LIBCMTD:fflush.obj
 0001:0004f030       __fflush_lk                30050030 f   LIBCMTD:fflush.obj
 0001:0004f080       __flush                    30050080 f   LIBCMTD:fflush.obj
 0001:0004f140       __flushall                 30050140 f   LIBCMTD:fflush.obj
 0001:0004f290       _fprintf                   30050290 f   LIBCMTD:fprintf.obj
 0001:0004f360       _setvbuf                   30050360 f   LIBCMTD:setvbuf.obj
 0001:0004f4d0       ___initstdio               300504d0 f   LIBCMTD:_file.obj
 0001:0004f600       ___endstdio                30050600 f   LIBCMTD:_file.obj
 0001:0004f620       __lock_file                30050620 f   LIBCMTD:_file.obj
 0001:0004f660       __lock_file2               30050660 f   LIBCMTD:_file.obj
 0001:0004f690       __unlock_file              30050690 f   LIBCMTD:_file.obj
 0001:0004f6d0       __unlock_file2             300506d0 f   LIBCMTD:_file.obj
 0001:0004f700       __mtinitlocks              30050700 f   LIBCMTD:mlock.obj
 0001:0004f740       __mtdeletelocks            30050740 f   LIBCMTD:mlock.obj
 0001:0004f7e0       __lock                     300507e0 f   LIBCMTD:mlock.obj
 0001:0004f880       __unlock                   30050880 f   LIBCMTD:mlock.obj
 0001:0004f8a0       __lockerr_exit             300508a0 f   LIBCMTD:mlock.obj
 0001:0004f8c0       _setlocale                 300508c0 f   LIBCMTD:setlocal.obj
 0001:0004ff50       __expandlocale             30050f50 f   LIBCMTD:setlocal.obj
 0001:000500e0       ___init_dummy              300510e0 f   LIBCMTD:setlocal.obj
 0001:000500f0       __strcats                  300510f0 f   LIBCMTD:setlocal.obj
 0001:00050140       ___lc_strtolc              30051140 f   LIBCMTD:setlocal.obj
 0001:000502a0       ___lc_lctostr              300512a0 f   LIBCMTD:setlocal.obj
 0001:00050310       ___crtLCMapStringA         30051310 f   LIBCMTD:a_map.obj
 0001:00050670       __ioinit                   30051670 f   LIBCMTD:ioinit.obj
 0001:000509a0       __ioterm                   300519a0 f   LIBCMTD:ioinit.obj
 0001:00050a40       _malloc                    30051a40 f   LIBCMTD:dbgheap.obj
 0001:00050a60       __malloc_dbg               30051a60 f   LIBCMTD:dbgheap.obj
 0001:00050a90       __nh_malloc                30051a90 f   LIBCMTD:dbgheap.obj
 0001:00050ab0       __nh_malloc_dbg            30051ab0 f   LIBCMTD:dbgheap.obj
 0001:00050b10       __heap_alloc               30051b10 f   LIBCMTD:dbgheap.obj
 0001:00050b30       __heap_alloc_dbg           30051b30 f   LIBCMTD:dbgheap.obj
 0001:00050e50       _calloc                    30051e50 f   LIBCMTD:dbgheap.obj
 0001:00050e70       __calloc_dbg               30051e70 f   LIBCMTD:dbgheap.obj
 0001:00050ed0       _realloc                   30051ed0 f   LIBCMTD:dbgheap.obj
 0001:00050ef0       __realloc_dbg              30051ef0 f   LIBCMTD:dbgheap.obj
 0001:00051450       __expand                   30052450 f   LIBCMTD:dbgheap.obj
 0001:00051470       __expand_dbg               30052470 f   LIBCMTD:dbgheap.obj
 0001:000514b0       _free                      300524b0 f   LIBCMTD:dbgheap.obj
 0001:000514d0       __free_lk                  300524d0 f   LIBCMTD:dbgheap.obj
 0001:000514f0       __free_dbg                 300524f0 f   LIBCMTD:dbgheap.obj
 0001:00051520       __free_dbg_lk              30052520 f   LIBCMTD:dbgheap.obj
 0001:00051910       __msize                    30052910 f   LIBCMTD:dbgheap.obj
 0001:00051930       __msize_dbg                30052930 f   LIBCMTD:dbgheap.obj
 0001:00051a90       __CrtSetBreakAlloc         30052a90 f   LIBCMTD:dbgheap.obj
 0001:00051ab0       __CrtSetDbgBlockType       30052ab0 f   LIBCMTD:dbgheap.obj
 0001:00051b50       __CrtSetAllocHook          30052b50 f   LIBCMTD:dbgheap.obj
 0001:00051c00       __CrtCheckMemory           30052c00 f   LIBCMTD:dbgheap.obj
 0001:00051f70       __CrtSetDbgFlag            30052f70 f   LIBCMTD:dbgheap.obj
 0001:00051fa0       __CrtDoForAllClientObjects 30052fa0 f   LIBCMTD:dbgheap.obj
 0001:00052010       __CrtIsValidPointer        30053010 f   LIBCMTD:dbgheap.obj
 0001:00052060       __CrtIsValidHeapPointer    30053060 f   LIBCMTD:dbgheap.obj
 0001:000520f0       __CrtIsMemoryBlock         300530f0 f   LIBCMTD:dbgheap.obj
 0001:000521e0       __CrtSetDumpClient         300531e0 f   LIBCMTD:dbgheap.obj
 0001:00052200       __CrtMemCheckpoint         30053200 f   LIBCMTD:dbgheap.obj
 0001:00052370       __CrtMemDifference         30053370 f   LIBCMTD:dbgheap.obj
 0001:000524a0       __CrtMemDumpAllObjectsSince 300534a0 f   LIBCMTD:dbgheap.obj
 0001:00052880       __CrtDumpMemoryLeaks       30053880 f   LIBCMTD:dbgheap.obj
 0001:00052900       __CrtMemDumpStatistics     30053900 f   LIBCMTD:dbgheap.obj
 0001:000529d0       __setenvp                  300539d0 f   LIBCMTD:stdenvp.obj
 0001:00052b20       __setargv                  30053b20 f   LIBCMTD:stdargv.obj
 0001:00053030       ___crtGetEnvironmentStringsA 30054030 f   LIBCMTD:a_env.obj
 0001:00053250       __heap_init                30054250 f   LIBCMTD:heapinit.obj
 0001:000532a0       __heap_term                300542a0 f   LIBCMTD:heapinit.obj
 0001:00053340       _DllMain@12                30054340 f   LIBCMTD:dllmain.obj
 0001:00053350       __FF_MSGBANNER             30054350 f   LIBCMTD:crt0msg.obj
 0001:000533a0       __NMSG_WRITE               300543a0 f   LIBCMTD:crt0msg.obj
 0001:00053560       __GET_RTERRMSG             30054560 f   LIBCMTD:crt0msg.obj
 0001:000535b0       __statusfp                 300545b0 f   LIBCMTD:ieee87.obj
 0001:000535d0       __clearfp                  300545d0 f   LIBCMTD:ieee87.obj
 0001:000535f0       __control87                300545f0 f   LIBCMTD:ieee87.obj
 0001:00053640       __controlfp                30054640 f   LIBCMTD:ieee87.obj
 0001:00053660       __fpreset                  30054660 f   LIBCMTD:ieee87.obj
 0001:00053a50       __ZeroTail                 30054a50 f   LIBCMTD:intrncvt.obj
 0001:00053ae0       __IncMan                   30054ae0 f   LIBCMTD:intrncvt.obj
 0001:00053b90       __RoundMan                 30054b90 f   LIBCMTD:intrncvt.obj
 0001:00053c70       __CopyMan                  30054c70 f   LIBCMTD:intrncvt.obj
 0001:00053cc0       __FillZeroMan              30054cc0 f   LIBCMTD:intrncvt.obj
 0001:00053cf0       __IsZeroMan                30054cf0 f   LIBCMTD:intrncvt.obj
 0001:00053d30       __ShrMan                   30054d30 f   LIBCMTD:intrncvt.obj
 0001:00053e20       __ld12cvt                  30054e20 f   LIBCMTD:intrncvt.obj
 0001:00054070       __ld12tod                  30055070 f   LIBCMTD:intrncvt.obj
 0001:00054090       __ld12tof                  30055090 f   LIBCMTD:intrncvt.obj
 0001:000540b0       __ld12told                 300550b0 f   LIBCMTD:intrncvt.obj
 0001:00054170       __atodbl                   30055170 f   LIBCMTD:intrncvt.obj
 0001:000541b0       __atoldbl                  300551b0 f   LIBCMTD:intrncvt.obj
 0001:000541f0       __atoflt                   300551f0 f   LIBCMTD:intrncvt.obj
 0001:00054230       __fptostr                  30055230 f   LIBCMTD:_fptostr.obj
 0001:00054330       __fltout2                  30055330 f   LIBCMTD:cfout.obj
 0001:000543b0       ___dtold                   300553b0 f   LIBCMTD:cfout.obj
 0001:00054520       __fptrap                   30055520 f   LIBCMTD:crt0fp.obj
 0001:00054530       __87except                 30055530 f   LIBCMTD:87except.obj
 0001:000546b0       ___strgtold12              300556b0 f   LIBCMTD:strgtold.obj
 0001:000551e0       ___STRINGTOLD              300561e0 f   LIBCMTD:strgtold.obj
 0001:00055230       ___crtGetStringTypeA       30056230 f   LIBCMTD:a_str.obj
 0001:000553f0       __dosmaperr                300563f0 f   LIBCMTD:dosmap.obj
 0001:00055490       __errno                    30056490 f   LIBCMTD:dosmap.obj
 0001:000554a0       ___doserrno                300564a0 f   LIBCMTD:dosmap.obj
 0001:000554b0       __matherr                  300564b0 f   LIBCMTD:matherr.obj
 0001:000554c0       __XcptFilter               300564c0 f   LIBCMTD:winxfltr.obj
 0001:000556e0       __lseek                    300566e0 f   LIBCMTD:lseek.obj
 0001:00055770       __lseek_lk                 30056770 f   LIBCMTD:lseek.obj
 0001:00055830       __write                    30056830 f   LIBCMTD:write.obj
 0001:000558c0       __write_lk                 300568c0 f   LIBCMTD:write.obj
 0001:00055b40       __getbuf                   30056b40 f   LIBCMTD:_getbuf.obj
 0001:00055c10       __isatty                   30056c10 f   LIBCMTD:isatty.obj
 0001:00055c50       _wctomb                    30056c50 f   LIBCMTD:wctomb.obj
 0001:00055cd0       __wctomb_lk                30056cd0 f   LIBCMTD:wctomb.obj
 0001:00055d70       __aulldiv                  30056d70 f   LIBCMTD:ulldiv.obj
 0001:00055de0       __aullrem                  30056de0 f   LIBCMTD:ullrem.obj
 0001:00055e60       __snprintf                 30056e60 f   LIBCMTD:snprintf.obj
 0001:00055f60       __vsnprintf                30056f60 f   LIBCMTD:vsnprint.obj
 0001:00056060       __commit                   30057060 f   LIBCMTD:commit.obj
 0001:00056140       __stbuf                    30057140 f   LIBCMTD:_sftbuf.obj
 0001:000562a0       __ftbuf                    300572a0 f   LIBCMTD:_sftbuf.obj
 0001:00056340       __freebuf                  30057340 f   LIBCMTD:_freebuf.obj
 0001:000563e0       __fcloseall                300573e0 f   LIBCMTD:closeall.obj
 0001:000564c0       ___init_time               300574c0 f   LIBCMTD:inittime.obj
 0001:00056e40       ___init_numeric            30057e40 f   LIBCMTD:initnum.obj
 0001:00057170       ___init_monetary           30058170 f   LIBCMTD:initmon.obj
 0001:000575d0       ___init_ctype              300585d0 f   LIBCMTD:initctyp.obj
 0001:00057970       ___init_collate            30058970 f   LIBCMTD:initcoll.obj
 0001:00057980       _strcspn                   30058980 f   LIBCMTD:strcspn.obj
 0001:000579c0       _strncmp                   300589c0 f   LIBCMTD:strncmp.obj
 0001:00057a00       _strpbrk                   30058a00 f   LIBCMTD:strpbrk.obj
 0001:00057a40       ___get_qualified_locale    30058a40 f   LIBCMTD:getqloc.obj
 0001:000587d8       __global_unwind2           300597d8 f   LIBCMTD:exsup.obj
 0001:0005881a       __local_unwind2            3005981a f   LIBCMTD:exsup.obj
 0001:00058872       __NLG_Return2              30059872 f   LIBCMTD:exsup.obj
 0001:00058882       __abnormal_termination     30059882 f   LIBCMTD:exsup.obj
 0001:000588a5       __NLG_Notify1              300598a5 f   LIBCMTD:exsup.obj
 0001:000588ae       __NLG_Notify               300598ae f   LIBCMTD:exsup.obj
 0001:000588c1       __NLG_Dispatch             300598c1 f   LIBCMTD:exsup.obj
 0001:000588d0       __except_handler3          300598d0 f   LIBCMTD:exsup3.obj
 0001:0005898d       __seh_longjmp_unwind@4     3005998d f   LIBCMTD:exsup3.obj
 0001:000589b0       ?_set_new_handler@@YAP6AHI@ZP6AHI@Z@Z 300599b0 f   LIBCMTD:handler.obj
 0001:000589e0       ?_query_new_handler@@YAP6AHI@ZXZ 300599e0 f   LIBCMTD:handler.obj
 0001:000589f0       __callnewh                 300599f0 f   LIBCMTD:handler.obj
 0001:00058a20       __malloc_base              30059a20 f   LIBCMTD:malloc.obj
 0001:00058a40       __nh_malloc_base           30059a40 f   LIBCMTD:malloc.obj
 0001:00058aa0       __heap_alloc_base          30059aa0 f   LIBCMTD:malloc.obj
 0001:00058b10       __CrtDefaultAllocHook      30059b10 f   LIBCMTD:dbghook.obj
 0001:00058b20       __expand_base              30059b20 f   LIBCMTD:expand.obj
 0001:00058bd0       __realloc_base             30059bd0 f   LIBCMTD:realloc.obj
 0001:00058dc0       __free_base                30059dc0 f   LIBCMTD:free.obj
 0001:00058e30       __heapchk                  30059e30 f   LIBCMTD:heapchk.obj
 0001:00058eb0       __heapset                  30059eb0 f   LIBCMTD:heapchk.obj
 0001:00058ec0       __get_sbh_threshold        30059ec0 f   LIBCMTD:sbheap.obj
 0001:00058ed0       __set_sbh_threshold        30059ed0 f   LIBCMTD:sbheap.obj
 0001:00058ef0       ___sbh_heap_init           30059ef0 f   LIBCMTD:sbheap.obj
 0001:00058f50       ___sbh_find_block          30059f50 f   LIBCMTD:sbheap.obj
 0001:00058fb0       ___sbh_verify_block        30059fb0 f   LIBCMTD:sbheap.obj
 0001:00059010       ___sbh_free_block          3005a010 f   LIBCMTD:sbheap.obj
 0001:000595e0       ___sbh_alloc_block         3005a5e0 f   LIBCMTD:sbheap.obj
 0001:00059b20       ___sbh_alloc_new_region    3005ab20 f   LIBCMTD:sbheap.obj
 0001:00059c30       ___sbh_alloc_new_group     3005ac30 f   LIBCMTD:sbheap.obj
 0001:00059e20       ___sbh_resize_block        3005ae20 f   LIBCMTD:sbheap.obj
 0001:0005a410       ___sbh_heapmin             3005b410 f   LIBCMTD:sbheap.obj
 0001:0005a540       ___sbh_heap_check          3005b540 f   LIBCMTD:sbheap.obj
 0001:0005ab60       _sprintf                   3005bb60 f   LIBCMTD:sprintf.obj
 0001:0005ac60       __setmbcp                  3005bc60 f   LIBCMTD:mbctype.obj
 0001:0005b420       __getmbcp                  3005c420 f   LIBCMTD:mbctype.obj
 0001:0005b440       ___initmbctable            3005c440 f   LIBCMTD:mbctype.obj
 0001:0005b470       ___addl                    3005c470 f   LIBCMTD:mantold.obj
 0001:0005b4b0       ___add_12                  3005c4b0 f   LIBCMTD:mantold.obj
 0001:0005b560       ___shl_12                  3005c560 f   LIBCMTD:mantold.obj
 0001:0005b5c0       ___shr_12                  3005c5c0 f   LIBCMTD:mantold.obj
 0001:0005b630       ___mtold12                 3005c630 f   LIBCMTD:mantold.obj
 0001:0005b770       _$I10_OUTPUT               3005c770 f   LIBCMTD:x10fout.obj
 0001:0005bc90       ___ld12mul                 3005cc90 f   LIBCMTD:tenpow.obj
 0001:0005c0d0       ___multtenpow12            3005d0d0 f   LIBCMTD:tenpow.obj
 0001:0005c1a0       __alloc_osfhnd             3005d1a0 f   LIBCMTD:osfinfo.obj
 0001:0005c390       __set_osfhnd               3005d390 f   LIBCMTD:osfinfo.obj
 0001:0005c450       __free_osfhnd              3005d450 f   LIBCMTD:osfinfo.obj
 0001:0005c530       __get_osfhandle            3005d530 f   LIBCMTD:osfinfo.obj
 0001:0005c5a0       __open_osfhandle           3005d5a0 f   LIBCMTD:osfinfo.obj
 0001:0005c6b0       __lock_fhandle             3005d6b0 f   LIBCMTD:osfinfo.obj
 0001:0005c740       __unlock_fhandle           3005d740 f   LIBCMTD:osfinfo.obj
 0001:0005c770       _fclose                    3005d770 f   LIBCMTD:fclose.obj
 0001:0005c800       __fclose_lk                3005d800 f   LIBCMTD:fclose.obj
 0001:0005c8c0       __Getdays                  3005d8c0 f   LIBCMTD:strftime.obj
 0001:0005c9f0       __Getmonths                3005d9f0 f   LIBCMTD:strftime.obj
 0001:0005cb20       __Gettnames                3005db20 f   LIBCMTD:strftime.obj
 0001:0005ce90       _strftime                  3005de90 f   LIBCMTD:strftime.obj
 0001:0005ceb0       __Strftime                 3005deb0 f   LIBCMTD:strftime.obj
 0001:0005dd30       ___getlocaleinfo           3005ed30 f   LIBCMTD:inithelp.obj
 0001:0005dfc0       _localeconv                3005efc0 f   LIBCMTD:lconv.obj
 0001:0005dfd0       ___crtGetStringTypeW       3005efd0 f   LIBCMTD:w_str.obj
 0001:0005e240       __stricmp                  3005f240 f   LIBCMTD:stricmp.obj
 0001:0005e240       __strcmpi                  3005f240 f   LIBCMTD:stricmp.obj
 0001:0005e310       __strnicmp                 3005f310 f   LIBCMTD:strnicmp.obj
 0001:0005e420       __close                    3005f420 f   LIBCMTD:close.obj
 0001:0005e4a0       __close_lk                 3005f4a0 f   LIBCMTD:close.obj
 0001:0005e550       ___tzset                   3005f550 f   LIBCMTD:tzset.obj
 0001:0005e590       __tzset                    3005f590 f   LIBCMTD:tzset.obj
 0001:0005e960       __isindst                  3005f960 f   LIBCMTD:tzset.obj
 0001:0005ee90       ___crtGetLocaleInfoW       3005fe90 f   LIBCMTD:w_loc.obj
 0001:0005f030       ___crtGetLocaleInfoA       30060030 f   LIBCMTD:a_loc.obj
 0001:0005f1e0       _getenv                    300601e0 f   LIBCMTD:getenv.obj
 0001:0005f210       __getenv_lk                30060210 f   LIBCMTD:getenv.obj
 0001:0005f2e0       __mbsnbicoll               300602e0 f   LIBCMTD:mbsnbico.obj
 0001:0005f330       ___wtomb_environ           30060330 f   LIBCMTD:wtombenv.obj
 0001:0005f3e0       ___crtCompareStringA       300603e0 f   LIBCMTD:a_cmp.obj
 0001:0005f830       ___crtsetenv               30060830 f   LIBCMTD:setenv.obj
 0001:0005fc80       __mbschr                   30060c80 f   LIBCMTD:mbschr.obj
 0001:0005fd6e       _GetModuleFileNameA@12     30060d6e f   kernel32:KERNEL32.dll
 0001:0005fd74       _InterlockedDecrement@4    30060d74 f   kernel32:KERNEL32.dll
 0001:0005fd7a       _InterlockedIncrement@4    30060d7a f   kernel32:KERNEL32.dll
 0001:0005fd80       _GetCommandLineA@0         30060d80 f   kernel32:KERNEL32.dll
 0001:0005fd86       _GetVersion@0              30060d86 f   kernel32:KERNEL32.dll
 0001:0005fd8c       _GetProcAddress@8          30060d8c f   kernel32:KERNEL32.dll
 0001:0005fd92       _GetModuleHandleA@4        30060d92 f   kernel32:KERNEL32.dll
 0001:0005fd98       _RaiseException@16         30060d98 f   kernel32:KERNEL32.dll
 0001:0005fd9e       _GetCurrentThreadId@0      30060d9e f   kernel32:KERNEL32.dll
 0001:0005fda4       _TlsSetValue@8             30060da4 f   kernel32:KERNEL32.dll
 0001:0005fdaa       _TlsAlloc@0                30060daa f   kernel32:KERNEL32.dll
 0001:0005fdb0       _TlsFree@4                 30060db0 f   kernel32:KERNEL32.dll
 0001:0005fdb6       _SetLastError@4            30060db6 f   kernel32:KERNEL32.dll
 0001:0005fdbc       _TlsGetValue@4             30060dbc f   kernel32:KERNEL32.dll
 0001:0005fdc2       _GetLastError@0            30060dc2 f   kernel32:KERNEL32.dll
 0001:0005fdc8       _GetCurrentThread@0        30060dc8 f   kernel32:KERNEL32.dll
 0001:0005fdce       _DebugBreak@0              30060dce f   kernel32:KERNEL32.dll
 0001:0005fdd4       _GetStdHandle@4            30060dd4 f   kernel32:KERNEL32.dll
 0001:0005fdda       _WriteFile@20              30060dda f   kernel32:KERNEL32.dll
 0001:0005fde0       _OutputDebugStringA@4      30060de0 f   kernel32:KERNEL32.dll
 0001:0005fde6       _LoadLibraryA@4            30060de6 f   kernel32:KERNEL32.dll
 0001:0005fdec       _ExitProcess@4             30060dec f   kernel32:KERNEL32.dll
 0001:0005fdf2       _TerminateProcess@8        30060df2 f   kernel32:KERNEL32.dll
 0001:0005fdf8       _GetCurrentProcess@0       30060df8 f   kernel32:KERNEL32.dll
 0001:0005fdfe       _SetConsoleCtrlHandler@8   30060dfe f   kernel32:KERNEL32.dll
 0001:0005fe04       _EnterCriticalSection@4    30060e04 f   kernel32:KERNEL32.dll
 0001:0005fe0a       _LeaveCriticalSection@4    30060e0a f   kernel32:KERNEL32.dll
 0001:0005fe10       _InitializeCriticalSection@4 30060e10 f   kernel32:KERNEL32.dll
 0001:0005fe16       _DeleteCriticalSection@4   30060e16 f   kernel32:KERNEL32.dll
 0001:0005fe1c       _FatalAppExitA@8           30060e1c f   kernel32:KERNEL32.dll
[...]
 0003:001cf5d0       __umaskval                 302705d0     LIBCMTD:crt0dat.obj
 0003:001cf5d4       __osver                    302705d4     LIBCMTD:crt0dat.obj
 0003:001cf5d8       __winver                   302705d8     LIBCMTD:crt0dat.obj
 0003:001cf5dc       __winmajor                 302705dc     LIBCMTD:crt0dat.obj
 0003:001cf5e0       __winminor                 302705e0     LIBCMTD:crt0dat.obj
 0003:001cf5e4       ___argc                    302705e4     LIBCMTD:crt0dat.obj
 0003:001cf5e8       ___argv                    302705e8     LIBCMTD:crt0dat.obj
 0003:001cf5ec       ___wargv                   302705ec     LIBCMTD:crt0dat.obj
 0003:001cf5f0       __environ                  302705f0     LIBCMTD:crt0dat.obj
 0003:001cf5f4       ___initenv                 302705f4     LIBCMTD:crt0dat.obj
 0003:001cf5f8       __wenviron                 302705f8     LIBCMTD:crt0dat.obj
 0003:001cf5fc       ___winitenv                302705fc     LIBCMTD:crt0dat.obj
 0003:001cf600       __pgmptr                   30270600     LIBCMTD:crt0dat.obj
 0003:001cf604       __wpgmptr                  30270604     LIBCMTD:crt0dat.obj
 0003:001cf608       __exitflag                 30270608     LIBCMTD:crt0dat.obj
 0003:001cf60c       __C_Termination_Done       3027060c     LIBCMTD:crt0dat.obj
 0003:001cf610       __C_Exit_Done              30270610     LIBCMTD:crt0dat.obj
 0003:001cf638       __cflush                   30270638     LIBCMTD:_file.obj
 0003:001cf6ac       ___lc_handle               302706ac     LIBCMTD:nlsdata2.obj
 0003:001cf6c4       ___lc_codepage             302706c4     LIBCMTD:nlsdata2.obj
 0003:001cf6c8       ___lc_collate_cp           302706c8     LIBCMTD:nlsdata2.obj
 0003:001cf7ec       __adbgmsg                  302707ec     LIBCMTD:crt0msg.obj
 0003:001cf7f4       __stdbuf                   302707f4     LIBCMTD:_sftbuf.obj
 0003:001cf7fc       ___lc_time_intl            302707fc     LIBCMTD:inittime.obj
 0003:001cf818       ___lc_id                   30270818     LIBCMTD:nlsdata3.obj
 0003:001cf860       __newmode                  30270860     LIBCMTD:_newmode.obj
 0003:001cf864       ?_pnhHeap@@3P6AHI@ZA       30270864     LIBCMTD:handler.obj
 0003:001cf874       ___lconv_static_null       30270874     LIBCMTD:lconv.obj
 0003:001cf960       _menuStack                 30270960     <common>
 0003:001d1d40       _Menus                     30272d40     <common>
 0003:001dbe40       _menuParseKeywordHash      3027ce40     <common>
 0003:001dc640       _g_nameBind1               3027d640     <common>
 0003:001dc660       _g_nameBind2               3027d660     <common>
 0003:001dc680       _itemParseKeywordHash      3027d680     <common>
 0003:001dce80       _voiceChatLists            3027de80     <common>
 0003:00474c80       _voiceChatBuffer           30515c80     <common>
 0003:00477380       _headModelVoiceChat        30518380     <common>
 0003:00478480       _rforward                  30519480     <common>
 0003:004821ac       _oldtime                   305231ac     <common>
 0003:004821b0       _pvright                   305231b0     <common>
 0003:004821c0       _pvforward                 305231c0     <common>
 0003:004821d0       _rup                       305231d0     <common>
 0003:004821e0       _particles                 305231e0     <common>
 0003:004a11e0       _rright                    305421e0     <common>
 0003:004a11ec       _cg_freeMarkPolys          305421ec     <common>
 0003:004a1200       _cg_activeMarkPolys        30542200     <common>
 0003:004a1320       _cg_markPolys              30542320     <common>
 0003:004b3320       _free_particles            30554320     <common>
 0003:004b3330       _pvup                      30554330     <common>
 0003:004b333c       _active_particles          3055433c     <common>
 0003:004b3340       _cg_bigFont                30554340     <common>
 0003:004e6e60       _cg_teamChatsOnly          30587e60     <common>
 0003:004e6f80       _cg_deferPlayers           30587f80     <common>
 0003:004e70a0       _cg_timescaleFadeSpeed     305880a0     <common>
 0003:004e71c0       _cg_crosshairSize          305881c0     <common>
 0003:004e72e0       _cg_teamChatTime           305882e0     <common>
 0003:004e7400       _cg_simpleItems            30588400     <common>
 0003:004e7520       _cgs                       30588520     <common>
 0003:0050cc40       _cg_drawTeamOverlay        305adc40     <common>
 0003:0050cd60       _cg_predictItems           305add60     <common>
 0003:0050ce80       _cg_showmiss               305ade80     <common>
 0003:0050cfa0       _cg_tracerChance           305adfa0     <common>
 0003:0050d0c0       _cg_noTaunt                305ae0c0     <common>
 0003:0050d1e0       _cg_drawFPS                305ae1e0     <common>
 0003:0050d300       _cg_viewsize               305ae300     <common>
 0003:0050d420       _cg_oldRail                305ae420     <common>
 0003:0050d540       _cg_drawCrosshair          305ae540     <common>
 0003:0050d660       _cg_crosshairHealth        305ae660     <common>
 0003:0050d780       _cg_gun_x                  305ae780     <common>
 0003:0050d8a0       _cg_gun_y                  305ae8a0     <common>
 0003:0050d9c0       _pmove_msec                305ae9c0     <common>
 0003:0050dae0       _cg_errorDecay             305aeae0     <common>
 0003:0050dc00       _cg_smallFont              305aec00     <common>
 0003:0050dd20       _cg_crosshairX             305aed20     <common>
 0003:0050de40       _cg_timescale              305aee40     <common>
 0003:0050df60       _cg_drawAttacker           305aef60     <common>
 0003:0050e080       _cg_autoswitch             305af080     <common>
 0003:0050e1a0       _cg_tracerLength           305af1a0     <common>
 0003:0050e2c0       _cg_noProjectileTrail      305af2c0     <common>
 0003:0050e3e0       _cg_gun_z                  305af3e0     <common>
 0003:0050e500       _cg_stats                  305af500     <common>
 0003:0050e620       _cg_zoomFov                305af620     <common>
 0003:0050e740       _cg_forceModel             305af740     <common>
 0003:0050e860       _cg_scorePlum              305af860     <common>
 0003:0050e980       _cg_animSpeed              305af980     <common>
 0003:0050eaa0       _cg_synchronousClients     305afaa0     <common>
 0003:0050ebc0       _cg_debugEvents            305afbc0     <common>
 0003:0050ece0       _cg_thirdPerson            305afce0     <common>
 0003:0050ee00       _cg_swingSpeed             305afe00     <common>
 0003:0050ef20       _cg_addMarks               305aff20     <common>
 0003:0050f040       _cg_blood                  305b0040     <common>
 0003:0050f160       _cg_cameraMode             305b0160     <common>
 0003:0050f280       _cg_teamChatHeight         305b0280     <common>
 0003:0050f3a0       _cg_timescaleFadeEnd       305b03a0     <common>
 0003:0050f4c0       _cg_bobup                  305b04c0     <common>
 0003:0050f5e0       _cg_drawAmmoWarning        305b05e0     <common>
 0003:0050f700       _cg_noVoiceChats           305b0700     <common>
 0003:0050f820       _cg_paused                 305b0820     <common>
 0003:0050f940       _cg_oldRocket              305b0940     <common>
 0003:0050fa60       _pmove_fixed               305b0a60     <common>
 0003:0050fb80       _cg_noVoiceText            305b0b80     <common>
 0003:0050fca0       _cg_draw3dIcons            305b0ca0     <common>
 0003:0050fdc0       _cg_thirdPersonAngle       305b0dc0     <common>
 0003:0050fee0       _cg_drawFriend             305b0ee0     <common>
 0003:00510000       _cg_drawGun                305b1000     <common>
 0003:00510120       _cg_stereoSeparation       305b1120     <common>
 0003:00510240       _cg_debugAnim              305b1240     <common>
 0003:00510360       _cg_runpitch               305b1360     <common>
 0003:00510480       _cg_oldPlasma              305b1480     <common>
 0003:005105a0       _cg                        305b15a0     <common>
 0003:0052ede0       _cg_teamOverlayUserinfo    305cfde0     <common>
 0003:0052ef00       _cg_trueLightning          305cff00     <common>
 0003:0052f020       _cg_drawCrosshairNames     305d0020     <common>
 0003:0052f140       _cg_railTrailTime          305d0140     <common>
 0003:0052f260       _cg_tracerWidth            305d0260     <common>
 0003:0052f380       _cg_items                  305d0380     <common>
 0003:00530b80       _cg_cameraOrbitDelay       305d1b80     <common>
 0003:00530ca0       _cg_drawTimer              305d1ca0     <common>
 0003:00530dc0       _cg_noPlayerAnims          305d1dc0     <common>
 0003:00530ee0       _cg_weapons                305d1ee0     <common>
 0003:00531760       _cg_pmove_msec             305d2760     <common>
 0003:00531880       _cg_debugPosition          305d2880     <common>
 0003:005319a0       _cg_smoothClients          305d29a0     <common>
 0003:00531ac0       _cg_draw2D                 305d2ac0     <common>
 0003:00531be0       _cg_bobpitch               305d2be0     <common>
 0003:00531d00       _cg_fov                    305d2d00     <common>
 0003:00531e20       _cg_buildScript            305d2e20     <common>
 0003:00531f40       _cg_drawSnapshot           305d2f40     <common>
 0003:00532060       _cg_centertime             305d3060     <common>
 0003:00532180       _cg_thirdPersonRange       305d3180     <common>
 0003:005322a0       _cg_gibs                   305d32a0     <common>
 0003:005323c0       _cg_crosshairY             305d33c0     <common>
 0003:005324e0       _cg_drawIcons              305d34e0     <common>
 0003:00532600       _cg_cameraOrbit            305d3600     <common>
 0003:00532720       _cg_drawStatus             305d3720     <common>
 0003:00532840       _cg_hudFiles               305d3840     <common>
 0003:00532960       _cg_gun_frame              305d3960     <common>
 0003:00532a80       _cg_ignore                 305d3a80     <common>
 0003:00532ba0       _cg_runroll                305d3ba0     <common>
 0003:00532cc0       _cg_drawRewards            305d3cc0     <common>
 0003:00532de0       _cg_bobroll                305d3de0     <common>
 0003:00532f00       _cg_nopredict              305d3f00     <common>
 0003:00533020       _cg_shadows                305d4020     <common>
 0003:00533140       _cg_footsteps              305d4140     <common>
 0003:00533260       _cg_entities               305d4260     <common>
 0003:005e9260       _cg_brassTime              3068a260     <common>
 0003:005e9380       _cg_lagometer              3068a380     <common>
 0003:005e94a0       _cg_activeLocalEntities    3068a4a0     <common>
 0003:005f0ad4       _cg_freeLocalEntities      30691ad4     <common>
 0003:005f0ae0       _cg_localEntities          30691ae0     <common>
 0003:006152e0       _sortedTeamPlayers         306b62e0     <common>
 0003:00615560       _systemChat                306b6560     <common>
 0003:00615660       _lagometer                 306b6660     <common>
 0003:00615c68       _numSortedTeamPlayers      306b6c68     <common>
 0003:00615c80       _teamChat1                 306b6c80     <common>
 0003:00615d80       _teamChat2                 306b6d80     <common>
 0003:00615e80       _pml                       306b6e80     <common>
 0003:00615f30       _pm                        306b6f30     <common>
 0003:00615f34       ___alternate_form          306b6f34     <common>
 0003:00615f44       ___no_lead_zeros           306b6f44     <common>
 0003:00615f48       ___mbcodepage              306b6f48     <common>
 0003:00615fc0       ___mbulinfo                306b6fc0     <common>
 0003:00615fcc       ___ismbcodepage            306b6fcc     <common>
 0003:00615fe0       __mbcasemap                306b6fe0     <common>
 0003:006160e0       __mbctype                  306b70e0     <common>
 0003:006161e4       ___mblcid                  306b71e4     <common>
 0003:006161e8       ___sbh_sizeHeaderList      306b71e8     <common>
 0003:006161f8       ___sbh_indGroupDefer       306b71f8     <common>
 0003:006161fc       ___sbh_pHeaderScan         306b71fc     <common>
 0003:00616200       ___sbh_pHeaderDefer        306b7200     <common>
 0003:00616204       ___sbh_cntHeaderList       306b7204     <common>
 0003:00616208       ___sbh_pHeaderList         306b7208     <common>
 0003:0061620c       __crtheap                  306b720c     <common>
 0003:00616218       __pfnDumpClient            306b7218     <common>
 0003:00616240       ___pioinfo                 306b7240     <common>
 0003:0061637c       __nhandle                  306b737c     <common>
 0003:00616380       ___setlc_active            306b7380     <common>
 0003:00616390       ___unguarded_readlc_active 306b7390     <common>
 0003:00616394       ___piob                    306b7394     <common>
 0003:006166e0       __bufin                    306b76e0     <common>
 0003:006176e0       __nstream                  306b86e0     <common>
 0003:006176e4       ___env_initialized         306b86e4     <common>
 0003:006176f4       ___mbctype_initialized     306b86f4     <common>
 0003:006176f8       ___onexitend               306b86f8     <common>
 0003:006176fc       ___onexitbegin             306b86fc     <common>
 0003:00617700       __pfnReportHook            306b8700     <common>
 0003:0061770c       __acmdln                   306b870c     <common>
 0003:0061771c       __pRawDllMain              306b871c     <common>
 0004:00000000       __IMPORT_DESCRIPTOR_KERNEL32 306b9000     kernel32:KERNEL32.dll
 0004:00000014       __NULL_IMPORT_DESCRIPTOR   306b9014     kernel32:KERNEL32.dll
 0004:000001b4       __imp__GetModuleFileNameA@12 306b91b4     kernel32:KERNEL32.dll
 0004:000001b8       __imp__InterlockedDecrement@4 306b91b8     kernel32:KERNEL32.dll
 0004:000001bc       __imp__InterlockedIncrement@4 306b91bc     kernel32:KERNEL32.dll
 0004:000001c0       __imp__GetCommandLineA@0   306b91c0     kernel32:KERNEL32.dll
 0004:000001c4       __imp__GetVersion@0        306b91c4     kernel32:KERNEL32.dll
 0004:000001c8       __imp__GetProcAddress@8    306b91c8     kernel32:KERNEL32.dll
 0004:000001cc       __imp__GetModuleHandleA@4  306b91cc     kernel32:KERNEL32.dll
 0004:000001d0       __imp__RaiseException@16   306b91d0     kernel32:KERNEL32.dll
 0004:000001d4       __imp__GetCurrentThreadId@0 306b91d4     kernel32:KERNEL32.dll
 0004:000001d8       __imp__TlsSetValue@8       306b91d8     kernel32:KERNEL32.dll
 0004:000001dc       __imp__TlsAlloc@0          306b91dc     kernel32:KERNEL32.dll
 0004:000001e0       __imp__TlsFree@4           306b91e0     kernel32:KERNEL32.dll
 0004:000001e4       __imp__SetLastError@4      306b91e4     kernel32:KERNEL32.dll
 0004:000001e8       __imp__TlsGetValue@4       306b91e8     kernel32:KERNEL32.dll
 0004:000001ec       __imp__GetLastError@0      306b91ec     kernel32:KERNEL32.dll
 0004:000001f0       __imp__GetCurrentThread@0  306b91f0     kernel32:KERNEL32.dll
 0004:000001f4       __imp__DebugBreak@0        306b91f4     kernel32:KERNEL32.dll
 0004:000001f8       __imp__GetStdHandle@4      306b91f8     kernel32:KERNEL32.dll
 0004:000001fc       __imp__WriteFile@20        306b91fc     kernel32:KERNEL32.dll
 0004:00000200       __imp__OutputDebugStringA@4 306b9200     kernel32:KERNEL32.dll
 0004:00000204       __imp__LoadLibraryA@4      306b9204     kernel32:KERNEL32.dll
 0004:00000208       __imp__ExitProcess@4       306b9208     kernel32:KERNEL32.dll
 0004:0000020c       __imp__TerminateProcess@8  306b920c     kernel32:KERNEL32.dll
 0004:00000210       __imp__GetCurrentProcess@0 306b9210     kernel32:KERNEL32.dll
 0004:00000214       __imp__SetConsoleCtrlHandler@8 306b9214     kernel32:KERNEL32.dll
 0004:00000218       __imp__EnterCriticalSection@4 306b9218     kernel32:KERNEL32.dll
 0004:0000021c       __imp__LeaveCriticalSection@4 306b921c     kernel32:KERNEL32.dll
 0004:00000220       __imp__InitializeCriticalSection@4 306b9220     kernel32:KERNEL32.dll
 0004:00000224       __imp__DeleteCriticalSection@4 306b9224     kernel32:KERNEL32.dll
 0004:00000228       __imp__FatalAppExitA@8     306b9228     kernel32:KERNEL32.dll
 0004:0000022c       __imp__Sleep@4             306b922c     kernel32:KERNEL32.dll
 0004:00000230       __imp__WideCharToMultiByte@32 306b9230     kernel32:KERNEL32.dll
 0004:00000234       __imp__MultiByteToWideChar@24 306b9234     kernel32:KERNEL32.dll
 0004:00000238       __imp__LCMapStringA@24     306b9238     kernel32:KERNEL32.dll
 0004:0000023c       __imp__LCMapStringW@24     306b923c     kernel32:KERNEL32.dll
 0004:00000240       __imp__SetHandleCount@4    306b9240     kernel32:KERNEL32.dll
 0004:00000244       __imp__GetFileType@4       306b9244     kernel32:KERNEL32.dll
 0004:00000248       __imp__GetStartupInfoA@4   306b9248     kernel32:KERNEL32.dll
 0004:0000024c       __imp__IsBadWritePtr@8     306b924c     kernel32:KERNEL32.dll
 0004:00000250       __imp__IsBadReadPtr@8      306b9250     kernel32:KERNEL32.dll
 0004:00000254       __imp__HeapValidate@12     306b9254     kernel32:KERNEL32.dll
 0004:00000258       __imp__FreeEnvironmentStringsA@4 306b9258     kernel32:KERNEL32.dll
 0004:0000025c       __imp__FreeEnvironmentStringsW@4 306b925c     kernel32:KERNEL32.dll
 0004:00000260       __imp__GetEnvironmentStrings@0 306b9260     kernel32:KERNEL32.dll
 0004:00000264       __imp__GetEnvironmentStringsW@0 306b9264     kernel32:KERNEL32.dll
 0004:00000268       __imp__HeapDestroy@4       306b9268     kernel32:KERNEL32.dll
 0004:0000026c       __imp__HeapCreate@12       306b926c     kernel32:KERNEL32.dll
 0004:00000270       __imp__HeapFree@12         306b9270     kernel32:KERNEL32.dll
 0004:00000274       __imp__VirtualFree@12      306b9274     kernel32:KERNEL32.dll
 0004:00000278       __imp__GetStringTypeA@20   306b9278     kernel32:KERNEL32.dll
 0004:0000027c       __imp__GetStringTypeW@16   306b927c     kernel32:KERNEL32.dll
 0004:00000280       __imp__UnhandledExceptionFilter@4 306b9280     kernel32:KERNEL32.dll
 0004:00000284       __imp__SetFilePointer@16   306b9284     kernel32:KERNEL32.dll
 0004:00000288       __imp__FlushFileBuffers@4  306b9288     kernel32:KERNEL32.dll
 0004:0000028c       __imp__GetCPInfo@8         306b928c     kernel32:KERNEL32.dll
 0004:00000290       __imp__IsValidLocale@8     306b9290     kernel32:KERNEL32.dll
 0004:00000294       __imp__IsValidCodePage@4   306b9294     kernel32:KERNEL32.dll
 0004:00000298       __imp__GetLocaleInfoA@16   306b9298     kernel32:KERNEL32.dll
 0004:0000029c       __imp__EnumSystemLocalesA@8 306b929c     kernel32:KERNEL32.dll
 0004:000002a0       __imp__GetUserDefaultLCID@0 306b92a0     kernel32:KERNEL32.dll
 0004:000002a4       __imp__GetVersionExA@4     306b92a4     kernel32:KERNEL32.dll
 0004:000002a8       __imp__RtlUnwind@16        306b92a8     kernel32:KERNEL32.dll
 0004:000002ac       __imp__HeapAlloc@12        306b92ac     kernel32:KERNEL32.dll
 0004:000002b0       __imp__HeapReAlloc@16      306b92b0     kernel32:KERNEL32.dll
 0004:000002b4       __imp__VirtualAlloc@16     306b92b4     kernel32:KERNEL32.dll
 0004:000002b8       __imp__GetACP@0            306b92b8     kernel32:KERNEL32.dll
 0004:000002bc       __imp__GetOEMCP@0          306b92bc     kernel32:KERNEL32.dll
 0004:000002c0       __imp__SetStdHandle@8      306b92c0     kernel32:KERNEL32.dll
 0004:000002c4       __imp__CloseHandle@4       306b92c4     kernel32:KERNEL32.dll
 0004:000002c8       __imp__GetTimeZoneInformation@4 306b92c8     kernel32:KERNEL32.dll
 0004:000002cc       __imp__GetLocaleInfoW@16   306b92cc     kernel32:KERNEL32.dll
 0004:000002d0       __imp__CompareStringA@24   306b92d0     kernel32:KERNEL32.dll
 0004:000002d4       __imp__CompareStringW@24   306b92d4     kernel32:KERNEL32.dll
 0004:000002d8       __imp__SetEnvironmentVariableA@8 306b92d8     kernel32:KERNEL32.dll
 0004:000002dc       \177KERNEL32_NULL_THUNK_DATA 306b92dc     kernel32:KERNEL32.dll

 entry point at        0001:0004a5d0

