 cgamex86

 Timestamp is 61e042c9 (Thu Jan 13 10:18:33 2022)

 Preferred load address is 30000000

 Start         Length     Name                   Class
 0001:00000000 00066a68H .text                   CODE
 0001:00066a68 0002f308H .textbss                CODE
 0002:00000000 0000974bH .rdata                  DATA
 0002:00009750 0000016aH .edata                  DATA
 0003:00000000 00000104H .CRT$XCA                DATA
 0003:00000104 00000104H .CRT$XCZ                DATA
 0003:00000208 00000104H .CRT$XIA                DATA
 0003:0000030c 00000109H .CRT$XIC                DATA
 0003:00000418 00000104H .CRT$XIZ                DATA
 0003:0000051c 00000104H .CRT$XPA                DATA
 0003:00000620 00000104H .CRT$XPX                DATA
 0003:00000724 00000104H .CRT$XPZ                DATA
 0003:00000828 00000104H .CRT$XTA                DATA
 0003:0000092c 00000104H .CRT$XTZ                DATA
 0003:00000a30 000056d1H .data                   DATA
 0003:00006108 006115d8H .bss                    DATA
 0004:00000000 00000014H .idata$2                DATA
 0004:00000014 00000014H .idata$3                DATA
 0004:00000028 0000018cH .idata$4                DATA
 0004:000001b4 0000018cH .idata$5                DATA
 0004:00000340 000006c8H .idata$6                DATA

  Address         Publics by Value              Rva+Base     Lib:Object

 0001:00001890       _BG_FindItemForPowerup     30002890 f   bg_misc.obj
 0001:00001930       _BG_FindItemForHoldable    30002930 f   bg_misc.obj
 0001:000019c0       _BG_FindItemForWeapon      300029c0 f   bg_misc.obj
 0001:00001a30       _BG_FindItem               30002a30 f   bg_misc.obj
 0001:00001a90       _BG_PlayerTouchesItem      30002a90 f   bg_misc.obj
 0001:00001b80       _BG_CanItemBeGrabbed       30002b80 f   bg_misc.obj
 0001:00001e40       _BG_EvaluateTrajectory     30002e40 f   bg_misc.obj
 0001:00002130       _BG_EvaluateTrajectoryDelta 30003130 f   bg_misc.obj
 0001:00002360       _BG_AddPredictableEventToPlayerstate 30003360 f   bg_misc.obj
 0001:00002440       _BG_TouchJumpPad           30003440 f   bg_misc.obj
 0001:00002560       _BG_PlayerStateToEntityState 30003560 f   bg_misc.obj
 0001:00002990       _BG_PlayerStateToEntityStateExtraPolate 30003990 f   bg_misc.obj
 0001:00002de0       _PM_AddEvent               30003de0 f   bg_pmove.obj
 0001:00002e10       _PM_AddTouchEnt            30003e10 f   bg_pmove.obj
 0001:00002ec0       _PM_ClipVelocity           30003ec0 f   bg_pmove.obj
 0001:00002f80       _PM_UpdateViewAngles       30003f80 f   bg_pmove.obj
 0001:000030c0       _PmoveSingle               300040c0 f   bg_pmove.obj
 0001:00007000       _Pmove                     30008000 f   bg_pmove.obj
 0001:00007130       _PM_SlideMove              30008130 f   bg_slidemove.obj
 0001:00007c10       _PM_StepSlideMove          30008c10 f   bg_slidemove.obj
 0001:00008150       _CG_TargetCommand_f        30009150 f   cg_consolecmds.obj
 0001:000086c0       _CG_ConsoleCommand         300096c0 f   cg_consolecmds.obj
 0001:00008740       _CG_InitConsoleCommands    30009740 f   cg_consolecmds.obj
 0001:00008950       _CG_Draw3DModel            30009950 f   cg_draw.obj
 0001:00008b00       _CG_DrawHead               30009b00 f   cg_draw.obj
 0001:00008ca0       _CG_DrawFlagModel          30009ca0 f   cg_draw.obj
 0001:00008e80       _CG_DrawTeamBackground     30009e80 f   cg_draw.obj
 0001:00008f40       _CG_AddLagometerFrameInfo  30009f40 f   cg_draw.obj
 0001:00008f90       _CG_AddLagometerSnapshotInfo 30009f90 f   cg_draw.obj
 0001:00009030       _CG_CenterPrint            3000a030 f   cg_draw.obj
 0001:000090e0       _CG_DrawActive             3000a0e0 f   cg_draw.obj
 0001:0000d520       _CG_AdjustFrom640          3000e520 f   cg_drawtools.obj
 0001:0000d590       _CG_FillRect               3000e590 f   cg_drawtools.obj
 0001:0000d610       _CG_DrawSides              3000e610 f   cg_drawtools.obj
 0001:0000d6c0       _CG_DrawTopBottom          3000e6c0 f   cg_drawtools.obj
 0001:0000d770       _CG_DrawRect               3000e770 f   cg_drawtools.obj
 0001:0000d7f0       _CG_DrawPic                3000e7f0 f   cg_drawtools.obj
 0001:0000d860       _CG_DrawChar               3000e860 f   cg_drawtools.obj
 0001:0000d960       _CG_DrawStringExt          3000e960 f   cg_drawtools.obj
 0001:0000dbc0       _CG_DrawBigString          3000ebc0 f   cg_drawtools.obj
 0001:0000dc20       _CG_DrawBigStringColor     3000ec20 f   cg_drawtools.obj
 0001:0000dc60       _CG_DrawSmallString        3000ec60 f   cg_drawtools.obj
 0001:0000dcc0       _CG_DrawSmallStringColor   3000ecc0 f   cg_drawtools.obj
 0001:0000dd00       _CG_DrawStrlen             3000ed00 f   cg_drawtools.obj
 0001:0000dd90       _CG_TileClear              3000ed90 f   cg_drawtools.obj
 0001:0000df90       _CG_FadeColor              3000ef90 f   cg_drawtools.obj
 0001:0000e050       _CG_TeamColor              3000f050 f   cg_drawtools.obj
 0001:0000e0b0       _CG_GetColorForHealth      3000f0b0 f   cg_drawtools.obj
 0001:0000e200       _CG_ColorForHealth         3000f200 f   cg_drawtools.obj
 0001:0000e250       _UI_DrawBannerString       3000f250 f   cg_drawtools.obj
 0001:0000e5a0       _UI_ProportionalStringWidth 3000f5a0 f   cg_drawtools.obj
 0001:0000e630       _UI_ProportionalSizeScale  3000f630 f   cg_drawtools.obj
 0001:0000e670       _UI_DrawProportionalString 3000f670 f   cg_drawtools.obj
 0001:0000eb40       _CG_BubbleTrail            3000fb40 f   cg_effects.obj
 0001:0000eeb0       _CG_SmokePuff              3000feb0 f   cg_effects.obj
 0001:0000f160       _CG_SpawnEffect            30010160 f   cg_effects.obj
 0001:0000f2c0       _CG_ScorePlum              300102c0 f   cg_effects.obj
 0001:0000f4b0       _CG_MakeExplosion          300104b0 f   cg_effects.obj
 0001:0000f740       _CG_Bleed                  30010740 f   cg_effects.obj
 0001:0000f860       _CG_LaunchGib              30010860 f   cg_effects.obj
 0001:0000f9f0       _CG_GibPlayer              300109f0 f   cg_effects.obj
 0001:000102d0       _CG_LaunchExplode          300112d0 f   cg_effects.obj
 0001:00010460       _CG_BigExplode             30011460 f   cg_effects.obj
 0001:000108e0       _CG_PositionEntityOnTag    300118e0 f   cg_ents.obj
 0001:00010a30       _CG_PositionRotatedEntityOnTag 30011a30 f   cg_ents.obj
 0001:00010b90       _CG_SetEntitySoundPosition 30011b90 f   cg_ents.obj
 0001:00010c50       _CG_Beam                   30011c50 f   cg_ents.obj
 0001:00010d30       _CG_AdjustPositionForMover 30011d30 f   cg_ents.obj
 0001:00010ed0       _CG_AddPacketEntities      30011ed0 f   cg_ents.obj
 0001:00012ac0       _CG_PlaceString            30013ac0 f   cg_event.obj
 0001:00012c60       _CG_PainEvent              30013c60 f   cg_event.obj
 0001:00012d30       _CG_EntityEvent            30013d30 f   cg_event.obj
 0001:00015160       _CG_CheckEvents            30016160 f   cg_event.obj
 0001:00015280       _CG_LoadingString          30016280 f   cg_info.obj
 0001:000152c0       _CG_LoadingItem            300162c0 f   cg_info.obj
 0001:00015350       _CG_LoadingClient          30016350 f   cg_info.obj
 0001:000155a0       _CG_DrawInformation        300165a0 f   cg_info.obj
 0001:00015c80       _CG_InitLocalEntities      30016c80 f   cg_localents.obj
 0001:00015d20       _CG_FreeLocalEntity        30016d20 f   cg_localents.obj
 0001:00015d90       _CG_AllocLocalEntity       30016d90 f   cg_localents.obj
 0001:00015e30       _CG_BloodTrail             30016e30 f   cg_localents.obj
 0001:00015f30       _CG_FragmentBounceMark     30016f30 f   cg_localents.obj
 0001:00016080       _CG_FragmentBounceSound    30017080 f   cg_localents.obj
 0001:00016130       _CG_ReflectVelocity        30017130 f   cg_localents.obj
 0001:00016310       _CG_AddFragment            30017310 f   cg_localents.obj
 0001:000165e0       _CG_AddFadeRGB             300175e0 f   cg_localents.obj
 0001:000166b0       _CG_AddScorePlum           300176b0 f   cg_localents.obj
 0001:00016c60       _CG_AddLocalEntities       30017c60 f   cg_localents.obj
 0001:000174b0       _vmMain                    300184b0 f   cg_main.obj
 0001:000175e0       _CG_RegisterCvars          300185e0 f   cg_main.obj
 0001:00017720       _CG_UpdateCvars            30018720 f   cg_main.obj
 0001:00017890       _CG_CrosshairPlayer        30018890 f   cg_main.obj
 0001:000178d0       _CG_LastAttacker           300188d0 f   cg_main.obj
 0001:00017910       _CG_Printf                 30018910 f   cg_main.obj
 0001:00017970       _CG_Error                  30018970 f   cg_main.obj
 0001:000179d0       _Com_Error                 300189d0 f   cg_main.obj
 0001:00017a30       _Com_Printf                30018a30 f   cg_main.obj
 0001:00017a90       _CG_Argv                   30018a90 f   cg_main.obj
 0001:00017ad0       _CG_BuildSpectatorString   30018ad0 f   cg_main.obj
 0001:00017bb0       _CG_ConfigString           30018bb0 f   cg_main.obj
 0001:00017c00       _CG_StartMusic             30018c00 f   cg_main.obj
 0001:00017c90       _CG_Init                   30018c90 f   cg_main.obj
 0001:00019730       _CG_Shutdown               3001a730 f   cg_main.obj
 0001:00019750       _CG_EventHandling          3001a750 f   cg_main.obj
 0001:00019770       _CG_KeyEvent               3001a770 f   cg_main.obj
 0001:00019790       _CG_MouseEvent             3001a790 f   cg_main.obj
 0001:000197b0       _CG_InitMarkPolys          3001a7b0 f   cg_marks.obj
 0001:00019850       _CG_FreeMarkPoly           3001a850 f   cg_marks.obj
 0001:000198c0       _CG_AllocMark              3001a8c0 f   cg_marks.obj
 0001:00019990       _CG_ImpactMark             3001a990 f   cg_marks.obj
 0001:00019fb0       _CG_AddMarks               3001afb0 f   cg_marks.obj
 0001:0001a280       _CG_ClearParticles         3001b280 f   cg_marks.obj
 0001:0001a400       _CG_AddParticleToScene     3001b400 f   cg_marks.obj
 0001:0001cf70       _CG_AddParticles           3001df70 f   cg_marks.obj
 0001:0001d450       _CG_ParticleSnowFlurry     3001e450 f   cg_marks.obj
 0001:0001d7c0       _CG_ParticleSnow           3001e7c0 f   cg_marks.obj
 0001:0001daa0       _CG_ParticleBubble         3001eaa0 f   cg_marks.obj
 0001:0001ddf0       _CG_ParticleSmoke          3001edf0 f   cg_marks.obj
 0001:0001e030       _CG_ParticleBulletDebris   3001f030 f   cg_marks.obj
 0001:0001e1f0       _CG_ParticleExplosion      3001f1f0 f   cg_marks.obj
 0001:0001e450       _CG_AddParticleShrapnel    3001f450 f   cg_marks.obj
 0001:0001e470       _CG_NewParticleArea        3001f470 f   cg_marks.obj
 0001:0001e700       _CG_SnowLink               3001f700 f   cg_marks.obj
 0001:0001e7a0       _CG_ParticleImpactSmokePuff 3001f7a0 f   cg_marks.obj
 0001:0001e9e0       _CG_Particle_Bleed         3001f9e0 f   cg_marks.obj
 0001:0001ebf0       _CG_Particle_OilParticle   3001fbf0 f   cg_marks.obj
 0001:0001ee20       _CG_Particle_OilSlick      3001fe20 f   cg_marks.obj
 0001:0001f100       _CG_OilSlickRemove         30020100 f   cg_marks.obj
 0001:0001f1b0       _ValidBloodPool            300201b0 f   cg_marks.obj
 0001:0001f410       _CG_BloodPool              30020410 f   cg_marks.obj
 0001:0001f660       _CG_ParticleBloodCloud     30020660 f   cg_marks.obj
 0001:0001f960       _CG_ParticleSparks         30020960 f   cg_marks.obj
 0001:0001fcc0       _CG_ParticleDust           30020cc0 f   cg_marks.obj
 0001:00020180       _CG_ParticleMisc           30021180 f   cg_marks.obj
 0001:000202f0       _CG_CustomSound            300212f0 f   cg_players.obj
 0001:000203e0       _CG_NewClientInfo          300213e0 f   cg_players.obj
 0001:00022e00       _CG_LoadDeferredPlayers    30023e00 f   cg_players.obj
 0001:00022eb0       _CG_AddRefEntityWithPowerups 30023eb0 f   cg_players.obj
 0001:00023010       _CG_LightVerts             30024010 f   cg_players.obj
 0001:000231e0       _CG_Player                 300241e0 f   cg_players.obj
 0001:000254c0       _CG_ResetPlayerEntity      300264c0 f   cg_players.obj
 0001:000257c0       _CG_CheckAmmo              300267c0 f   cg_playerstate.obj
 0001:00025910       _CG_DamageFeedback         30026910 f   cg_playerstate.obj
 0001:00025cf0       _CG_Respawn                30026cf0 f   cg_playerstate.obj
 0001:00025d40       _CG_CheckPlayerstateEvents 30026d40 f   cg_playerstate.obj
 0001:00025ef0       _CG_CheckChangedPredictableEvents 30026ef0 f   cg_playerstate.obj
 0001:00026020       _CG_CheckLocalSounds       30027020 f   cg_playerstate.obj
 0001:000265b0       _CG_TransitionPlayerState  300275b0 f   cg_playerstate.obj
 0001:00026730       _CG_BuildSolidList         30027730 f   cg_predict.obj
 0001:00026880       _CG_Trace                  30027880 f   cg_predict.obj
 0001:00026be0       _CG_PointContents          30027be0 f   cg_predict.obj
 0001:00026cd0       _CG_PredictPlayerState     30027cd0 f   cg_predict.obj
 0001:00027ab0       _CG_DrawOldScoreboard      30028ab0 f   cg_scoreboard.obj
 0001:00028ad0       _CG_DrawOldTourneyScoreboard 30029ad0 f   cg_scoreboard.obj
 0001:00028f20       _CG_ParseServerinfo        30029f20 f   cg_servercmds.obj
 0001:00029140       _CG_SetConfigValues        3002a140 f   cg_servercmds.obj
 0001:00029210       _CG_ShaderStateChanged     3002a210 f   cg_servercmds.obj
 0001:00029440       _CG_ParseVoiceChats        3002a440 f   cg_servercmds.obj
 0001:00029a20       _CG_LoadVoiceChats         3002aa20 f   cg_servercmds.obj
 0001:00029b30       _CG_HeadModelVoiceChats    3002ab30 f   cg_servercmds.obj
 0001:00029cc0       _CG_GetVoiceChat           3002acc0 f   cg_servercmds.obj
 0001:00029dd0       _CG_VoiceChatListForClient 3002add0 f   cg_servercmds.obj
 0001:0002a260       _CG_PlayVoiceChat          3002b260 f   cg_servercmds.obj
 0001:0002a280       _CG_PlayBufferedVoiceChats 3002b280 f   cg_servercmds.obj
 0001:0002a2a0       _CG_AddBufferedVoiceChat   3002b2a0 f   cg_servercmds.obj
 0001:0002a2c0       _CG_VoiceChatLocal         3002b2c0 f   cg_servercmds.obj
 0001:0002a2e0       _CG_VoiceChat              3002b2e0 f   cg_servercmds.obj
 0001:0002a300       _CG_ExecuteNewServerCommands 3002b300 f   cg_servercmds.obj
 0001:0002b590       _CG_SetInitialSnapshot     3002c590 f   cg_snapshot.obj
 0001:0002b7b0       _CG_ProcessSnapshots       3002c7b0 f   cg_snapshot.obj
 0001:0002bf10       _dllEntry                  3002cf10 f   cg_syscalls.obj
 0001:0002bf30       _PASSFLOAT                 3002cf30 f   cg_syscalls.obj
 0001:0002bf50       _trap_Print                3002cf50 f   cg_syscalls.obj
 0001:0002bf80       _trap_Error                3002cf80 f   cg_syscalls.obj
 0001:0002bfb0       _trap_Milliseconds         3002cfb0 f   cg_syscalls.obj
 0001:0002bfe0       _trap_Cvar_Register        3002cfe0 f   cg_syscalls.obj
 0001:0002c020       _trap_Cvar_Update          3002d020 f   cg_syscalls.obj
 0001:0002c050       _trap_Cvar_Set             3002d050 f   cg_syscalls.obj
 0001:0002c080       _trap_Cvar_VariableStringBuffer 3002d080 f   cg_syscalls.obj
 0001:0002c0b0       _trap_Argc                 3002d0b0 f   cg_syscalls.obj
 0001:0002c0e0       _trap_Argv                 3002d0e0 f   cg_syscalls.obj
 0001:0002c110       _trap_Args                 3002d110 f   cg_syscalls.obj
 0001:0002c140       _trap_FS_FOpenFile         3002d140 f   cg_syscalls.obj
 0001:0002c170       _trap_FS_Read              3002d170 f   cg_syscalls.obj
 0001:0002c1a0       _trap_FS_Write             3002d1a0 f   cg_syscalls.obj
 0001:0002c1d0       _trap_FS_FCloseFile        3002d1d0 f   cg_syscalls.obj
 0001:0002c200       _trap_FS_Seek              3002d200 f   cg_syscalls.obj
 0001:0002c230       _trap_SendConsoleCommand   3002d230 f   cg_syscalls.obj
 0001:0002c260       _trap_AddCommand           3002d260 f   cg_syscalls.obj
 0001:0002c290       _trap_RemoveCommand        3002d290 f   cg_syscalls.obj
 0001:0002c2c0       _trap_SendClientCommand    3002d2c0 f   cg_syscalls.obj
 0001:0002c2f0       _trap_UpdateScreen         3002d2f0 f   cg_syscalls.obj
 0001:0002c320       _trap_CM_LoadMap           3002d320 f   cg_syscalls.obj
 0001:0002c350       _trap_CM_NumInlineModels   3002d350 f   cg_syscalls.obj
 0001:0002c380       _trap_CM_InlineModel       3002d380 f   cg_syscalls.obj
 0001:0002c3b0       _trap_CM_TempBoxModel      3002d3b0 f   cg_syscalls.obj
 0001:0002c3e0       _trap_CM_TempCapsuleModel  3002d3e0 f   cg_syscalls.obj
 0001:0002c410       _trap_CM_PointContents     3002d410 f   cg_syscalls.obj
 0001:0002c440       _trap_CM_TransformedPointContents 3002d440 f   cg_syscalls.obj
 0001:0002c480       _trap_CM_BoxTrace          3002d480 f   cg_syscalls.obj
 0001:0002c4d0       _trap_CM_CapsuleTrace      3002d4d0 f   cg_syscalls.obj
 0001:0002c520       _trap_CM_TransformedBoxTrace 3002d520 f   cg_syscalls.obj
 0001:0002c570       _trap_CM_TransformedCapsuleTrace 3002d570 f   cg_syscalls.obj
 0001:0002c5c0       _trap_CM_MarkFragments     3002d5c0 f   cg_syscalls.obj
 0001:0002c610       _trap_S_StartSound         3002d610 f   cg_syscalls.obj
 0001:0002c650       _trap_S_StartLocalSound    3002d650 f   cg_syscalls.obj
 0001:0002c680       _trap_S_ClearLoopingSounds 3002d680 f   cg_syscalls.obj
 0001:0002c6b0       _trap_S_AddLoopingSound    3002d6b0 f   cg_syscalls.obj
 0001:0002c6f0       _trap_S_AddRealLoopingSound 3002d6f0 f   cg_syscalls.obj
 0001:0002c730       _trap_S_StopLoopingSound   3002d730 f   cg_syscalls.obj
 0001:0002c760       _trap_S_UpdateEntityPosition 3002d760 f   cg_syscalls.obj
 0001:0002c790       _trap_S_Respatialize       3002d790 f   cg_syscalls.obj
 0001:0002c7d0       _trap_S_RegisterSound      3002d7d0 f   cg_syscalls.obj
 0001:0002c800       _trap_S_StartBackgroundTrack 3002d800 f   cg_syscalls.obj
 0001:0002c830       _trap_R_LoadWorldMap       3002d830 f   cg_syscalls.obj
 0001:0002c860       _trap_R_RegisterModel      3002d860 f   cg_syscalls.obj
 0001:0002c890       _trap_R_RegisterSkin       3002d890 f   cg_syscalls.obj
 0001:0002c8c0       _trap_R_RegisterShader     3002d8c0 f   cg_syscalls.obj
 0001:0002c8f0       _trap_R_RegisterShaderNoMip 3002d8f0 f   cg_syscalls.obj
 0001:0002c920       _trap_R_RegisterFont       3002d920 f   cg_syscalls.obj
 0001:0002c950       _trap_R_ClearScene         3002d950 f   cg_syscalls.obj
 0001:0002c980       _trap_R_AddRefEntityToScene 3002d980 f   cg_syscalls.obj
 0001:0002c9b0       _trap_R_AddPolyToScene     3002d9b0 f   cg_syscalls.obj
 0001:0002c9e0       _trap_R_AddPolysToScene    3002d9e0 f   cg_syscalls.obj
 0001:0002ca20       _trap_R_LightForPoint      3002da20 f   cg_syscalls.obj
 0001:0002ca60       _trap_R_AddLightToScene    3002da60 f   cg_syscalls.obj
 0001:0002cad0       _trap_R_AddAdditiveLightToScene 3002dad0 f   cg_syscalls.obj
 0001:0002cb40       _trap_R_RenderScene        3002db40 f   cg_syscalls.obj
 0001:0002cb70       _trap_R_SetColor           3002db70 f   cg_syscalls.obj
 0001:0002cba0       _trap_R_DrawStretchPic     3002dba0 f   cg_syscalls.obj
 0001:0002cc50       _trap_R_ModelBounds        3002dc50 f   cg_syscalls.obj
 0001:0002cc80       _trap_R_LerpTag            3002dc80 f   cg_syscalls.obj
 0001:0002ccd0       _trap_R_RemapShader        3002dcd0 f   cg_syscalls.obj
 0001:0002cd00       _trap_GetGlconfig          3002dd00 f   cg_syscalls.obj
 0001:0002cd30       _trap_GetGameState         3002dd30 f   cg_syscalls.obj
 0001:0002cd60       _trap_GetCurrentSnapshotNumber 3002dd60 f   cg_syscalls.obj
 0001:0002cd90       _trap_GetSnapshot          3002dd90 f   cg_syscalls.obj
 0001:0002cdc0       _trap_GetServerCommand     3002ddc0 f   cg_syscalls.obj
 0001:0002cdf0       _trap_GetCurrentCmdNumber  3002ddf0 f   cg_syscalls.obj
 0001:0002ce20       _trap_GetUserCmd           3002de20 f   cg_syscalls.obj
 0001:0002ce50       _trap_SetUserCmdValue      3002de50 f   cg_syscalls.obj
 0001:0002ce90       _testPrintInt              3002de90 f   cg_syscalls.obj
 0001:0002cec0       _testPrintFloat            3002dec0 f   cg_syscalls.obj
 0001:0002cf00       _trap_MemoryRemaining      3002df00 f   cg_syscalls.obj
 0001:0002cf30       _trap_Key_IsDown           3002df30 f   cg_syscalls.obj
 0001:0002cf60       _trap_Key_GetCatcher       3002df60 f   cg_syscalls.obj
 0001:0002cf90       _trap_Key_SetCatcher       3002df90 f   cg_syscalls.obj
 0001:0002cfc0       _trap_Key_GetKey           3002dfc0 f   cg_syscalls.obj
 0001:0002cff0       _trap_PC_AddGlobalDefine   3002dff0 f   cg_syscalls.obj
 0001:0002d020       _trap_PC_LoadSource        3002e020 f   cg_syscalls.obj
 0001:0002d050       _trap_PC_FreeSource        3002e050 f   cg_syscalls.obj
 0001:0002d080       _trap_PC_ReadToken         3002e080 f   cg_syscalls.obj
 0001:0002d0b0       _trap_PC_SourceFileAndLine 3002e0b0 f   cg_syscalls.obj
 0001:0002d0e0       _trap_S_StopBackgroundTrack 3002e0e0 f   cg_syscalls.obj
 0001:0002d110       _trap_RealTime             3002e110 f   cg_syscalls.obj
 0001:0002d140       _trap_SnapVector           3002e140 f   cg_syscalls.obj
 0001:0002d170       _trap_CIN_PlayCinematic    3002e170 f   cg_syscalls.obj
 0001:0002d1b0       _trap_CIN_StopCinematic    3002e1b0 f   cg_syscalls.obj
 0001:0002d1e0       _trap_CIN_RunCinematic     3002e1e0 f   cg_syscalls.obj
 0001:0002d210       _trap_CIN_DrawCinematic    3002e210 f   cg_syscalls.obj
 0001:0002d240       _trap_CIN_SetExtents       3002e240 f   cg_syscalls.obj
 0001:0002d280       _trap_GetEntityToken       3002e280 f   cg_syscalls.obj
 0001:0002d2b0       _trap_R_inPVS              3002e2b0 f   cg_syscalls.obj
 0001:0002d2e0       _CG_TestModel_f            3002e2e0 f   cg_view.obj
 0001:0002d460       _CG_TestGun_f              3002e460 f   cg_view.obj
 0001:0002d4a0       _CG_TestModelNextFrame_f   3002e4a0 f   cg_view.obj
 0001:0002d4e0       _CG_TestModelPrevFrame_f   3002e4e0 f   cg_view.obj
 0001:0002d540       _CG_TestModelNextSkin_f    3002e540 f   cg_view.obj
 0001:0002d580       _CG_TestModelPrevSkin_f    3002e580 f   cg_view.obj
 0001:0002d5e0       _CG_ZoomDown_f             3002e5e0 f   cg_view.obj
 0001:0002d620       _CG_ZoomUp_f               3002e620 f   cg_view.obj
 0001:0002d660       _CG_AddBufferedSound       3002e660 f   cg_view.obj
 0001:0002d6d0       _CG_DrawActiveFrame        3002e6d0 f   cg_view.obj
 0001:0002eff0       _CG_RailTrail              3002fff0 f   cg_weapons.obj
 0001:0002f900       _CG_GrappleTrail           30030900 f   cg_weapons.obj
 0001:0002fb90       _CG_RegisterWeapon         30030b90 f   cg_weapons.obj
 0001:00031690       _CG_RegisterItemVisuals    30032690 f   cg_weapons.obj
 0001:000317e0       _CG_AddPlayerWeapon        300327e0 f   cg_weapons.obj
 0001:00032730       _CG_AddViewWeapon          30033730 f   cg_weapons.obj
 0001:00032e20       _CG_DrawWeaponSelect       30033e20 f   cg_weapons.obj
 0001:000330e0       _CG_NextWeapon_f           300340e0 f   cg_weapons.obj
 0001:00033220       _CG_PrevWeapon_f           30034220 f   cg_weapons.obj
 0001:00033300       _CG_Weapon_f               30034300 f   cg_weapons.obj
 0001:000333b0       _CG_OutOfAmmoChange        300343b0 f   cg_weapons.obj
 0001:00033420       _CG_FireWeapon             30034420 f   cg_weapons.obj
 0001:000335b0       _CG_MissileHitWall         300345b0 f   cg_weapons.obj
 0001:00033ba0       _CG_MissileHitPlayer       30034ba0 f   cg_weapons.obj
 0001:00033c00       _CG_ShotgunFire            30034c00 f   cg_weapons.obj
 0001:00034180       _CG_Tracer                 30035180 f   cg_weapons.obj
 0001:00034640       _CG_Bullet                 30035640 f   cg_weapons.obj
 0001:00034a30       _Q_rand                    30035a30 f   q_math.obj
 0001:00034a70       _Q_random                  30035a70 f   q_math.obj
 0001:00034ab0       _Q_crandom                 30035ab0 f   q_math.obj
 0001:00034ae0       _ClampChar                 30035ae0 f   q_math.obj
 0001:00034b10       _ClampShort                30035b10 f   q_math.obj
 0001:00034b50       _DirToByte                 30035b50 f   q_math.obj
 0001:00034c20       _ByteToDir                 30035c20 f   q_math.obj
 0001:00034cc0       _ColorBytes3               30035cc0 f   q_math.obj
 0001:00034d20       _ColorBytes4               30035d20 f   q_math.obj
 0001:00034d90       _NormalizeColor            30035d90 f   q_math.obj
 0001:00034e60       _PlaneFromPoints           30035e60 f   q_math.obj
 0001:00034ff0       _RotatePointAroundVector   30035ff0 f   q_math.obj
 0001:000352a0       _RotateAroundDirection     300362a0 f   q_math.obj
 0001:00035350       _vectoangles               30036350 f   q_math.obj
 0001:00035520       _AnglesToAxis              30036520 f   q_math.obj
 0001:00035590       _AxisClear                 30036590 f   q_math.obj
 0001:00035620       _AxisCopy                  30036620 f   q_math.obj
 0001:000356c0       _ProjectPointOnPlane       300366c0 f   q_math.obj
 0001:00035800       _MakeNormalVectors         30036800 f   q_math.obj
 0001:000358f0       _VectorRotate              300368f0 f   q_math.obj
 0001:000359b0       _Q_rsqrt                   300369b0 f   q_math.obj
 0001:00035a20       _Q_fabs                    30036a20 f   q_math.obj
 0001:00035a50       _LerpAngle                 30036a50 f   q_math.obj
 0001:00035ad0       _AngleSubtract             30036ad0 f   q_math.obj
 0001:00035b40       _AnglesSubtract            30036b40 f   q_math.obj
 0001:00035bc0       _AngleMod                  30036bc0 f   q_math.obj
 0001:00035c00       _AngleNormalize360         30036c00 f   q_math.obj
 0001:00035c40       _AngleNormalize180         30036c40 f   q_math.obj
 0001:00035c90       _AngleDelta                30036c90 f   q_math.obj
 0001:00035cc0       _SetPlaneSignbits          30036cc0 f   q_math.obj
 0001:00035d40       _BoxOnPlaneSide            30036d40 f   q_math.obj
 0001:00036010       _RadiusFromBounds          30037010 f   q_math.obj
 0001:00036130       _ClearBounds               30037130 f   q_math.obj
 0001:00036190       _AddPointToBounds          30037190 f   q_math.obj
 0001:00036290       _VectorNormalize           30037290 f   q_math.obj
 0001:00036350       _VectorNormalize2          30037350 f   q_math.obj
 0001:00036430       __VectorMA                 30037430 f   q_math.obj
 0001:00036490       __DotProduct               30037490 f   q_math.obj
 0001:000364e0       __VectorSubtract           300374e0 f   q_math.obj
 0001:00036540       __VectorAdd                30037540 f   q_math.obj
 0001:000365a0       __VectorCopy               300375a0 f   q_math.obj
 0001:000365e0       __VectorScale              300375e0 f   q_math.obj
 0001:00036630       _Vector4Scale              30037630 f   q_math.obj
 0001:00036690       _Q_log2                    30037690 f   q_math.obj
 0001:000366d0       _MatrixMultiply            300376d0 f   q_math.obj
 0001:000368e0       _AngleVectors              300378e0 f   q_math.obj
 0001:00036b40       _PerpendicularVector       30037b40 f   q_math.obj
 0001:00036c30       _Com_Clamp                 30037c30 f   q_shared.obj
 0001:00036c80       _COM_SkipPath              30037c80 f   q_shared.obj
 0001:00036ce0       _COM_StripExtension        30037ce0 f   q_shared.obj
 0001:00036d40       _COM_DefaultExtension      30037d40 f   q_shared.obj
 0001:00036df0       _ShortSwap                 30037df0 f   q_shared.obj
 0001:00036e50       _ShortNoSwap               30037e50 f   q_shared.obj
 0001:00036e70       _LongSwap                  30037e70 f   q_shared.obj
 0001:00036f10       _LongNoSwap                30037f10 f   q_shared.obj
 0001:00036f30       _Long64Swap                30037f30 f   q_shared.obj
 0001:00036f90       _Long64NoSwap              30037f90 f   q_shared.obj
 0001:00036fb0       _FloatSwap                 30037fb0 f   q_shared.obj
 0001:00036ff0       _FloatNoSwap               30037ff0 f   q_shared.obj
 0001:00037010       _COM_BeginParseSession     30038010 f   q_shared.obj
 0001:00037060       _COM_GetCurrentParseLine   30038060 f   q_shared.obj
 0001:00037080       _COM_Parse                 30038080 f   q_shared.obj
 0001:000370b0       _COM_ParseError            300380b0 f   q_shared.obj
 0001:00037120       _COM_ParseWarning          30038120 f   q_shared.obj
 0001:00037190       _COM_Compress              30038190 f   q_shared.obj
 0001:00037410       _COM_ParseExt              30038410 f   q_shared.obj
 0001:00037740       _COM_MatchToken            30038740 f   q_shared.obj
 0001:000377a0       _SkipBracedSection         300387a0 f   q_shared.obj
 0001:00037830       _SkipRestOfLine            30038830 f   q_shared.obj
 0001:000378a0       _Parse1DMatrix             300388a0 f   q_shared.obj
 0001:00037930       _Parse2DMatrix             30038930 f   q_shared.obj
 0001:000379c0       _Parse3DMatrix             300389c0 f   q_shared.obj
 0001:00037a60       _Q_isprint                 30038a60 f   q_shared.obj
 0001:00037a90       _Q_islower                 30038a90 f   q_shared.obj
 0001:00037ac0       _Q_isupper                 30038ac0 f   q_shared.obj
 0001:00037af0       _Q_isalpha                 30038af0 f   q_shared.obj
 0001:00037b30       _Q_strrchr                 30038b30 f   q_shared.obj
 0001:00037bb0       _Q_strncpyz                30038bb0 f   q_shared.obj
 0001:00037c40       _Q_stricmpn                30038c40 f   q_shared.obj
 0001:00037d50       _Q_strncmp                 30038d50 f   q_shared.obj
 0001:00037de0       _Q_stricmp                 30038de0 f   q_shared.obj
 0001:00037e30       _Q_strlwr                  30038e30 f   q_shared.obj
 0001:00037e90       _Q_strupr                  30038e90 f   q_shared.obj
 0001:00037ef0       _Q_strcat                  30038ef0 f   q_shared.obj
 0001:00037f60       _Q_PrintStrlen             30038f60 f   q_shared.obj
 0001:00038000       _Q_CleanStr                30039000 f   q_shared.obj
 0001:000380c0       _Com_sprintf               300390c0 f   q_shared.obj
 0001:00038170       _va                        30039170 f   q_shared.obj
 0001:000381e0       _Info_ValueForKey          300391e0 f   q_shared.obj
 0001:000383c0       _Info_NextPair             300393c0 f   q_shared.obj
 0001:000384d0       _Info_RemoveKey            300394d0 f   q_shared.obj
 0001:000386a0       _Info_RemoveKey_Big        300396a0 f   q_shared.obj
 0001:00038870       _Info_Validate             30039870 f   q_shared.obj
 0001:000388d0       _Info_SetValueForKey       300398d0 f   q_shared.obj
 0001:00038ab0       _Info_SetValueForKey_Big   30039ab0 f   q_shared.obj
 0001:00038c80       _UI_Alloc                  30039c80 f   ui_shared.obj
 0001:00038d20       _UI_InitMemory             30039d20 f   ui_shared.obj
 0001:00038d50       _UI_OutOfMemory            30039d50 f   ui_shared.obj
 0001:00038d70       _String_Alloc              30039d70 f   ui_shared.obj
 0001:00038fb0       _String_Report             30039fb0 f   ui_shared.obj
 0001:00039080       _String_Init               3003a080 f   ui_shared.obj
 0001:00039140       _PC_SourceWarning          3003a140 f   ui_shared.obj
 0001:000391e0       _PC_SourceError            3003a1e0 f   ui_shared.obj
 0001:00039280       _LerpColor                 3003a280 f   ui_shared.obj
 0001:00039340       _Float_Parse               3003a340 f   ui_shared.obj
 0001:000393a0       _PC_Float_Parse            3003a3a0 f   ui_shared.obj
 0001:00039490       _Color_Parse               3003a490 f   ui_shared.obj
 0001:00039500       _PC_Color_Parse            3003a500 f   ui_shared.obj
 0001:00039570       _Int_Parse                 3003a570 f   ui_shared.obj
 0001:000395d0       _PC_Int_Parse              3003a5d0 f   ui_shared.obj
 0001:000396b0       _Rect_Parse                3003a6b0 f   ui_shared.obj
 0001:00039740       _PC_Rect_Parse             3003a740 f   ui_shared.obj
 0001:000397d0       _String_Parse              3003a7d0 f   ui_shared.obj
 0001:00039830       _PC_String_Parse           3003a830 f   ui_shared.obj
 0001:00039890       _PC_Script_Parse           3003a890 f   ui_shared.obj
 0001:00039a20       _Init_Display              3003aa20 f   ui_shared.obj
 0001:00039a40       _GradientBar_Paint         3003aa40 f   ui_shared.obj
 0001:00039ac0       _Window_Init               3003aac0 f   ui_shared.obj
 0001:00039b40       _Fade                      3003ab40 f   ui_shared.obj
 0001:00039c40       _Window_Paint              3003ac40 f   ui_shared.obj
 0001:0003a270       _Item_SetScreenCoords      3003b270 f   ui_shared.obj
 0001:0003a320       _Item_UpdatePosition       3003b320 f   ui_shared.obj
 0001:0003a3c0       _Menu_UpdatePosition       3003b3c0 f   ui_shared.obj
 0001:0003a470       _Menu_PostParse            3003b470 f   ui_shared.obj
 0001:0003a4e0       _Menu_ClearFocus           3003b4e0 f   ui_shared.obj
 0001:0003a5f0       _IsVisible                 3003b5f0 f   ui_shared.obj
 0001:0003a640       _Rect_ContainsPoint        3003b640 f   ui_shared.obj
 0001:0003a6d0       _Menu_ItemsMatchingGroup   3003b6d0 f   ui_shared.obj
 0001:0003a790       _Menu_GetMatchingItemByNumber 3003b790 f   ui_shared.obj
 0001:0003a870       _Script_SetColor           3003b870 f   ui_shared.obj
 0001:0003a9b0       _Script_SetAsset           3003b9b0 f   ui_shared.obj
 0001:0003a9e0       _Script_SetBackground      3003b9e0 f   ui_shared.obj
 0001:0003aa30       _Menu_FindItemByName       3003ba30 f   ui_shared.obj
 0001:0003aad0       _Script_SetTeamColor       3003bad0 f   ui_shared.obj
 0001:0003ab40       _Script_SetItemColor       3003bb40 f   ui_shared.obj
 0001:0003ad00       _Menu_ShowItemByName       3003bd00 f   ui_shared.obj
 0001:0003ade0       _Menu_FadeItemByName       3003bde0 f   ui_shared.obj
 0001:0003aeb0       _Menus_FindByName          3003beb0 f   ui_shared.obj
 0001:0003af30       _Menus_ShowByName          3003bf30 f   ui_shared.obj
 0001:0003af70       _Menus_OpenByName          3003bf70 f   ui_shared.obj
 0001:0003afa0       _Menus_CloseByName         3003bfa0 f   ui_shared.obj
 0001:0003b060       _Menus_CloseAll            3003c060 f   ui_shared.obj
 0001:0003b0f0       _Script_Show               3003c0f0 f   ui_shared.obj
 0001:0003b140       _Script_Hide               3003c140 f   ui_shared.obj
 0001:0003b190       _Script_FadeIn             3003c190 f   ui_shared.obj
 0001:0003b1e0       _Script_FadeOut            3003c1e0 f   ui_shared.obj
 0001:0003b230       _Script_Open               3003c230 f   ui_shared.obj
 0001:0003b270       _Script_ConditionalOpen    3003c270 f   ui_shared.obj
 0001:0003b320       _Script_Close              3003c320 f   ui_shared.obj
 0001:0003b360       _Menu_TransitionItemByName 3003c360 f   ui_shared.obj
 0001:0003b500       _Script_Transition         3003c500 f   ui_shared.obj
 0001:0003b610       _Menu_OrbitItemByName      3003c610 f   ui_shared.obj
 0001:0003b6e0       _Script_Orbit              3003c6e0 f   ui_shared.obj
 0001:0003b7d0       _Script_SetFocus           3003c7d0 f   ui_shared.obj
 0001:0003b8e0       _Script_SetPlayerModel     3003c8e0 f   ui_shared.obj
 0001:0003b930       _Script_SetPlayerHead      3003c930 f   ui_shared.obj
 0001:0003b980       _Script_SetCvar            3003c980 f   ui_shared.obj
 0001:0003b9e0       _Script_Exec               3003c9e0 f   ui_shared.obj
 0001:0003ba40       _Script_Play               3003ca40 f   ui_shared.obj
 0001:0003baa0       _Script_playLooped         3003caa0 f   ui_shared.obj
 0001:0003bb00       _Item_RunScript            3003cb00 f   ui_shared.obj
 0001:0003bcb0       _Item_EnableShowViaCvar    3003ccb0 f   ui_shared.obj
 0001:0003beb0       _Item_SetFocus             3003ceb0 f   ui_shared.obj
 0001:0003c180       _Item_ListBox_MaxScroll    3003d180 f   ui_shared.obj
 0001:0003c240       _Item_ListBox_ThumbPosition 3003d240 f   ui_shared.obj
 0001:0003c390       _Item_ListBox_ThumbDrawPosition 3003d390 f   ui_shared.obj
 0001:0003c570       _Item_Slider_ThumbPosition 3003d570 f   ui_shared.obj
 0001:0003c690       _Item_Slider_OverSlider    3003d690 f   ui_shared.obj
 0001:0003c710       _Item_ListBox_OverLB       3003d710 f   ui_shared.obj
 0001:0003ca70       _Item_ListBox_MouseEnter   3003da70 f   ui_shared.obj
 0001:0003cc70       _Item_MouseEnter           3003dc70 f   ui_shared.obj
 0001:0003ce70       _Item_MouseLeave           3003de70 f   ui_shared.obj
 0001:0003cf00       _Menu_HitTest              3003df00 f   ui_shared.obj
 0001:0003cf80       _Item_SetMouseOver         3003df80 f   ui_shared.obj
 0001:0003cfd0       _Item_OwnerDraw_HandleKey  3003dfd0 f   ui_shared.obj
 0001:0003d030       _Item_ListBox_HandleKey    3003e030 f   ui_shared.obj
 0001:0003da10       _Item_YesNo_HandleKey      3003ea10 f   ui_shared.obj
 0001:0003db40       _Item_Multi_CountSettings  3003eb40 f   ui_shared.obj
 0001:0003db80       _Item_Multi_FindCvarByValue 3003eb80 f   ui_shared.obj
 0001:0003dcf0       _Item_Multi_Setting        3003ecf0 f   ui_shared.obj
 0001:0003de80       _Item_Multi_HandleKey      3003ee80 f   ui_shared.obj
 0001:0003e080       _Item_TextField_HandleKey  3003f080 f   ui_shared.obj
 0001:0003e850       _Item_StartCapture         3003f850 f   ui_shared.obj
 0001:0003f020       _Item_StopCapture          30040020 f   ui_shared.obj
 0001:0003f040       _Item_Slider_HandleKey     30040040 f   ui_shared.obj
 0001:0003f270       _Item_HandleKey            30040270 f   ui_shared.obj
 0001:0003f450       _Item_Action               30040450 f   ui_shared.obj
 0001:0003f490       _Menu_SetPrevCursorItem    30040490 f   ui_shared.obj
 0001:0003f640       _Menu_SetNextCursorItem    30040640 f   ui_shared.obj
 0001:0003f7f0       _Menus_Activate            300407f0 f   ui_shared.obj
 0001:0003fa30       _Display_VisibleMenuCount  30040a30 f   ui_shared.obj
 0001:0003faa0       _Menus_HandleOOBClick      30040aa0 f   ui_shared.obj
 0001:0003fc60       _Menu_HandleKey            30040c60 f   ui_shared.obj
 0001:00040420       _ToWindowCoords            30041420 f   ui_shared.obj
 0001:00040490       _Rect_ToWindowCoords       30041490 f   ui_shared.obj
 0001:000404c0       _Item_SetTextExtents       300414c0 f   ui_shared.obj
 0001:000407d0       _Item_TextColor            300417d0 f   ui_shared.obj
 0001:00040ac0       _Item_Text_AutoWrapped_Paint 30041ac0 f   ui_shared.obj
 0001:00040f30       _Item_Text_Wrapped_Paint   30041f30 f   ui_shared.obj
 0001:000411f0       _Item_Text_Paint           300421f0 f   ui_shared.obj
 0001:00041380       _Item_TextField_Paint      30042380 f   ui_shared.obj
 0001:00041710       _Item_YesNo_Paint          30042710 f   ui_shared.obj
 0001:000419a0       _Item_Multi_Paint          300429a0 f   ui_shared.obj
 0001:00041bb0       _Controls_GetConfig        30042bb0 f   ui_shared.obj
 0001:00041d10       _Controls_SetConfig        30042d10 f   ui_shared.obj
 0001:00041e00       _Controls_SetDefaults      30042e00 f   ui_shared.obj
 0001:00041e80       _BindingIDFromName         30042e80 f   ui_shared.obj
 0001:00041ef0       _BindingFromName           30042ef0 f   ui_shared.obj
 0001:00042040       _Item_Slider_Paint         30043040 f   ui_shared.obj
 0001:000422a0       _Item_Bind_Paint           300432a0 f   ui_shared.obj
 0001:00042580       _Display_KeyBindPending    30043580 f   ui_shared.obj
 0001:000425a0       _Item_Bind_HandleKey       300435a0 f   ui_shared.obj
 0001:000429c0       _AdjustFrom640             300439c0 f   ui_shared.obj
 0001:00042a50       _Item_Model_Paint          30043a50 f   ui_shared.obj
 0001:00042e90       _Item_Image_Paint          30043e90 f   ui_shared.obj
 0001:00042f20       _Item_ListBox_Paint        30043f20 f   ui_shared.obj
 0001:000439e0       _Item_OwnerDraw_Paint      300449e0 f   ui_shared.obj
 0001:00043fd0       _Item_Paint                30044fd0 f   ui_shared.obj
 0001:000447a0       _Menu_Init                 300457a0 f   ui_shared.obj
 0001:00044840       _Menu_GetFocusedItem       30045840 f   ui_shared.obj
 0001:000448c0       _Menu_GetFocused           300458c0 f   ui_shared.obj
 0001:00044950       _Menu_ScrollFeeder         30045950 f   ui_shared.obj
 0001:000449f0       _Menu_SetFeederSelection   300459f0 f   ui_shared.obj
 0001:00044b40       _Menus_AnyFullScreenVisible 30045b40 f   ui_shared.obj
 0001:00044bc0       _Menus_ActivateByName      30045bc0 f   ui_shared.obj
 0001:00044cd0       _Item_Init                 30045cd0 f   ui_shared.obj
 0001:00044d20       _Menu_HandleMouseMove      30045d20 f   ui_shared.obj
 0001:00044ff0       _Menu_Paint                30045ff0 f   ui_shared.obj
 0001:000451b0       _Item_ValidateTypeData     300461b0 f   ui_shared.obj
 0001:00045350       _KeywordHash_Key           30046350 f   ui_shared.obj
 0001:00045430       _KeywordHash_Add           30046430 f   ui_shared.obj
 0001:00045480       _KeywordHash_Find          30046480 f   ui_shared.obj
 0001:00045500       _ItemParse_name            30046500 f   ui_shared.obj
 0001:00045540       _ItemParse_focusSound      30046540 f   ui_shared.obj
 0001:000455a0       _ItemParse_text            300465a0 f   ui_shared.obj
 0001:000455e0       _ItemParse_group           300465e0 f   ui_shared.obj
 0001:00045620       _ItemParse_asset_model     30046620 f   ui_shared.obj
 0001:000456b0       _ItemParse_asset_shader    300466b0 f   ui_shared.obj
 0001:00045710       _ItemParse_model_origin    30046710 f   ui_shared.obj
 0001:000457b0       _ItemParse_model_fovx      300467b0 f   ui_shared.obj
 0001:00045810       _ItemParse_model_fovy      30046810 f   ui_shared.obj
 0001:00045870       _ItemParse_model_rotation  30046870 f   ui_shared.obj
 0001:000458d0       _ItemParse_model_angle     300468d0 f   ui_shared.obj
 0001:00045930       _ItemParse_rect            30046930 f   ui_shared.obj
 0001:00045970       _ItemParse_style           30046970 f   ui_shared.obj
 0001:000459b0       _ItemParse_decoration      300469b0 f   ui_shared.obj
 0001:000459e0       _ItemParse_notselectable   300469e0 f   ui_shared.obj
 0001:00045a40       _ItemParse_wrapped         30046a40 f   ui_shared.obj
 0001:00045a70       _ItemParse_autowrapped     30046a70 f   ui_shared.obj
 0001:00045aa0       _ItemParse_horizontalscroll 30046aa0 f   ui_shared.obj
 0001:00045ad0       _ItemParse_type            30046ad0 f   ui_shared.obj
 0001:00045b20       _ItemParse_elementwidth    30046b20 f   ui_shared.obj
 0001:00045b80       _ItemParse_elementheight   30046b80 f   ui_shared.obj
 0001:00045be0       _ItemParse_feeder          30046be0 f   ui_shared.obj
 0001:00045c20       _ItemParse_elementtype     30046c20 f   ui_shared.obj
 0001:00045c90       _ItemParse_columns         30046c90 f   ui_shared.obj
 0001:00045de0       _ItemParse_border          30046de0 f   ui_shared.obj
 0001:00045e20       _ItemParse_bordersize      30046e20 f   ui_shared.obj
 0001:00045e60       _ItemParse_visible         30046e60 f   ui_shared.obj
 0001:00045ec0       _ItemParse_ownerdraw       30046ec0 f   ui_shared.obj
 0001:00045f10       _ItemParse_align           30046f10 f   ui_shared.obj
 0001:00045f50       _ItemParse_textalign       30046f50 f   ui_shared.obj
 0001:00045f90       _ItemParse_textalignx      30046f90 f   ui_shared.obj
 0001:00045fd0       _ItemParse_textaligny      30046fd0 f   ui_shared.obj
 0001:00046010       _ItemParse_textscale       30047010 f   ui_shared.obj
 0001:00046050       _ItemParse_textstyle       30047050 f   ui_shared.obj
 0001:00046090       _ItemParse_backcolor       30047090 f   ui_shared.obj
 0001:00046100       _ItemParse_forecolor       30047100 f   ui_shared.obj
 0001:00046180       _ItemParse_bordercolor     30047180 f   ui_shared.obj
 0001:000461f0       _ItemParse_outlinecolor    300471f0 f   ui_shared.obj
 0001:00046230       _ItemParse_background      30047230 f   ui_shared.obj
 0001:00046290       _ItemParse_cinematic       30047290 f   ui_shared.obj
 0001:000462d0       _ItemParse_doubleClick     300472d0 f   ui_shared.obj
 0001:00046350       _ItemParse_onFocus         30047350 f   ui_shared.obj
 0001:00046390       _ItemParse_leaveFocus      30047390 f   ui_shared.obj
 0001:000463d0       _ItemParse_mouseEnter      300473d0 f   ui_shared.obj
 0001:00046410       _ItemParse_mouseExit       30047410 f   ui_shared.obj
 0001:00046450       _ItemParse_mouseEnterText  30047450 f   ui_shared.obj
 0001:00046490       _ItemParse_mouseExitText   30047490 f   ui_shared.obj
 0001:000464d0       _ItemParse_action          300474d0 f   ui_shared.obj
 0001:00046510       _ItemParse_special         30047510 f   ui_shared.obj
 0001:00046550       _ItemParse_cvarTest        30047550 f   ui_shared.obj
 0001:00046590       _ItemParse_cvar            30047590 f   ui_shared.obj
 0001:00046630       _ItemParse_maxChars        30047630 f   ui_shared.obj
 0001:000466b0       _ItemParse_maxPaintChars   300476b0 f   ui_shared.obj
 0001:00046730       _ItemParse_cvarFloat       30047730 f   ui_shared.obj
 0001:00046800       _ItemParse_cvarStrList     30047800 f   ui_shared.obj
 0001:00046a20       _ItemParse_cvarFloatList   30047a20 f   ui_shared.obj
 0001:00046c10       _ItemParse_addColorRange   30047c10 f   ui_shared.obj
 0001:00046ce0       _ItemParse_ownerdrawFlag   30047ce0 f   ui_shared.obj
 0001:00046d30       _ItemParse_enableCvar      30047d30 f   ui_shared.obj
 0001:00046d80       _ItemParse_disableCvar     30047d80 f   ui_shared.obj
 0001:00046dd0       _ItemParse_showCvar        30047dd0 f   ui_shared.obj
 0001:00046e20       _ItemParse_hideCvar        30047e20 f   ui_shared.obj
 0001:00046e70       _Item_SetupKeywordHash     30047e70 f   ui_shared.obj
 0001:00046ef0       _Item_Parse                30047ef0 f   ui_shared.obj
 0001:00047050       _Item_InitControls         30048050 f   ui_shared.obj
 0001:000470e0       _MenuParse_font            300480e0 f   ui_shared.obj
 0001:00047180       _MenuParse_name            30048180 f   ui_shared.obj
 0001:000471e0       _MenuParse_fullscreen      300481e0 f   ui_shared.obj
 0001:00047230       _MenuParse_rect            30048230 f   ui_shared.obj
 0001:00047270       _MenuParse_style           30048270 f   ui_shared.obj
 0001:000472c0       _MenuParse_visible         300482c0 f   ui_shared.obj
 0001:00047320       _MenuParse_onOpen          30048320 f   ui_shared.obj
 0001:00047370       _MenuParse_onClose         30048370 f   ui_shared.obj
 0001:000473c0       _MenuParse_onESC           300483c0 f   ui_shared.obj
 0001:00047410       _MenuParse_border          30048410 f   ui_shared.obj
 0001:00047460       _MenuParse_borderSize      30048460 f   ui_shared.obj
 0001:000474b0       _MenuParse_backcolor       300484b0 f   ui_shared.obj
 0001:00047530       _MenuParse_forecolor       30048530 f   ui_shared.obj
 0001:000475c0       _MenuParse_bordercolor     300485c0 f   ui_shared.obj
 0001:00047640       _MenuParse_focuscolor      30048640 f   ui_shared.obj
 0001:000476c0       _MenuParse_disablecolor    300486c0 f   ui_shared.obj
 0001:00047740       _MenuParse_outlinecolor    30048740 f   ui_shared.obj
 0001:00047790       _MenuParse_background      30048790 f   ui_shared.obj
 0001:000477f0       _MenuParse_cinematic       300487f0 f   ui_shared.obj
 0001:00047840       _MenuParse_ownerdrawFlag   30048840 f   ui_shared.obj
 0001:000478a0       _MenuParse_ownerdraw       300488a0 f   ui_shared.obj
 0001:000478f0       _MenuParse_popup           300488f0 f   ui_shared.obj
 0001:00047930       _MenuParse_outOfBounds     30048930 f   ui_shared.obj
 0001:00047970       _MenuParse_soundLoop       30048970 f   ui_shared.obj
 0001:000479c0       _MenuParse_fadeClamp       300489c0 f   ui_shared.obj
 0001:00047a10       _MenuParse_fadeAmount      30048a10 f   ui_shared.obj
 0001:00047a60       _MenuParse_fadeCycle       30048a60 f   ui_shared.obj
 0001:00047ab0       _MenuParse_itemDef         30048ab0 f   ui_shared.obj
 0001:00047bd0       _Menu_SetupKeywordHash     30048bd0 f   ui_shared.obj
 0001:00047c50       _Menu_Parse                30048c50 f   ui_shared.obj
 0001:00047dc0       _Menu_New                  30048dc0 f   ui_shared.obj
 0001:00047e40       _Menu_Count                30048e40 f   ui_shared.obj
 0001:00047e60       _Menu_PaintAll             30048e60 f   ui_shared.obj
 0001:00047f60       _Menu_Reset                30048f60 f   ui_shared.obj
 0001:00047f80       _Display_GetContext        30048f80 f   ui_shared.obj
 0001:00047fa0       _Display_CaptureItem       30048fa0 f   ui_shared.obj
 0001:00048030       _Display_MouseMove         30049030 f   ui_shared.obj
 0001:00048140       _Display_CursorType        30049140 f   ui_shared.obj
 0001:00048200       _Display_HandleKey         30049200 f   ui_shared.obj
 0001:00048260       _Display_CacheAll          30049260 f   ui_shared.obj
 0001:000485a0       __fpmath                   300495a0 f   LIBCMTD:fpinit.obj
 0001:000485d0       __fpclear                  300495d0 f   LIBCMTD:fpinit.obj
 0001:000485e0       __cfltcvt_init             300495e0 f   LIBCMTD:fpinit.obj
 0001:00048630       ___setfflag                30049630 f   LIBCMTD:fpinit.obj
 0001:00048650       __CIsin                    30049650 f   LIBCMTD:sin.obj
 0001:00048664       _sin                       30049664 f   LIBCMTD:sin.obj
 0001:00048700       __CIcos                    30049700 f   LIBCMTD:cos.obj
 0001:00048714       _cos                       30049714 f   LIBCMTD:cos.obj
 0001:000487b0       _atof                      300497b0 f   LIBCMTD:atof.obj
 0001:00048830       _fabs                      30049830 f   LIBCMTD:fabs.obj
 0001:00048924       __ftol                     30049924 f   LIBCMTD:ftol.obj
 0001:00048950       _memset                    30049950 f   LIBCMTD:memset.obj
 0001:000489b0       _abs                       300499b0 f   LIBCMTD:abs.obj
 0001:000489e0       __CIsqrt                   300499e0 f   LIBCMTD:sqrt.obj
 0001:000489f4       _sqrt                      300499f4 f   LIBCMTD:sqrt.obj
 0001:00048aa0       _atol                      30049aa0 f   LIBCMTD:atox.obj
 0001:00048ba0       _atoi                      30049ba0 f   LIBCMTD:atox.obj
 0001:00048bc0       __atoi64                   30049bc0 f   LIBCMTD:atox.obj
 0001:00048cf0       _strlen                    30049cf0 f   LIBCMTD:strlen.obj
 0001:00048d70       _srand                     30049d70 f   LIBCMTD:rand.obj
 0001:00048d80       _rand                      30049d80 f   LIBCMTD:rand.obj
 0001:00048dc0       _memcpy                    30049dc0 f   LIBCMTD:memcpy.obj
 0001:00049100       _strcpy                    3004a100 f   LIBCMTD:strcat.obj
 0001:00049110       _strcat                    3004a110 f   LIBCMTD:strcat.obj
 0001:000491f0       _vsprintf                  3004a1f0 f   LIBCMTD:vsprintf.obj
 0001:000492f0       _strcmp                    3004a2f0 f   LIBCMTD:strcmp.obj
 0001:00049380       __chkstk                   3004a380 f   LIBCMTD:chkstk.obj
 0001:00049380       __alloca_probe             3004a380 f   LIBCMTD:chkstk.obj
 0001:000493b0       _floor                     3004a3b0 f   LIBCMTD:floor.obj
 0001:00049500       _strchr                    3004a500 f   LIBCMTD:strchr.obj
 0001:00049506       ___from_strstr_to_strchr   3004a506 f   LIBCMTD:strchr.obj
 0001:000495c0       __CIacos                   3004a5c0 f   LIBCMTD:acos.obj
 0001:000495d4       _acos                      3004a5d4 f   LIBCMTD:acos.obj
 0001:00049690       _strncpy                   3004a690 f   LIBCMTD:strncpy.obj
 0001:00049790       _strstr                    3004a790 f   LIBCMTD:strstr.obj
 0001:00049810       _atan2                     3004a810 f   LIBCMTD:87ctriga.obj
 0001:0004981a       __CIatan2                  3004a81a f   LIBCMTD:87ctriga.obj
 0001:00049830       __CItan                    3004a830 f   LIBCMTD:tan.obj
 0001:00049844       _tan                       3004a844 f   LIBCMTD:tan.obj
 0001:000498f0       __assert                   3004a8f0 f   LIBCMTD:assert.obj
 0001:00049c70       __tolower                  3004ac70 f   LIBCMTD:tolower.obj
 0001:00049c80       _tolower                   3004ac80 f   LIBCMTD:tolower.obj
 0001:00049d20       __tolower_lk               3004ad20 f   LIBCMTD:tolower.obj
 0001:00049e50       __toupper                  3004ae50 f   LIBCMTD:toupper.obj
 0001:00049e60       _toupper                   3004ae60 f   LIBCMTD:toupper.obj
 0001:00049f00       __toupper_lk               3004af00 f   LIBCMTD:toupper.obj
 0001:0004a030       _memmove                   3004b030 f   LIBCMTD:memmove.obj
 0001:0004a370       __CRT_INIT@12              3004b370 f   LIBCMTD:dllcrt0.obj
 0001:0004a4b0       __DllMainCRTStartup@12     3004b4b0 f   LIBCMTD:dllcrt0.obj
 0001:0004a5b0       __amsg_exit                3004b5b0 f   LIBCMTD:dllcrt0.obj
 0001:0004a5f0       __setdefaultprecision      3004b5f0 f   LIBCMTD:fp8.obj
 0001:0004a610       __ms_p5_test_fdiv          3004b610 f   LIBCMTD:testfdiv.obj
 0001:0004a670       __ms_p5_mp_test_fdiv       3004b670 f   LIBCMTD:testfdiv.obj
 0001:0004a6c0       __forcdecpt                3004b6c0 f   LIBCMTD:cvt.obj
 0001:0004a770       __cropzeros                3004b770 f   LIBCMTD:cvt.obj
 0001:0004a850       __positive                 3004b850 f   LIBCMTD:cvt.obj
 0001:0004a880       __fassign                  3004b880 f   LIBCMTD:cvt.obj
 0001:0004a8d0       __cftoe                    3004b8d0 f   LIBCMTD:cvt.obj
 0001:0004aac0       __cftof                    3004bac0 f   LIBCMTD:cvt.obj
 0001:0004ac70       __cftog                    3004bc70 f   LIBCMTD:cvt.obj
 0001:0004ad60       __cfltcvt                  3004bd60 f   LIBCMTD:cvt.obj
 0001:0004adf0       __trandisp1                3004bdf0 f   LIBCMTD:87disp.obj
 0001:0004ae57       __trandisp2                3004be57 f   LIBCMTD:87disp.obj
 0001:0004aee3       __rttospopde               3004bee3 f   LIBCMTD:87disp.obj
 0001:0004aee8       __rttospop                 3004bee8 f   LIBCMTD:87disp.obj
 0001:0004aeea       __rtnospop                 3004beea f   LIBCMTD:87disp.obj
 0001:0004aeec       __rttosnpop                3004beec f   LIBCMTD:87disp.obj
 0001:0004aeed       __rtnospopde               3004beed f   LIBCMTD:87disp.obj
 0001:0004aef4       __rtzeropop                3004bef4 f   LIBCMTD:87disp.obj
 0001:0004aef6       __rtzeronpop               3004bef6 f   LIBCMTD:87disp.obj
 0001:0004aefb       __rtonepop                 3004befb f   LIBCMTD:87disp.obj
 0001:0004aefd       __rtonenpop                3004befd f   LIBCMTD:87disp.obj
 0001:0004af02       __tosnan1                  3004bf02 f   LIBCMTD:87disp.obj
 0001:0004af2d       __nosnan2                  3004bf2d f   LIBCMTD:87disp.obj
 0001:0004af2f       __tosnan2                  3004bf2f f   LIBCMTD:87disp.obj
 0001:0004af57       __nan2                     3004bf57 f   LIBCMTD:87disp.obj
 0001:0004af96       __rtindfpop                3004bf96 f   LIBCMTD:87disp.obj
 0001:0004af98       __rtindfnpop               3004bf98 f   LIBCMTD:87disp.obj
 0001:0004afa9       __rttosnpopde              3004bfa9 f   LIBCMTD:87disp.obj
 0001:0004afb3       __rtchsifneg               3004bfb3 f   LIBCMTD:87disp.obj
 0001:0004afc0       __twoToTOS                 3004bfc0 f   LIBCMTD:common.obj
 0001:0004afd5       __load_CW                  3004bfd5 f   LIBCMTD:common.obj
 0001:0004afec       __convertTOStoQNaN         3004bfec f   LIBCMTD:common.obj
 0001:0004b005       __fload_withFB             3004c005 f   LIBCMTD:common.obj
 0001:0004b048       __checkTOS_withFB          3004c048 f   LIBCMTD:common.obj
 0001:0004b05e       __fast_exit                3004c05e f   LIBCMTD:common.obj
 0001:0004b06b       __math_exit                3004c06b f   LIBCMTD:common.obj
 0001:0004b095       __check_overflow_exit      3004c095 f   LIBCMTD:common.obj
 0001:0004b0a9       __check_range_exit         3004c0a9 f   LIBCMTD:common.obj
 0001:0004b150       __startTwoArgErrorHandling 3004c150 f   LIBCMTD:genexcep.obj
 0001:0004b167       __startOneArgErrorHandling 3004c167 f   LIBCMTD:genexcep.obj
 0001:0004b1b0       __fltin2                   3004c1b0 f   LIBCMTD:cfin.obj
 0001:0004b270       __isctype                  3004c270 f   LIBCMTD:isctype.obj
 0001:0004b330       __handle_qnan1             3004c330 f   LIBCMTD:fpexcept.obj
 0001:0004b390       __handle_qnan2             3004c390 f   LIBCMTD:fpexcept.obj
 0001:0004b400       __except1                  3004c400 f   LIBCMTD:fpexcept.obj
 0001:0004b4c0       __except2                  3004c4c0 f   LIBCMTD:fpexcept.obj
 0001:0004b590       __raise_exc                3004c590 f   LIBCMTD:fpexcept.obj
 0001:0004ba60       __handle_exc               3004ca60 f   LIBCMTD:fpexcept.obj
 0001:0004bde0       __umatherr                 3004cde0 f   LIBCMTD:fpexcept.obj
 0001:0004be80       __set_errno                3004ce80 f   LIBCMTD:fpexcept.obj
 0001:0004bf00       __errcode                  3004cf00 f   LIBCMTD:fpexcept.obj
 0001:0004bf80       __set_exp                  3004cf80 f   LIBCMTD:util.obj
 0001:0004bfc0       __get_exp                  3004cfc0 f   LIBCMTD:util.obj
 0001:0004bff0       __add_exp                  3004cff0 f   LIBCMTD:util.obj
 0001:0004c030       __set_bexp                 3004d030 f   LIBCMTD:util.obj
 0001:0004c070       __sptype                   3004d070 f   LIBCMTD:util.obj
 0001:0004c0f0       __decomp                   3004d0f0 f   LIBCMTD:util.obj
 0001:0004c230       __statfp                   3004d230 f   LIBCMTD:fpctrl.obj
 0001:0004c250       __clrfp                    3004d250 f   LIBCMTD:fpctrl.obj
 0001:0004c270       __ctrlfp                   3004d270 f   LIBCMTD:fpctrl.obj
 0001:0004c2b0       __set_statfp               3004d2b0 f   LIBCMTD:fpctrl.obj
 0001:0004c330       __allmul                   3004d330 f   LIBCMTD:llmul.obj
 0001:0004c370       __mtinit                   3004d370 f   LIBCMTD:tidtable.obj
 0001:0004c400       __mtterm                   3004d400 f   LIBCMTD:tidtable.obj
 0001:0004c430       __initptd                  3004d430 f   LIBCMTD:tidtable.obj
 0001:0004c450       __getptd                   3004d450 f   LIBCMTD:tidtable.obj
 0001:0004c4f0       __freeptd                  3004d4f0 f   LIBCMTD:tidtable.obj
 0001:0004c600       ___threadid                3004d600 f   LIBCMTD:tidtable.obj
 0001:0004c610       ___threadhandle            3004d610 f   LIBCMTD:tidtable.obj
 0001:0004c620       __flsbuf                   3004d620 f   LIBCMTD:_flsbuf.obj
 0001:0004c8a0       __output                   3004d8a0 f   LIBCMTD:output.obj
 0001:0004d740       __CrtDbgBreak              3004e740 f   LIBCMTD:dbgrpt.obj
 0001:0004d750       __CrtSetReportMode         3004e750 f   LIBCMTD:dbgrpt.obj
 0001:0004d7b0       __CrtSetReportFile         3004e7b0 f   LIBCMTD:dbgrpt.obj
 0001:0004d830       __CrtSetReportHook         3004e830 f   LIBCMTD:dbgrpt.obj
 0001:0004d850       __CrtDbgReport             3004e850 f   LIBCMTD:dbgrpt.obj
 0001:0004def0       __frnd                     3004eef0 f   LIBCMTD:frnd.obj
 0001:0004df2c       __fFATN2                   3004ef2c f   LIBCMTD:87triga.obj
 0001:0004df7c       __rtpiby2                  3004ef7c f   LIBCMTD:87triga.obj
 0001:0004dfc0       __cintrindisp2             3004efc0 f   LIBCMTD:87cdisp.obj
 0001:0004dffe       __cintrindisp1             3004effe f   LIBCMTD:87cdisp.obj
 0001:0004e03b       __ctrandisp2               3004f03b f   LIBCMTD:87cdisp.obj
 0001:0004e1bb       __ctrandisp1               3004f1bb f   LIBCMTD:87cdisp.obj
 0001:0004e1ee       __fload                    3004f1ee f   LIBCMTD:87cdisp.obj
 0001:0004e230       _abort                     3004f230 f   LIBCMTD:abort.obj
 0001:0004e250       __cinit                    3004f250 f   LIBCMTD:crt0dat.obj
 0001:0004e290       _exit                      3004f290 f   LIBCMTD:crt0dat.obj
 0001:0004e2b0       __exit                     3004f2b0 f   LIBCMTD:crt0dat.obj
 0001:0004e2d0       __cexit                    3004f2d0 f   LIBCMTD:crt0dat.obj
 0001:0004e2f0       __c_exit                   3004f2f0 f   LIBCMTD:crt0dat.obj
 0001:0004e400       __lockexit                 3004f400 f   LIBCMTD:crt0dat.obj
 0001:0004e410       __unlockexit               3004f410 f   LIBCMTD:crt0dat.obj
 0001:0004e450       _signal                    3004f450 f   LIBCMTD:winsig.obj
 0001:0004e720       _raise                     3004f720 f   LIBCMTD:winsig.obj
 0001:0004e9c0       ___fpecode                 3004f9c0 f   LIBCMTD:winsig.obj
 0001:0004e9d0       ___pxcptinfoptrs           3004f9d0 f   LIBCMTD:winsig.obj
 0001:0004e9e0       ___crtMessageBoxA          3004f9e0 f   LIBCMTD:crtmbox.obj
 0001:0004eaa0       __itoa                     3004faa0 f   LIBCMTD:xtoa.obj
 0001:0004ebc0       __ltoa                     3004fbc0 f   LIBCMTD:xtoa.obj
 0001:0004ec00       __ultoa                    3004fc00 f   LIBCMTD:xtoa.obj
 0001:0004ec20       __i64toa                   3004fc20 f   LIBCMTD:xtoa.obj
 0001:0004ed70       __ui64toa                  3004fd70 f   LIBCMTD:xtoa.obj
 0001:0004ed90       _strncat                   3004fd90 f   LIBCMTD:strncat.obj
 0001:0004eec0       _fflush                    3004fec0 f   LIBCMTD:fflush.obj
 0001:0004ef10       __fflush_lk                3004ff10 f   LIBCMTD:fflush.obj
 0001:0004ef60       __flush                    3004ff60 f   LIBCMTD:fflush.obj
 0001:0004f020       __flushall                 30050020 f   LIBCMTD:fflush.obj
 0001:0004f170       _fprintf                   30050170 f   LIBCMTD:fprintf.obj
 0001:0004f240       _setvbuf                   30050240 f   LIBCMTD:setvbuf.obj
 0001:0004f3b0       ___initstdio               300503b0 f   LIBCMTD:_file.obj
 0001:0004f4e0       ___endstdio                300504e0 f   LIBCMTD:_file.obj
 0001:0004f500       __lock_file                30050500 f   LIBCMTD:_file.obj
 0001:0004f540       __lock_file2               30050540 f   LIBCMTD:_file.obj
 0001:0004f570       __unlock_file              30050570 f   LIBCMTD:_file.obj
 0001:0004f5b0       __unlock_file2             300505b0 f   LIBCMTD:_file.obj
 0001:0004f5e0       __mtinitlocks              300505e0 f   LIBCMTD:mlock.obj
 0001:0004f620       __mtdeletelocks            30050620 f   LIBCMTD:mlock.obj
 0001:0004f6c0       __lock                     300506c0 f   LIBCMTD:mlock.obj
 0001:0004f760       __unlock                   30050760 f   LIBCMTD:mlock.obj
 0001:0004f780       __lockerr_exit             30050780 f   LIBCMTD:mlock.obj
 0001:0004f7a0       _setlocale                 300507a0 f   LIBCMTD:setlocal.obj
 0001:0004fe30       __expandlocale             30050e30 f   LIBCMTD:setlocal.obj
 0001:0004ffc0       ___init_dummy              30050fc0 f   LIBCMTD:setlocal.obj
 0001:0004ffd0       __strcats                  30050fd0 f   LIBCMTD:setlocal.obj
 0001:00050020       ___lc_strtolc              30051020 f   LIBCMTD:setlocal.obj
 0001:00050180       ___lc_lctostr              30051180 f   LIBCMTD:setlocal.obj
 0001:000501f0       ___crtLCMapStringA         300511f0 f   LIBCMTD:a_map.obj
 0001:00050550       __ioinit                   30051550 f   LIBCMTD:ioinit.obj
 0001:00050880       __ioterm                   30051880 f   LIBCMTD:ioinit.obj
 0001:00050920       _malloc                    30051920 f   LIBCMTD:dbgheap.obj
 0001:00050940       __malloc_dbg               30051940 f   LIBCMTD:dbgheap.obj
 0001:00050970       __nh_malloc                30051970 f   LIBCMTD:dbgheap.obj
 0001:00050990       __nh_malloc_dbg            30051990 f   LIBCMTD:dbgheap.obj
 0001:000509f0       __heap_alloc               300519f0 f   LIBCMTD:dbgheap.obj
 0001:00050a10       __heap_alloc_dbg           30051a10 f   LIBCMTD:dbgheap.obj
 0001:00050d30       _calloc                    30051d30 f   LIBCMTD:dbgheap.obj
 0001:00050d50       __calloc_dbg               30051d50 f   LIBCMTD:dbgheap.obj
 0001:00050db0       _realloc                   30051db0 f   LIBCMTD:dbgheap.obj
 0001:00050dd0       __realloc_dbg              30051dd0 f   LIBCMTD:dbgheap.obj
 0001:00051330       __expand                   30052330 f   LIBCMTD:dbgheap.obj
 0001:00051350       __expand_dbg               30052350 f   LIBCMTD:dbgheap.obj
 0001:00051390       _free                      30052390 f   LIBCMTD:dbgheap.obj
 0001:000513b0       __free_lk                  300523b0 f   LIBCMTD:dbgheap.obj
 0001:000513d0       __free_dbg                 300523d0 f   LIBCMTD:dbgheap.obj
 0001:00051400       __free_dbg_lk              30052400 f   LIBCMTD:dbgheap.obj
 0001:000517f0       __msize                    300527f0 f   LIBCMTD:dbgheap.obj
 0001:00051810       __msize_dbg                30052810 f   LIBCMTD:dbgheap.obj
 0001:00051970       __CrtSetBreakAlloc         30052970 f   LIBCMTD:dbgheap.obj
 0001:00051990       __CrtSetDbgBlockType       30052990 f   LIBCMTD:dbgheap.obj
 0001:00051a30       __CrtSetAllocHook          30052a30 f   LIBCMTD:dbgheap.obj
 0001:00051ae0       __CrtCheckMemory           30052ae0 f   LIBCMTD:dbgheap.obj
 0001:00051e50       __CrtSetDbgFlag            30052e50 f   LIBCMTD:dbgheap.obj
 0001:00051e80       __CrtDoForAllClientObjects 30052e80 f   LIBCMTD:dbgheap.obj
 0001:00051ef0       __CrtIsValidPointer        30052ef0 f   LIBCMTD:dbgheap.obj
 0001:00051f40       __CrtIsValidHeapPointer    30052f40 f   LIBCMTD:dbgheap.obj
 0001:00051fd0       __CrtIsMemoryBlock         30052fd0 f   LIBCMTD:dbgheap.obj
 0001:000520c0       __CrtSetDumpClient         300530c0 f   LIBCMTD:dbgheap.obj
 0001:000520e0       __CrtMemCheckpoint         300530e0 f   LIBCMTD:dbgheap.obj
 0001:00052250       __CrtMemDifference         30053250 f   LIBCMTD:dbgheap.obj
 0001:00052380       __CrtMemDumpAllObjectsSince 30053380 f   LIBCMTD:dbgheap.obj
 0001:00052760       __CrtDumpMemoryLeaks       30053760 f   LIBCMTD:dbgheap.obj
 0001:000527e0       __CrtMemDumpStatistics     300537e0 f   LIBCMTD:dbgheap.obj
 0001:000528b0       __setenvp                  300538b0 f   LIBCMTD:stdenvp.obj
 0001:00052a00       __setargv                  30053a00 f   LIBCMTD:stdargv.obj
 0001:00052f10       ___crtGetEnvironmentStringsA 30053f10 f   LIBCMTD:a_env.obj
 0001:00053130       __heap_init                30054130 f   LIBCMTD:heapinit.obj
 0001:00053180       __heap_term                30054180 f   LIBCMTD:heapinit.obj
 0001:00053220       _DllMain@12                30054220 f   LIBCMTD:dllmain.obj
 0001:00053230       __FF_MSGBANNER             30054230 f   LIBCMTD:crt0msg.obj
 0001:00053280       __NMSG_WRITE               30054280 f   LIBCMTD:crt0msg.obj
 0001:00053440       __GET_RTERRMSG             30054440 f   LIBCMTD:crt0msg.obj
 0001:00053490       __statusfp                 30054490 f   LIBCMTD:ieee87.obj
 0001:000534b0       __clearfp                  300544b0 f   LIBCMTD:ieee87.obj
 0001:000534d0       __control87                300544d0 f   LIBCMTD:ieee87.obj
 0001:00053520       __controlfp                30054520 f   LIBCMTD:ieee87.obj
 0001:00053540       __fpreset                  30054540 f   LIBCMTD:ieee87.obj
 0001:00053930       __ZeroTail                 30054930 f   LIBCMTD:intrncvt.obj
 0001:000539c0       __IncMan                   300549c0 f   LIBCMTD:intrncvt.obj
 0001:00053a70       __RoundMan                 30054a70 f   LIBCMTD:intrncvt.obj
 0001:00053b50       __CopyMan                  30054b50 f   LIBCMTD:intrncvt.obj
 0001:00053ba0       __FillZeroMan              30054ba0 f   LIBCMTD:intrncvt.obj
 0001:00053bd0       __IsZeroMan                30054bd0 f   LIBCMTD:intrncvt.obj
 0001:00053c10       __ShrMan                   30054c10 f   LIBCMTD:intrncvt.obj
 0001:00053d00       __ld12cvt                  30054d00 f   LIBCMTD:intrncvt.obj
 0001:00053f50       __ld12tod                  30054f50 f   LIBCMTD:intrncvt.obj
 0001:00053f70       __ld12tof                  30054f70 f   LIBCMTD:intrncvt.obj
 0001:00053f90       __ld12told                 30054f90 f   LIBCMTD:intrncvt.obj
 0001:00054050       __atodbl                   30055050 f   LIBCMTD:intrncvt.obj
 0001:00054090       __atoldbl                  30055090 f   LIBCMTD:intrncvt.obj
 0001:000540d0       __atoflt                   300550d0 f   LIBCMTD:intrncvt.obj
 0001:00054110       __fptostr                  30055110 f   LIBCMTD:_fptostr.obj
 0001:00054210       __fltout2                  30055210 f   LIBCMTD:cfout.obj
 0001:00054290       ___dtold                   30055290 f   LIBCMTD:cfout.obj
 0001:00054400       __fptrap                   30055400 f   LIBCMTD:crt0fp.obj
 0001:00054410       __87except                 30055410 f   LIBCMTD:87except.obj
 0001:00054590       ___strgtold12              30055590 f   LIBCMTD:strgtold.obj
 0001:000550c0       ___STRINGTOLD              300560c0 f   LIBCMTD:strgtold.obj
 0001:00055110       ___crtGetStringTypeA       30056110 f   LIBCMTD:a_str.obj
 0001:000552d0       __dosmaperr                300562d0 f   LIBCMTD:dosmap.obj
 0001:00055370       __errno                    30056370 f   LIBCMTD:dosmap.obj
 0001:00055380       ___doserrno                30056380 f   LIBCMTD:dosmap.obj
 0001:00055390       __matherr                  30056390 f   LIBCMTD:matherr.obj
 0001:000553a0       __XcptFilter               300563a0 f   LIBCMTD:winxfltr.obj
 0001:000555c0       __lseek                    300565c0 f   LIBCMTD:lseek.obj
 0001:00055650       __lseek_lk                 30056650 f   LIBCMTD:lseek.obj
 0001:00055710       __write                    30056710 f   LIBCMTD:write.obj
 0001:000557a0       __write_lk                 300567a0 f   LIBCMTD:write.obj
 0001:00055a20       __getbuf                   30056a20 f   LIBCMTD:_getbuf.obj
 0001:00055af0       __isatty                   30056af0 f   LIBCMTD:isatty.obj
 0001:00055b30       _wctomb                    30056b30 f   LIBCMTD:wctomb.obj
 0001:00055bb0       __wctomb_lk                30056bb0 f   LIBCMTD:wctomb.obj
 0001:00055c50       __aulldiv                  30056c50 f   LIBCMTD:ulldiv.obj
 0001:00055cc0       __aullrem                  30056cc0 f   LIBCMTD:ullrem.obj
 0001:00055d40       __snprintf                 30056d40 f   LIBCMTD:snprintf.obj
 0001:00055e40       __vsnprintf                30056e40 f   LIBCMTD:vsnprint.obj
 0001:00055f40       __commit                   30056f40 f   LIBCMTD:commit.obj
 0001:00056020       __stbuf                    30057020 f   LIBCMTD:_sftbuf.obj
 0001:00056180       __ftbuf                    30057180 f   LIBCMTD:_sftbuf.obj
 0001:00056220       __freebuf                  30057220 f   LIBCMTD:_freebuf.obj
 0001:000562c0       __fcloseall                300572c0 f   LIBCMTD:closeall.obj
 0001:000563a0       ___init_time               300573a0 f   LIBCMTD:inittime.obj
 0001:00056d20       ___init_numeric            30057d20 f   LIBCMTD:initnum.obj
 0001:00057050       ___init_monetary           30058050 f   LIBCMTD:initmon.obj
 0001:000574b0       ___init_ctype              300584b0 f   LIBCMTD:initctyp.obj
 0001:00057850       ___init_collate            30058850 f   LIBCMTD:initcoll.obj
 0001:00057860       _strcspn                   30058860 f   LIBCMTD:strcspn.obj
 0001:000578a0       _strncmp                   300588a0 f   LIBCMTD:strncmp.obj
 0001:000578e0       _strpbrk                   300588e0 f   LIBCMTD:strpbrk.obj
 0001:00057920       ___get_qualified_locale    30058920 f   LIBCMTD:getqloc.obj
 0001:000586b8       __global_unwind2           300596b8 f   LIBCMTD:exsup.obj
 0001:000586fa       __local_unwind2            300596fa f   LIBCMTD:exsup.obj
 0001:00058752       __NLG_Return2              30059752 f   LIBCMTD:exsup.obj
 0001:00058762       __abnormal_termination     30059762 f   LIBCMTD:exsup.obj
 0001:00058785       __NLG_Notify1              30059785 f   LIBCMTD:exsup.obj
 0001:0005878e       __NLG_Notify               3005978e f   LIBCMTD:exsup.obj
 0001:000587a1       __NLG_Dispatch             300597a1 f   LIBCMTD:exsup.obj
 0001:000587b0       __except_handler3          300597b0 f   LIBCMTD:exsup3.obj
 0001:0005886d       __seh_longjmp_unwind@4     3005986d f   LIBCMTD:exsup3.obj
 0001:00058890       ?_set_new_handler@@YAP6AHI@ZP6AHI@Z@Z 30059890 f   LIBCMTD:handler.obj
 0001:000588c0       ?_query_new_handler@@YAP6AHI@ZXZ 300598c0 f   LIBCMTD:handler.obj
 0001:000588d0       __callnewh                 300598d0 f   LIBCMTD:handler.obj
 0001:00058900       __malloc_base              30059900 f   LIBCMTD:malloc.obj
 0001:00058920       __nh_malloc_base           30059920 f   LIBCMTD:malloc.obj
 0001:00058980       __heap_alloc_base          30059980 f   LIBCMTD:malloc.obj
 0001:000589f0       __CrtDefaultAllocHook      300599f0 f   LIBCMTD:dbghook.obj
 0001:00058a00       __expand_base              30059a00 f   LIBCMTD:expand.obj
 0001:00058ab0       __realloc_base             30059ab0 f   LIBCMTD:realloc.obj
 0001:00058ca0       __free_base                30059ca0 f   LIBCMTD:free.obj
 0001:00058d10       __heapchk                  30059d10 f   LIBCMTD:heapchk.obj
 0001:00058d90       __heapset                  30059d90 f   LIBCMTD:heapchk.obj
 0001:00058da0       __get_sbh_threshold        30059da0 f   LIBCMTD:sbheap.obj
 0001:00058db0       __set_sbh_threshold        30059db0 f   LIBCMTD:sbheap.obj
 0001:00058dd0       ___sbh_heap_init           30059dd0 f   LIBCMTD:sbheap.obj
 0001:00058e30       ___sbh_find_block          30059e30 f   LIBCMTD:sbheap.obj
 0001:00058e90       ___sbh_verify_block        30059e90 f   LIBCMTD:sbheap.obj
 0001:00058ef0       ___sbh_free_block          30059ef0 f   LIBCMTD:sbheap.obj
 0001:000594c0       ___sbh_alloc_block         3005a4c0 f   LIBCMTD:sbheap.obj
 0001:00059a00       ___sbh_alloc_new_region    3005aa00 f   LIBCMTD:sbheap.obj
 0001:00059b10       ___sbh_alloc_new_group     3005ab10 f   LIBCMTD:sbheap.obj
 0001:00059d00       ___sbh_resize_block        3005ad00 f   LIBCMTD:sbheap.obj
 0001:0005a2f0       ___sbh_heapmin             3005b2f0 f   LIBCMTD:sbheap.obj
 0001:0005a420       ___sbh_heap_check          3005b420 f   LIBCMTD:sbheap.obj
 0001:0005aa40       _sprintf                   3005ba40 f   LIBCMTD:sprintf.obj
 0001:0005ab40       __setmbcp                  3005bb40 f   LIBCMTD:mbctype.obj
 0001:0005b300       __getmbcp                  3005c300 f   LIBCMTD:mbctype.obj
 0001:0005b320       ___initmbctable            3005c320 f   LIBCMTD:mbctype.obj
 0001:0005b350       ___addl                    3005c350 f   LIBCMTD:mantold.obj
 0001:0005b390       ___add_12                  3005c390 f   LIBCMTD:mantold.obj
 0001:0005b440       ___shl_12                  3005c440 f   LIBCMTD:mantold.obj
 0001:0005b4a0       ___shr_12                  3005c4a0 f   LIBCMTD:mantold.obj
 0001:0005b510       ___mtold12                 3005c510 f   LIBCMTD:mantold.obj
 0001:0005b650       _$I10_OUTPUT               3005c650 f   LIBCMTD:x10fout.obj
 0001:0005bb70       ___ld12mul                 3005cb70 f   LIBCMTD:tenpow.obj
 0001:0005bfb0       ___multtenpow12            3005cfb0 f   LIBCMTD:tenpow.obj
 0001:0005c080       __alloc_osfhnd             3005d080 f   LIBCMTD:osfinfo.obj
 0001:0005c270       __set_osfhnd               3005d270 f   LIBCMTD:osfinfo.obj
 0001:0005c330       __free_osfhnd              3005d330 f   LIBCMTD:osfinfo.obj
 0001:0005c410       __get_osfhandle            3005d410 f   LIBCMTD:osfinfo.obj
 0001:0005c480       __open_osfhandle           3005d480 f   LIBCMTD:osfinfo.obj
 0001:0005c590       __lock_fhandle             3005d590 f   LIBCMTD:osfinfo.obj
 0001:0005c620       __unlock_fhandle           3005d620 f   LIBCMTD:osfinfo.obj
 0001:0005c650       _fclose                    3005d650 f   LIBCMTD:fclose.obj
 0001:0005c6e0       __fclose_lk                3005d6e0 f   LIBCMTD:fclose.obj
 0001:0005c7a0       __Getdays                  3005d7a0 f   LIBCMTD:strftime.obj
 0001:0005c8d0       __Getmonths                3005d8d0 f   LIBCMTD:strftime.obj
 0001:0005ca00       __Gettnames                3005da00 f   LIBCMTD:strftime.obj
 0001:0005cd70       _strftime                  3005dd70 f   LIBCMTD:strftime.obj
 0001:0005cd90       __Strftime                 3005dd90 f   LIBCMTD:strftime.obj
 0001:0005dc10       ___getlocaleinfo           3005ec10 f   LIBCMTD:inithelp.obj
 0001:0005dea0       _localeconv                3005eea0 f   LIBCMTD:lconv.obj
 0001:0005deb0       ___crtGetStringTypeW       3005eeb0 f   LIBCMTD:w_str.obj
 0001:0005e120       __strcmpi                  3005f120 f   LIBCMTD:stricmp.obj
 0001:0005e120       __stricmp                  3005f120 f   LIBCMTD:stricmp.obj
 0001:0005e1f0       __strnicmp                 3005f1f0 f   LIBCMTD:strnicmp.obj
 0001:0005e300       __close                    3005f300 f   LIBCMTD:close.obj
 0001:0005e380       __close_lk                 3005f380 f   LIBCMTD:close.obj
 0001:0005e430       ___tzset                   3005f430 f   LIBCMTD:tzset.obj
 0001:0005e470       __tzset                    3005f470 f   LIBCMTD:tzset.obj
 0001:0005e840       __isindst                  3005f840 f   LIBCMTD:tzset.obj
 0001:0005ed70       ___crtGetLocaleInfoW       3005fd70 f   LIBCMTD:w_loc.obj
 0001:0005ef10       ___crtGetLocaleInfoA       3005ff10 f   LIBCMTD:a_loc.obj
 0001:0005f0c0       _getenv                    300600c0 f   LIBCMTD:getenv.obj
 0001:0005f0f0       __getenv_lk                300600f0 f   LIBCMTD:getenv.obj
 0001:0005f1c0       __mbsnbicoll               300601c0 f   LIBCMTD:mbsnbico.obj
 0001:0005f210       ___wtomb_environ           30060210 f   LIBCMTD:wtombenv.obj
 0001:0005f2c0       ___crtCompareStringA       300602c0 f   LIBCMTD:a_cmp.obj
 0001:0005f710       ___crtsetenv               30060710 f   LIBCMTD:setenv.obj
 0001:0005fb60       __mbschr                   30060b60 f   LIBCMTD:mbschr.obj
 0001:0005fc4e       _GetModuleFileNameA@12     30060c4e f   kernel32:KERNEL32.dll
 0001:0005fc54       _InterlockedDecrement@4    30060c54 f   kernel32:KERNEL32.dll
 0001:0005fc5a       _InterlockedIncrement@4    30060c5a f   kernel32:KERNEL32.dll
 0001:0005fc60       _GetCommandLineA@0         30060c60 f   kernel32:KERNEL32.dll
 0001:0005fc66       _GetVersion@0              30060c66 f   kernel32:KERNEL32.dll
 0001:0005fc6c       _GetProcAddress@8          30060c6c f   kernel32:KERNEL32.dll
 0001:0005fc72       _GetModuleHandleA@4        30060c72 f   kernel32:KERNEL32.dll
 0001:0005fc78       _RaiseException@16         30060c78 f   kernel32:KERNEL32.dll
 0001:0005fc7e       _GetCurrentThreadId@0      30060c7e f   kernel32:KERNEL32.dll
 0001:0005fc84       _TlsSetValue@8             30060c84 f   kernel32:KERNEL32.dll
 0001:0005fc8a       _TlsAlloc@0                30060c8a f   kernel32:KERNEL32.dll
 0001:0005fc90       _TlsFree@4                 30060c90 f   kernel32:KERNEL32.dll
 0001:0005fc96       _SetLastError@4            30060c96 f   kernel32:KERNEL32.dll
 0001:0005fc9c       _TlsGetValue@4             30060c9c f   kernel32:KERNEL32.dll
 0001:0005fca2       _GetLastError@0            30060ca2 f   kernel32:KERNEL32.dll
 0001:0005fca8       _GetCurrentThread@0        30060ca8 f   kernel32:KERNEL32.dll
 0001:0005fcae       _DebugBreak@0              30060cae f   kernel32:KERNEL32.dll
 0001:0005fcb4       _GetStdHandle@4            30060cb4 f   kernel32:KERNEL32.dll
 0001:0005fcba       _WriteFile@20              30060cba f   kernel32:KERNEL32.dll
 0001:0005fcc0       _OutputDebugStringA@4      30060cc0 f   kernel32:KERNEL32.dll
 0001:0005fcc6       _LoadLibraryA@4            30060cc6 f   kernel32:KERNEL32.dll
 0001:0005fccc       _ExitProcess@4             30060ccc f   kernel32:KERNEL32.dll
 0001:0005fcd2       _TerminateProcess@8        30060cd2 f   kernel32:KERNEL32.dll
 0001:0005fcd8       _GetCurrentProcess@0       30060cd8 f   kernel32:KERNEL32.dll
 0001:0005fcde       _SetConsoleCtrlHandler@8   30060cde f   kernel32:KERNEL32.dll
 0001:0005fce4       _EnterCriticalSection@4    30060ce4 f   kernel32:KERNEL32.dll
 0001:0005fcea       _LeaveCriticalSection@4    30060cea f   kernel32:KERNEL32.dll
 0001:0005fcf0       _InitializeCriticalSection@4 30060cf0 f   kernel32:KERNEL32.dll
 0001:0005fcf6       _DeleteCriticalSection@4   30060cf6 f   kernel32:KERNEL32.dll
 0001:0005fcfc       _FatalAppExitA@8           30060cfc f   kernel32:KERNEL32.dll
[...]
 0003:001cf598       __umaskval                 30270598     LIBCMTD:crt0dat.obj
 0003:001cf59c       __osver                    3027059c     LIBCMTD:crt0dat.obj
 0003:001cf5a0       __winver                   302705a0     LIBCMTD:crt0dat.obj
 0003:001cf5a4       __winmajor                 302705a4     LIBCMTD:crt0dat.obj
 0003:001cf5a8       __winminor                 302705a8     LIBCMTD:crt0dat.obj
 0003:001cf5ac       ___argc                    302705ac     LIBCMTD:crt0dat.obj
 0003:001cf5b0       ___argv                    302705b0     LIBCMTD:crt0dat.obj
 0003:001cf5b4       ___wargv                   302705b4     LIBCMTD:crt0dat.obj
 0003:001cf5b8       __environ                  302705b8     LIBCMTD:crt0dat.obj
 0003:001cf5bc       ___initenv                 302705bc     LIBCMTD:crt0dat.obj
 0003:001cf5c0       __wenviron                 302705c0     LIBCMTD:crt0dat.obj
 0003:001cf5c4       ___winitenv                302705c4     LIBCMTD:crt0dat.obj
 0003:001cf5c8       __pgmptr                   302705c8     LIBCMTD:crt0dat.obj
 0003:001cf5cc       __wpgmptr                  302705cc     LIBCMTD:crt0dat.obj
 0003:001cf5d0       __exitflag                 302705d0     LIBCMTD:crt0dat.obj
 0003:001cf5d4       __C_Termination_Done       302705d4     LIBCMTD:crt0dat.obj
 0003:001cf5d8       __C_Exit_Done              302705d8     LIBCMTD:crt0dat.obj
 0003:001cf600       __cflush                   30270600     LIBCMTD:_file.obj
 0003:001cf674       ___lc_handle               30270674     LIBCMTD:nlsdata2.obj
 0003:001cf68c       ___lc_codepage             3027068c     LIBCMTD:nlsdata2.obj
 0003:001cf690       ___lc_collate_cp           30270690     LIBCMTD:nlsdata2.obj
 0003:001cf7b4       __adbgmsg                  302707b4     LIBCMTD:crt0msg.obj
 0003:001cf7bc       __stdbuf                   302707bc     LIBCMTD:_sftbuf.obj
 0003:001cf7c4       ___lc_time_intl            302707c4     LIBCMTD:inittime.obj
 0003:001cf7e0       ___lc_id                   302707e0     LIBCMTD:nlsdata3.obj
 0003:001cf828       __newmode                  30270828     LIBCMTD:_newmode.obj
 0003:001cf82c       ?_pnhHeap@@3P6AHI@ZA       3027082c     LIBCMTD:handler.obj
 0003:001cf83c       ___lconv_static_null       3027083c     LIBCMTD:lconv.obj
 0003:001cf920       _menuStack                 30270920     <common>
 0003:001d1d00       _Menus                     30272d00     <common>
 0003:001dbe00       _menuParseKeywordHash      3027ce00     <common>
 0003:001dc600       _g_nameBind1               3027d600     <common>
 0003:001dc620       _g_nameBind2               3027d620     <common>
 0003:001dc640       _itemParseKeywordHash      3027d640     <common>
 0003:001dce40       _voiceChatLists            3027de40     <common>
 0003:00474c40       _voiceChatBuffer           30515c40     <common>
 0003:00477340       _headModelVoiceChat        30518340     <common>
 0003:00478440       _rforward                  30519440     <common>
 0003:0048216c       _oldtime                   3052316c     <common>
 0003:00482170       _pvright                   30523170     <common>
 0003:00482180       _pvforward                 30523180     <common>
 0003:00482190       _rup                       30523190     <common>
 0003:004821a0       _particles                 305231a0     <common>
 0003:004a11a0       _rright                    305421a0     <common>
 0003:004a11ac       _cg_freeMarkPolys          305421ac     <common>
 0003:004a11c0       _cg_activeMarkPolys        305421c0     <common>
 0003:004a12e0       _cg_markPolys              305422e0     <common>
 0003:004b32e0       _free_particles            305542e0     <common>
 0003:004b32f0       _pvup                      305542f0     <common>
 0003:004b32fc       _active_particles          305542fc     <common>
 0003:004b3300       _cg_bigFont                30554300     <common>
 0003:004e6e20       _cg_teamChatsOnly          30587e20     <common>
 0003:004e6f40       _cg_deferPlayers           30587f40     <common>
 0003:004e7060       _cg_timescaleFadeSpeed     30588060     <common>
 0003:004e7180       _cg_crosshairSize          30588180     <common>
 0003:004e72a0       _cg_teamChatTime           305882a0     <common>
 0003:004e73c0       _cg_simpleItems            305883c0     <common>
 0003:004e74e0       _cgs                       305884e0     <common>
 0003:0050cc00       _cg_drawTeamOverlay        305adc00     <common>
 0003:0050cd20       _cg_predictItems           305add20     <common>
 0003:0050ce40       _cg_showmiss               305ade40     <common>
 0003:0050cf60       _cg_tracerChance           305adf60     <common>
 0003:0050d080       _cg_noTaunt                305ae080     <common>
 0003:0050d1a0       _cg_drawFPS                305ae1a0     <common>
 0003:0050d2c0       _cg_viewsize               305ae2c0     <common>
 0003:0050d3e0       _cg_oldRail                305ae3e0     <common>
 0003:0050d500       _cg_drawCrosshair          305ae500     <common>
 0003:0050d620       _cg_crosshairHealth        305ae620     <common>
 0003:0050d740       _cg_gun_x                  305ae740     <common>
 0003:0050d860       _cg_gun_y                  305ae860     <common>
 0003:0050d980       _pmove_msec                305ae980     <common>
 0003:0050daa0       _cg_errorDecay             305aeaa0     <common>
 0003:0050dbc0       _cg_smallFont              305aebc0     <common>
 0003:0050dce0       _cg_crosshairX             305aece0     <common>
 0003:0050de00       _cg_timescale              305aee00     <common>
 0003:0050df20       _cg_drawAttacker           305aef20     <common>
 0003:0050e040       _cg_autoswitch             305af040     <common>
 0003:0050e160       _cg_tracerLength           305af160     <common>
 0003:0050e280       _cg_noProjectileTrail      305af280     <common>
 0003:0050e3a0       _cg_gun_z                  305af3a0     <common>
 0003:0050e4c0       _cg_stats                  305af4c0     <common>
 0003:0050e5e0       _cg_zoomFov                305af5e0     <common>
 0003:0050e700       _cg_forceModel             305af700     <common>
 0003:0050e820       _cg_scorePlum              305af820     <common>
 0003:0050e940       _cg_animSpeed              305af940     <common>
 0003:0050ea60       _cg_synchronousClients     305afa60     <common>
 0003:0050eb80       _cg_debugEvents            305afb80     <common>
 0003:0050eca0       _cg_thirdPerson            305afca0     <common>
 0003:0050edc0       _cg_swingSpeed             305afdc0     <common>
 0003:0050eee0       _cg_addMarks               305afee0     <common>
 0003:0050f000       _cg_blood                  305b0000     <common>
 0003:0050f120       _cg_cameraMode             305b0120     <common>
 0003:0050f240       _cg_teamChatHeight         305b0240     <common>
 0003:0050f360       _cg_timescaleFadeEnd       305b0360     <common>
 0003:0050f480       _cg_bobup                  305b0480     <common>
 0003:0050f5a0       _cg_drawAmmoWarning        305b05a0     <common>
 0003:0050f6c0       _cg_noVoiceChats           305b06c0     <common>
 0003:0050f7e0       _cg_paused                 305b07e0     <common>
 0003:0050f900       _cg_oldRocket              305b0900     <common>
 0003:0050fa20       _pmove_fixed               305b0a20     <common>
 0003:0050fb40       _cg_noVoiceText            305b0b40     <common>
 0003:0050fc60       _cg_draw3dIcons            305b0c60     <common>
 0003:0050fd80       _cg_thirdPersonAngle       305b0d80     <common>
 0003:0050fea0       _cg_drawFriend             305b0ea0     <common>
 0003:0050ffc0       _cg_drawGun                305b0fc0     <common>
 0003:005100e0       _cg_stereoSeparation       305b10e0     <common>
 0003:00510200       _cg_debugAnim              305b1200     <common>
 0003:00510320       _cg_runpitch               305b1320     <common>
 0003:00510440       _cg_oldPlasma              305b1440     <common>
 0003:00510560       _cg                        305b1560     <common>
 0003:0052eda0       _cg_teamOverlayUserinfo    305cfda0     <common>
 0003:0052eec0       _cg_trueLightning          305cfec0     <common>
 0003:0052efe0       _cg_drawCrosshairNames     305cffe0     <common>
 0003:0052f100       _cg_railTrailTime          305d0100     <common>
 0003:0052f220       _cg_tracerWidth            305d0220     <common>
 0003:0052f340       _cg_items                  305d0340     <common>
 0003:00530b40       _cg_cameraOrbitDelay       305d1b40     <common>
 0003:00530c60       _cg_drawTimer              305d1c60     <common>
 0003:00530d80       _cg_noPlayerAnims          305d1d80     <common>
 0003:00530ea0       _cg_weapons                305d1ea0     <common>
 0003:00531720       _cg_pmove_msec             305d2720     <common>
 0003:00531840       _cg_debugPosition          305d2840     <common>
 0003:00531960       _cg_smoothClients          305d2960     <common>
 0003:00531a80       _cg_draw2D                 305d2a80     <common>
 0003:00531ba0       _cg_bobpitch               305d2ba0     <common>
 0003:00531cc0       _cg_fov                    305d2cc0     <common>
 0003:00531de0       _cg_buildScript            305d2de0     <common>
 0003:00531f00       _cg_drawSnapshot           305d2f00     <common>
 0003:00532020       _cg_centertime             305d3020     <common>
 0003:00532140       _cg_thirdPersonRange       305d3140     <common>
 0003:00532260       _cg_gibs                   305d3260     <common>
 0003:00532380       _cg_crosshairY             305d3380     <common>
 0003:005324a0       _cg_drawIcons              305d34a0     <common>
 0003:005325c0       _cg_cameraOrbit            305d35c0     <common>
 0003:005326e0       _cg_drawStatus             305d36e0     <common>
 0003:00532800       _cg_hudFiles               305d3800     <common>
 0003:00532920       _cg_gun_frame              305d3920     <common>
 0003:00532a40       _cg_ignore                 305d3a40     <common>
 0003:00532b60       _cg_runroll                305d3b60     <common>
 0003:00532c80       _cg_drawRewards            305d3c80     <common>
 0003:00532da0       _cg_bobroll                305d3da0     <common>
 0003:00532ec0       _cg_nopredict              305d3ec0     <common>
 0003:00532fe0       _cg_shadows                305d3fe0     <common>
 0003:00533100       _cg_footsteps              305d4100     <common>
 0003:00533220       _cg_entities               305d4220     <common>
 0003:005e9220       _cg_brassTime              3068a220     <common>
 0003:005e9340       _cg_lagometer              3068a340     <common>
 0003:005e9460       _cg_activeLocalEntities    3068a460     <common>
 0003:005f0a94       _cg_freeLocalEntities      30691a94     <common>
 0003:005f0aa0       _cg_localEntities          30691aa0     <common>
 0003:006152a0       _sortedTeamPlayers         306b62a0     <common>
 0003:00615520       _systemChat                306b6520     <common>
 0003:00615620       _lagometer                 306b6620     <common>
 0003:00615c28       _numSortedTeamPlayers      306b6c28     <common>
 0003:00615c40       _teamChat1                 306b6c40     <common>
 0003:00615d40       _teamChat2                 306b6d40     <common>
 0003:00615e40       _pml                       306b6e40     <common>
 0003:00615ef0       _pm                        306b6ef0     <common>
 0003:00615ef4       ___alternate_form          306b6ef4     <common>
 0003:00615f04       ___no_lead_zeros           306b6f04     <common>
 0003:00615f08       ___mbcodepage              306b6f08     <common>
 0003:00615f80       ___mbulinfo                306b6f80     <common>
 0003:00615f8c       ___ismbcodepage            306b6f8c     <common>
 0003:00615fa0       __mbcasemap                306b6fa0     <common>
 0003:006160a0       __mbctype                  306b70a0     <common>
 0003:006161a4       ___mblcid                  306b71a4     <common>
 0003:006161a8       ___sbh_sizeHeaderList      306b71a8     <common>
 0003:006161b8       ___sbh_indGroupDefer       306b71b8     <common>
 0003:006161bc       ___sbh_pHeaderScan         306b71bc     <common>
 0003:006161c0       ___sbh_pHeaderDefer        306b71c0     <common>
 0003:006161c4       ___sbh_cntHeaderList       306b71c4     <common>
 0003:006161c8       ___sbh_pHeaderList         306b71c8     <common>
 0003:006161cc       __crtheap                  306b71cc     <common>
 0003:006161d8       __pfnDumpClient            306b71d8     <common>
 0003:00616200       ___pioinfo                 306b7200     <common>
 0003:0061633c       __nhandle                  306b733c     <common>
 0003:00616340       ___setlc_active            306b7340     <common>
 0003:00616350       ___unguarded_readlc_active 306b7350     <common>
 0003:00616354       ___piob                    306b7354     <common>
 0003:006166a0       __bufin                    306b76a0     <common>
 0003:006176a0       __nstream                  306b86a0     <common>
 0003:006176a4       ___env_initialized         306b86a4     <common>
 0003:006176b4       ___mbctype_initialized     306b86b4     <common>
 0003:006176b8       ___onexitend               306b86b8     <common>
 0003:006176bc       ___onexitbegin             306b86bc     <common>
 0003:006176c0       __pfnReportHook            306b86c0     <common>
 0003:006176cc       __acmdln                   306b86cc     <common>
 0003:006176dc       __pRawDllMain              306b86dc     <common>
 0004:00000000       __IMPORT_DESCRIPTOR_KERNEL32 306b9000     kernel32:KERNEL32.dll
 0004:00000014       __NULL_IMPORT_DESCRIPTOR   306b9014     kernel32:KERNEL32.dll
 0004:000001b4       __imp__GetModuleFileNameA@12 306b91b4     kernel32:KERNEL32.dll
 0004:000001b8       __imp__InterlockedDecrement@4 306b91b8     kernel32:KERNEL32.dll
 0004:000001bc       __imp__InterlockedIncrement@4 306b91bc     kernel32:KERNEL32.dll
 0004:000001c0       __imp__GetCommandLineA@0   306b91c0     kernel32:KERNEL32.dll
 0004:000001c4       __imp__GetVersion@0        306b91c4     kernel32:KERNEL32.dll
 0004:000001c8       __imp__GetProcAddress@8    306b91c8     kernel32:KERNEL32.dll
 0004:000001cc       __imp__GetModuleHandleA@4  306b91cc     kernel32:KERNEL32.dll
 0004:000001d0       __imp__RaiseException@16   306b91d0     kernel32:KERNEL32.dll
 0004:000001d4       __imp__GetCurrentThreadId@0 306b91d4     kernel32:KERNEL32.dll
 0004:000001d8       __imp__TlsSetValue@8       306b91d8     kernel32:KERNEL32.dll
 0004:000001dc       __imp__TlsAlloc@0          306b91dc     kernel32:KERNEL32.dll
 0004:000001e0       __imp__TlsFree@4           306b91e0     kernel32:KERNEL32.dll
 0004:000001e4       __imp__SetLastError@4      306b91e4     kernel32:KERNEL32.dll
 0004:000001e8       __imp__TlsGetValue@4       306b91e8     kernel32:KERNEL32.dll
 0004:000001ec       __imp__GetLastError@0      306b91ec     kernel32:KERNEL32.dll
 0004:000001f0       __imp__GetCurrentThread@0  306b91f0     kernel32:KERNEL32.dll
 0004:000001f4       __imp__DebugBreak@0        306b91f4     kernel32:KERNEL32.dll
 0004:000001f8       __imp__GetStdHandle@4      306b91f8     kernel32:KERNEL32.dll
 0004:000001fc       __imp__WriteFile@20        306b91fc     kernel32:KERNEL32.dll
 0004:00000200       __imp__OutputDebugStringA@4 306b9200     kernel32:KERNEL32.dll
 0004:00000204       __imp__LoadLibraryA@4      306b9204     kernel32:KERNEL32.dll
 0004:00000208       __imp__ExitProcess@4       306b9208     kernel32:KERNEL32.dll
 0004:0000020c       __imp__TerminateProcess@8  306b920c     kernel32:KERNEL32.dll
 0004:00000210       __imp__GetCurrentProcess@0 306b9210     kernel32:KERNEL32.dll
 0004:00000214       __imp__SetConsoleCtrlHandler@8 306b9214     kernel32:KERNEL32.dll
 0004:00000218       __imp__EnterCriticalSection@4 306b9218     kernel32:KERNEL32.dll
 0004:0000021c       __imp__LeaveCriticalSection@4 306b921c     kernel32:KERNEL32.dll
 0004:00000220       __imp__InitializeCriticalSection@4 306b9220     kernel32:KERNEL32.dll
 0004:00000224       __imp__DeleteCriticalSection@4 306b9224     kernel32:KERNEL32.dll
 0004:00000228       __imp__FatalAppExitA@8     306b9228     kernel32:KERNEL32.dll
 0004:0000022c       __imp__Sleep@4             306b922c     kernel32:KERNEL32.dll
 0004:00000230       __imp__WideCharToMultiByte@32 306b9230     kernel32:KERNEL32.dll
 0004:00000234       __imp__MultiByteToWideChar@24 306b9234     kernel32:KERNEL32.dll
 0004:00000238       __imp__LCMapStringA@24     306b9238     kernel32:KERNEL32.dll
 0004:0000023c       __imp__LCMapStringW@24     306b923c     kernel32:KERNEL32.dll
 0004:00000240       __imp__SetHandleCount@4    306b9240     kernel32:KERNEL32.dll
 0004:00000244       __imp__GetFileType@4       306b9244     kernel32:KERNEL32.dll
 0004:00000248       __imp__GetStartupInfoA@4   306b9248     kernel32:KERNEL32.dll
 0004:0000024c       __imp__IsBadWritePtr@8     306b924c     kernel32:KERNEL32.dll
 0004:00000250       __imp__IsBadReadPtr@8      306b9250     kernel32:KERNEL32.dll
 0004:00000254       __imp__HeapValidate@12     306b9254     kernel32:KERNEL32.dll
 0004:00000258       __imp__FreeEnvironmentStringsA@4 306b9258     kernel32:KERNEL32.dll
 0004:0000025c       __imp__FreeEnvironmentStringsW@4 306b925c     kernel32:KERNEL32.dll
 0004:00000260       __imp__GetEnvironmentStrings@0 306b9260     kernel32:KERNEL32.dll
 0004:00000264       __imp__GetEnvironmentStringsW@0 306b9264     kernel32:KERNEL32.dll
 0004:00000268       __imp__HeapDestroy@4       306b9268     kernel32:KERNEL32.dll
 0004:0000026c       __imp__HeapCreate@12       306b926c     kernel32:KERNEL32.dll
 0004:00000270       __imp__HeapFree@12         306b9270     kernel32:KERNEL32.dll
 0004:00000274       __imp__VirtualFree@12      306b9274     kernel32:KERNEL32.dll
 0004:00000278       __imp__GetStringTypeA@20   306b9278     kernel32:KERNEL32.dll
 0004:0000027c       __imp__GetStringTypeW@16   306b927c     kernel32:KERNEL32.dll
 0004:00000280       __imp__UnhandledExceptionFilter@4 306b9280     kernel32:KERNEL32.dll
 0004:00000284       __imp__SetFilePointer@16   306b9284     kernel32:KERNEL32.dll
 0004:00000288       __imp__FlushFileBuffers@4  306b9288     kernel32:KERNEL32.dll
 0004:0000028c       __imp__GetCPInfo@8         306b928c     kernel32:KERNEL32.dll
 0004:00000290       __imp__IsValidLocale@8     306b9290     kernel32:KERNEL32.dll
 0004:00000294       __imp__IsValidCodePage@4   306b9294     kernel32:KERNEL32.dll
 0004:00000298       __imp__GetLocaleInfoA@16   306b9298     kernel32:KERNEL32.dll
 0004:0000029c       __imp__EnumSystemLocalesA@8 306b929c     kernel32:KERNEL32.dll
 0004:000002a0       __imp__GetUserDefaultLCID@0 306b92a0     kernel32:KERNEL32.dll
 0004:000002a4       __imp__GetVersionExA@4     306b92a4     kernel32:KERNEL32.dll
 0004:000002a8       __imp__RtlUnwind@16        306b92a8     kernel32:KERNEL32.dll
 0004:000002ac       __imp__HeapAlloc@12        306b92ac     kernel32:KERNEL32.dll
 0004:000002b0       __imp__HeapReAlloc@16      306b92b0     kernel32:KERNEL32.dll
 0004:000002b4       __imp__VirtualAlloc@16     306b92b4     kernel32:KERNEL32.dll
 0004:000002b8       __imp__GetACP@0            306b92b8     kernel32:KERNEL32.dll
 0004:000002bc       __imp__GetOEMCP@0          306b92bc     kernel32:KERNEL32.dll
 0004:000002c0       __imp__SetStdHandle@8      306b92c0     kernel32:KERNEL32.dll
 0004:000002c4       __imp__CloseHandle@4       306b92c4     kernel32:KERNEL32.dll
 0004:000002c8       __imp__GetTimeZoneInformation@4 306b92c8     kernel32:KERNEL32.dll
 0004:000002cc       __imp__GetLocaleInfoW@16   306b92cc     kernel32:KERNEL32.dll
 0004:000002d0       __imp__CompareStringA@24   306b92d0     kernel32:KERNEL32.dll
 0004:000002d4       __imp__CompareStringW@24   306b92d4     kernel32:KERNEL32.dll
 0004:000002d8       __imp__SetEnvironmentVariableA@8 306b92d8     kernel32:KERNEL32.dll
 0004:000002dc       \177KERNEL32_NULL_THUNK_DATA 306b92dc     kernel32:KERNEL32.dll

 entry point at        0001:0004a4b0

