 qagamex86

 Timestamp is 61e04a42 (Thu Jan 13 10:50:26 2022)

 Preferred load address is 20000000

 Start         Length     Name                   Class
 0001:00000000 0007a3aeH .text                   CODE
 0001:0007a3ae 00038602H .textbss                CODE
 0002:00000000 00009aa6H .rdata                  DATA
 0002:00009ab0 0000016cH .edata                  DATA
 0003:00000000 00000104H .CRT$XCA                DATA
 0003:00000104 00000104H .CRT$XCZ                DATA
 0003:00000208 00000104H .CRT$XIA                DATA
 0003:0000030c 00000109H .CRT$XIC                DATA
 0003:00000418 00000104H .CRT$XIZ                DATA
 0003:0000051c 00000104H .CRT$XPA                DATA
 0003:00000620 00000104H .CRT$XPX                DATA
 0003:00000724 00000104H .CRT$XPZ                DATA
 0003:00000828 00000104H .CRT$XTA                DATA
 0003:0000092c 00000104H .CRT$XTZ                DATA
 0003:00000a30 00004175H .data                   DATA
 0003:00004ba8 0018f02cH .bss                    DATA
 0004:00000000 00000014H .idata$2                DATA
 0004:00000014 00000014H .idata$3                DATA
 0004:00000028 00000194H .idata$4                DATA
 0004:000001bc 00000194H .idata$5                DATA
 0004:00000350 000006d5H .idata$6                DATA

  Address         Publics by Value              Rva+Base     Lib:Object

 0001:00002500       _BotNumActivePlayers       20003500 f   ai_chat.obj
 0001:00002630       _BotIsFirstInRankings      20003630 f   ai_chat.obj
 0001:00002780       _BotIsLastInRankings       20003780 f   ai_chat.obj
 0001:000028d0       _BotFirstClientInRankings  200038d0 f   ai_chat.obj
 0001:00002a50       _BotLastClientInRankings   20003a50 f   ai_chat.obj
 0001:00002bd0       _BotRandomOpponentName     20003bd0 f   ai_chat.obj
 0001:00002e10       _BotMapTitle               20003e10 f   ai_chat.obj
 0001:00002e80       _BotWeaponNameForMeansOfDeath 20003e80 f   ai_chat.obj
 0001:00002f80       _BotRandomWeaponName       20003f80 f   ai_chat.obj
 0001:00003050       _BotVisibleEnemies         20004050 f   ai_chat.obj
 0001:000031a0       _BotValidChatPosition      200041a0 f   ai_chat.obj
 0001:000033d0       _BotChat_EnterGame         200043d0 f   ai_chat.obj
 0001:00003560       _BotChat_ExitGame          20004560 f   ai_chat.obj
 0001:000036d0       _BotChat_StartLevel        200046d0 f   ai_chat.obj
 0001:00003850       _BotChat_EndLevel          20004850 f   ai_chat.obj
 0001:00003b00       _BotChat_Death             20004b00 f   ai_chat.obj
 0001:000040b0       _BotChat_Kill              200050b0 f   ai_chat.obj
 0001:000043e0       _BotChat_EnemySuicide      200053e0 f   ai_chat.obj
 0001:000045a0       _BotChat_HitTalking        200055a0 f   ai_chat.obj
 0001:000047d0       _BotChat_HitNoDeath        200057d0 f   ai_chat.obj
 0001:00004a40       _BotChat_HitNoKill         20005a40 f   ai_chat.obj
 0001:00004c60       _BotChat_Random            20005c60 f   ai_chat.obj
 0001:00004fd0       _BotChatTime               20005fd0 f   ai_chat.obj
 0001:00005020       _BotChatTest               20006020 f   ai_chat.obj
 0001:000060d0       _BotPrintTeamGoal          200070d0 f   ai_cmd.obj
 0001:00006380       _BotGetItemTeamGoal        20007380 f   ai_cmd.obj
 0001:00006400       _BotGetMessageTeamGoal     20007400 f   ai_cmd.obj
 0001:00006490       _BotGetTime                20007490 f   ai_cmd.obj
 0001:00006610       _FindClientByName          20007610 f   ai_cmd.obj
 0001:00006730       _FindEnemyByName           20007730 f   ai_cmd.obj
 0001:00006890       _NumPlayersOnSameTeam      20007890 f   ai_cmd.obj
 0001:00006970       _BotGetPatrolWaypoints     20007970 f   ai_cmd.obj
 0001:00006cd0       _BotAddressedToBot         20007cd0 f   ai_cmd.obj
 0001:00007000       _BotGPSToPosition          20008000 f   ai_cmd.obj
 0001:00007150       _BotMatch_HelpAccompany    20008150 f   ai_cmd.obj
 0001:00007710       _BotMatch_DefendKeyArea    20008710 f   ai_cmd.obj
 0001:000078f0       _BotMatch_GetItem          200088f0 f   ai_cmd.obj
 0001:00007a80       _BotMatch_Camp             20008a80 f   ai_cmd.obj
 0001:00007f50       _BotMatch_Patrol           20008f50 f   ai_cmd.obj
 0001:000080f0       _BotMatch_GetFlag          200090f0 f   ai_cmd.obj
 0001:00008290       _BotMatch_AttackEnemyBase  20009290 f   ai_cmd.obj
 0001:00008400       _BotMatch_RushBase         20009400 f   ai_cmd.obj
 0001:00008570       _BotMatch_TaskPreference   20009570 f   ai_cmd.obj
 0001:00008790       _BotMatch_ReturnFlag       20009790 f   ai_cmd.obj
 0001:000088e0       _BotMatch_JoinSubteam      200098e0 f   ai_cmd.obj
 0001:00008a00       _BotMatch_LeaveSubteam     20009a00 f   ai_cmd.obj
 0001:00008b00       _BotMatch_WhichTeam        20009b00 f   ai_cmd.obj
 0001:00008bc0       _BotMatch_CheckPoint       20009bc0 f   ai_cmd.obj
 0001:00008f30       _BotMatch_FormationSpace   20009f30 f   ai_cmd.obj
 0001:00009050       _BotMatch_Dismiss          2000a050 f   ai_cmd.obj
 0001:00009150       _BotMatch_Suicide          2000a150 f   ai_cmd.obj
 0001:00009220       _BotMatch_StartTeamLeaderShip 2000a220 f   ai_cmd.obj
 0001:00009310       _BotMatch_StopTeamLeaderShip 2000a310 f   ai_cmd.obj
 0001:00009420       _BotMatch_WhoIsTeamLeader  2000a420 f   ai_cmd.obj
 0001:000094b0       _BotMatch_WhatAreYouDoing  2000a4b0 f   ai_cmd.obj
 0001:000097e0       _BotMatch_WhatIsMyCommand  2000a7e0 f   ai_cmd.obj
 0001:00009840       _BotNearestVisibleItem     2000a840 f   ai_cmd.obj
 0001:00009a10       _BotMatch_WhereAreYou      2000aa10 f   ai_cmd.obj
 0001:00009da0       _BotMatch_LeadTheWay       2000ada0 f   ai_cmd.obj
 0001:0000a140       _BotMatch_Kill             2000b140 f   ai_cmd.obj
 0001:0000a2f0       _BotMatch_CTF              2000b2f0 f   ai_cmd.obj
 0001:0000a520       _BotMatch_EnterGame        2000b520 f   ai_cmd.obj
 0001:0000a580       _BotMatch_NewLeader        2000b580 f   ai_cmd.obj
 0001:0000a600       _BotMatchMessage           2000b600 f   ai_cmd.obj
 0001:0000aad0       _BotResetNodeSwitches      2000bad0 f   ai_dmnet.obj
 0001:0000aaf0       _BotDumpNodeSwitches       2000baf0 f   ai_dmnet.obj
 0001:0000aba0       _BotRecordNodeSwitch       2000bba0 f   ai_dmnet.obj
 0001:0000ac60       _BotGetAirGoal             2000bc60 f   ai_dmnet.obj
 0001:0000ae70       _BotGoForAir               2000be70 f   ai_dmnet.obj
 0001:0000afa0       _BotNearbyGoal             2000bfa0 f   ai_dmnet.obj
 0001:0000b090       _BotReachedGoal            2000c090 f   ai_dmnet.obj
 0001:0000b2c0       _BotGetItemLongTermGoal    2000c2c0 f   ai_dmnet.obj
 0001:0000b460       _BotGetLongTermGoal        2000c460 f   ai_dmnet.obj
 0001:0000da10       _BotLongTermGoal           2000ea10 f   ai_dmnet.obj
 0001:0000e060       _AIEnter_Intermission      2000f060 f   ai_dmnet.obj
 0001:0000e0f0       _AINode_Intermission       2000f0f0 f   ai_dmnet.obj
 0001:0000e190       _AIEnter_Observer          2000f190 f   ai_dmnet.obj
 0001:0000e1f0       _AINode_Observer           2000f1f0 f   ai_dmnet.obj
 0001:0000e240       _AIEnter_Stand             2000f240 f   ai_dmnet.obj
 0001:0000e2a0       _AINode_Stand              2000f2a0 f   ai_dmnet.obj
 0001:0000e410       _AIEnter_Respawn           2000f410 f   ai_dmnet.obj
 0001:0000e560       _AINode_Respawn            2000f560 f   ai_dmnet.obj
 0001:0000e6b0       _BotSelectActivateWeapon   2000f6b0 f   ai_dmnet.obj
 0001:0000e7e0       _BotClearPath              2000f7e0 f   ai_dmnet.obj
 0001:0000ed70       _AIEnter_Seek_ActivateEntity 2000fd70 f   ai_dmnet.obj
 0001:0000edc0       _AINode_Seek_ActivateEntity 2000fdc0 f   ai_dmnet.obj
 0001:0000f7d0       _AIEnter_Seek_NBG          200107d0 f   ai_dmnet.obj
 0001:0000f880       _AINode_Seek_NBG           20010880 f   ai_dmnet.obj
 0001:0000fe60       _AIEnter_Seek_LTG          20010e60 f   ai_dmnet.obj
 0001:0000ff10       _AINode_Seek_LTG           20010f10 f   ai_dmnet.obj
 0001:00010720       _AIEnter_Battle_Fight      20011720 f   ai_dmnet.obj
 0001:00010780       _AIEnter_Battle_SuicidalFight 20011780 f   ai_dmnet.obj
 0001:00010800       _AINode_Battle_Fight       20011800 f   ai_dmnet.obj
 0001:00010e40       _AIEnter_Battle_Chase      20011e40 f   ai_dmnet.obj
 0001:00010ea0       _AINode_Battle_Chase       20011ea0 f   ai_dmnet.obj
 0001:00011550       _AIEnter_Battle_Retreat    20012550 f   ai_dmnet.obj
 0001:000115a0       _AINode_Battle_Retreat     200125a0 f   ai_dmnet.obj
 0001:00011d80       _AIEnter_Battle_NBG        20012d80 f   ai_dmnet.obj
 0001:00011dd0       _AINode_Battle_NBG         20012dd0 f   ai_dmnet.obj
 0001:00012440       _BotSetUserInfo            20013440 f   ai_dmq3.obj
 0001:000124d0       _BotCTFCarryingFlag        200134d0 f   ai_dmq3.obj
 0001:00012530       _BotTeam                   20013530 f   ai_dmq3.obj
 0001:00012600       _BotOppositeTeam           20013600 f   ai_dmq3.obj
 0001:00012650       _BotEnemyFlag              20013650 f   ai_dmq3.obj
 0001:00012690       _BotTeamFlag               20013690 f   ai_dmq3.obj
 0001:000126d0       _EntityIsDead              200136d0 f   ai_dmq3.obj
 0001:00012730       _EntityCarriesFlag         20013730 f   ai_dmq3.obj
 0001:00012780       _EntityIsInvisible         20013780 f   ai_dmq3.obj
 0001:000127d0       _EntityIsShooting          200137d0 f   ai_dmq3.obj
 0001:00012810       _EntityIsChatting          20013810 f   ai_dmq3.obj
 0001:00012850       _EntityHasQuad             20013850 f   ai_dmq3.obj
 0001:00012880       _BotRememberLastOrderedTask 20013880 f   ai_dmq3.obj
 0001:00012910       _BotSetTeamStatus          20013910 f   ai_dmq3.obj
 0001:00012930       _BotSetLastOrderedTask     20013930 f   ai_dmq3.obj
 0001:00012b60       _BotRefuseOrder            20013b60 f   ai_dmq3.obj
 0001:00012c10       _BotCTFSeekGoals           20013c10 f   ai_dmq3.obj
 0001:00013a10       _BotCTFRetreatGoals        20014a10 f   ai_dmq3.obj
 0001:00013ad0       _BotTeamGoals              20014ad0 f   ai_dmq3.obj
 0001:00013b40       _BotPointAreaNum           20014b40 f   ai_dmq3.obj
 0001:00013be0       _ClientName                20014be0 f   ai_dmq3.obj
 0001:00013ca0       _ClientSkin                20014ca0 f   ai_dmq3.obj
 0001:00013d50       _ClientFromName            20014d50 f   ai_dmq3.obj
 0001:00013e30       _ClientOnSameTeamFromName  20014e30 f   ai_dmq3.obj
 0001:00013f30       _stristr                   20014f30 f   ai_dmq3.obj
 0001:00013ff0       _EasyClientName            20014ff0 f   ai_dmq3.obj
 0001:00014330       _BotSynonymContext         20015330 f   ai_dmq3.obj
 0001:00014390       _BotChooseWeapon           20015390 f   ai_dmq3.obj
 0001:00014460       _BotSetupForMovement       20015460 f   ai_dmq3.obj
 0001:00014620       _BotCheckItemPickup        20015620 f   ai_dmq3.obj
 0001:00014640       _BotUpdateInventory        20015640 f   ai_dmq3.obj
 0001:00014a00       _BotUpdateBattleInventory  20015a00 f   ai_dmq3.obj
 0001:00014ab0       _BotBattleUseItems         20015ab0 f   ai_dmq3.obj
 0001:00014b40       _BotSetTeleportTime        20015b40 f   ai_dmq3.obj
 0001:00014ba0       _BotIsDead                 20015ba0 f   ai_dmq3.obj
 0001:00014bd0       _BotIsObserver             20015bd0 f   ai_dmq3.obj
 0001:00014c60       _BotIntermission           20015c60 f   ai_dmq3.obj
 0001:00014cc0       _BotInLavaOrSlime          20015cc0 f   ai_dmq3.obj
 0001:00014d30       _BotCreateWayPoint         20015d30 f   ai_dmq3.obj
 0001:00014e70       _BotFindWayPoint           20015e70 f   ai_dmq3.obj
 0001:00014ed0       _BotFreeWaypoints          20015ed0 f   ai_dmq3.obj
 0001:00014f20       _BotInitWaypoints          20015f20 f   ai_dmq3.obj
 0001:00014f90       _TeamPlayIsOn              20015f90 f   ai_dmq3.obj
 0001:00014fc0       _BotAggression             20015fc0 f   ai_dmq3.obj
 0001:000151b0       _BotFeelingBad             200161b0 f   ai_dmq3.obj
 0001:00015230       _BotWantsToRetreat         20016230 f   ai_dmq3.obj
 0001:00015300       _BotWantsToChase           20016300 f   ai_dmq3.obj
 0001:000153c0       _BotWantsToHelp            200163c0 f   ai_dmq3.obj
 0001:000153e0       _BotCanAndWantsToRocketJump 200163e0 f   ai_dmq3.obj
 0001:000154c0       _BotHasPersistantPowerupAndWeapon 200164c0 f   ai_dmq3.obj
 0001:00015660       _BotGoCamp                 20016660 f   ai_dmq3.obj
 0001:000157a0       _BotWantsToCamp            200167a0 f   ai_dmq3.obj
 0001:00015a70       _BotDontAvoid              20016a70 f   ai_dmq3.obj
 0001:00015ae0       _BotGoForPowerups          20016ae0 f   ai_dmq3.obj
 0001:00015b70       _BotRoamGoal               20016b70 f   ai_dmq3.obj
 0001:00015fb0       _BotAttackMove             20016fb0 f   ai_dmq3.obj
 0001:00016870       _BotSameTeam               20017870 f   ai_dmq3.obj
 0001:00016980       _InFieldOfVision           20017980 f   ai_dmq3.obj
 0001:00016ad0       _BotEntityVisible          20017ad0 f   ai_dmq3.obj
 0001:000171a0       _BotFindEnemy              200181a0 f   ai_dmq3.obj
 0001:000177f0       _BotTeamFlagCarrierVisible 200187f0 f   ai_dmq3.obj
 0001:00017910       _BotTeamFlagCarrier        20018910 f   ai_dmq3.obj
 0001:000179d0       _BotEnemyFlagCarrierVisible 200189d0 f   ai_dmq3.obj
 0001:00017af0       _BotVisibleTeamMatesAndEnemies 20018af0 f   ai_dmq3.obj
 0001:00017cd0       _BotAimAtEnemy             20018cd0 f   ai_dmq3.obj
 0001:00019310       _BotCheckAttack            2001a310 f   ai_dmq3.obj
 0001:000199d0       _BotMapScripts             2001a9d0 f   ai_dmq3.obj
 0001:00019f50       _BotSetMovedir             2001af50 f   ai_dmq3.obj
 0001:0001a080       _BotModelMinsMaxs          2001b080 f   ai_dmq3.obj
 0001:0001a260       _BotFuncButtonActivateGoal 2001b260 f   ai_dmq3.obj
 0001:0001b120       _BotFuncDoorActivateGoal   2001c120 f   ai_dmq3.obj
 0001:0001b370       _BotTriggerMultipleActivateGoal 2001c370 f   ai_dmq3.obj
 0001:0001b720       _BotPopFromActivateGoalStack 2001c720 f   ai_dmq3.obj
 0001:0001b7b0       _BotPushOntoActivateGoalStack 2001c7b0 f   ai_dmq3.obj
 0001:0001b910       _BotClearActivateGoalStack 2001c910 f   ai_dmq3.obj
 0001:0001b950       _BotEnableActivateGoalAreas 2001c950 f   ai_dmq3.obj
 0001:0001b9e0       _BotIsGoingToActivateEntity 2001c9e0 f   ai_dmq3.obj
 0001:0001baf0       _BotGetActivateGoal        2001caf0 f   ai_dmq3.obj
 0001:0001c5b0       _BotGoForActivateGoal      2001d5b0 f   ai_dmq3.obj
 0001:0001c6a0       _BotPrintActivateGoalInfo  2001d6a0 f   ai_dmq3.obj
 0001:0001c7f0       _BotRandomMove             2001d7f0 f   ai_dmq3.obj
 0001:0001c8b0       _BotAIBlocked              2001d8b0 f   ai_dmq3.obj
 0001:0001cd40       _BotAIPredictObstacles     2001dd40 f   ai_dmq3.obj
 0001:0001cf60       _BotCheckConsoleMessages   2001df60 f   ai_dmq3.obj
 0001:0001d4c0       _BotCheckForGrenades       2001e4c0 f   ai_dmq3.obj
 0001:0001d520       _BotCheckEvents            2001e520 f   ai_dmq3.obj
 0001:0001dad0       _BotCheckSnapshot          2001ead0 f   ai_dmq3.obj
 0001:0001dbf0       _BotCheckAir               2001ebf0 f   ai_dmq3.obj
 0001:0001dc50       _BotAlternateRoute         2001ec50 f   ai_dmq3.obj
 0001:0001dd30       _BotGetAlternateRouteGoal  2001ed30 f   ai_dmq3.obj
 0001:0001ded0       _BotSetupAlternativeRouteGoals 2001eed0 f   ai_dmq3.obj
 0001:0001df00       _BotDeathmatchAI           2001ef00 f   ai_dmq3.obj
 0001:0001e3a0       _BotSetEntityNumForGoalWithModel 2001f3a0 f   ai_dmq3.obj
 0001:0001e4b0       _BotSetEntityNumForGoal    2001f4b0 f   ai_dmq3.obj
 0001:0001e5a0       _BotGoalForBSPEntity       2001f5a0 f   ai_dmq3.obj
 0001:0001e7b0       _BotSetupDeathmatchAI      2001f7b0 f   ai_dmq3.obj
 0001:0001ea10       _BotShutdownDeathmatchAI   2001fa10 f   ai_dmq3.obj
 0001:0001ea30       _BotAI_Print               2001fa30 f   ai_main.obj
 0001:0001eb70       _BotAI_Trace               2001fb70 f   ai_main.obj
 0001:0001ec80       _BotAI_GetClientState      2001fc80 f   ai_main.obj
 0001:0001ed00       _BotAI_GetEntityState      2001fd00 f   ai_main.obj
 0001:0001edb0       _BotAI_GetSnapshotEntity   2001fdb0 f   ai_main.obj
 0001:0001ee20       _BotAI_BotInitialChat      2001fe20 f   ai_main.obj
 0001:0001ef20       _BotTestAAS                2001ff20 f   ai_main.obj
 0001:0001f030       _BotReportStatus           20020030 f   ai_main.obj
 0001:0001f530       _BotTeamplayReport         20020530 f   ai_main.obj
 0001:0001f790       _BotSetInfoConfigString    20020790 f   ai_main.obj
 0001:0001fc40       _BotUpdateInfoConfigStrings 20020c40 f   ai_main.obj
 0001:0001fd40       _BotInterbreedBots         20020d40 f   ai_main.obj
 0001:0001ff70       _BotWriteInterbreeded      20020f70 f   ai_main.obj
 0001:00020070       _BotInterbreedEndMatch     20021070 f   ai_main.obj
 0001:00020120       _BotInterbreeding          20021120 f   ai_main.obj
 0001:000202a0       _BotEntityInfo             200212a0 f   ai_main.obj
 0001:000202d0       _NumBots                   200212d0 f   ai_main.obj
 0001:000202f0       _BotTeamLeader             200212f0 f   ai_main.obj
 0001:00020360       _AngleDifference           20021360 f   ai_main.obj
 0001:000203e0       _BotChangeViewAngle        200213e0 f   ai_main.obj
 0001:00020500       _BotChangeViewAngles       20021500 f   ai_main.obj
 0001:00020930       _BotInputToUserCommand     20021930 f   ai_main.obj
 0001:00020e40       _BotUpdateInput            20021e40 f   ai_main.obj
 0001:00020fd0       _BotAIRegularUpdate        20021fd0 f   ai_main.obj
 0001:00021020       _RemoveColorEscapeSequences 20022020 f   ai_main.obj
 0001:00021100       _BotAI                     20022100 f   ai_main.obj
 0001:00021680       _BotScheduleBotThink       20022680 f   ai_main.obj
 0001:00021720       _BotWriteSessionData       20022720 f   ai_main.obj
 0001:00021890       _BotReadSessionData        20022890 f   ai_main.obj
 0001:000219e0       _BotAISetupClient          200229e0 f   ai_main.obj
 0001:00021f90       _BotAIShutdownClient       20022f90 f   ai_main.obj
 0001:00022110       _BotResetState             20023110 f   ai_main.obj
 0001:000223c0       _BotAILoadMap              200233c0 f   ai_main.obj
 0001:000224a0       _BotAIStartFrame           200234a0 f   ai_main.obj
 0001:00022ce0       _BotInitLibrary            20023ce0 f   ai_main.obj
 0001:000232c0       _BotAISetup                200242c0 f   ai_main.obj
 0001:000234b0       _BotAIShutdown             200244b0 f   ai_main.obj
 0001:00023540       _BotValidTeamLeader        20024540 f   ai_team.obj
 0001:000235a0       _BotNumTeamMates           200245a0 f   ai_team.obj
 0001:000236e0       _BotClientTravelTimeToGoal 200246e0 f   ai_team.obj
 0001:00023770       _BotSortTeamMatesByBaseTravelTime 20024770 f   ai_team.obj
 0001:000239e0       _BotSetTeamMateTaskPreference 200249e0 f   ai_team.obj
 0001:00023a40       _BotGetTeamMateTaskPreference 20024a40 f   ai_team.obj
 0001:00023ac0       _BotSortTeamMatesByTaskPreference 20024ac0 f   ai_team.obj
 0001:00023ce0       _BotSayTeamOrderAlways     20024ce0 f   ai_team.obj
 0001:00023dc0       _BotSayTeamOrder           20024dc0 f   ai_team.obj
 0001:00023df0       _BotVoiceChat              20024df0 f   ai_team.obj
 0001:00023e10       _BotVoiceChatOnly          20024e10 f   ai_team.obj
 0001:00023e30       _BotSayVoiceTeamOrder      20024e30 f   ai_team.obj
 0001:00023e50       _BotCTFOrders_BothFlagsNotAtBase 20024e50 f   ai_team.obj
 0001:00024530       _BotCTFOrders_FlagNotAtBase 20025530 f   ai_team.obj
 0001:00024e90       _BotCTFOrders_EnemyFlagNotAtBase 20025e90 f   ai_team.obj
 0001:000254a0       _BotCTFOrders_BothFlagsAtBase 200264a0 f   ai_team.obj
 0001:00025e00       _BotCTFOrders              20026e00 f   ai_team.obj
 0001:00025ee0       _BotCreateGroup            20026ee0 f   ai_team.obj
 0001:00025fd0       _BotTeamOrders             20026fd0 f   ai_team.obj
 0001:000262c0       _FindHumanTeamLeader       200272c0 f   ai_team.obj
 0001:000263b0       _BotTeamAI                 200273b0 f   ai_team.obj
 0001:00026960       _BotVoiceChat_GetFlag      20027960 f   ai_vcmd.obj
 0001:00026a90       _BotVoiceChat_Offense      20027a90 f   ai_vcmd.obj
 0001:00026ba0       _BotVoiceChat_Defend       20027ba0 f   ai_vcmd.obj
 0001:00026d00       _BotVoiceChat_DefendFlag   20027d00 f   ai_vcmd.obj
 0001:00026d30       _BotVoiceChat_Patrol       20027d30 f   ai_vcmd.obj
 0001:00026df0       _BotVoiceChat_Camp         20027df0 f   ai_vcmd.obj
 0001:00027060       _BotVoiceChat_FollowMe     20028060 f   ai_vcmd.obj
 0001:000272f0       _BotVoiceChat_FollowFlagCarrier 200282f0 f   ai_vcmd.obj
 0001:00027350       _BotVoiceChat_ReturnFlag   20028350 f   ai_vcmd.obj
 0001:00027440       _BotVoiceChat_StartLeader  20028440 f   ai_vcmd.obj
 0001:00027470       _BotVoiceChat_StopLeader   20028470 f   ai_vcmd.obj
 0001:000274e0       _BotVoiceChat_WhoIsLeader  200284e0 f   ai_vcmd.obj
 0001:000275a0       _BotVoiceChat_WantOnDefense 200285a0 f   ai_vcmd.obj
 0001:00027680       _BotVoiceChat_WantOnOffense 20028680 f   ai_vcmd.obj
 0001:00027760       _BotVoiceChat_Dummy        20028760 f   ai_vcmd.obj
 0001:00027780       _BotVoiceChatCommand       20028780 f   ai_vcmd.obj
 0001:00027a50       _BG_FindItemForPowerup     20028a50 f   bg_misc.obj
 0001:00027af0       _BG_FindItemForHoldable    20028af0 f   bg_misc.obj
 0001:00027b80       _BG_FindItemForWeapon      20028b80 f   bg_misc.obj
 0001:00027bf0       _BG_FindItem               20028bf0 f   bg_misc.obj
 0001:00027c50       _BG_PlayerTouchesItem      20028c50 f   bg_misc.obj
 0001:00027d40       _BG_CanItemBeGrabbed       20028d40 f   bg_misc.obj
 0001:00028000       _BG_EvaluateTrajectory     20029000 f   bg_misc.obj
 0001:000282f0       _BG_EvaluateTrajectoryDelta 200292f0 f   bg_misc.obj
 0001:00028520       _BG_AddPredictableEventToPlayerstate 20029520 f   bg_misc.obj
 0001:00028600       _BG_TouchJumpPad           20029600 f   bg_misc.obj
 0001:00028720       _BG_PlayerStateToEntityState 20029720 f   bg_misc.obj
 0001:00028b50       _BG_PlayerStateToEntityStateExtraPolate 20029b50 f   bg_misc.obj
 0001:00028fa0       _PM_AddEvent               20029fa0 f   bg_pmove.obj
 0001:00028fd0       _PM_AddTouchEnt            20029fd0 f   bg_pmove.obj
 0001:00029080       _PM_ClipVelocity           2002a080 f   bg_pmove.obj
 0001:00029140       _PM_UpdateViewAngles       2002a140 f   bg_pmove.obj
 0001:00029280       _PmoveSingle               2002a280 f   bg_pmove.obj
 0001:0002d1c0       _Pmove                     2002e1c0 f   bg_pmove.obj
 0001:0002d2f0       _PM_SlideMove              2002e2f0 f   bg_slidemove.obj
 0001:0002ddd0       _PM_StepSlideMove          2002edd0 f   bg_slidemove.obj
 0001:0002e310       _P_DamageFeedback          2002f310 f   g_active.obj
 0001:0002e510       _P_WorldEffects            2002f510 f   g_active.obj
 0001:0002e860       _G_SetClientSound          2002f860 f   g_active.obj
 0001:0002e8d0       _ClientImpacts             2002f8d0 f   g_active.obj
 0001:0002ea10       _G_TouchTriggers           2002fa10 f   g_active.obj
 0001:0002ee50       _SpectatorThink            2002fe50 f   g_active.obj
 0001:0002eff0       _ClientInactivityTimer     2002fff0 f   g_active.obj
 0001:0002f180       _ClientTimerActions        20030180 f   g_active.obj
 0001:0002f3f0       _ClientIntermissionThink   200303f0 f   g_active.obj
 0001:0002f4a0       _ClientEvents              200304a0 f   g_active.obj
 0001:0002f7b0       _SendPendingPredictableEvents 200307b0 f   g_active.obj
 0001:0002f900       _ClientThink_real          20030900 f   g_active.obj
 0001:00030170       _ClientThink               20031170 f   g_active.obj
 0001:00030210       _G_RunClient               20031210 f   g_active.obj
 0001:00030270       _SpectatorClientEndFrame   20031270 f   g_active.obj
 0001:00030450       _ClientEndFrame            20031450 f   g_active.obj
 0001:00030620       _UpdateTournamentInfo      20031620 f   g_arenas.obj
 0001:00030920       _SpawnModelsOnVictoryPads  20031920 f   g_arenas.obj
 0001:000317e0       _Svcmd_AbortPodium_f       200327e0 f   g_arenas.obj
 0001:00031840       _trap_Cvar_VariableValue   20032840 f   g_bot.obj
 0001:00031890       _G_ParseInfos              20032890 f   g_bot.obj
 0001:00031ad0       _G_GetArenaInfoByMap       20032ad0 f   g_bot.obj
 0001:00031b50       _G_AddRandomBot            20032b50 f   g_bot.obj
 0001:00031ea0       _G_RemoveRandomBot         20032ea0 f   g_bot.obj
 0001:00031fa0       _G_CountHumanPlayers       20032fa0 f   g_bot.obj
 0001:00032060       _G_CountBotPlayers         20033060 f   g_bot.obj
 0001:00032180       _G_CheckMinimumPlayers     20033180 f   g_bot.obj
 0001:00032420       _G_CheckBotSpawn           20033420 f   g_bot.obj
 0001:000325d0       _G_RemoveQueuedBotBegin    200335d0 f   g_bot.obj
 0001:00032630       _G_BotConnect              20033630 f   g_bot.obj
 0001:00032740       _Svcmd_AddBot_f            20033740 f   g_bot.obj
 0001:00032f80       _Svcmd_BotList_f           20033f80 f   g_bot.obj
 0001:00033180       _G_GetBotInfoByNumber      20034180 f   g_bot.obj
 0001:000331e0       _G_GetBotInfoByName        200341e0 f   g_bot.obj
 0001:00033270       _G_InitBots                20034270 f   g_bot.obj
 0001:00033c80       _SP_info_player_deathmatch 20034c80 f   g_client.obj
 0001:00033d10       _SP_info_player_start      20034d10 f   g_client.obj
 0001:00033d50       _SP_info_player_intermission 20034d50 f   g_client.obj
 0001:00033d70       _SpotWouldTelefrag         20034d70 f   g_client.obj
 0001:00033eb0       _SelectNearestDeathmatchSpawnPoint 20034eb0 f   g_client.obj
 0001:00033fd0       _SelectRandomDeathmatchSpawnPoint 20034fd0 f   g_client.obj
 0001:000340a0       _SelectRandomFurthestSpawnPoint 200350a0 f   g_client.obj
 0001:000344d0       _SelectSpawnPoint          200354d0 f   g_client.obj
 0001:00034500       _SelectInitialSpawnPoint   20035500 f   g_client.obj
 0001:00034610       _SelectSpectatorSpawnPoint 20035610 f   g_client.obj
 0001:00034690       _InitBodyQue               20035690 f   g_client.obj
 0001:00034710       _BodySink                  20035710 f   g_client.obj
 0001:00034790       _CopyToBodyQue             20035790 f   g_client.obj
 0001:00034bf0       _SetClientViewAngle        20035bf0 f   g_client.obj
 0001:00034d00       _respawn                   20035d00 f   g_client.obj
 0001:00034d70       _TeamCount                 20035d70 f   g_client.obj
 0001:00034e20       _TeamLeader                20035e20 f   g_client.obj
 0001:00034ed0       _PickTeam                  20035ed0 f   g_client.obj
 0001:00034f60       _ClientUserinfoChanged     20035f60 f   g_client.obj
 0001:000358d0       _ClientConnect             200368d0 f   g_client.obj
 0001:00035b90       _ClientBegin               20036b90 f   g_client.obj
 0001:00035d40       _ClientSpawn               20036d40 f   g_client.obj
 0001:000366a0       _ClientDisconnect          200376a0 f   g_client.obj
 0001:00036970       _DeathmatchScoreboardMessage 20037970 f   g_cmds.obj
 0001:00036cb0       _Cmd_Score_f               20037cb0 f   g_cmds.obj
 0001:00036ce0       _CheatsOk                  20037ce0 f   g_cmds.obj
 0001:00036d80       _ConcatArgs                20037d80 f   g_cmds.obj
 0001:00036e90       _SanitizeString            20037e90 f   g_cmds.obj
 0001:00036f30       _ClientNumberFromString    20037f30 f   g_cmds.obj
 0001:00037130       _Cmd_Give_f                20038130 f   g_cmds.obj
 0001:000373e0       _Cmd_God_f                 200383e0 f   g_cmds.obj
 0001:00037490       _Cmd_Notarget_f            20038490 f   g_cmds.obj
 0001:00037540       _Cmd_Noclip_f              20038540 f   g_cmds.obj
 0001:00037600       _Cmd_LevelShot_f           20038600 f   g_cmds.obj
 0001:00037690       _Cmd_TeamTask_f            20038690 f   g_cmds.obj
 0001:000377a0       _Cmd_Kill_f                200387a0 f   g_cmds.obj
 0001:00037850       _BroadcastTeamChange       20038850 f   g_cmds.obj
 0001:00037960       _SetTeam                   20038960 f   g_cmds.obj
 0001:00037e70       _StopFollowing             20038e70 f   g_cmds.obj
 0001:00037f30       _Cmd_Team_f                20038f30 f   g_cmds.obj
 0001:00038140       _Cmd_Follow_f              20039140 f   g_cmds.obj
 0001:000382d0       _Cmd_FollowCycle_f         200392d0 f   g_cmds.obj
 0001:00038460       _G_Say                     20039460 f   g_cmds.obj
 0001:000388d0       _G_Voice                   200398d0 f   g_cmds.obj
 0001:00038af0       _Cmd_GameCommand_f         20039af0 f   g_cmds.obj
 0001:00038bf0       _Cmd_Where_f               20039bf0 f   g_cmds.obj
 0001:00038c50       _Cmd_CallVote_f            20039c50 f   g_cmds.obj
 0001:000393f0       _Cmd_Vote_f                2003a3f0 f   g_cmds.obj
 0001:000395c0       _Cmd_CallTeamVote_f        2003a5c0 f   g_cmds.obj
 0001:00039df0       _Cmd_TeamVote_f            2003adf0 f   g_cmds.obj
 0001:0003a030       _Cmd_SetViewpos_f          2003b030 f   g_cmds.obj
 0001:0003a1b0       _Cmd_Stats_f               2003b1b0 f   g_cmds.obj
 0001:0003a1d0       _ClientCommand             2003b1d0 f   g_cmds.obj
 0001:0003b030       _ScorePlum                 2003c030 f   g_combat.obj
 0001:0003b0b0       _AddScore                  2003c0b0 f   g_combat.obj
 0001:0003b180       _TossClientItems           2003c180 f   g_combat.obj
 0001:0003b370       _LookAtKiller              2003c370 f   g_combat.obj
 0001:0003b490       _GibEntity                 2003c490 f   g_combat.obj
 0001:0003b590       _body_die                  2003c590 f   g_combat.obj
 0001:0003b5f0       _CheckAlmostCapture        2003c5f0 f   g_combat.obj
 0001:0003b840       _CheckAlmostScored         2003c840 f   g_combat.obj
 0001:0003b9a0       _player_die                2003c9a0 f   g_combat.obj
 0001:0003c130       _CheckArmor                2003d130 f   g_combat.obj
 0001:0003c1f0       _RaySphereIntersections    2003d1f0 f   g_combat.obj
 0001:0003c480       _G_Damage                  2003d480 f   g_combat.obj
 0001:0003cc20       _CanDamage                 2003dc20 f   g_combat.obj
 0001:0003cf30       _G_RadiusDamage            2003df30 f   g_combat.obj
 0001:0003d2d0       _Pickup_Powerup            2003e2d0 f   g_items.obj
 0001:0003d5a0       _Pickup_Holdable           2003e5a0 f   g_items.obj
 0001:0003d620       _Add_Ammo                  2003e620 f   g_items.obj
 0001:0003d6b0       _Pickup_Ammo               2003e6b0 f   g_items.obj
 0001:0003d730       _Combine_Weapon            2003e730 f   g_items.obj
 0001:0003d840       _Pickup_Weapon             2003e840 f   g_items.obj
 0001:0003db30       _Pickup_Health             2003eb30 f   g_items.obj
 0001:0003dc50       _Pickup_Armor              2003ec50 f   g_items.obj
 0001:0003dd00       _RespawnItem               2003ed00 f   g_items.obj
 0001:0003df90       _Touch_Item                2003ef90 f   g_items.obj
 0001:0003e4a0       _LaunchItem                2003f4a0 f   g_items.obj
 0001:0003e6b0       _Drop_Item                 2003f6b0 f   g_items.obj
 0001:0003e7a0       _Use_Item                  2003f7a0 f   g_items.obj
 0001:0003e7d0       _FinishSpawningItem        2003f7d0 f   g_items.obj
 0001:0003ead0       _G_CheckTeamItems          2003fad0 f   g_items.obj
 0001:0003eb90       _ClearRegisteredItems      2003fb90 f   g_items.obj
 0001:0003ebf0       _RegisterItem              2003fbf0 f   g_items.obj
 0001:0003ec40       _SaveRegisteredItems       2003fc40 f   g_items.obj
 0001:0003ed30       _G_ItemDisabled            2003fd30 f   g_items.obj
 0001:0003ed80       _G_SpawnItem               2003fd80 f   g_items.obj
 0001:0003ee90       _G_BounceItem              2003fe90 f   g_items.obj
 0001:0003f140       _G_RunItem                 20040140 f   g_items.obj
 0001:0003f330       _vmMain                    20040330 f   g_main.obj
 0001:0003f490       _G_Printf                  20040490 f   g_main.obj
 0001:0003f4f0       _G_Error                   200404f0 f   g_main.obj
 0001:0003f550       _G_FindTeams               20040550 f   g_main.obj
 0001:0003f790       _G_RemapTeamShaders        20040790 f   g_main.obj
 0001:0003f7b0       _G_RegisterCvars           200407b0 f   g_main.obj
 0001:0003f8d0       _G_UpdateCvars             200408d0 f   g_main.obj
 0001:0003f9d0       _G_InitGame                200409d0 f   g_main.obj
 0001:0003fd30       _G_ShutdownGame            20040d30 f   g_main.obj
 0001:0003fdc0       _Com_Error                 20040dc0 f   g_main.obj
 0001:0003fe20       _Com_Printf                20040e20 f   g_main.obj
 0001:0003fe80       _AddTournamentPlayer       20040e80 f   g_main.obj
 0001:0003ffc0       _RemoveTournamentLoser     20040fc0 f   g_main.obj
 0001:00040030       _RemoveTournamentWinner    20041030 f   g_main.obj
 0001:000400a0       _AdjustTournamentScores    200410a0 f   g_main.obj
 0001:000401a0       _SortRanks                 200411a0 f   g_main.obj
 0001:00040350       _CalculateRanks            20041350 f   g_main.obj
 0001:00040980       _SendScoreboardMessageToAllClients 20041980 f   g_main.obj
 0001:00040a00       _MoveClientToIntermission  20041a00 f   g_main.obj
 0001:00040ba0       _FindIntermissionPoint     20041ba0 f   g_main.obj
 0001:00040ce0       _BeginIntermission         20041ce0 f   g_main.obj
 0001:00040dd0       _ExitLevel                 20041dd0 f   g_main.obj
 0001:00040f60       _G_LogPrintf               20041f60 f   g_main.obj
 0001:000410d0       _LogExit                   200420d0 f   g_main.obj
 0001:00041250       _CheckIntermissionExit     20042250 f   g_main.obj
 0001:00041440       _ScoreIsTied               20042440 f   g_main.obj
 0001:000414e0       _CheckExitRules            200424e0 f   g_main.obj
 0001:000417a0       _CheckTournament           200427a0 f   g_main.obj
 0001:00041b30       _CheckVote                 20042b30 f   g_main.obj
 0001:00041c60       _PrintTeam                 20042c60 f   g_main.obj
 0001:00041ce0       _SetLeader                 20042ce0 f   g_main.obj
 0001:00041ec0       _CheckTeamLeader           20042ec0 f   g_main.obj
 0001:00042050       _CheckTeamVote             20043050 f   g_main.obj
 0001:00042200       _CheckCvars                20043200 f   g_main.obj
 0001:00042290       _G_RunThink                20043290 f   g_main.obj
 0001:00042320       _G_RunFrame                20043320 f   g_main.obj
 0001:000426a0       _G_Alloc                   200436a0 f   g_mem.obj
 0001:00042750       _G_InitMemory              20043750 f   g_mem.obj
 0001:00042770       _Svcmd_GameMem_f           20043770 f   g_mem.obj
 0001:000427b0       _SP_info_camp              200437b0 f   g_misc.obj
 0001:000427e0       _SP_info_null              200437e0 f   g_misc.obj
 0001:00042810       _SP_info_notnull           20043810 f   g_misc.obj
 0001:00042840       _SP_light                  20043840 f   g_misc.obj
 0001:00042870       _TeleportPlayer            20043870 f   g_misc.obj
 0001:00042b30       _SP_misc_teleporter_dest   20043b30 f   g_misc.obj
 0001:00042b50       _SP_misc_model             20043b50 f   g_misc.obj
 0001:00042b80       _locateCamera              20043b80 f   g_misc.obj
 0001:00042d60       _SP_misc_portal_surface    20043d60 f   g_misc.obj
 0001:00042e70       _SP_misc_portal_camera     20043e70 f   g_misc.obj
 0001:00042f40       _Use_Shooter               20043f40 f   g_misc.obj
 0001:00043230       _InitShooter               20044230 f   g_misc.obj
 0001:000433b0       _SP_shooter_rocket         200443b0 f   g_misc.obj
 0001:000433e0       _SP_shooter_plasma         200443e0 f   g_misc.obj
 0001:00043410       _SP_shooter_grenade        20044410 f   g_misc.obj
 0001:00043440       _G_BounceMissile           20044440 f   g_missile.obj
 0001:000436e0       _G_ExplodeMissile          200446e0 f   g_missile.obj
 0001:00043890       _G_MissileImpact           20044890 f   g_missile.obj
 0001:00043f20       _G_RunMissile              20044f20 f   g_missile.obj
 0001:00044140       _fire_plasma               20045140 f   g_missile.obj
 0001:00044390       _fire_grenade              20045390 f   g_missile.obj
 0001:000445f0       _fire_bfg                  200455f0 f   g_missile.obj
 0001:00044840       _fire_rocket               20045840 f   g_missile.obj
 0001:00044a90       _fire_grapple              20045a90 f   g_missile.obj
 0001:00044cc0       _G_TestEntityPosition      20045cc0 f   g_mover.obj
 0001:00044dd0       _G_CreateRotationMatrix    20045dd0 f   g_mover.obj
 0001:00044e20       _G_TransposeMatrix         20045e20 f   g_mover.obj
 0001:00044ea0       _G_RotatePoint             20045ea0 f   g_mover.obj
 0001:00044f60       _G_TryPushingEntity        20045f60 f   g_mover.obj
 0001:00045600       _G_CheckProxMinePosition   20046600 f   g_mover.obj
 0001:00045720       _G_TryPushingProxMine      20046720 f   g_mover.obj
 0001:00045940       _G_MoverPush               20046940 f   g_mover.obj
 0001:00046040       _G_MoverTeam               20047040 f   g_mover.obj
 0001:000462e0       _G_RunMover                200472e0 f   g_mover.obj
 0001:00046350       _SetMoverState             20047350 f   g_mover.obj
 0001:00046630       _MatchTeam                 20047630 f   g_mover.obj
 0001:00046680       _ReturnToPos1              20047680 f   g_mover.obj
 0001:000466f0       _Reached_BinaryMover       200476f0 f   g_mover.obj
 0001:00046880       _Use_BinaryMover           20047880 f   g_mover.obj
 0001:00046af0       _InitMover                 20047af0 f   g_mover.obj
 0001:00046ef0       _Blocked_Door              20047ef0 f   g_mover.obj
 0001:00046fe0       _Touch_DoorTrigger         20047fe0 f   g_mover.obj
 0001:00047240       _Think_SpawnNewDoorTrigger 20048240 f   g_mover.obj
 0001:000474d0       _Think_MatchTeam           200484d0 f   g_mover.obj
 0001:00047510       _SP_func_door              20048510 f   g_mover.obj
 0001:00047960       _Touch_Plat                20048960 f   g_mover.obj
 0001:000479d0       _Touch_PlatCenterTrigger   200489d0 f   g_mover.obj
 0001:00047a30       _SpawnPlatTrigger          20048a30 f   g_mover.obj
 0001:00047c50       _SP_func_plat              20048c50 f   g_mover.obj
 0001:00047ed0       _Touch_Button              20048ed0 f   g_mover.obj
 0001:00047f20       _SP_func_button            20048f20 f   g_mover.obj
 0001:000481e0       _Think_BeginMoving         200491e0 f   g_mover.obj
 0001:00048210       _Reached_Train             20049210 f   g_mover.obj
 0001:00048470       _Think_SetupTrainTargets   20049470 f   g_mover.obj
 0001:00048610       _SP_path_corner            20049610 f   g_mover.obj
 0001:00048670       _SP_func_train             20049670 f   g_mover.obj
 0001:000487d0       _SP_func_static            200497d0 f   g_mover.obj
 0001:00048880       _SP_func_rotating          20049880 f   g_mover.obj
 0001:00048a30       _SP_func_bobbing           20049a30 f   g_mover.obj
 0001:00048bf0       _SP_func_pendulum          20049bf0 f   g_mover.obj
 0001:00048df0       _G_WriteClientSessionData  20049df0 f   g_session.obj
 0001:00048eb0       _G_ReadSessionData         20049eb0 f   g_session.obj
 0001:00048fc0       _G_InitSessionData         20049fc0 f   g_session.obj
 0001:00049100       _G_InitWorldSession        2004a100 f   g_session.obj
 0001:00049180       _G_WriteSessionData        2004a180 f   g_session.obj
 0001:00049230       _G_SpawnString             2004a230 f   g_spawn.obj
 0001:000492d0       _G_SpawnFloat              2004a2d0 f   g_spawn.obj
 0001:00049320       _G_SpawnInt                2004a320 f   g_spawn.obj
 0001:00049370       _G_SpawnVector             2004a370 f   g_spawn.obj
 0001:000493d0       _SP_item_botroam           2004a3d0 f   g_spawn.obj
 0001:000493f0       _G_CallSpawn               2004a3f0 f   g_spawn.obj
 0001:00049510       _G_NewString               2004a510 f   g_spawn.obj
 0001:00049600       _G_ParseField              2004a600 f   g_spawn.obj
 0001:000497d0       _G_SpawnGEntityFromSpawnVars 2004a7d0 f   g_spawn.obj
 0001:00049a40       _G_AddSpawnVarToken        2004aa40 f   g_spawn.obj
 0001:00049ae0       _G_ParseSpawnVars          2004aae0 f   g_spawn.obj
 0001:00049c90       _SP_worldspawn             2004ac90 f   g_spawn.obj
 0001:00049ed0       _G_SpawnEntitiesFromString 2004aed0 f   g_spawn.obj
 0001:00049f40       _G_FilterPacket            2004af40 f   g_svcmds.obj
 0001:0004a080       _G_ProcessIPBans           2004b080 f   g_svcmds.obj
 0001:0004a5e0       _Svcmd_AddIP_f             2004b5e0 f   g_svcmds.obj
 0001:0004a650       _Svcmd_RemoveIP_f          2004b650 f   g_svcmds.obj
 0001:0004a760       _Svcmd_EntityList_f        2004b760 f   g_svcmds.obj
 0001:0004a990       _ClientForString           2004b990 f   g_svcmds.obj
 0001:0004aae0       _Svcmd_ForceTeam_f         2004bae0 f   g_svcmds.obj
 0001:0004ab90       _ConsoleCommand            2004bb90 f   g_svcmds.obj
 0001:0004ae20       _dllEntry                  2004be20 f   g_syscalls.obj
 0001:0004ae40       _PASSFLOAT                 2004be40 f   g_syscalls.obj
 0001:0004ae60       _trap_Printf               2004be60 f   g_syscalls.obj
 0001:0004ae90       _trap_Error                2004be90 f   g_syscalls.obj
 0001:0004aec0       _trap_Milliseconds         2004bec0 f   g_syscalls.obj
 0001:0004aef0       _trap_Argc                 2004bef0 f   g_syscalls.obj
 0001:0004af20       _trap_Argv                 2004bf20 f   g_syscalls.obj
 0001:0004af50       _trap_FS_FOpenFile         2004bf50 f   g_syscalls.obj
 0001:0004af80       _trap_FS_Read              2004bf80 f   g_syscalls.obj
 0001:0004afb0       _trap_FS_Write             2004bfb0 f   g_syscalls.obj
 0001:0004afe0       _trap_FS_FCloseFile        2004bfe0 f   g_syscalls.obj
 0001:0004b010       _trap_FS_GetFileList       2004c010 f   g_syscalls.obj
 0001:0004b050       _trap_FS_Seek              2004c050 f   g_syscalls.obj
 0001:0004b080       _trap_SendConsoleCommand   2004c080 f   g_syscalls.obj
 0001:0004b0b0       _trap_Cvar_Register        2004c0b0 f   g_syscalls.obj
 0001:0004b0f0       _trap_Cvar_Update          2004c0f0 f   g_syscalls.obj
 0001:0004b120       _trap_Cvar_Set             2004c120 f   g_syscalls.obj
 0001:0004b150       _trap_Cvar_VariableIntegerValue 2004c150 f   g_syscalls.obj
 0001:0004b180       _trap_Cvar_VariableStringBuffer 2004c180 f   g_syscalls.obj
 0001:0004b1b0       _trap_LocateGameData       2004c1b0 f   g_syscalls.obj
 0001:0004b1f0       _trap_DropClient           2004c1f0 f   g_syscalls.obj
 0001:0004b220       _trap_SendServerCommand    2004c220 f   g_syscalls.obj
 0001:0004b250       _trap_SetConfigstring      2004c250 f   g_syscalls.obj
 0001:0004b280       _trap_GetConfigstring      2004c280 f   g_syscalls.obj
 0001:0004b2b0       _trap_GetUserinfo          2004c2b0 f   g_syscalls.obj
 0001:0004b2e0       _trap_SetUserinfo          2004c2e0 f   g_syscalls.obj
 0001:0004b310       _trap_GetServerinfo        2004c310 f   g_syscalls.obj
 0001:0004b340       _trap_SetBrushModel        2004c340 f   g_syscalls.obj
 0001:0004b370       _trap_Trace                2004c370 f   g_syscalls.obj
 0001:0004b3c0       _trap_TraceCapsule         2004c3c0 f   g_syscalls.obj
 0001:0004b410       _trap_PointContents        2004c410 f   g_syscalls.obj
 0001:0004b440       _trap_InPVS                2004c440 f   g_syscalls.obj
 0001:0004b470       _trap_InPVSIgnorePortals   2004c470 f   g_syscalls.obj
 0001:0004b4a0       _trap_AdjustAreaPortalState 2004c4a0 f   g_syscalls.obj
 0001:0004b4d0       _trap_AreasConnected       2004c4d0 f   g_syscalls.obj
 0001:0004b500       _trap_LinkEntity           2004c500 f   g_syscalls.obj
 0001:0004b530       _trap_UnlinkEntity         2004c530 f   g_syscalls.obj
 0001:0004b560       _trap_EntitiesInBox        2004c560 f   g_syscalls.obj
 0001:0004b5a0       _trap_EntityContact        2004c5a0 f   g_syscalls.obj
 0001:0004b5d0       _trap_EntityContactCapsule 2004c5d0 f   g_syscalls.obj
 0001:0004b600       _trap_BotAllocateClient    2004c600 f   g_syscalls.obj
 0001:0004b630       _trap_BotFreeClient        2004c630 f   g_syscalls.obj
 0001:0004b660       _trap_GetUsercmd           2004c660 f   g_syscalls.obj
 0001:0004b690       _trap_GetEntityToken       2004c690 f   g_syscalls.obj
 0001:0004b6c0       _trap_DebugPolygonCreate   2004c6c0 f   g_syscalls.obj
 0001:0004b6f0       _trap_DebugPolygonDelete   2004c6f0 f   g_syscalls.obj
 0001:0004b720       _trap_RealTime             2004c720 f   g_syscalls.obj
 0001:0004b750       _trap_SnapVector           2004c750 f   g_syscalls.obj
 0001:0004b780       _trap_BotLibSetup          2004c780 f   g_syscalls.obj
 0001:0004b7b0       _trap_BotLibShutdown       2004c7b0 f   g_syscalls.obj
 0001:0004b7e0       _trap_BotLibVarSet         2004c7e0 f   g_syscalls.obj
 0001:0004b810       _trap_BotLibVarGet         2004c810 f   g_syscalls.obj
 0001:0004b850       _trap_BotLibDefine         2004c850 f   g_syscalls.obj
 0001:0004b880       _trap_BotLibStartFrame     2004c880 f   g_syscalls.obj
 0001:0004b8c0       _trap_BotLibLoadMap        2004c8c0 f   g_syscalls.obj
 0001:0004b8f0       _trap_BotLibUpdateEntity   2004c8f0 f   g_syscalls.obj
 0001:0004b920       _trap_BotLibTest           2004c920 f   g_syscalls.obj
 0001:0004b960       _trap_BotGetSnapshotEntity 2004c960 f   g_syscalls.obj
 0001:0004b990       _trap_BotGetServerCommand  2004c990 f   g_syscalls.obj
 0001:0004b9d0       _trap_BotUserCommand       2004c9d0 f   g_syscalls.obj
 0001:0004ba00       _trap_AAS_EntityInfo       2004ca00 f   g_syscalls.obj
 0001:0004ba30       _trap_AAS_Initialized      2004ca30 f   g_syscalls.obj
 0001:0004ba60       _trap_AAS_PresenceTypeBoundingBox 2004ca60 f   g_syscalls.obj
 0001:0004baa0       _trap_AAS_Time             2004caa0 f   g_syscalls.obj
 0001:0004bad0       _trap_AAS_PointAreaNum     2004cad0 f   g_syscalls.obj
 0001:0004bb00       _trap_AAS_PointReachabilityAreaIndex 2004cb00 f   g_syscalls.obj
 0001:0004bb30       _trap_AAS_TraceAreas       2004cb30 f   g_syscalls.obj
 0001:0004bb70       _trap_AAS_BBoxAreas        2004cb70 f   g_syscalls.obj
 0001:0004bbb0       _trap_AAS_AreaInfo         2004cbb0 f   g_syscalls.obj
 0001:0004bbe0       _trap_AAS_PointContents    2004cbe0 f   g_syscalls.obj
 0001:0004bc10       _trap_AAS_NextBSPEntity    2004cc10 f   g_syscalls.obj
 0001:0004bc40       _trap_AAS_ValueForBSPEpairKey 2004cc40 f   g_syscalls.obj
 0001:0004bc80       _trap_AAS_VectorForBSPEpairKey 2004cc80 f   g_syscalls.obj
 0001:0004bcc0       _trap_AAS_FloatForBSPEpairKey 2004ccc0 f   g_syscalls.obj
 0001:0004bd00       _trap_AAS_IntForBSPEpairKey 2004cd00 f   g_syscalls.obj
 0001:0004bd40       _trap_AAS_AreaReachability 2004cd40 f   g_syscalls.obj
 0001:0004bd70       _trap_AAS_AreaTravelTimeToGoalArea 2004cd70 f   g_syscalls.obj
 0001:0004bdb0       _trap_AAS_EnableRoutingArea 2004cdb0 f   g_syscalls.obj
 0001:0004bde0       _trap_AAS_PredictRoute     2004cde0 f   g_syscalls.obj
 0001:0004be40       _trap_AAS_AlternativeRouteGoals 2004ce40 f   g_syscalls.obj
 0001:0004be90       _trap_AAS_Swimming         2004ce90 f   g_syscalls.obj
 0001:0004bec0       _trap_AAS_PredictClientMovement 2004cec0 f   g_syscalls.obj
 0001:0004bf40       _trap_EA_Say               2004cf40 f   g_syscalls.obj
 0001:0004bf70       _trap_EA_SayTeam           2004cf70 f   g_syscalls.obj
 0001:0004bfa0       _trap_EA_Command           2004cfa0 f   g_syscalls.obj
 0001:0004bfd0       _trap_EA_Action            2004cfd0 f   g_syscalls.obj
 0001:0004c000       _trap_EA_Gesture           2004d000 f   g_syscalls.obj
 0001:0004c030       _trap_EA_Talk              2004d030 f   g_syscalls.obj
 0001:0004c060       _trap_EA_Attack            2004d060 f   g_syscalls.obj
 0001:0004c090       _trap_EA_Use               2004d090 f   g_syscalls.obj
 0001:0004c0c0       _trap_EA_Respawn           2004d0c0 f   g_syscalls.obj
 0001:0004c0f0       _trap_EA_Crouch            2004d0f0 f   g_syscalls.obj
 0001:0004c120       _trap_EA_MoveUp            2004d120 f   g_syscalls.obj
 0001:0004c150       _trap_EA_MoveDown          2004d150 f   g_syscalls.obj
 0001:0004c180       _trap_EA_MoveForward       2004d180 f   g_syscalls.obj
 0001:0004c1b0       _trap_EA_MoveBack          2004d1b0 f   g_syscalls.obj
 0001:0004c1e0       _trap_EA_MoveLeft          2004d1e0 f   g_syscalls.obj
 0001:0004c210       _trap_EA_MoveRight         2004d210 f   g_syscalls.obj
 0001:0004c240       _trap_EA_SelectWeapon      2004d240 f   g_syscalls.obj
 0001:0004c270       _trap_EA_Jump              2004d270 f   g_syscalls.obj
 0001:0004c2a0       _trap_EA_DelayedJump       2004d2a0 f   g_syscalls.obj
 0001:0004c2d0       _trap_EA_Move              2004d2d0 f   g_syscalls.obj
 0001:0004c310       _trap_EA_View              2004d310 f   g_syscalls.obj
 0001:0004c340       _trap_EA_EndRegular        2004d340 f   g_syscalls.obj
 0001:0004c380       _trap_EA_GetInput          2004d380 f   g_syscalls.obj
 0001:0004c3c0       _trap_EA_ResetInput        2004d3c0 f   g_syscalls.obj
 0001:0004c3f0       _trap_BotLoadCharacter     2004d3f0 f   g_syscalls.obj
 0001:0004c430       _trap_BotFreeCharacter     2004d430 f   g_syscalls.obj
 0001:0004c460       _trap_Characteristic_Float 2004d460 f   g_syscalls.obj
 0001:0004c4a0       _trap_Characteristic_BFloat 2004d4a0 f   g_syscalls.obj
 0001:0004c500       _trap_Characteristic_Integer 2004d500 f   g_syscalls.obj
 0001:0004c530       _trap_Characteristic_BInteger 2004d530 f   g_syscalls.obj
 0001:0004c570       _trap_Characteristic_String 2004d570 f   g_syscalls.obj
 0001:0004c5b0       _trap_BotAllocChatState    2004d5b0 f   g_syscalls.obj
 0001:0004c5e0       _trap_BotFreeChatState     2004d5e0 f   g_syscalls.obj
 0001:0004c610       _trap_BotQueueConsoleMessage 2004d610 f   g_syscalls.obj
 0001:0004c650       _trap_BotRemoveConsoleMessage 2004d650 f   g_syscalls.obj
 0001:0004c680       _trap_BotNextConsoleMessage 2004d680 f   g_syscalls.obj
 0001:0004c6b0       _trap_BotNumConsoleMessages 2004d6b0 f   g_syscalls.obj
 0001:0004c6e0       _trap_BotInitialChat       2004d6e0 f   g_syscalls.obj
 0001:0004c740       _trap_BotNumInitialChats   2004d740 f   g_syscalls.obj
 0001:0004c770       _trap_BotReplyChat         2004d770 f   g_syscalls.obj
 0001:0004c7e0       _trap_BotChatLength        2004d7e0 f   g_syscalls.obj
 0001:0004c810       _trap_BotEnterChat         2004d810 f   g_syscalls.obj
 0001:0004c850       _trap_BotGetChatMessage    2004d850 f   g_syscalls.obj
 0001:0004c890       _trap_StringContains       2004d890 f   g_syscalls.obj
 0001:0004c8d0       _trap_BotFindMatch         2004d8d0 f   g_syscalls.obj
 0001:0004c910       _trap_BotMatchVariable     2004d910 f   g_syscalls.obj
 0001:0004c950       _trap_UnifyWhiteSpaces     2004d950 f   g_syscalls.obj
 0001:0004c980       _trap_BotReplaceSynonyms   2004d980 f   g_syscalls.obj
 0001:0004c9b0       _trap_BotLoadChatFile      2004d9b0 f   g_syscalls.obj
 0001:0004c9f0       _trap_BotSetChatGender     2004d9f0 f   g_syscalls.obj
 0001:0004ca20       _trap_BotSetChatName       2004da20 f   g_syscalls.obj
 0001:0004ca60       _trap_BotResetGoalState    2004da60 f   g_syscalls.obj
 0001:0004ca90       _trap_BotResetAvoidGoals   2004da90 f   g_syscalls.obj
 0001:0004cac0       _trap_BotRemoveFromAvoidGoals 2004dac0 f   g_syscalls.obj
 0001:0004caf0       _trap_BotPushGoal          2004daf0 f   g_syscalls.obj
 0001:0004cb20       _trap_BotPopGoal           2004db20 f   g_syscalls.obj
 0001:0004cb50       _trap_BotEmptyGoalStack    2004db50 f   g_syscalls.obj
 0001:0004cb80       _trap_BotDumpAvoidGoals    2004db80 f   g_syscalls.obj
 0001:0004cbb0       _trap_BotDumpGoalStack     2004dbb0 f   g_syscalls.obj
 0001:0004cbe0       _trap_BotGoalName          2004dbe0 f   g_syscalls.obj
 0001:0004cc20       _trap_BotGetTopGoal        2004dc20 f   g_syscalls.obj
 0001:0004cc50       _trap_BotGetSecondGoal     2004dc50 f   g_syscalls.obj
 0001:0004cc80       _trap_BotChooseLTGItem     2004dc80 f   g_syscalls.obj
 0001:0004ccc0       _trap_BotChooseNBGItem     2004dcc0 f   g_syscalls.obj
 0001:0004cd10       _trap_BotTouchingGoal      2004dd10 f   g_syscalls.obj
 0001:0004cd40       _trap_BotItemGoalInVisButNotVisible 2004dd40 f   g_syscalls.obj
 0001:0004cd80       _trap_BotGetLevelItemGoal  2004dd80 f   g_syscalls.obj
 0001:0004cdc0       _trap_BotGetNextCampSpotGoal 2004ddc0 f   g_syscalls.obj
 0001:0004cdf0       _trap_BotGetMapLocationGoal 2004ddf0 f   g_syscalls.obj
 0001:0004ce20       _trap_BotAvoidGoalTime     2004de20 f   g_syscalls.obj
 0001:0004ce60       _trap_BotSetAvoidGoalTime  2004de60 f   g_syscalls.obj
 0001:0004cea0       _trap_BotInitLevelItems    2004dea0 f   g_syscalls.obj
 0001:0004ced0       _trap_BotUpdateEntityItems 2004ded0 f   g_syscalls.obj
 0001:0004cf00       _trap_BotLoadItemWeights   2004df00 f   g_syscalls.obj
 0001:0004cf30       _trap_BotFreeItemWeights   2004df30 f   g_syscalls.obj
 0001:0004cf60       _trap_BotInterbreedGoalFuzzyLogic 2004df60 f   g_syscalls.obj
 0001:0004cfa0       _trap_BotSaveGoalFuzzyLogic 2004dfa0 f   g_syscalls.obj
 0001:0004cfd0       _trap_BotMutateGoalFuzzyLogic 2004dfd0 f   g_syscalls.obj
 0001:0004d010       _trap_BotAllocGoalState    2004e010 f   g_syscalls.obj
 0001:0004d040       _trap_BotFreeGoalState     2004e040 f   g_syscalls.obj
 0001:0004d070       _trap_BotResetMoveState    2004e070 f   g_syscalls.obj
 0001:0004d0a0       _trap_BotAddAvoidSpot      2004e0a0 f   g_syscalls.obj
 0001:0004d0f0       _trap_BotMoveToGoal        2004e0f0 f   g_syscalls.obj
 0001:0004d130       _trap_BotMoveInDirection   2004e130 f   g_syscalls.obj
 0001:0004d180       _trap_BotResetAvoidReach   2004e180 f   g_syscalls.obj
 0001:0004d1b0       _trap_BotResetLastAvoidReach 2004e1b0 f   g_syscalls.obj
 0001:0004d1e0       _trap_BotReachabilityArea  2004e1e0 f   g_syscalls.obj
 0001:0004d210       _trap_BotMovementViewTarget 2004e210 f   g_syscalls.obj
 0001:0004d260       _trap_BotPredictVisiblePosition 2004e260 f   g_syscalls.obj
 0001:0004d2a0       _trap_BotAllocMoveState    2004e2a0 f   g_syscalls.obj
 0001:0004d2d0       _trap_BotFreeMoveState     2004e2d0 f   g_syscalls.obj
 0001:0004d300       _trap_BotInitMoveState     2004e300 f   g_syscalls.obj
 0001:0004d330       _trap_BotChooseBestFightWeapon 2004e330 f   g_syscalls.obj
 0001:0004d360       _trap_BotGetWeaponInfo     2004e360 f   g_syscalls.obj
 0001:0004d3a0       _trap_BotLoadWeaponWeights 2004e3a0 f   g_syscalls.obj
 0001:0004d3d0       _trap_BotAllocWeaponState  2004e3d0 f   g_syscalls.obj
 0001:0004d400       _trap_BotFreeWeaponState   2004e400 f   g_syscalls.obj
 0001:0004d430       _trap_BotResetWeaponState  2004e430 f   g_syscalls.obj
 0001:0004d460       _trap_GeneticParentsAndChildSelection 2004e460 f   g_syscalls.obj
 0001:0004d4a0       _trap_PC_LoadSource        2004e4a0 f   g_syscalls.obj
 0001:0004d4d0       _trap_PC_FreeSource        2004e4d0 f   g_syscalls.obj
 0001:0004d500       _trap_PC_ReadToken         2004e500 f   g_syscalls.obj
 0001:0004d530       _trap_PC_SourceFileAndLine 2004e530 f   g_syscalls.obj
 0001:0004d570       _Use_Target_Give           2004e570 f   g_target.obj
 0001:0004d640       _SP_target_give            2004e640 f   g_target.obj
 0001:0004d670       _Use_target_remove_powerups 2004e670 f   g_target.obj
 0001:0004d700       _SP_target_remove_powerups 2004e700 f   g_target.obj
 0001:0004d730       _Think_Target_Delay        2004e730 f   g_target.obj
 0001:0004d760       _Use_Target_Delay          2004e760 f   g_target.obj
 0001:0004d810       _SP_target_delay           2004e810 f   g_target.obj
 0001:0004d8b0       _Use_Target_Score          2004e8b0 f   g_target.obj
 0001:0004d8f0       _SP_target_score           2004e8f0 f   g_target.obj
 0001:0004d940       _Use_Target_Print          2004e940 f   g_target.obj
 0001:0004da80       _SP_target_print           2004ea80 f   g_target.obj
 0001:0004dab0       _Use_Target_Speaker        2004eab0 f   g_target.obj
 0001:0004dba0       _SP_target_speaker         2004eba0 f   g_target.obj
 0001:0004ddf0       _target_laser_think        2004edf0 f   g_target.obj
 0001:0004e0a0       _target_laser_on           2004f0a0 f   g_target.obj
 0001:0004e0f0       _target_laser_off          2004f0f0 f   g_target.obj
 0001:0004e130       _target_laser_use          2004f130 f   g_target.obj
 0001:0004e190       _target_laser_start        2004f190 f   g_target.obj
 0001:0004e2d0       _SP_target_laser           2004f2d0 f   g_target.obj
 0001:0004e310       _target_teleporter_use     2004f310 f   g_target.obj
 0001:0004e390       _SP_target_teleporter      2004f390 f   g_target.obj
 0001:0004e400       _target_relay_use          2004f400 f   g_target.obj
 0001:0004e510       _SP_target_relay           2004f510 f   g_target.obj
 0001:0004e540       _target_kill_use           2004f540 f   g_target.obj
 0001:0004e580       _SP_target_kill            2004f580 f   g_target.obj
 0001:0004e5b0       _SP_target_position        2004f5b0 f   g_target.obj
 0001:0004e5e0       _SP_target_location        2004f5e0 f   g_target.obj
 0001:0004e770       _Team_InitGame             2004f770 f   g_team.obj
 0001:0004e7f0       _OtherTeam                 2004f7f0 f   g_team.obj
 0001:0004e830       _TeamName                  2004f830 f   g_team.obj
 0001:0004e880       _OtherTeamName             2004f880 f   g_team.obj
 0001:0004e8d0       _TeamColorString           2004f8d0 f   g_team.obj
 0001:0004e920       _PrintMsg                  2004f920 f   g_team.obj
 0001:0004ea20       _AddTeamScore              2004fa20 f   g_team.obj
 0001:0004eb70       _OnSameTeam                2004fb70 f   g_team.obj
 0001:0004ebf0       _Team_SetFlagStatus        2004fbf0 f   g_team.obj
 0001:0004ed00       _Team_CheckDroppedItem     2004fd00 f   g_team.obj
 0001:0004ed60       _Team_ForceGesture         2004fd60 f   g_team.obj
 0001:0004ee10       _Team_FragBonuses          2004fe10 f   g_team.obj
 0001:0004f7e0       _Team_CheckHurtCarrier     200507e0 f   g_team.obj
 0001:0004f900       _Team_ResetFlag            20050900 f   g_team.obj
 0001:0004f9f0       _Team_ResetFlags           200509f0 f   g_team.obj
 0001:0004fa30       _Team_ReturnFlagSound      20050a30 f   g_team.obj
 0001:0004fac0       _Team_TakeFlagSound        20050ac0 f   g_team.obj
 0001:0004fbe0       _Team_CaptureFlagSound     20050be0 f   g_team.obj
 0001:0004fc70       _Team_ReturnFlag           20050c70 f   g_team.obj
 0001:0004fcf0       _Team_FreeEntity           20050cf0 f   g_team.obj
 0001:0004fd50       _Team_DroppedFlagThink     20050d50 f   g_team.obj
 0001:0004fdd0       _Team_TouchOurFlag         20050dd0 f   g_team.obj
 0001:00050220       _Team_TouchEnemyFlag       20051220 f   g_team.obj
 0001:00050300       _Pickup_Team               20051300 f   g_team.obj
 0001:000503e0       _Team_GetLocation          200513e0 f   g_team.obj
 0001:00050520       _Team_GetLocationMsg       20051520 f   g_team.obj
 0001:00050610       _SelectRandomTeamSpawnPoint 20051610 f   g_team.obj
 0001:00050760       _SelectCTFSpawnPoint       20051760 f   g_team.obj
 0001:00050830       _TeamplayInfoMessage       20051830 f   g_team.obj
 0001:00050c20       _CheckTeamStatus           20051c20 f   g_team.obj
 0001:00050df0       _SP_team_CTF_redplayer     20051df0 f   g_team.obj
 0001:00050e10       _SP_team_CTF_blueplayer    20051e10 f   g_team.obj
 0001:00050e30       _SP_team_CTF_redspawn      20051e30 f   g_team.obj
 0001:00050e50       _SP_team_CTF_bluespawn     20051e50 f   g_team.obj
 0001:00050e70       _InitTrigger               20051e70 f   g_trigger.obj
 0001:00050f00       _multi_wait                20051f00 f   g_trigger.obj
 0001:00050f30       _multi_trigger             20051f30 f   g_trigger.obj
 0001:00051140       _Use_Multi                 20052140 f   g_trigger.obj
 0001:00051170       _Touch_Multi               20052170 f   g_trigger.obj
 0001:000511b0       _SP_trigger_multiple       200521b0 f   g_trigger.obj
 0001:000512b0       _trigger_always_think      200522b0 f   g_trigger.obj
 0001:000512f0       _SP_trigger_always         200522f0 f   g_trigger.obj
 0001:00051330       _trigger_push_touch        20052330 f   g_trigger.obj
 0001:00051380       _AimAtTarget               20052380 f   g_trigger.obj
 0001:00051560       _SP_trigger_push           20052560 f   g_trigger.obj
 0001:00051600       _Use_target_push           20052600 f   g_trigger.obj
 0001:000516f0       _SP_target_push            200526f0 f   g_trigger.obj
 0001:000518a0       _trigger_teleporter_touch  200528a0 f   g_trigger.obj
 0001:00051960       _SP_trigger_teleport       20052960 f   g_trigger.obj
 0001:00051a10       _hurt_use                  20052a10 f   g_trigger.obj
 0001:00051a60       _hurt_touch                20052a60 f   g_trigger.obj
 0001:00051b80       _SP_trigger_hurt           20052b80 f   g_trigger.obj
 0001:00051c50       _func_timer_think          20052c50 f   g_trigger.obj
 0001:00051cf0       _func_timer_use            20052cf0 f   g_trigger.obj
 0001:00051d50       _SP_func_timer             20052d50 f   g_trigger.obj
 0001:00051e80       _AddRemap                  20052e80 f   g_utils.obj
 0001:00051fb0       _BuildShaderStateConfig    20052fb0 f   g_utils.obj
 0001:000520b0       _G_FindConfigstringIndex   200530b0 f   g_utils.obj
 0001:000521a0       _G_ModelIndex              200531a0 f   g_utils.obj
 0001:000521d0       _G_SoundIndex              200531d0 f   g_utils.obj
 0001:00052210       _G_TeamCommand             20053210 f   g_utils.obj
 0001:000522b0       _G_Find                    200532b0 f   g_utils.obj
 0001:00052360       _G_PickTarget              20053360 f   g_utils.obj
 0001:00052440       _G_UseTargets              20053440 f   g_utils.obj
 0001:00052590       _tv                        20053590 f   g_utils.obj
 0001:00052600       _vtos                      20053600 f   g_utils.obj
 0001:00052690       _G_SetMovedir              20053690 f   g_utils.obj
 0001:000527e0       _vectoyaw                  200537e0 f   g_utils.obj
 0001:000528e0       _G_InitGentity             200538e0 f   g_utils.obj
 0001:00052940       _G_Spawn                   20053940 f   g_utils.obj
 0001:00052b10       _G_EntitiesFree            20053b10 f   g_utils.obj
 0001:00052b80       _G_FreeEntity              20053b80 f   g_utils.obj
 0001:00052c00       _G_TempEntity              20053c00 f   g_utils.obj
 0001:00052cf0       _G_KillBox                 20053cf0 f   g_utils.obj
 0001:00052e90       _G_AddPredictableEvent     20053e90 f   g_utils.obj
 0001:00052ee0       _G_AddEvent                20053ee0 f   g_utils.obj
 0001:00053010       _G_Sound                   20054010 f   g_utils.obj
 0001:00053050       _G_SetOrigin               20054050 f   g_utils.obj
 0001:00053120       _DebugLine                 20054120 f   g_utils.obj
 0001:00053410       _G_BounceProjectile        20054410 f   g_weapon.obj
 0001:00053530       _Weapon_Gauntlet           20054530 f   g_weapon.obj
 0001:00053550       _CheckGauntletAttack       20054550 f   g_weapon.obj
 0001:00053790       _SnapVectorTowards         20054790 f   g_weapon.obj
 0001:00053840       _Bullet_Fire               20054840 f   g_weapon.obj
 0001:00053b90       _BFG_Fire                  20054b90 f   g_weapon.obj
 0001:00053c10       _ShotgunPellet             20054c10 f   g_weapon.obj
 0001:00053d60       _ShotgunPattern            20054d60 f   g_weapon.obj
 0001:00053fd0       _weapon_supershotgun_fire  20054fd0 f   g_weapon.obj
 0001:000540f0       _weapon_grenadelauncher_fire 200550f0 f   g_weapon.obj
 0001:000541a0       _Weapon_RocketLauncher_Fire 200551a0 f   g_weapon.obj
 0001:00054220       _Weapon_Plasmagun_Fire     20055220 f   g_weapon.obj
 0001:000542a0       _weapon_railgun_fire       200552a0 f   g_weapon.obj
 0001:00054680       _Weapon_GrapplingHook_Fire 20055680 f   g_weapon.obj
 0001:00054700       _Weapon_HookFree           20055700 f   g_weapon.obj
 0001:00054780       _Weapon_HookThink          20055780 f   g_weapon.obj
 0001:00054940       _Weapon_LightningFire      20055940 f   g_weapon.obj
 0001:00054b60       _LogAccuracyHit            20055b60 f   g_weapon.obj
 0001:00054c00       _CalcMuzzlePoint           20055c00 f   g_weapon.obj
 0001:00054d10       _CalcMuzzlePointOrigin     20055d10 f   g_weapon.obj
 0001:00054e20       _FireWeapon                20055e20 f   g_weapon.obj
 0001:00055070       _Q_rand                    20056070 f   q_math.obj
 0001:000550b0       _Q_random                  200560b0 f   q_math.obj
 0001:000550f0       _Q_crandom                 200560f0 f   q_math.obj
 0001:00055120       _ClampChar                 20056120 f   q_math.obj
 0001:00055150       _ClampShort                20056150 f   q_math.obj
 0001:00055190       _DirToByte                 20056190 f   q_math.obj
 0001:00055260       _ByteToDir                 20056260 f   q_math.obj
 0001:00055300       _ColorBytes3               20056300 f   q_math.obj
 0001:00055360       _ColorBytes4               20056360 f   q_math.obj
 0001:000553d0       _NormalizeColor            200563d0 f   q_math.obj
 0001:000554a0       _PlaneFromPoints           200564a0 f   q_math.obj
 0001:00055630       _RotatePointAroundVector   20056630 f   q_math.obj
 0001:000558e0       _RotateAroundDirection     200568e0 f   q_math.obj
 0001:00055990       _vectoangles               20056990 f   q_math.obj
 0001:00055b60       _AnglesToAxis              20056b60 f   q_math.obj
 0001:00055bd0       _AxisClear                 20056bd0 f   q_math.obj
 0001:00055c60       _AxisCopy                  20056c60 f   q_math.obj
 0001:00055d00       _ProjectPointOnPlane       20056d00 f   q_math.obj
 0001:00055e40       _MakeNormalVectors         20056e40 f   q_math.obj
 0001:00055f30       _VectorRotate              20056f30 f   q_math.obj
 0001:00055ff0       _Q_rsqrt                   20056ff0 f   q_math.obj
 0001:00056060       _Q_fabs                    20057060 f   q_math.obj
 0001:00056090       _LerpAngle                 20057090 f   q_math.obj
 0001:00056110       _AngleSubtract             20057110 f   q_math.obj
 0001:00056180       _AnglesSubtract            20057180 f   q_math.obj
 0001:00056200       _AngleMod                  20057200 f   q_math.obj
 0001:00056240       _AngleNormalize360         20057240 f   q_math.obj
 0001:00056280       _AngleNormalize180         20057280 f   q_math.obj
 0001:000562d0       _AngleDelta                200572d0 f   q_math.obj
 0001:00056300       _SetPlaneSignbits          20057300 f   q_math.obj
 0001:00056380       _BoxOnPlaneSide            20057380 f   q_math.obj
 0001:00056650       _RadiusFromBounds          20057650 f   q_math.obj
 0001:00056770       _ClearBounds               20057770 f   q_math.obj
 0001:000567d0       _AddPointToBounds          200577d0 f   q_math.obj
 0001:000568d0       _VectorNormalize           200578d0 f   q_math.obj
 0001:00056990       _VectorNormalize2          20057990 f   q_math.obj
 0001:00056a70       __VectorMA                 20057a70 f   q_math.obj
 0001:00056ad0       __DotProduct               20057ad0 f   q_math.obj
 0001:00056b20       __VectorSubtract           20057b20 f   q_math.obj
 0001:00056b80       __VectorAdd                20057b80 f   q_math.obj
 0001:00056be0       __VectorCopy               20057be0 f   q_math.obj
 0001:00056c20       __VectorScale              20057c20 f   q_math.obj
 0001:00056c70       _Vector4Scale              20057c70 f   q_math.obj
 0001:00056cd0       _Q_log2                    20057cd0 f   q_math.obj
 0001:00056d10       _MatrixMultiply            20057d10 f   q_math.obj
 0001:00056f20       _AngleVectors              20057f20 f   q_math.obj
 0001:00057180       _PerpendicularVector       20058180 f   q_math.obj
 0001:00057270       _Com_Clamp                 20058270 f   q_shared.obj
 0001:000572c0       _COM_SkipPath              200582c0 f   q_shared.obj
 0001:00057320       _COM_StripExtension        20058320 f   q_shared.obj
 0001:00057380       _COM_DefaultExtension      20058380 f   q_shared.obj
 0001:00057430       _ShortSwap                 20058430 f   q_shared.obj
 0001:00057490       _ShortNoSwap               20058490 f   q_shared.obj
 0001:000574b0       _LongSwap                  200584b0 f   q_shared.obj
 0001:00057550       _LongNoSwap                20058550 f   q_shared.obj
 0001:00057570       _Long64Swap                20058570 f   q_shared.obj
 0001:000575d0       _Long64NoSwap              200585d0 f   q_shared.obj
 0001:000575f0       _FloatSwap                 200585f0 f   q_shared.obj
 0001:00057630       _FloatNoSwap               20058630 f   q_shared.obj
 0001:00057650       _COM_BeginParseSession     20058650 f   q_shared.obj
 0001:000576a0       _COM_GetCurrentParseLine   200586a0 f   q_shared.obj
 0001:000576c0       _COM_Parse                 200586c0 f   q_shared.obj
 0001:000576f0       _COM_ParseError            200586f0 f   q_shared.obj
 0001:00057760       _COM_ParseWarning          20058760 f   q_shared.obj
 0001:000577d0       _COM_Compress              200587d0 f   q_shared.obj
 0001:00057a50       _COM_ParseExt              20058a50 f   q_shared.obj
 0001:00057d80       _COM_MatchToken            20058d80 f   q_shared.obj
 0001:00057de0       _SkipBracedSection         20058de0 f   q_shared.obj
 0001:00057e70       _SkipRestOfLine            20058e70 f   q_shared.obj
 0001:00057ee0       _Parse1DMatrix             20058ee0 f   q_shared.obj
 0001:00057f70       _Parse2DMatrix             20058f70 f   q_shared.obj
 0001:00058000       _Parse3DMatrix             20059000 f   q_shared.obj
 0001:000580a0       _Q_isprint                 200590a0 f   q_shared.obj
 0001:000580d0       _Q_islower                 200590d0 f   q_shared.obj
 0001:00058100       _Q_isupper                 20059100 f   q_shared.obj
 0001:00058130       _Q_isalpha                 20059130 f   q_shared.obj
 0001:00058170       _Q_strrchr                 20059170 f   q_shared.obj
 0001:000581f0       _Q_strncpyz                200591f0 f   q_shared.obj
 0001:00058280       _Q_stricmpn                20059280 f   q_shared.obj
 0001:00058390       _Q_strncmp                 20059390 f   q_shared.obj
 0001:00058420       _Q_stricmp                 20059420 f   q_shared.obj
 0001:00058470       _Q_strlwr                  20059470 f   q_shared.obj
 0001:000584d0       _Q_strupr                  200594d0 f   q_shared.obj
 0001:00058530       _Q_strcat                  20059530 f   q_shared.obj
 0001:000585a0       _Q_PrintStrlen             200595a0 f   q_shared.obj
 0001:00058640       _Q_CleanStr                20059640 f   q_shared.obj
 0001:00058700       _Com_sprintf               20059700 f   q_shared.obj
 0001:000587b0       _va                        200597b0 f   q_shared.obj
 0001:00058820       _Info_ValueForKey          20059820 f   q_shared.obj
 0001:00058a00       _Info_NextPair             20059a00 f   q_shared.obj
 0001:00058b10       _Info_RemoveKey            20059b10 f   q_shared.obj
 0001:00058ce0       _Info_RemoveKey_Big        20059ce0 f   q_shared.obj
 0001:00058eb0       _Info_Validate             20059eb0 f   q_shared.obj
 0001:00058f10       _Info_SetValueForKey       20059f10 f   q_shared.obj
 0001:000590f0       _Info_SetValueForKey_Big   2005a0f0 f   q_shared.obj
 0001:000592c0       _atol                      2005a2c0 f   LIBCMTD:atox.obj
 0001:000593c0       _atoi                      2005a3c0 f   LIBCMTD:atox.obj
 0001:000593e0       __atoi64                   2005a3e0 f   LIBCMTD:atox.obj
 0001:00059510       _strlen                    2005a510 f   LIBCMTD:strlen.obj
 0001:00059590       _srand                     2005a590 f   LIBCMTD:rand.obj
 0001:000595a0       _rand                      2005a5a0 f   LIBCMTD:rand.obj
 0001:000595e0       __fpmath                   2005a5e0 f   LIBCMTD:fpinit.obj
 0001:00059610       __fpclear                  2005a610 f   LIBCMTD:fpinit.obj
 0001:00059620       __cfltcvt_init             2005a620 f   LIBCMTD:fpinit.obj
 0001:00059670       ___setfflag                2005a670 f   LIBCMTD:fpinit.obj
 0001:0005968c       __ftol                     2005a68c f   LIBCMTD:ftol.obj
 0001:000596c0       _strncpy                   2005a6c0 f   LIBCMTD:strncpy.obj
 0001:000597c0       _strcpy                    2005a7c0 f   LIBCMTD:strcat.obj
 0001:000597d0       _strcat                    2005a7d0 f   LIBCMTD:strcat.obj
 0001:000598b0       _memcpy                    2005a8b0 f   LIBCMTD:memcpy.obj
 0001:00059bf0       _atof                      2005abf0 f   LIBCMTD:atof.obj
 0001:00059c70       _sscanf                    2005ac70 f   LIBCMTD:sscanf.obj
 0001:00059d30       __CIsqrt                   2005ad30 f   LIBCMTD:sqrt.obj
 0001:00059d44       _sqrt                      2005ad44 f   LIBCMTD:sqrt.obj
 0001:00059df0       _memset                    2005adf0 f   LIBCMTD:memset.obj
 0001:00059e50       __toupper                  2005ae50 f   LIBCMTD:toupper.obj
 0001:00059e60       _toupper                   2005ae60 f   LIBCMTD:toupper.obj
 0001:00059f00       __toupper_lk               2005af00 f   LIBCMTD:toupper.obj
 0001:0005a030       _memmove                   2005b030 f   LIBCMTD:memmove.obj
 0001:0005a370       _strstr                    2005b370 f   LIBCMTD:strstr.obj
 0001:0005a3f0       _fabs                      2005b3f0 f   LIBCMTD:fabs.obj
 0001:0005a4f0       _strcmp                    2005b4f0 f   LIBCMTD:strcmp.obj
 0001:0005a580       _vsprintf                  2005b580 f   LIBCMTD:vsprintf.obj
 0001:0005a680       _abs                       2005b680 f   LIBCMTD:abs.obj
 0001:0005a6c0       _strchr                    2005b6c0 f   LIBCMTD:strchr.obj
 0001:0005a6c6       ___from_strstr_to_strchr   2005b6c6 f   LIBCMTD:strchr.obj
 0001:0005a780       __CIsin                    2005b780 f   LIBCMTD:sin.obj
 0001:0005a794       _sin                       2005b794 f   LIBCMTD:sin.obj
 0001:0005a830       __CIcos                    2005b830 f   LIBCMTD:cos.obj
 0001:0005a844       _cos                       2005b844 f   LIBCMTD:cos.obj
 0001:0005a8e0       __alloca_probe             2005b8e0 f   LIBCMTD:chkstk.obj
 0001:0005a8e0       __chkstk                   2005b8e0 f   LIBCMTD:chkstk.obj
 0001:0005a910       __tolower                  2005b910 f   LIBCMTD:tolower.obj
 0001:0005a920       _tolower                   2005b920 f   LIBCMTD:tolower.obj
 0001:0005a9c0       __tolower_lk               2005b9c0 f   LIBCMTD:tolower.obj
 0001:0005aaf0       _ceil                      2005baf0 f   LIBCMTD:ceil.obj
 0001:0005ac30       _qsort                     2005bc30 f   LIBCMTD:qsort.obj
 0001:0005af30       _atan2                     2005bf30 f   LIBCMTD:87ctriga.obj
 0001:0005af3a       __CIatan2                  2005bf3a f   LIBCMTD:87ctriga.obj
 0001:0005af50       __assert                   2005bf50 f   LIBCMTD:assert.obj
 0001:0005b2d0       __CRT_INIT@12              2005c2d0 f   LIBCMTD:dllcrt0.obj
 0001:0005b410       __DllMainCRTStartup@12     2005c410 f   LIBCMTD:dllcrt0.obj
 0001:0005b510       __amsg_exit                2005c510 f   LIBCMTD:dllcrt0.obj
 0001:0005b550       __isctype                  2005c550 f   LIBCMTD:isctype.obj
 0001:0005b610       __allmul                   2005c610 f   LIBCMTD:llmul.obj
 0001:0005b650       __mtinit                   2005c650 f   LIBCMTD:tidtable.obj
 0001:0005b6e0       __mtterm                   2005c6e0 f   LIBCMTD:tidtable.obj
 0001:0005b710       __initptd                  2005c710 f   LIBCMTD:tidtable.obj
 0001:0005b730       __getptd                   2005c730 f   LIBCMTD:tidtable.obj
 0001:0005b7d0       __freeptd                  2005c7d0 f   LIBCMTD:tidtable.obj
 0001:0005b8e0       ___threadid                2005c8e0 f   LIBCMTD:tidtable.obj
 0001:0005b8f0       ___threadhandle            2005c8f0 f   LIBCMTD:tidtable.obj
 0001:0005b900       __setdefaultprecision      2005c900 f   LIBCMTD:fp8.obj
 0001:0005b920       __ms_p5_test_fdiv          2005c920 f   LIBCMTD:testfdiv.obj
 0001:0005b980       __ms_p5_mp_test_fdiv       2005c980 f   LIBCMTD:testfdiv.obj
 0001:0005b9d0       __forcdecpt                2005c9d0 f   LIBCMTD:cvt.obj
 0001:0005ba80       __cropzeros                2005ca80 f   LIBCMTD:cvt.obj
 0001:0005bb60       __positive                 2005cb60 f   LIBCMTD:cvt.obj
 0001:0005bb90       __fassign                  2005cb90 f   LIBCMTD:cvt.obj
 0001:0005bbe0       __cftoe                    2005cbe0 f   LIBCMTD:cvt.obj
 0001:0005bdd0       __cftof                    2005cdd0 f   LIBCMTD:cvt.obj
 0001:0005bf80       __cftog                    2005cf80 f   LIBCMTD:cvt.obj
 0001:0005c070       __cfltcvt                  2005d070 f   LIBCMTD:cvt.obj
 0001:0005c100       __fltin2                   2005d100 f   LIBCMTD:cfin.obj
 0001:0005c1c0       __input                    2005d1c0 f   LIBCMTD:input.obj
 0001:0005d6c0       __CrtDbgBreak              2005e6c0 f   LIBCMTD:dbgrpt.obj
 0001:0005d6d0       __CrtSetReportMode         2005e6d0 f   LIBCMTD:dbgrpt.obj
 0001:0005d730       __CrtSetReportFile         2005e730 f   LIBCMTD:dbgrpt.obj
 0001:0005d7b0       __CrtSetReportHook         2005e7b0 f   LIBCMTD:dbgrpt.obj
 0001:0005d7d0       __CrtDbgReport             2005e7d0 f   LIBCMTD:dbgrpt.obj
 0001:0005de70       __trandisp1                2005ee70 f   LIBCMTD:87disp.obj
 0001:0005ded7       __trandisp2                2005eed7 f   LIBCMTD:87disp.obj
 0001:0005df63       __rttospopde               2005ef63 f   LIBCMTD:87disp.obj
 0001:0005df68       __rttospop                 2005ef68 f   LIBCMTD:87disp.obj
 0001:0005df6a       __rtnospop                 2005ef6a f   LIBCMTD:87disp.obj
 0001:0005df6c       __rttosnpop                2005ef6c f   LIBCMTD:87disp.obj
 0001:0005df6d       __rtnospopde               2005ef6d f   LIBCMTD:87disp.obj
 0001:0005df74       __rtzeropop                2005ef74 f   LIBCMTD:87disp.obj
 0001:0005df76       __rtzeronpop               2005ef76 f   LIBCMTD:87disp.obj
 0001:0005df7b       __rtonepop                 2005ef7b f   LIBCMTD:87disp.obj
 0001:0005df7d       __rtonenpop                2005ef7d f   LIBCMTD:87disp.obj
 0001:0005df82       __tosnan1                  2005ef82 f   LIBCMTD:87disp.obj
 0001:0005dfad       __nosnan2                  2005efad f   LIBCMTD:87disp.obj
 0001:0005dfaf       __tosnan2                  2005efaf f   LIBCMTD:87disp.obj
 0001:0005dfd7       __nan2                     2005efd7 f   LIBCMTD:87disp.obj
 0001:0005e016       __rtindfpop                2005f016 f   LIBCMTD:87disp.obj
 0001:0005e018       __rtindfnpop               2005f018 f   LIBCMTD:87disp.obj
 0001:0005e029       __rttosnpopde              2005f029 f   LIBCMTD:87disp.obj
 0001:0005e033       __rtchsifneg               2005f033 f   LIBCMTD:87disp.obj
 0001:0005e040       __startTwoArgErrorHandling 2005f040 f   LIBCMTD:genexcep.obj
 0001:0005e057       __startOneArgErrorHandling 2005f057 f   LIBCMTD:genexcep.obj
 0001:0005e0a0       __twoToTOS                 2005f0a0 f   LIBCMTD:common.obj
 0001:0005e0b5       __load_CW                  2005f0b5 f   LIBCMTD:common.obj
 0001:0005e0cc       __convertTOStoQNaN         2005f0cc f   LIBCMTD:common.obj
 0001:0005e0e5       __fload_withFB             2005f0e5 f   LIBCMTD:common.obj
 0001:0005e128       __checkTOS_withFB          2005f128 f   LIBCMTD:common.obj
 0001:0005e13e       __fast_exit                2005f13e f   LIBCMTD:common.obj
 0001:0005e14b       __math_exit                2005f14b f   LIBCMTD:common.obj
 0001:0005e175       __check_overflow_exit      2005f175 f   LIBCMTD:common.obj
 0001:0005e189       __check_range_exit         2005f189 f   LIBCMTD:common.obj
 0001:0005e230       __mtinitlocks              2005f230 f   LIBCMTD:mlock.obj
 0001:0005e270       __mtdeletelocks            2005f270 f   LIBCMTD:mlock.obj
 0001:0005e310       __lock                     2005f310 f   LIBCMTD:mlock.obj
 0001:0005e3b0       __unlock                   2005f3b0 f   LIBCMTD:mlock.obj
[...]
 0003:000040a0       ___lc_time_curr            200c20a0     LIBCMTD:strftime.obj
 0003:000040a8       ___lc_time_c               200c20a8     LIBCMTD:strftime.obj
 0003:00004158       ___lconv_static_decimal    200c2158     LIBCMTD:lconv.obj
 0003:00004160       ___lconv_c                 200c2160     LIBCMTD:lconv.obj
 0003:00004190       ___lconv                   200c2190     LIBCMTD:lconv.obj
 0003:000041a0       __pow10pos                 200c21a0     LIBCMTD:constpow.obj
 0003:00004300       __pow10neg                 200c2300     LIBCMTD:constpow.obj
 0003:0000445c       __timezone                 200c245c     LIBCMTD:timeset.obj
 0003:00004460       __daylight                 200c2460     LIBCMTD:timeset.obj
 0003:00004464       __dstbias                  200c2464     LIBCMTD:timeset.obj
 0003:000044e8       __tzname                   200c24e8     LIBCMTD:timeset.obj
 0003:0000450c       __lpdays                   200c250c     LIBCMTD:days.obj
 0003:00004540       __days                     200c2540     LIBCMTD:days.obj
 0003:00004d10       _c_pmove                   200c2d10     bg_pmove.obj
 0003:00057da0       _remapCount                20115da0     g_utils.obj
 0003:0005819c       _vec3_origin               2011619c     q_math.obj
 0003:00072a94       ___fastflag                20130a94     LIBCMTD:fpinit.obj
 0003:00072a98       __adjust_fdiv              20130a98     LIBCMTD:fpinit.obj
 0003:00072aa0       __aenvptr                  20130aa0     LIBCMTD:dllcrt0.obj
 0003:00072aa4       __wenvptr                  20130aa4     LIBCMTD:dllcrt0.obj
 0003:00072aa8       ___error_mode              20130aa8     LIBCMTD:dllcrt0.obj
 0003:00072aac       ___app_type                20130aac     LIBCMTD:dllcrt0.obj
 0003:00072b24       ___lc_handle               20130b24     LIBCMTD:nlsdata2.obj
 0003:00072b3c       ___lc_codepage             20130b3c     LIBCMTD:nlsdata2.obj
 0003:00072b40       ___lc_collate_cp           20130b40     LIBCMTD:nlsdata2.obj
 0003:00072b48       __umaskval                 20130b48     LIBCMTD:crt0dat.obj
 0003:00072b4c       __osver                    20130b4c     LIBCMTD:crt0dat.obj
 0003:00072b50       __winver                   20130b50     LIBCMTD:crt0dat.obj
 0003:00072b54       __winmajor                 20130b54     LIBCMTD:crt0dat.obj
 0003:00072b58       __winminor                 20130b58     LIBCMTD:crt0dat.obj
 0003:00072b5c       ___argc                    20130b5c     LIBCMTD:crt0dat.obj
 0003:00072b60       ___argv                    20130b60     LIBCMTD:crt0dat.obj
 0003:00072b64       ___wargv                   20130b64     LIBCMTD:crt0dat.obj
 0003:00072b68       __environ                  20130b68     LIBCMTD:crt0dat.obj
 0003:00072b6c       ___initenv                 20130b6c     LIBCMTD:crt0dat.obj
 0003:00072b70       __wenviron                 20130b70     LIBCMTD:crt0dat.obj
 0003:00072b74       ___winitenv                20130b74     LIBCMTD:crt0dat.obj
 0003:00072b78       __pgmptr                   20130b78     LIBCMTD:crt0dat.obj
 0003:00072b7c       __wpgmptr                  20130b7c     LIBCMTD:crt0dat.obj
 0003:00072b80       __exitflag                 20130b80     LIBCMTD:crt0dat.obj
 0003:00072b84       __C_Termination_Done       20130b84     LIBCMTD:crt0dat.obj
 0003:00072b88       __C_Exit_Done              20130b88     LIBCMTD:crt0dat.obj
 0003:00072bb0       __cflush                   20130bb0     LIBCMTD:_file.obj
 0003:00072cd0       __adbgmsg                  20130cd0     LIBCMTD:crt0msg.obj
 0003:00072cd8       ___lc_time_intl            20130cd8     LIBCMTD:inittime.obj
 0003:00072cf4       ___lc_id                   20130cf4     LIBCMTD:nlsdata3.obj
 0003:00072d3c       __stdbuf                   20130d3c     LIBCMTD:_sftbuf.obj
 0003:00072d44       __newmode                  20130d44     LIBCMTD:_newmode.obj
 0003:00072d48       ?_pnhHeap@@3P6AHI@ZA       20130d48     LIBCMTD:handler.obj
 0003:00072d58       ___lconv_static_null       20130d58     LIBCMTD:lconv.obj
 0003:00072e40       _remappedShaders           20130e40     <common>
 0003:00077d7c       _neutralObelisk            20135d7c     <common>
 0003:00077da0       _teamgame                  20135da0     <common>
 0003:00077dc4       _pushed_p                  20135dc4     <common>
 0003:00079780       _pushed                    20137780     <common>
 0003:00081780       _g_synchronousClients      2013f780     <common>
 0003:000ad660       _g_maxGameClients          2016b660     <common>
 0003:000ad780       _g_fraglimit               2016b780     <common>
 0003:000ad8a0       _g_gametype                2016b8a0     <common>
 0003:000ad9c0       _g_password                2016b9c0     <common>
 0003:000adae0       _g_dmflags                 2016bae0     <common>
 0003:000adc00       _pmove_msec                2016bc00     <common>
 0003:000add20       _g_cheats                  2016bd20     <common>
 0003:000ade40       _g_capturelimit            2016be40     <common>
 0003:000adf60       _g_weaponTeamRespawn       2016bf60     <common>
 0003:000ae080       _g_needpass                2016c080     <common>
 0003:000ae1a0       _g_speed                   2016c1a0     <common>
 0003:000ae2c0       _g_teamForceBalance        2016c2c0     <common>
 0003:000ae3e0       _g_doWarmup                2016c3e0     <common>
 0003:000ae500       _g_debugDamage             2016c500     <common>
 0003:000ae620       _g_podiumDist              2016c620     <common>
 0003:000ae740       _g_banIPs                  2016c740     <common>
 0003:000ae860       _pmove_fixed               2016c860     <common>
 0003:000ae980       _g_rankings                2016c980     <common>
 0003:000aeaa0       _g_knockback               2016caa0     <common>
 0003:000aebc0       _g_clients                 2016cbc0     <common>
 0003:000baec0       _g_maxclients              20178ec0     <common>
 0003:000bafe0       _g_podiumDrop              20178fe0     <common>
 0003:000bb100       _g_timelimit               20179100     <common>
 0003:000bb220       _g_filterBan               20179220     <common>
 0003:000bb340       _g_smoothClients           20179340     <common>
 0003:000bb460       _g_debugAlloc              20179460     <common>
 0003:000bb580       _g_inactivity              20179580     <common>
 0003:000bb6a0       _level                     201796a0     <common>
 0003:000bdaa0       _g_restarted               2017baa0     <common>
 0003:000bdbc0       _g_teamAutoJoin            2017bbc0     <common>
 0003:000bdce0       _g_blood                   2017bce0     <common>
 0003:000bde00       _g_gravity                 2017be00     <common>
 0003:000bdf20       _g_listEntity              2017bf20     <common>
 0003:000be040       _g_allowVote               2017c040     <common>
 0003:000be160       _g_entities                2017c160     <common>
 0003:00188160       _g_log                     20246160     <common>
 0003:00188280       _g_friendlyFire            20246280     <common>
 0003:001883a0       _g_weaponRespawn           202463a0     <common>
 0003:001884c0       _g_debugMove               202464c0     <common>
 0003:001885e0       _g_motd                    202465e0     <common>
 0003:00188700       _g_forcerespawn            20246700     <common>
 0003:00188820       _g_warmup                  20246820     <common>
 0003:00188940       _g_logSync                 20246940     <common>
 0003:00188a60       _g_quadfactor              20246a60     <common>
 0003:00188b80       _g_dedicated               20246b80     <common>
 0003:00188ca0       _itemRegistered            20246ca0     <common>
 0003:00189180       _bot_minplayers            20247180     <common>
 0003:001892d0       _g_numArenas               202472d0     <common>
 0003:001892d4       _podium2                   202472d4     <common>
 0003:001892e4       _podium3                   202472e4     <common>
 0003:001892e8       _podium1                   202472e8     <common>
 0003:00189300       _pml                       20247300     <common>
 0003:001893b0       _pm                        202473b0     <common>
 0003:001893c0       _ctftaskpreferences        202473c0     <common>
 0003:00189fe0       _bot_interbreedcycle       20247fe0     <common>
 0003:0018a3bc       _numbots                   202483bc     <common>
 0003:0018a3c0       _bot_testsolid             202483c0     <common>
 0003:0018a4e0       _bot_interbreedwrite       202484e0     <common>
 0003:0018a600       _bot_developer             20248600     <common>
 0003:0018a720       _bot_testclusters          20248720     <common>
 0003:0018a830       _bot_interbreedmatchcount  20248830     <common>
 0003:0018a840       _bot_saveroutingcache      20248840     <common>
 0003:0018a960       _bot_thinktime             20248960     <common>
 0003:0018aa80       _botstates                 20248a80     <common>
 0003:0018ab80       _regularupdate_time        20248b80     <common>
 0003:0018ab84       _bot_interbreed            20248b84     <common>
 0003:0018ab88       _floattime                 20248b88     <common>
 0003:0018aba0       _bot_pause                 20248ba0     <common>
 0003:0018acc0       _bot_interbreedbots        20248cc0     <common>
 0003:0018ade0       _bot_memorydump            20248de0     <common>
 0003:0018af00       _bot_report                20248f00     <common>
 0003:0018b020       _bot_interbreedchar        20249020     <common>
 0003:0018b130       _lastteleport_origin       20249130     <common>
 0003:0018be60       _ctf_blueflag              20249e60     <common>
 0003:0018bea0       _g_spSkill                 20249ea0     <common>
 0003:0018bfc0       _bot_testrchat             20249fc0     <common>
 0003:0018c0d0       _gametype                  2024a0d0     <common>
 0003:0018c0e0       _bot_nochat                2024a0e0     <common>
 0003:0018c1f0       _max_bspmodelindex         2024a1f0     <common>
 0003:0018c200       _bot_fastchat              2024a200     <common>
 0003:0018c320       _bot_rocketjump            2024a320     <common>
 0003:0018c440       _bot_predictobstacles      2024a440     <common>
 0003:0018c560       _bot_challenge             2024a560     <common>
 0003:0018c670       _red_numaltroutegoals      2024a670     <common>
 0003:0018c680       _ctf_redflag               2024a680     <common>
 0003:0018c6b8       _botai_freewaypoints       2024a6b8     <common>
 0003:0018c6bc       _altroutegoals_setup       2024a6bc     <common>
 0003:0018c6c0       _lastteleport_time         2024a6c0     <common>
 0003:0018c6e0       _blue_altroutegoals        2024a6e0     <common>
 0003:0018c9e0       _blue_numaltroutegoals     2024a9e0     <common>
 0003:0018ca00       _botai_waypoints           2024aa00     <common>
 0003:0018fc00       _bot_grapple               2024dc00     <common>
 0003:0018fd20       _red_altroutegoals         2024dd20     <common>
 0003:00190020       _maxclients                2024e020     <common>
 0003:00190024       _numnodeswitches           2024e024     <common>
 0003:00190600       _nodeswitch                2024e600     <common>
 0003:001922c0       _notleader                 202502c0     <common>
 0003:001923fc       ___alternate_form          202503fc     <common>
 0003:0019240c       ___no_lead_zeros           2025040c     <common>
 0003:00192410       ___mbcodepage              20250410     <common>
 0003:00192490       ___mbulinfo                20250490     <common>
 0003:0019249c       ___ismbcodepage            2025049c     <common>
 0003:001924a0       __mbcasemap                202504a0     <common>
 0003:001925a0       __mbctype                  202505a0     <common>
 0003:001926a4       ___mblcid                  202506a4     <common>
 0003:001926a8       ___sbh_sizeHeaderList      202506a8     <common>
 0003:001926b8       ___sbh_indGroupDefer       202506b8     <common>
 0003:001926bc       ___sbh_pHeaderScan         202506bc     <common>
 0003:001926c0       ___sbh_pHeaderDefer        202506c0     <common>
 0003:001926c4       ___sbh_cntHeaderList       202506c4     <common>
 0003:001926c8       ___sbh_pHeaderList         202506c8     <common>
 0003:001926cc       __crtheap                  202506cc     <common>
 0003:001926d8       __pfnDumpClient            202506d8     <common>
 0003:00192700       ___pioinfo                 20250700     <common>
 0003:0019283c       __nhandle                  2025083c     <common>
 0003:00192840       ___piob                    20250840     <common>
 0003:00192b80       __bufin                    20250b80     <common>
 0003:00193b80       __nstream                  20251b80     <common>
 0003:00193b84       ___env_initialized         20251b84     <common>
 0003:00193b94       ___mbctype_initialized     20251b94     <common>
 0003:00193b98       ___onexitend               20251b98     <common>
 0003:00193b9c       ___onexitbegin             20251b9c     <common>
 0003:00193ba0       ___setlc_active            20251ba0     <common>
 0003:00193bb0       ___unguarded_readlc_active 20251bb0     <common>
 0003:00193bb4       __pfnReportHook            20251bb4     <common>
 0003:00193bc0       __acmdln                   20251bc0     <common>
 0003:00193bd0       __pRawDllMain              20251bd0     <common>
 0004:00000000       __IMPORT_DESCRIPTOR_KERNEL32 20252000     kernel32:KERNEL32.dll
 0004:00000014       __NULL_IMPORT_DESCRIPTOR   20252014     kernel32:KERNEL32.dll
 0004:000001bc       __imp__InterlockedDecrement@4 202521bc     kernel32:KERNEL32.dll
 0004:000001c0       __imp__InterlockedIncrement@4 202521c0     kernel32:KERNEL32.dll
 0004:000001c4       __imp__GetModuleFileNameA@12 202521c4     kernel32:KERNEL32.dll
 0004:000001c8       __imp__GetCommandLineA@0   202521c8     kernel32:KERNEL32.dll
 0004:000001cc       __imp__GetVersion@0        202521cc     kernel32:KERNEL32.dll
 0004:000001d0       __imp__GetCurrentThreadId@0 202521d0     kernel32:KERNEL32.dll
 0004:000001d4       __imp__TlsSetValue@8       202521d4     kernel32:KERNEL32.dll
 0004:000001d8       __imp__TlsAlloc@0          202521d8     kernel32:KERNEL32.dll
 0004:000001dc       __imp__TlsFree@4           202521dc     kernel32:KERNEL32.dll
 0004:000001e0       __imp__SetLastError@4      202521e0     kernel32:KERNEL32.dll
 0004:000001e4       __imp__TlsGetValue@4       202521e4     kernel32:KERNEL32.dll
 0004:000001e8       __imp__GetLastError@0      202521e8     kernel32:KERNEL32.dll
 0004:000001ec       __imp__GetCurrentThread@0  202521ec     kernel32:KERNEL32.dll
 0004:000001f0       __imp__GetProcAddress@8    202521f0     kernel32:KERNEL32.dll
 0004:000001f4       __imp__GetModuleHandleA@4  202521f4     kernel32:KERNEL32.dll
 0004:000001f8       __imp__DebugBreak@0        202521f8     kernel32:KERNEL32.dll
 0004:000001fc       __imp__GetStdHandle@4      202521fc     kernel32:KERNEL32.dll
 0004:00000200       __imp__WriteFile@20        20252200     kernel32:KERNEL32.dll
 0004:00000204       __imp__OutputDebugStringA@4 20252204     kernel32:KERNEL32.dll
 0004:00000208       __imp__LoadLibraryA@4      20252208     kernel32:KERNEL32.dll
 0004:0000020c       __imp__InitializeCriticalSection@4 2025220c     kernel32:KERNEL32.dll
 0004:00000210       __imp__DeleteCriticalSection@4 20252210     kernel32:KERNEL32.dll
 0004:00000214       __imp__EnterCriticalSection@4 20252214     kernel32:KERNEL32.dll
 0004:00000218       __imp__LeaveCriticalSection@4 20252218     kernel32:KERNEL32.dll
 0004:0000021c       __imp__ExitProcess@4       2025221c     kernel32:KERNEL32.dll
 0004:00000220       __imp__FatalAppExitA@8     20252220     kernel32:KERNEL32.dll
 0004:00000224       __imp__Sleep@4             20252224     kernel32:KERNEL32.dll
 0004:00000228       __imp__WideCharToMultiByte@32 20252228     kernel32:KERNEL32.dll
 0004:0000022c       __imp__MultiByteToWideChar@24 2025222c     kernel32:KERNEL32.dll
 0004:00000230       __imp__LCMapStringA@24     20252230     kernel32:KERNEL32.dll
 0004:00000234       __imp__LCMapStringW@24     20252234     kernel32:KERNEL32.dll
 0004:00000238       __imp__RaiseException@16   20252238     kernel32:KERNEL32.dll
 0004:0000023c       __imp__TerminateProcess@8  2025223c     kernel32:KERNEL32.dll
 0004:00000240       __imp__GetCurrentProcess@0 20252240     kernel32:KERNEL32.dll
 0004:00000244       __imp__SetConsoleCtrlHandler@8 20252244     kernel32:KERNEL32.dll
 0004:00000248       __imp__SetHandleCount@4    20252248     kernel32:KERNEL32.dll
 0004:0000024c       __imp__GetFileType@4       2025224c     kernel32:KERNEL32.dll
 0004:00000250       __imp__GetStartupInfoA@4   20252250     kernel32:KERNEL32.dll
 0004:00000254       __imp__IsBadWritePtr@8     20252254     kernel32:KERNEL32.dll
 0004:00000258       __imp__IsBadReadPtr@8      20252258     kernel32:KERNEL32.dll
 0004:0000025c       __imp__HeapValidate@12     2025225c     kernel32:KERNEL32.dll
 0004:00000260       __imp__FreeEnvironmentStringsA@4 20252260     kernel32:KERNEL32.dll
 0004:00000264       __imp__FreeEnvironmentStringsW@4 20252264     kernel32:KERNEL32.dll
 0004:00000268       __imp__GetEnvironmentStrings@0 20252268     kernel32:KERNEL32.dll
 0004:0000026c       __imp__GetEnvironmentStringsW@0 2025226c     kernel32:KERNEL32.dll
 0004:00000270       __imp__HeapDestroy@4       20252270     kernel32:KERNEL32.dll
 0004:00000274       __imp__HeapCreate@12       20252274     kernel32:KERNEL32.dll
 0004:00000278       __imp__HeapFree@12         20252278     kernel32:KERNEL32.dll
 0004:0000027c       __imp__VirtualFree@12      2025227c     kernel32:KERNEL32.dll
 0004:00000280       __imp__GetStringTypeA@20   20252280     kernel32:KERNEL32.dll
 0004:00000284       __imp__GetStringTypeW@16   20252284     kernel32:KERNEL32.dll
 0004:00000288       __imp__UnhandledExceptionFilter@4 20252288     kernel32:KERNEL32.dll
 0004:0000028c       __imp__GetCPInfo@8         2025228c     kernel32:KERNEL32.dll
 0004:00000290       __imp__IsValidLocale@8     20252290     kernel32:KERNEL32.dll
 0004:00000294       __imp__IsValidCodePage@4   20252294     kernel32:KERNEL32.dll
 0004:00000298       __imp__GetLocaleInfoA@16   20252298     kernel32:KERNEL32.dll
 0004:0000029c       __imp__EnumSystemLocalesA@8 2025229c     kernel32:KERNEL32.dll
 0004:000002a0       __imp__GetUserDefaultLCID@0 202522a0     kernel32:KERNEL32.dll
 0004:000002a4       __imp__GetVersionExA@4     202522a4     kernel32:KERNEL32.dll
 0004:000002a8       __imp__RtlUnwind@16        202522a8     kernel32:KERNEL32.dll
 0004:000002ac       __imp__SetFilePointer@16   202522ac     kernel32:KERNEL32.dll
 0004:000002b0       __imp__FlushFileBuffers@4  202522b0     kernel32:KERNEL32.dll
 0004:000002b4       __imp__HeapAlloc@12        202522b4     kernel32:KERNEL32.dll
 0004:000002b8       __imp__HeapReAlloc@16      202522b8     kernel32:KERNEL32.dll
 0004:000002bc       __imp__VirtualAlloc@16     202522bc     kernel32:KERNEL32.dll
 0004:000002c0       __imp__GetACP@0            202522c0     kernel32:KERNEL32.dll
 0004:000002c4       __imp__GetOEMCP@0          202522c4     kernel32:KERNEL32.dll
 0004:000002c8       __imp__ReadFile@20         202522c8     kernel32:KERNEL32.dll
 0004:000002cc       __imp__SetStdHandle@8      202522cc     kernel32:KERNEL32.dll
 0004:000002d0       __imp__GetTimeZoneInformation@4 202522d0     kernel32:KERNEL32.dll
 0004:000002d4       __imp__GetLocaleInfoW@16   202522d4     kernel32:KERNEL32.dll
 0004:000002d8       __imp__CloseHandle@4       202522d8     kernel32:KERNEL32.dll
 0004:000002dc       __imp__CompareStringA@24   202522dc     kernel32:KERNEL32.dll
 0004:000002e0       __imp__CompareStringW@24   202522e0     kernel32:KERNEL32.dll
 0004:000002e4       __imp__SetEnvironmentVariableA@8 202522e4     kernel32:KERNEL32.dll
 0004:000002e8       \177KERNEL32_NULL_THUNK_DATA 202522e8     kernel32:KERNEL32.dll

 entry point at        0001:0005b410

