 qagamex86

 Timestamp is 623b2fca (Wed Mar 23 10:33:46 2022)

 Preferred load address is 20000000

 Start         Length     Name                   Class
 0001:00000000 0007a6eeH .text                   CODE
 0001:0007a6ee 00038802H .textbss                CODE
 0002:00000000 00009b09H .rdata                  DATA
 0002:00009b10 0000016cH .edata                  DATA
 0003:00000000 00000104H .CRT$XCA                DATA
 0003:00000104 00000104H .CRT$XCZ                DATA
 0003:00000208 00000104H .CRT$XIA                DATA
 0003:0000030c 00000109H .CRT$XIC                DATA
 0003:00000418 00000104H .CRT$XIZ                DATA
 0003:0000051c 00000104H .CRT$XPA                DATA
 0003:00000620 00000104H .CRT$XPX                DATA
 0003:00000724 00000104H .CRT$XPZ                DATA
 0003:00000828 00000104H .CRT$XTA                DATA
 0003:0000092c 00000104H .CRT$XTZ                DATA
 0003:00000a30 000041c6H .data                   DATA
 0003:00004bf8 0018f01cH .bss                    DATA
 0004:00000000 00000014H .idata$2                DATA
 0004:00000014 00000014H .idata$3                DATA
 0004:00000028 00000194H .idata$4                DATA
 0004:000001bc 00000194H .idata$5                DATA
 0004:00000350 000006d5H .idata$6                DATA

  Address         Publics by Value              Rva+Base     Lib:Object

 0001:00002510       _BotNumActivePlayers       20003510 f   ai_chat.obj
 0001:00002640       _BotIsFirstInRankings      20003640 f   ai_chat.obj
 0001:00002790       _BotIsLastInRankings       20003790 f   ai_chat.obj
 0001:000028e0       _BotFirstClientInRankings  200038e0 f   ai_chat.obj
 0001:00002a60       _BotLastClientInRankings   20003a60 f   ai_chat.obj
 0001:00002be0       _BotRandomOpponentName     20003be0 f   ai_chat.obj
 0001:00002e20       _BotMapTitle               20003e20 f   ai_chat.obj
 0001:00002e90       _BotWeaponNameForMeansOfDeath 20003e90 f   ai_chat.obj
 0001:00002f90       _BotRandomWeaponName       20003f90 f   ai_chat.obj
 0001:00003060       _BotVisibleEnemies         20004060 f   ai_chat.obj
 0001:000031b0       _BotValidChatPosition      200041b0 f   ai_chat.obj
 0001:000033e0       _BotChat_EnterGame         200043e0 f   ai_chat.obj
 0001:00003570       _BotChat_ExitGame          20004570 f   ai_chat.obj
 0001:000036e0       _BotChat_StartLevel        200046e0 f   ai_chat.obj
 0001:00003860       _BotChat_EndLevel          20004860 f   ai_chat.obj
 0001:00003b10       _BotChat_Death             20004b10 f   ai_chat.obj
 0001:000040c0       _BotChat_Kill              200050c0 f   ai_chat.obj
 0001:000043f0       _BotChat_EnemySuicide      200053f0 f   ai_chat.obj
 0001:000045b0       _BotChat_HitTalking        200055b0 f   ai_chat.obj
 0001:000047e0       _BotChat_HitNoDeath        200057e0 f   ai_chat.obj
 0001:00004a50       _BotChat_HitNoKill         20005a50 f   ai_chat.obj
 0001:00004c70       _BotChat_Random            20005c70 f   ai_chat.obj
 0001:00004fe0       _BotChatTime               20005fe0 f   ai_chat.obj
 0001:00005030       _BotChatTest               20006030 f   ai_chat.obj
 0001:000060e0       _BotPrintTeamGoal          200070e0 f   ai_cmd.obj
 0001:00006390       _BotGetItemTeamGoal        20007390 f   ai_cmd.obj
 0001:00006410       _BotGetMessageTeamGoal     20007410 f   ai_cmd.obj
 0001:000064a0       _BotGetTime                200074a0 f   ai_cmd.obj
 0001:00006620       _FindClientByName          20007620 f   ai_cmd.obj
 0001:00006740       _FindEnemyByName           20007740 f   ai_cmd.obj
 0001:000068a0       _NumPlayersOnSameTeam      200078a0 f   ai_cmd.obj
 0001:00006980       _BotGetPatrolWaypoints     20007980 f   ai_cmd.obj
 0001:00006ce0       _BotAddressedToBot         20007ce0 f   ai_cmd.obj
 0001:00007010       _BotGPSToPosition          20008010 f   ai_cmd.obj
 0001:00007160       _BotMatch_HelpAccompany    20008160 f   ai_cmd.obj
 0001:00007720       _BotMatch_DefendKeyArea    20008720 f   ai_cmd.obj
 0001:00007900       _BotMatch_GetItem          20008900 f   ai_cmd.obj
 0001:00007a90       _BotMatch_Camp             20008a90 f   ai_cmd.obj
 0001:00007f60       _BotMatch_Patrol           20008f60 f   ai_cmd.obj
 0001:00008100       _BotMatch_GetFlag          20009100 f   ai_cmd.obj
 0001:000082a0       _BotMatch_AttackEnemyBase  200092a0 f   ai_cmd.obj
 0001:00008410       _BotMatch_RushBase         20009410 f   ai_cmd.obj
 0001:00008580       _BotMatch_TaskPreference   20009580 f   ai_cmd.obj
 0001:000087a0       _BotMatch_ReturnFlag       200097a0 f   ai_cmd.obj
 0001:000088f0       _BotMatch_JoinSubteam      200098f0 f   ai_cmd.obj
 0001:00008a10       _BotMatch_LeaveSubteam     20009a10 f   ai_cmd.obj
 0001:00008b10       _BotMatch_WhichTeam        20009b10 f   ai_cmd.obj
 0001:00008bd0       _BotMatch_CheckPoint       20009bd0 f   ai_cmd.obj
 0001:00008f40       _BotMatch_FormationSpace   20009f40 f   ai_cmd.obj
 0001:00009060       _BotMatch_Dismiss          2000a060 f   ai_cmd.obj
 0001:00009160       _BotMatch_Suicide          2000a160 f   ai_cmd.obj
 0001:00009230       _BotMatch_StartTeamLeaderShip 2000a230 f   ai_cmd.obj
 0001:00009320       _BotMatch_StopTeamLeaderShip 2000a320 f   ai_cmd.obj
 0001:00009430       _BotMatch_WhoIsTeamLeader  2000a430 f   ai_cmd.obj
 0001:000094c0       _BotMatch_WhatAreYouDoing  2000a4c0 f   ai_cmd.obj
 0001:000097f0       _BotMatch_WhatIsMyCommand  2000a7f0 f   ai_cmd.obj
 0001:00009850       _BotNearestVisibleItem     2000a850 f   ai_cmd.obj
 0001:00009a20       _BotMatch_WhereAreYou      2000aa20 f   ai_cmd.obj
 0001:00009db0       _BotMatch_LeadTheWay       2000adb0 f   ai_cmd.obj
 0001:0000a150       _BotMatch_Kill             2000b150 f   ai_cmd.obj
 0001:0000a300       _BotMatch_CTF              2000b300 f   ai_cmd.obj
 0001:0000a530       _BotMatch_EnterGame        2000b530 f   ai_cmd.obj
 0001:0000a590       _BotMatch_NewLeader        2000b590 f   ai_cmd.obj
 0001:0000a610       _BotMatchMessage           2000b610 f   ai_cmd.obj
 0001:0000aae0       _BotResetNodeSwitches      2000bae0 f   ai_dmnet.obj
 0001:0000ab00       _BotDumpNodeSwitches       2000bb00 f   ai_dmnet.obj
 0001:0000abb0       _BotRecordNodeSwitch       2000bbb0 f   ai_dmnet.obj
 0001:0000ac70       _BotGetAirGoal             2000bc70 f   ai_dmnet.obj
 0001:0000ae80       _BotGoForAir               2000be80 f   ai_dmnet.obj
 0001:0000afb0       _BotNearbyGoal             2000bfb0 f   ai_dmnet.obj
 0001:0000b0a0       _BotReachedGoal            2000c0a0 f   ai_dmnet.obj
 0001:0000b2d0       _BotGetItemLongTermGoal    2000c2d0 f   ai_dmnet.obj
 0001:0000b470       _BotGetLongTermGoal        2000c470 f   ai_dmnet.obj
 0001:0000da20       _BotLongTermGoal           2000ea20 f   ai_dmnet.obj
 0001:0000e070       _AIEnter_Intermission      2000f070 f   ai_dmnet.obj
 0001:0000e100       _AINode_Intermission       2000f100 f   ai_dmnet.obj
 0001:0000e1a0       _AIEnter_Observer          2000f1a0 f   ai_dmnet.obj
 0001:0000e200       _AINode_Observer           2000f200 f   ai_dmnet.obj
 0001:0000e250       _AIEnter_Stand             2000f250 f   ai_dmnet.obj
 0001:0000e2b0       _AINode_Stand              2000f2b0 f   ai_dmnet.obj
 0001:0000e420       _AIEnter_Respawn           2000f420 f   ai_dmnet.obj
 0001:0000e570       _AINode_Respawn            2000f570 f   ai_dmnet.obj
 0001:0000e6c0       _BotSelectActivateWeapon   2000f6c0 f   ai_dmnet.obj
 0001:0000e7f0       _BotClearPath              2000f7f0 f   ai_dmnet.obj
 0001:0000ed80       _AIEnter_Seek_ActivateEntity 2000fd80 f   ai_dmnet.obj
 0001:0000edd0       _AINode_Seek_ActivateEntity 2000fdd0 f   ai_dmnet.obj
 0001:0000f7e0       _AIEnter_Seek_NBG          200107e0 f   ai_dmnet.obj
 0001:0000f890       _AINode_Seek_NBG           20010890 f   ai_dmnet.obj
 0001:0000fe70       _AIEnter_Seek_LTG          20010e70 f   ai_dmnet.obj
 0001:0000ff20       _AINode_Seek_LTG           20010f20 f   ai_dmnet.obj
 0001:00010730       _AIEnter_Battle_Fight      20011730 f   ai_dmnet.obj
 0001:00010790       _AIEnter_Battle_SuicidalFight 20011790 f   ai_dmnet.obj
 0001:00010810       _AINode_Battle_Fight       20011810 f   ai_dmnet.obj
 0001:00010e50       _AIEnter_Battle_Chase      20011e50 f   ai_dmnet.obj
 0001:00010eb0       _AINode_Battle_Chase       20011eb0 f   ai_dmnet.obj
 0001:00011560       _AIEnter_Battle_Retreat    20012560 f   ai_dmnet.obj
 0001:000115b0       _AINode_Battle_Retreat     200125b0 f   ai_dmnet.obj
 0001:00011d90       _AIEnter_Battle_NBG        20012d90 f   ai_dmnet.obj
 0001:00011de0       _AINode_Battle_NBG         20012de0 f   ai_dmnet.obj
 0001:00012450       _BotSetUserInfo            20013450 f   ai_dmq3.obj
 0001:000124e0       _BotCTFCarryingFlag        200134e0 f   ai_dmq3.obj
 0001:00012540       _BotTeam                   20013540 f   ai_dmq3.obj
 0001:00012610       _BotOppositeTeam           20013610 f   ai_dmq3.obj
 0001:00012660       _BotEnemyFlag              20013660 f   ai_dmq3.obj
 0001:000126a0       _BotTeamFlag               200136a0 f   ai_dmq3.obj
 0001:000126e0       _EntityIsDead              200136e0 f   ai_dmq3.obj
 0001:00012740       _EntityCarriesFlag         20013740 f   ai_dmq3.obj
 0001:00012790       _EntityIsInvisible         20013790 f   ai_dmq3.obj
 0001:000127e0       _EntityIsShooting          200137e0 f   ai_dmq3.obj
 0001:00012820       _EntityIsChatting          20013820 f   ai_dmq3.obj
 0001:00012860       _EntityHasQuad             20013860 f   ai_dmq3.obj
 0001:00012890       _BotRememberLastOrderedTask 20013890 f   ai_dmq3.obj
 0001:00012920       _BotSetTeamStatus          20013920 f   ai_dmq3.obj
 0001:00012940       _BotSetLastOrderedTask     20013940 f   ai_dmq3.obj
 0001:00012b70       _BotRefuseOrder            20013b70 f   ai_dmq3.obj
 0001:00012c20       _BotCTFSeekGoals           20013c20 f   ai_dmq3.obj
 0001:00013a20       _BotCTFRetreatGoals        20014a20 f   ai_dmq3.obj
 0001:00013ae0       _BotTeamGoals              20014ae0 f   ai_dmq3.obj
 0001:00013b50       _BotPointAreaNum           20014b50 f   ai_dmq3.obj
 0001:00013bf0       _ClientName                20014bf0 f   ai_dmq3.obj
 0001:00013cb0       _ClientSkin                20014cb0 f   ai_dmq3.obj
 0001:00013d60       _ClientFromName            20014d60 f   ai_dmq3.obj
 0001:00013e40       _ClientOnSameTeamFromName  20014e40 f   ai_dmq3.obj
 0001:00013f40       _stristr                   20014f40 f   ai_dmq3.obj
 0001:00014000       _EasyClientName            20015000 f   ai_dmq3.obj
 0001:00014340       _BotSynonymContext         20015340 f   ai_dmq3.obj
 0001:000143a0       _BotChooseWeapon           200153a0 f   ai_dmq3.obj
 0001:00014470       _BotSetupForMovement       20015470 f   ai_dmq3.obj
 0001:00014630       _BotCheckItemPickup        20015630 f   ai_dmq3.obj
 0001:00014650       _BotUpdateInventory        20015650 f   ai_dmq3.obj
 0001:00014a10       _BotUpdateBattleInventory  20015a10 f   ai_dmq3.obj
 0001:00014ac0       _BotBattleUseItems         20015ac0 f   ai_dmq3.obj
 0001:00014b50       _BotSetTeleportTime        20015b50 f   ai_dmq3.obj
 0001:00014bb0       _BotIsDead                 20015bb0 f   ai_dmq3.obj
 0001:00014be0       _BotIsObserver             20015be0 f   ai_dmq3.obj
 0001:00014c70       _BotIntermission           20015c70 f   ai_dmq3.obj
 0001:00014cd0       _BotInLavaOrSlime          20015cd0 f   ai_dmq3.obj
 0001:00014d40       _BotCreateWayPoint         20015d40 f   ai_dmq3.obj
 0001:00014e80       _BotFindWayPoint           20015e80 f   ai_dmq3.obj
 0001:00014ee0       _BotFreeWaypoints          20015ee0 f   ai_dmq3.obj
 0001:00014f30       _BotInitWaypoints          20015f30 f   ai_dmq3.obj
 0001:00014fa0       _TeamPlayIsOn              20015fa0 f   ai_dmq3.obj
 0001:00014fd0       _BotAggression             20015fd0 f   ai_dmq3.obj
 0001:000151c0       _BotFeelingBad             200161c0 f   ai_dmq3.obj
 0001:00015240       _BotWantsToRetreat         20016240 f   ai_dmq3.obj
 0001:00015310       _BotWantsToChase           20016310 f   ai_dmq3.obj
 0001:000153d0       _BotWantsToHelp            200163d0 f   ai_dmq3.obj
 0001:000153f0       _BotCanAndWantsToRocketJump 200163f0 f   ai_dmq3.obj
 0001:000154d0       _BotHasPersistantPowerupAndWeapon 200164d0 f   ai_dmq3.obj
 0001:00015670       _BotGoCamp                 20016670 f   ai_dmq3.obj
 0001:000157b0       _BotWantsToCamp            200167b0 f   ai_dmq3.obj
 0001:00015a80       _BotDontAvoid              20016a80 f   ai_dmq3.obj
 0001:00015af0       _BotGoForPowerups          20016af0 f   ai_dmq3.obj
 0001:00015b80       _BotRoamGoal               20016b80 f   ai_dmq3.obj
 0001:00015fc0       _BotAttackMove             20016fc0 f   ai_dmq3.obj
 0001:00016880       _BotSameTeam               20017880 f   ai_dmq3.obj
 0001:00016990       _InFieldOfVision           20017990 f   ai_dmq3.obj
 0001:00016ae0       _BotEntityVisible          20017ae0 f   ai_dmq3.obj
 0001:000171b0       _BotFindEnemy              200181b0 f   ai_dmq3.obj
 0001:00017800       _BotTeamFlagCarrierVisible 20018800 f   ai_dmq3.obj
 0001:00017920       _BotTeamFlagCarrier        20018920 f   ai_dmq3.obj
 0001:000179e0       _BotEnemyFlagCarrierVisible 200189e0 f   ai_dmq3.obj
 0001:00017b00       _BotVisibleTeamMatesAndEnemies 20018b00 f   ai_dmq3.obj
 0001:00017ce0       _BotAimAtEnemy             20018ce0 f   ai_dmq3.obj
 0001:00019320       _BotCheckAttack            2001a320 f   ai_dmq3.obj
 0001:000199e0       _BotMapScripts             2001a9e0 f   ai_dmq3.obj
 0001:00019f60       _BotSetMovedir             2001af60 f   ai_dmq3.obj
 0001:0001a090       _BotModelMinsMaxs          2001b090 f   ai_dmq3.obj
 0001:0001a270       _BotFuncButtonActivateGoal 2001b270 f   ai_dmq3.obj
 0001:0001b130       _BotFuncDoorActivateGoal   2001c130 f   ai_dmq3.obj
 0001:0001b380       _BotTriggerMultipleActivateGoal 2001c380 f   ai_dmq3.obj
 0001:0001b730       _BotPopFromActivateGoalStack 2001c730 f   ai_dmq3.obj
 0001:0001b7c0       _BotPushOntoActivateGoalStack 2001c7c0 f   ai_dmq3.obj
 0001:0001b920       _BotClearActivateGoalStack 2001c920 f   ai_dmq3.obj
 0001:0001b960       _BotEnableActivateGoalAreas 2001c960 f   ai_dmq3.obj
 0001:0001b9f0       _BotIsGoingToActivateEntity 2001c9f0 f   ai_dmq3.obj
 0001:0001bb00       _BotGetActivateGoal        2001cb00 f   ai_dmq3.obj
 0001:0001c5c0       _BotGoForActivateGoal      2001d5c0 f   ai_dmq3.obj
 0001:0001c6b0       _BotPrintActivateGoalInfo  2001d6b0 f   ai_dmq3.obj
 0001:0001c800       _BotRandomMove             2001d800 f   ai_dmq3.obj
 0001:0001c8c0       _BotAIBlocked              2001d8c0 f   ai_dmq3.obj
 0001:0001cd50       _BotAIPredictObstacles     2001dd50 f   ai_dmq3.obj
 0001:0001cf70       _BotCheckConsoleMessages   2001df70 f   ai_dmq3.obj
 0001:0001d4d0       _BotCheckForGrenades       2001e4d0 f   ai_dmq3.obj
 0001:0001d530       _BotCheckEvents            2001e530 f   ai_dmq3.obj
 0001:0001dae0       _BotCheckSnapshot          2001eae0 f   ai_dmq3.obj
 0001:0001dc00       _BotCheckAir               2001ec00 f   ai_dmq3.obj
 0001:0001dc60       _BotAlternateRoute         2001ec60 f   ai_dmq3.obj
 0001:0001dd40       _BotGetAlternateRouteGoal  2001ed40 f   ai_dmq3.obj
 0001:0001dee0       _BotSetupAlternativeRouteGoals 2001eee0 f   ai_dmq3.obj
 0001:0001df10       _BotDeathmatchAI           2001ef10 f   ai_dmq3.obj
 0001:0001e3b0       _BotSetEntityNumForGoalWithModel 2001f3b0 f   ai_dmq3.obj
 0001:0001e4c0       _BotSetEntityNumForGoal    2001f4c0 f   ai_dmq3.obj
 0001:0001e5b0       _BotGoalForBSPEntity       2001f5b0 f   ai_dmq3.obj
 0001:0001e7c0       _BotSetupDeathmatchAI      2001f7c0 f   ai_dmq3.obj
 0001:0001ea20       _BotShutdownDeathmatchAI   2001fa20 f   ai_dmq3.obj
 0001:0001ea40       _BotAI_Print               2001fa40 f   ai_main.obj
 0001:0001eb80       _BotAI_Trace               2001fb80 f   ai_main.obj
 0001:0001ec90       _BotAI_GetClientState      2001fc90 f   ai_main.obj
 0001:0001ed10       _BotAI_GetEntityState      2001fd10 f   ai_main.obj
 0001:0001edc0       _BotAI_GetSnapshotEntity   2001fdc0 f   ai_main.obj
 0001:0001ee30       _BotAI_BotInitialChat      2001fe30 f   ai_main.obj
 0001:0001ef30       _BotTestAAS                2001ff30 f   ai_main.obj
 0001:0001f040       _BotReportStatus           20020040 f   ai_main.obj
 0001:0001f540       _BotTeamplayReport         20020540 f   ai_main.obj
 0001:0001f7a0       _BotSetInfoConfigString    200207a0 f   ai_main.obj
 0001:0001fc50       _BotUpdateInfoConfigStrings 20020c50 f   ai_main.obj
 0001:0001fd50       _BotInterbreedBots         20020d50 f   ai_main.obj
 0001:0001ff80       _BotWriteInterbreeded      20020f80 f   ai_main.obj
 0001:00020080       _BotInterbreedEndMatch     20021080 f   ai_main.obj
 0001:00020130       _BotInterbreeding          20021130 f   ai_main.obj
 0001:000202b0       _BotEntityInfo             200212b0 f   ai_main.obj
 0001:000202e0       _NumBots                   200212e0 f   ai_main.obj
 0001:00020300       _BotTeamLeader             20021300 f   ai_main.obj
 0001:00020370       _AngleDifference           20021370 f   ai_main.obj
 0001:000203f0       _BotChangeViewAngle        200213f0 f   ai_main.obj
 0001:00020510       _BotChangeViewAngles       20021510 f   ai_main.obj
 0001:00020940       _BotInputToUserCommand     20021940 f   ai_main.obj
 0001:00020e50       _BotUpdateInput            20021e50 f   ai_main.obj
 0001:00020fe0       _BotAIRegularUpdate        20021fe0 f   ai_main.obj
 0001:00021030       _RemoveColorEscapeSequences 20022030 f   ai_main.obj
 0001:00021110       _BotAI                     20022110 f   ai_main.obj
 0001:00021690       _BotScheduleBotThink       20022690 f   ai_main.obj
 0001:00021730       _BotWriteSessionData       20022730 f   ai_main.obj
 0001:000218a0       _BotReadSessionData        200228a0 f   ai_main.obj
 0001:000219f0       _BotAISetupClient          200229f0 f   ai_main.obj
 0001:00021fa0       _BotAIShutdownClient       20022fa0 f   ai_main.obj
 0001:00022120       _BotResetState             20023120 f   ai_main.obj
 0001:000223d0       _BotAILoadMap              200233d0 f   ai_main.obj
 0001:000224b0       _BotAIStartFrame           200234b0 f   ai_main.obj
 0001:00022cf0       _BotInitLibrary            20023cf0 f   ai_main.obj
 0001:000232d0       _BotAISetup                200242d0 f   ai_main.obj
 0001:000234c0       _BotAIShutdown             200244c0 f   ai_main.obj
 0001:00023550       _BotValidTeamLeader        20024550 f   ai_team.obj
 0001:000235b0       _BotNumTeamMates           200245b0 f   ai_team.obj
 0001:000236f0       _BotClientTravelTimeToGoal 200246f0 f   ai_team.obj
 0001:00023780       _BotSortTeamMatesByBaseTravelTime 20024780 f   ai_team.obj
 0001:000239f0       _BotSetTeamMateTaskPreference 200249f0 f   ai_team.obj
 0001:00023a50       _BotGetTeamMateTaskPreference 20024a50 f   ai_team.obj
 0001:00023ad0       _BotSortTeamMatesByTaskPreference 20024ad0 f   ai_team.obj
 0001:00023cf0       _BotSayTeamOrderAlways     20024cf0 f   ai_team.obj
 0001:00023dd0       _BotSayTeamOrder           20024dd0 f   ai_team.obj
 0001:00023e00       _BotVoiceChat              20024e00 f   ai_team.obj
 0001:00023e20       _BotVoiceChatOnly          20024e20 f   ai_team.obj
 0001:00023e40       _BotSayVoiceTeamOrder      20024e40 f   ai_team.obj
 0001:00023e60       _BotCTFOrders_BothFlagsNotAtBase 20024e60 f   ai_team.obj
 0001:00024540       _BotCTFOrders_FlagNotAtBase 20025540 f   ai_team.obj
 0001:00024ea0       _BotCTFOrders_EnemyFlagNotAtBase 20025ea0 f   ai_team.obj
 0001:000254b0       _BotCTFOrders_BothFlagsAtBase 200264b0 f   ai_team.obj
 0001:00025e10       _BotCTFOrders              20026e10 f   ai_team.obj
 0001:00025ef0       _BotCreateGroup            20026ef0 f   ai_team.obj
 0001:00025fe0       _BotTeamOrders             20026fe0 f   ai_team.obj
 0001:000262d0       _FindHumanTeamLeader       200272d0 f   ai_team.obj
 0001:000263c0       _BotTeamAI                 200273c0 f   ai_team.obj
 0001:00026970       _BotVoiceChat_GetFlag      20027970 f   ai_vcmd.obj
 0001:00026aa0       _BotVoiceChat_Offense      20027aa0 f   ai_vcmd.obj
 0001:00026bb0       _BotVoiceChat_Defend       20027bb0 f   ai_vcmd.obj
 0001:00026d10       _BotVoiceChat_DefendFlag   20027d10 f   ai_vcmd.obj
 0001:00026d40       _BotVoiceChat_Patrol       20027d40 f   ai_vcmd.obj
 0001:00026e00       _BotVoiceChat_Camp         20027e00 f   ai_vcmd.obj
 0001:00027070       _BotVoiceChat_FollowMe     20028070 f   ai_vcmd.obj
 0001:00027300       _BotVoiceChat_FollowFlagCarrier 20028300 f   ai_vcmd.obj
 0001:00027360       _BotVoiceChat_ReturnFlag   20028360 f   ai_vcmd.obj
 0001:00027450       _BotVoiceChat_StartLeader  20028450 f   ai_vcmd.obj
 0001:00027480       _BotVoiceChat_StopLeader   20028480 f   ai_vcmd.obj
 0001:000274f0       _BotVoiceChat_WhoIsLeader  200284f0 f   ai_vcmd.obj
 0001:000275b0       _BotVoiceChat_WantOnDefense 200285b0 f   ai_vcmd.obj
 0001:00027690       _BotVoiceChat_WantOnOffense 20028690 f   ai_vcmd.obj
 0001:00027770       _BotVoiceChat_Dummy        20028770 f   ai_vcmd.obj
 0001:00027790       _BotVoiceChatCommand       20028790 f   ai_vcmd.obj
 0001:00027a60       _BG_FindItemForPowerup     20028a60 f   bg_misc.obj
 0001:00027b00       _BG_FindItemForHoldable    20028b00 f   bg_misc.obj
 0001:00027b90       _BG_FindItemForWeapon      20028b90 f   bg_misc.obj
 0001:00027c00       _BG_FindItem               20028c00 f   bg_misc.obj
 0001:00027c60       _BG_PlayerTouchesItem      20028c60 f   bg_misc.obj
 0001:00027d50       _BG_CanItemBeGrabbed       20028d50 f   bg_misc.obj
 0001:00028010       _BG_EvaluateTrajectory     20029010 f   bg_misc.obj
 0001:00028300       _BG_EvaluateTrajectoryDelta 20029300 f   bg_misc.obj
 0001:00028530       _BG_AddPredictableEventToPlayerstate 20029530 f   bg_misc.obj
 0001:00028610       _BG_TouchJumpPad           20029610 f   bg_misc.obj
 0001:00028730       _BG_PlayerStateToEntityState 20029730 f   bg_misc.obj
 0001:00028b60       _BG_PlayerStateToEntityStateExtraPolate 20029b60 f   bg_misc.obj
 0001:00028fb0       _PM_AddEvent               20029fb0 f   bg_pmove.obj
 0001:00028fe0       _PM_AddTouchEnt            20029fe0 f   bg_pmove.obj
 0001:00029090       _PM_ClipVelocity           2002a090 f   bg_pmove.obj
 0001:00029150       _PM_UpdateViewAngles       2002a150 f   bg_pmove.obj
 0001:00029290       _PmoveSingle               2002a290 f   bg_pmove.obj
 0001:0002d1d0       _Pmove                     2002e1d0 f   bg_pmove.obj
 0001:0002d300       _PM_SlideMove              2002e300 f   bg_slidemove.obj
 0001:0002dde0       _PM_StepSlideMove          2002ede0 f   bg_slidemove.obj
 0001:0002e320       _P_DamageFeedback          2002f320 f   g_active.obj
 0001:0002e520       _P_WorldEffects            2002f520 f   g_active.obj
 0001:0002e870       _G_SetClientSound          2002f870 f   g_active.obj
 0001:0002e8e0       _ClientImpacts             2002f8e0 f   g_active.obj
 0001:0002ea20       _G_TouchTriggers           2002fa20 f   g_active.obj
 0001:0002ee60       _SpectatorThink            2002fe60 f   g_active.obj
 0001:0002f000       _ClientInactivityTimer     20030000 f   g_active.obj
 0001:0002f190       _ClientTimerActions        20030190 f   g_active.obj
 0001:0002f400       _ClientIntermissionThink   20030400 f   g_active.obj
 0001:0002f4b0       _ClientEvents              200304b0 f   g_active.obj
 0001:0002f7c0       _SendPendingPredictableEvents 200307c0 f   g_active.obj
 0001:0002f910       _ClientThink_real          20030910 f   g_active.obj
 0001:00030180       _ClientThink               20031180 f   g_active.obj
 0001:00030220       _G_RunClient               20031220 f   g_active.obj
 0001:00030280       _SpectatorClientEndFrame   20031280 f   g_active.obj
 0001:00030460       _ClientEndFrame            20031460 f   g_active.obj
 0001:00030630       _UpdateTournamentInfo      20031630 f   g_arenas.obj
 0001:00030930       _SpawnModelsOnVictoryPads  20031930 f   g_arenas.obj
 0001:000317f0       _Svcmd_AbortPodium_f       200327f0 f   g_arenas.obj
 0001:00031850       _trap_Cvar_VariableValue   20032850 f   g_bot.obj
 0001:000318a0       _G_ParseInfos              200328a0 f   g_bot.obj
 0001:00031ae0       _G_GetArenaInfoByMap       20032ae0 f   g_bot.obj
 0001:00031b60       _G_AddRandomBot            20032b60 f   g_bot.obj
 0001:00031eb0       _G_RemoveRandomBot         20032eb0 f   g_bot.obj
 0001:00031fb0       _G_CountHumanPlayers       20032fb0 f   g_bot.obj
 0001:00032070       _G_CountBotPlayers         20033070 f   g_bot.obj
 0001:00032190       _G_CheckMinimumPlayers     20033190 f   g_bot.obj
 0001:00032430       _G_CheckBotSpawn           20033430 f   g_bot.obj
 0001:000325e0       _G_RemoveQueuedBotBegin    200335e0 f   g_bot.obj
 0001:00032640       _G_BotConnect              20033640 f   g_bot.obj
 0001:00032750       _Svcmd_AddBot_f            20033750 f   g_bot.obj
 0001:00032f90       _Svcmd_BotList_f           20033f90 f   g_bot.obj
 0001:00033190       _G_GetBotInfoByNumber      20034190 f   g_bot.obj
 0001:000331f0       _G_GetBotInfoByName        200341f0 f   g_bot.obj
 0001:00033280       _G_InitBots                20034280 f   g_bot.obj
 0001:00033c90       _SP_info_player_deathmatch 20034c90 f   g_client.obj
 0001:00033d20       _SP_info_player_start      20034d20 f   g_client.obj
 0001:00033d60       _SP_info_player_intermission 20034d60 f   g_client.obj
 0001:00033d80       _SpotWouldTelefrag         20034d80 f   g_client.obj
 0001:00033ec0       _SelectNearestDeathmatchSpawnPoint 20034ec0 f   g_client.obj
 0001:00033fe0       _SelectRandomDeathmatchSpawnPoint 20034fe0 f   g_client.obj
 0001:000340b0       _SelectRandomFurthestSpawnPoint 200350b0 f   g_client.obj
 0001:000344e0       _SelectSpawnPoint          200354e0 f   g_client.obj
 0001:00034510       _SelectInitialSpawnPoint   20035510 f   g_client.obj
 0001:00034620       _SelectSpectatorSpawnPoint 20035620 f   g_client.obj
 0001:000346a0       _InitBodyQue               200356a0 f   g_client.obj
 0001:00034720       _BodySink                  20035720 f   g_client.obj
 0001:000347a0       _CopyToBodyQue             200357a0 f   g_client.obj
 0001:00034c00       _SetClientViewAngle        20035c00 f   g_client.obj
 0001:00034d10       _respawn                   20035d10 f   g_client.obj
 0001:00034d80       _TeamCount                 20035d80 f   g_client.obj
 0001:00034e30       _TeamLeader                20035e30 f   g_client.obj
 0001:00034ee0       _PickTeam                  20035ee0 f   g_client.obj
 0001:00034f70       _ClientUserinfoChanged     20035f70 f   g_client.obj
 0001:000358e0       _ClientConnect             200368e0 f   g_client.obj
 0001:00035ba0       _ClientBegin               20036ba0 f   g_client.obj
 0001:00035d50       _ClientSpawn               20036d50 f   g_client.obj
 0001:000366b0       _ClientDisconnect          200376b0 f   g_client.obj
 0001:00036980       _DeathmatchScoreboardMessage 20037980 f   g_cmds.obj
 0001:00036cc0       _Cmd_Score_f               20037cc0 f   g_cmds.obj
 0001:00036cf0       _CheatsOk                  20037cf0 f   g_cmds.obj
 0001:00036d90       _ConcatArgs                20037d90 f   g_cmds.obj
 0001:00036ea0       _SanitizeString            20037ea0 f   g_cmds.obj
 0001:00036f40       _ClientNumberFromString    20037f40 f   g_cmds.obj
 0001:00037140       _Cmd_Give_f                20038140 f   g_cmds.obj
 0001:000373f0       _Cmd_God_f                 200383f0 f   g_cmds.obj
 0001:000374a0       _Cmd_Notarget_f            200384a0 f   g_cmds.obj
 0001:00037550       _Cmd_Noclip_f              20038550 f   g_cmds.obj
 0001:00037610       _Cmd_LevelShot_f           20038610 f   g_cmds.obj
 0001:000376a0       _Cmd_TeamTask_f            200386a0 f   g_cmds.obj
 0001:000377b0       _Cmd_Kill_f                200387b0 f   g_cmds.obj
 0001:00037860       _BroadcastTeamChange       20038860 f   g_cmds.obj
 0001:00037970       _SetTeam                   20038970 f   g_cmds.obj
 0001:00037e80       _StopFollowing             20038e80 f   g_cmds.obj
 0001:00037f40       _Cmd_Team_f                20038f40 f   g_cmds.obj
 0001:00038150       _Cmd_Follow_f              20039150 f   g_cmds.obj
 0001:000382e0       _Cmd_FollowCycle_f         200392e0 f   g_cmds.obj
 0001:00038470       _G_Say                     20039470 f   g_cmds.obj
 0001:000388e0       _G_Voice                   200398e0 f   g_cmds.obj
 0001:00038b00       _Cmd_GameCommand_f         20039b00 f   g_cmds.obj
 0001:00038c00       _Cmd_Where_f               20039c00 f   g_cmds.obj
 0001:00038c60       _Cmd_CallVote_f            20039c60 f   g_cmds.obj
 0001:00039400       _Cmd_Vote_f                2003a400 f   g_cmds.obj
 0001:000395d0       _Cmd_CallTeamVote_f        2003a5d0 f   g_cmds.obj
 0001:00039e00       _Cmd_TeamVote_f            2003ae00 f   g_cmds.obj
 0001:0003a040       _Cmd_SetViewpos_f          2003b040 f   g_cmds.obj
 0001:0003a1c0       _Cmd_Stats_f               2003b1c0 f   g_cmds.obj
 0001:0003a1e0       _ClientCommand             2003b1e0 f   g_cmds.obj
 0001:0003b040       _ScorePlum                 2003c040 f   g_combat.obj
 0001:0003b0c0       _AddScore                  2003c0c0 f   g_combat.obj
 0001:0003b190       _TossClientItems           2003c190 f   g_combat.obj
 0001:0003b380       _LookAtKiller              2003c380 f   g_combat.obj
 0001:0003b4a0       _GibEntity                 2003c4a0 f   g_combat.obj
 0001:0003b5a0       _body_die                  2003c5a0 f   g_combat.obj
 0001:0003b600       _CheckAlmostCapture        2003c600 f   g_combat.obj
 0001:0003b850       _CheckAlmostScored         2003c850 f   g_combat.obj
 0001:0003b9b0       _player_die                2003c9b0 f   g_combat.obj
 0001:0003c140       _CheckArmor                2003d140 f   g_combat.obj
 0001:0003c200       _RaySphereIntersections    2003d200 f   g_combat.obj
 0001:0003c490       _G_Damage                  2003d490 f   g_combat.obj
 0001:0003cc70       _CanDamage                 2003dc70 f   g_combat.obj
 0001:0003cf80       _G_RadiusDamage            2003df80 f   g_combat.obj
 0001:0003d320       _Pickup_Powerup            2003e320 f   g_items.obj
 0001:0003d5f0       _Pickup_Holdable           2003e5f0 f   g_items.obj
 0001:0003d670       _Add_Ammo                  2003e670 f   g_items.obj
 0001:0003d700       _Pickup_Ammo               2003e700 f   g_items.obj
 0001:0003d780       _Combine_Weapon            2003e780 f   g_items.obj
 0001:0003d890       _Pickup_Weapon             2003e890 f   g_items.obj
 0001:0003db80       _Pickup_Health             2003eb80 f   g_items.obj
 0001:0003dca0       _Pickup_Armor              2003eca0 f   g_items.obj
 0001:0003dd50       _RespawnItem               2003ed50 f   g_items.obj
 0001:0003dfe0       _Touch_Item                2003efe0 f   g_items.obj
 0001:0003e4f0       _LaunchItem                2003f4f0 f   g_items.obj
 0001:0003e700       _Drop_Item                 2003f700 f   g_items.obj
 0001:0003e7f0       _Use_Item                  2003f7f0 f   g_items.obj
 0001:0003e820       _FinishSpawningItem        2003f820 f   g_items.obj
 0001:0003eb20       _G_CheckTeamItems          2003fb20 f   g_items.obj
 0001:0003ebe0       _ClearRegisteredItems      2003fbe0 f   g_items.obj
 0001:0003ec60       _RegisterItem              2003fc60 f   g_items.obj
 0001:0003ecb0       _SaveRegisteredItems       2003fcb0 f   g_items.obj
 0001:0003eda0       _G_ItemDisabled            2003fda0 f   g_items.obj
 0001:0003edf0       _G_SpawnItem               2003fdf0 f   g_items.obj
 0001:0003ef00       _G_BounceItem              2003ff00 f   g_items.obj
 0001:0003f1b0       _G_RunItem                 200401b0 f   g_items.obj
 0001:0003f3a0       _vmMain                    200403a0 f   g_main.obj
 0001:0003f500       _G_Printf                  20040500 f   g_main.obj
 0001:0003f560       _G_Error                   20040560 f   g_main.obj
 0001:0003f5c0       _G_FindTeams               200405c0 f   g_main.obj
 0001:0003f800       _G_RemapTeamShaders        20040800 f   g_main.obj
 0001:0003f820       _G_RegisterCvars           20040820 f   g_main.obj
 0001:0003f940       _G_UpdateCvars             20040940 f   g_main.obj
 0001:0003fa40       _G_InitGame                20040a40 f   g_main.obj
 0001:0003fda0       _G_ShutdownGame            20040da0 f   g_main.obj
 0001:0003fe30       _Com_Error                 20040e30 f   g_main.obj
 0001:0003fe90       _Com_Printf                20040e90 f   g_main.obj
 0001:0003fef0       _AddTournamentPlayer       20040ef0 f   g_main.obj
 0001:00040030       _RemoveTournamentLoser     20041030 f   g_main.obj
 0001:000400a0       _RemoveTournamentWinner    200410a0 f   g_main.obj
 0001:00040110       _AdjustTournamentScores    20041110 f   g_main.obj
 0001:00040210       _SortRanks                 20041210 f   g_main.obj
 0001:000403c0       _CalculateRanks            200413c0 f   g_main.obj
 0001:000409f0       _SendScoreboardMessageToAllClients 200419f0 f   g_main.obj
 0001:00040a70       _MoveClientToIntermission  20041a70 f   g_main.obj
 0001:00040c10       _FindIntermissionPoint     20041c10 f   g_main.obj
 0001:00040d50       _BeginIntermission         20041d50 f   g_main.obj
 0001:00040e40       _ExitLevel                 20041e40 f   g_main.obj
 0001:00040fd0       _G_LogPrintf               20041fd0 f   g_main.obj
 0001:00041140       _LogExit                   20042140 f   g_main.obj
 0001:000412c0       _CheckIntermissionExit     200422c0 f   g_main.obj
 0001:000414b0       _ScoreIsTied               200424b0 f   g_main.obj
 0001:00041550       _CheckExitRules            20042550 f   g_main.obj
 0001:00041810       _CheckTournament           20042810 f   g_main.obj
 0001:00041ba0       _CheckVote                 20042ba0 f   g_main.obj
 0001:00041cd0       _PrintTeam                 20042cd0 f   g_main.obj
 0001:00041d50       _SetLeader                 20042d50 f   g_main.obj
 0001:00041f30       _CheckTeamLeader           20042f30 f   g_main.obj
 0001:000420c0       _CheckTeamVote             200430c0 f   g_main.obj
 0001:00042270       _CheckCvars                20043270 f   g_main.obj
 0001:00042300       _G_RunThink                20043300 f   g_main.obj
 0001:00042390       _G_RunFrame                20043390 f   g_main.obj
 0001:00042710       _G_Alloc                   20043710 f   g_mem.obj
 0001:000427c0       _G_InitMemory              200437c0 f   g_mem.obj
 0001:000427e0       _Svcmd_GameMem_f           200437e0 f   g_mem.obj
 0001:00042820       _SP_info_camp              20043820 f   g_misc.obj
 0001:00042850       _SP_info_null              20043850 f   g_misc.obj
 0001:00042880       _SP_info_notnull           20043880 f   g_misc.obj
 0001:000428b0       _SP_light                  200438b0 f   g_misc.obj
 0001:000428e0       _TeleportPlayer            200438e0 f   g_misc.obj
 0001:00042ba0       _SP_misc_teleporter_dest   20043ba0 f   g_misc.obj
 0001:00042bc0       _SP_misc_model             20043bc0 f   g_misc.obj
 0001:00042bf0       _locateCamera              20043bf0 f   g_misc.obj
 0001:00042dd0       _SP_misc_portal_surface    20043dd0 f   g_misc.obj
 0001:00042ee0       _SP_misc_portal_camera     20043ee0 f   g_misc.obj
 0001:00042fb0       _Use_Shooter               20043fb0 f   g_misc.obj
 0001:000432a0       _InitShooter               200442a0 f   g_misc.obj
 0001:00043420       _SP_shooter_rocket         20044420 f   g_misc.obj
 0001:00043450       _SP_shooter_plasma         20044450 f   g_misc.obj
 0001:00043480       _SP_shooter_grenade        20044480 f   g_misc.obj
 0001:000434b0       _G_BounceMissile           200444b0 f   g_missile.obj
 0001:00043750       _G_ExplodeMissile          20044750 f   g_missile.obj
 0001:00043900       _G_MissileImpact           20044900 f   g_missile.obj
 0001:00043f90       _G_RunMissile              20044f90 f   g_missile.obj
 0001:000441b0       _fire_plasma               200451b0 f   g_missile.obj
 0001:00044400       _fire_grenade              20045400 f   g_missile.obj
 0001:00044660       _fire_bfg                  20045660 f   g_missile.obj
 0001:000448b0       _fire_rocket               200458b0 f   g_missile.obj
 0001:00044b00       _fire_brokenrocket         20045b00 f   g_missile.obj
 0001:00044d40       _fire_grapple              20045d40 f   g_missile.obj
 0001:00044f70       _G_TestEntityPosition      20045f70 f   g_mover.obj
 0001:00045080       _G_CreateRotationMatrix    20046080 f   g_mover.obj
 0001:000450d0       _G_TransposeMatrix         200460d0 f   g_mover.obj
 0001:00045150       _G_RotatePoint             20046150 f   g_mover.obj
 0001:00045210       _G_TryPushingEntity        20046210 f   g_mover.obj
 0001:000458b0       _G_CheckProxMinePosition   200468b0 f   g_mover.obj
 0001:000459d0       _G_TryPushingProxMine      200469d0 f   g_mover.obj
 0001:00045bf0       _G_MoverPush               20046bf0 f   g_mover.obj
 0001:000462f0       _G_MoverTeam               200472f0 f   g_mover.obj
 0001:00046590       _G_RunMover                20047590 f   g_mover.obj
 0001:00046600       _SetMoverState             20047600 f   g_mover.obj
 0001:000468e0       _MatchTeam                 200478e0 f   g_mover.obj
 0001:00046930       _ReturnToPos1              20047930 f   g_mover.obj
 0001:000469a0       _Reached_BinaryMover       200479a0 f   g_mover.obj
 0001:00046b30       _Use_BinaryMover           20047b30 f   g_mover.obj
 0001:00046da0       _InitMover                 20047da0 f   g_mover.obj
 0001:000471a0       _Blocked_Door              200481a0 f   g_mover.obj
 0001:00047290       _Touch_DoorTrigger         20048290 f   g_mover.obj
 0001:000474f0       _Think_SpawnNewDoorTrigger 200484f0 f   g_mover.obj
 0001:00047780       _Think_MatchTeam           20048780 f   g_mover.obj
 0001:000477c0       _SP_func_door              200487c0 f   g_mover.obj
 0001:00047c10       _Touch_Plat                20048c10 f   g_mover.obj
 0001:00047c80       _Touch_PlatCenterTrigger   20048c80 f   g_mover.obj
 0001:00047ce0       _SpawnPlatTrigger          20048ce0 f   g_mover.obj
 0001:00047f00       _SP_func_plat              20048f00 f   g_mover.obj
 0001:00048180       _Touch_Button              20049180 f   g_mover.obj
 0001:000481d0       _SP_func_button            200491d0 f   g_mover.obj
 0001:00048490       _Think_BeginMoving         20049490 f   g_mover.obj
 0001:000484c0       _Reached_Train             200494c0 f   g_mover.obj
 0001:00048720       _Think_SetupTrainTargets   20049720 f   g_mover.obj
 0001:000488c0       _SP_path_corner            200498c0 f   g_mover.obj
 0001:00048920       _SP_func_train             20049920 f   g_mover.obj
 0001:00048a80       _SP_func_static            20049a80 f   g_mover.obj
 0001:00048b30       _SP_func_rotating          20049b30 f   g_mover.obj
 0001:00048ce0       _SP_func_bobbing           20049ce0 f   g_mover.obj
 0001:00048ea0       _SP_func_pendulum          20049ea0 f   g_mover.obj
 0001:000490a0       _G_WriteClientSessionData  2004a0a0 f   g_session.obj
 0001:00049160       _G_ReadSessionData         2004a160 f   g_session.obj
 0001:00049270       _G_InitSessionData         2004a270 f   g_session.obj
 0001:000493b0       _G_InitWorldSession        2004a3b0 f   g_session.obj
 0001:00049430       _G_WriteSessionData        2004a430 f   g_session.obj
 0001:000494e0       _G_SpawnString             2004a4e0 f   g_spawn.obj
 0001:00049580       _G_SpawnFloat              2004a580 f   g_spawn.obj
 0001:000495d0       _G_SpawnInt                2004a5d0 f   g_spawn.obj
 0001:00049620       _G_SpawnVector             2004a620 f   g_spawn.obj
 0001:00049680       _SP_item_botroam           2004a680 f   g_spawn.obj
 0001:000496a0       _G_CallSpawn               2004a6a0 f   g_spawn.obj
 0001:000497c0       _G_NewString               2004a7c0 f   g_spawn.obj
 0001:000498b0       _G_ParseField              2004a8b0 f   g_spawn.obj
 0001:00049a80       _G_SpawnGEntityFromSpawnVars 2004aa80 f   g_spawn.obj
 0001:00049cf0       _G_AddSpawnVarToken        2004acf0 f   g_spawn.obj
 0001:00049d90       _G_ParseSpawnVars          2004ad90 f   g_spawn.obj
 0001:00049f40       _SP_worldspawn             2004af40 f   g_spawn.obj
 0001:0004a180       _G_SpawnEntitiesFromString 2004b180 f   g_spawn.obj
 0001:0004a1f0       _G_FilterPacket            2004b1f0 f   g_svcmds.obj
 0001:0004a330       _G_ProcessIPBans           2004b330 f   g_svcmds.obj
 0001:0004a890       _Svcmd_AddIP_f             2004b890 f   g_svcmds.obj
 0001:0004a900       _Svcmd_RemoveIP_f          2004b900 f   g_svcmds.obj
 0001:0004aa10       _Svcmd_EntityList_f        2004ba10 f   g_svcmds.obj
 0001:0004ac40       _ClientForString           2004bc40 f   g_svcmds.obj
 0001:0004ad90       _Svcmd_ForceTeam_f         2004bd90 f   g_svcmds.obj
 0001:0004ae40       _ConsoleCommand            2004be40 f   g_svcmds.obj
 0001:0004b0d0       _dllEntry                  2004c0d0 f   g_syscalls.obj
 0001:0004b0f0       _PASSFLOAT                 2004c0f0 f   g_syscalls.obj
 0001:0004b110       _trap_Printf               2004c110 f   g_syscalls.obj
 0001:0004b140       _trap_Error                2004c140 f   g_syscalls.obj
 0001:0004b170       _trap_Milliseconds         2004c170 f   g_syscalls.obj
 0001:0004b1a0       _trap_Argc                 2004c1a0 f   g_syscalls.obj
 0001:0004b1d0       _trap_Argv                 2004c1d0 f   g_syscalls.obj
 0001:0004b200       _trap_FS_FOpenFile         2004c200 f   g_syscalls.obj
 0001:0004b230       _trap_FS_Read              2004c230 f   g_syscalls.obj
 0001:0004b260       _trap_FS_Write             2004c260 f   g_syscalls.obj
 0001:0004b290       _trap_FS_FCloseFile        2004c290 f   g_syscalls.obj
 0001:0004b2c0       _trap_FS_GetFileList       2004c2c0 f   g_syscalls.obj
 0001:0004b300       _trap_FS_Seek              2004c300 f   g_syscalls.obj
 0001:0004b330       _trap_SendConsoleCommand   2004c330 f   g_syscalls.obj
 0001:0004b360       _trap_Cvar_Register        2004c360 f   g_syscalls.obj
 0001:0004b3a0       _trap_Cvar_Update          2004c3a0 f   g_syscalls.obj
 0001:0004b3d0       _trap_Cvar_Set             2004c3d0 f   g_syscalls.obj
 0001:0004b400       _trap_Cvar_VariableIntegerValue 2004c400 f   g_syscalls.obj
 0001:0004b430       _trap_Cvar_VariableStringBuffer 2004c430 f   g_syscalls.obj
 0001:0004b460       _trap_LocateGameData       2004c460 f   g_syscalls.obj
 0001:0004b4a0       _trap_DropClient           2004c4a0 f   g_syscalls.obj
 0001:0004b4d0       _trap_SendServerCommand    2004c4d0 f   g_syscalls.obj
 0001:0004b500       _trap_SetConfigstring      2004c500 f   g_syscalls.obj
 0001:0004b530       _trap_GetConfigstring      2004c530 f   g_syscalls.obj
 0001:0004b560       _trap_GetUserinfo          2004c560 f   g_syscalls.obj
 0001:0004b590       _trap_SetUserinfo          2004c590 f   g_syscalls.obj
 0001:0004b5c0       _trap_GetServerinfo        2004c5c0 f   g_syscalls.obj
 0001:0004b5f0       _trap_SetBrushModel        2004c5f0 f   g_syscalls.obj
 0001:0004b620       _trap_Trace                2004c620 f   g_syscalls.obj
 0001:0004b670       _trap_TraceCapsule         2004c670 f   g_syscalls.obj
 0001:0004b6c0       _trap_PointContents        2004c6c0 f   g_syscalls.obj
 0001:0004b6f0       _trap_InPVS                2004c6f0 f   g_syscalls.obj
 0001:0004b720       _trap_InPVSIgnorePortals   2004c720 f   g_syscalls.obj
 0001:0004b750       _trap_AdjustAreaPortalState 2004c750 f   g_syscalls.obj
 0001:0004b780       _trap_AreasConnected       2004c780 f   g_syscalls.obj
 0001:0004b7b0       _trap_LinkEntity           2004c7b0 f   g_syscalls.obj
 0001:0004b7e0       _trap_UnlinkEntity         2004c7e0 f   g_syscalls.obj
 0001:0004b810       _trap_EntitiesInBox        2004c810 f   g_syscalls.obj
 0001:0004b850       _trap_EntityContact        2004c850 f   g_syscalls.obj
 0001:0004b880       _trap_EntityContactCapsule 2004c880 f   g_syscalls.obj
 0001:0004b8b0       _trap_BotAllocateClient    2004c8b0 f   g_syscalls.obj
 0001:0004b8e0       _trap_BotFreeClient        2004c8e0 f   g_syscalls.obj
 0001:0004b910       _trap_GetUsercmd           2004c910 f   g_syscalls.obj
 0001:0004b940       _trap_GetEntityToken       2004c940 f   g_syscalls.obj
 0001:0004b970       _trap_DebugPolygonCreate   2004c970 f   g_syscalls.obj
 0001:0004b9a0       _trap_DebugPolygonDelete   2004c9a0 f   g_syscalls.obj
 0001:0004b9d0       _trap_RealTime             2004c9d0 f   g_syscalls.obj
 0001:0004ba00       _trap_SnapVector           2004ca00 f   g_syscalls.obj
 0001:0004ba30       _trap_BotLibSetup          2004ca30 f   g_syscalls.obj
 0001:0004ba60       _trap_BotLibShutdown       2004ca60 f   g_syscalls.obj
 0001:0004ba90       _trap_BotLibVarSet         2004ca90 f   g_syscalls.obj
 0001:0004bac0       _trap_BotLibVarGet         2004cac0 f   g_syscalls.obj
 0001:0004bb00       _trap_BotLibDefine         2004cb00 f   g_syscalls.obj
 0001:0004bb30       _trap_BotLibStartFrame     2004cb30 f   g_syscalls.obj
 0001:0004bb70       _trap_BotLibLoadMap        2004cb70 f   g_syscalls.obj
 0001:0004bba0       _trap_BotLibUpdateEntity   2004cba0 f   g_syscalls.obj
 0001:0004bbd0       _trap_BotLibTest           2004cbd0 f   g_syscalls.obj
 0001:0004bc10       _trap_BotGetSnapshotEntity 2004cc10 f   g_syscalls.obj
 0001:0004bc40       _trap_BotGetServerCommand  2004cc40 f   g_syscalls.obj
 0001:0004bc80       _trap_BotUserCommand       2004cc80 f   g_syscalls.obj
 0001:0004bcb0       _trap_AAS_EntityInfo       2004ccb0 f   g_syscalls.obj
 0001:0004bce0       _trap_AAS_Initialized      2004cce0 f   g_syscalls.obj
 0001:0004bd10       _trap_AAS_PresenceTypeBoundingBox 2004cd10 f   g_syscalls.obj
 0001:0004bd50       _trap_AAS_Time             2004cd50 f   g_syscalls.obj
 0001:0004bd80       _trap_AAS_PointAreaNum     2004cd80 f   g_syscalls.obj
 0001:0004bdb0       _trap_AAS_PointReachabilityAreaIndex 2004cdb0 f   g_syscalls.obj
 0001:0004bde0       _trap_AAS_TraceAreas       2004cde0 f   g_syscalls.obj
 0001:0004be20       _trap_AAS_BBoxAreas        2004ce20 f   g_syscalls.obj
 0001:0004be60       _trap_AAS_AreaInfo         2004ce60 f   g_syscalls.obj
 0001:0004be90       _trap_AAS_PointContents    2004ce90 f   g_syscalls.obj
 0001:0004bec0       _trap_AAS_NextBSPEntity    2004cec0 f   g_syscalls.obj
 0001:0004bef0       _trap_AAS_ValueForBSPEpairKey 2004cef0 f   g_syscalls.obj
 0001:0004bf30       _trap_AAS_VectorForBSPEpairKey 2004cf30 f   g_syscalls.obj
 0001:0004bf70       _trap_AAS_FloatForBSPEpairKey 2004cf70 f   g_syscalls.obj
 0001:0004bfb0       _trap_AAS_IntForBSPEpairKey 2004cfb0 f   g_syscalls.obj
 0001:0004bff0       _trap_AAS_AreaReachability 2004cff0 f   g_syscalls.obj
 0001:0004c020       _trap_AAS_AreaTravelTimeToGoalArea 2004d020 f   g_syscalls.obj
 0001:0004c060       _trap_AAS_EnableRoutingArea 2004d060 f   g_syscalls.obj
 0001:0004c090       _trap_AAS_PredictRoute     2004d090 f   g_syscalls.obj
 0001:0004c0f0       _trap_AAS_AlternativeRouteGoals 2004d0f0 f   g_syscalls.obj
 0001:0004c140       _trap_AAS_Swimming         2004d140 f   g_syscalls.obj
 0001:0004c170       _trap_AAS_PredictClientMovement 2004d170 f   g_syscalls.obj
 0001:0004c1f0       _trap_EA_Say               2004d1f0 f   g_syscalls.obj
 0001:0004c220       _trap_EA_SayTeam           2004d220 f   g_syscalls.obj
 0001:0004c250       _trap_EA_Command           2004d250 f   g_syscalls.obj
 0001:0004c280       _trap_EA_Action            2004d280 f   g_syscalls.obj
 0001:0004c2b0       _trap_EA_Gesture           2004d2b0 f   g_syscalls.obj
 0001:0004c2e0       _trap_EA_Talk              2004d2e0 f   g_syscalls.obj
 0001:0004c310       _trap_EA_Attack            2004d310 f   g_syscalls.obj
 0001:0004c340       _trap_EA_Use               2004d340 f   g_syscalls.obj
 0001:0004c370       _trap_EA_Respawn           2004d370 f   g_syscalls.obj
 0001:0004c3a0       _trap_EA_Crouch            2004d3a0 f   g_syscalls.obj
 0001:0004c3d0       _trap_EA_MoveUp            2004d3d0 f   g_syscalls.obj
 0001:0004c400       _trap_EA_MoveDown          2004d400 f   g_syscalls.obj
 0001:0004c430       _trap_EA_MoveForward       2004d430 f   g_syscalls.obj
 0001:0004c460       _trap_EA_MoveBack          2004d460 f   g_syscalls.obj
 0001:0004c490       _trap_EA_MoveLeft          2004d490 f   g_syscalls.obj
 0001:0004c4c0       _trap_EA_MoveRight         2004d4c0 f   g_syscalls.obj
 0001:0004c4f0       _trap_EA_SelectWeapon      2004d4f0 f   g_syscalls.obj
 0001:0004c520       _trap_EA_Jump              2004d520 f   g_syscalls.obj
 0001:0004c550       _trap_EA_DelayedJump       2004d550 f   g_syscalls.obj
 0001:0004c580       _trap_EA_Move              2004d580 f   g_syscalls.obj
 0001:0004c5c0       _trap_EA_View              2004d5c0 f   g_syscalls.obj
 0001:0004c5f0       _trap_EA_EndRegular        2004d5f0 f   g_syscalls.obj
 0001:0004c630       _trap_EA_GetInput          2004d630 f   g_syscalls.obj
 0001:0004c670       _trap_EA_ResetInput        2004d670 f   g_syscalls.obj
 0001:0004c6a0       _trap_BotLoadCharacter     2004d6a0 f   g_syscalls.obj
 0001:0004c6e0       _trap_BotFreeCharacter     2004d6e0 f   g_syscalls.obj
 0001:0004c710       _trap_Characteristic_Float 2004d710 f   g_syscalls.obj
 0001:0004c750       _trap_Characteristic_BFloat 2004d750 f   g_syscalls.obj
 0001:0004c7b0       _trap_Characteristic_Integer 2004d7b0 f   g_syscalls.obj
 0001:0004c7e0       _trap_Characteristic_BInteger 2004d7e0 f   g_syscalls.obj
 0001:0004c820       _trap_Characteristic_String 2004d820 f   g_syscalls.obj
 0001:0004c860       _trap_BotAllocChatState    2004d860 f   g_syscalls.obj
 0001:0004c890       _trap_BotFreeChatState     2004d890 f   g_syscalls.obj
 0001:0004c8c0       _trap_BotQueueConsoleMessage 2004d8c0 f   g_syscalls.obj
 0001:0004c900       _trap_BotRemoveConsoleMessage 2004d900 f   g_syscalls.obj
 0001:0004c930       _trap_BotNextConsoleMessage 2004d930 f   g_syscalls.obj
 0001:0004c960       _trap_BotNumConsoleMessages 2004d960 f   g_syscalls.obj
 0001:0004c990       _trap_BotInitialChat       2004d990 f   g_syscalls.obj
 0001:0004c9f0       _trap_BotNumInitialChats   2004d9f0 f   g_syscalls.obj
 0001:0004ca20       _trap_BotReplyChat         2004da20 f   g_syscalls.obj
 0001:0004ca90       _trap_BotChatLength        2004da90 f   g_syscalls.obj
 0001:0004cac0       _trap_BotEnterChat         2004dac0 f   g_syscalls.obj
 0001:0004cb00       _trap_BotGetChatMessage    2004db00 f   g_syscalls.obj
 0001:0004cb40       _trap_StringContains       2004db40 f   g_syscalls.obj
 0001:0004cb80       _trap_BotFindMatch         2004db80 f   g_syscalls.obj
 0001:0004cbc0       _trap_BotMatchVariable     2004dbc0 f   g_syscalls.obj
 0001:0004cc00       _trap_UnifyWhiteSpaces     2004dc00 f   g_syscalls.obj
 0001:0004cc30       _trap_BotReplaceSynonyms   2004dc30 f   g_syscalls.obj
 0001:0004cc60       _trap_BotLoadChatFile      2004dc60 f   g_syscalls.obj
 0001:0004cca0       _trap_BotSetChatGender     2004dca0 f   g_syscalls.obj
 0001:0004ccd0       _trap_BotSetChatName       2004dcd0 f   g_syscalls.obj
 0001:0004cd10       _trap_BotResetGoalState    2004dd10 f   g_syscalls.obj
 0001:0004cd40       _trap_BotResetAvoidGoals   2004dd40 f   g_syscalls.obj
 0001:0004cd70       _trap_BotRemoveFromAvoidGoals 2004dd70 f   g_syscalls.obj
 0001:0004cda0       _trap_BotPushGoal          2004dda0 f   g_syscalls.obj
 0001:0004cdd0       _trap_BotPopGoal           2004ddd0 f   g_syscalls.obj
 0001:0004ce00       _trap_BotEmptyGoalStack    2004de00 f   g_syscalls.obj
 0001:0004ce30       _trap_BotDumpAvoidGoals    2004de30 f   g_syscalls.obj
 0001:0004ce60       _trap_BotDumpGoalStack     2004de60 f   g_syscalls.obj
 0001:0004ce90       _trap_BotGoalName          2004de90 f   g_syscalls.obj
 0001:0004ced0       _trap_BotGetTopGoal        2004ded0 f   g_syscalls.obj
 0001:0004cf00       _trap_BotGetSecondGoal     2004df00 f   g_syscalls.obj
 0001:0004cf30       _trap_BotChooseLTGItem     2004df30 f   g_syscalls.obj
 0001:0004cf70       _trap_BotChooseNBGItem     2004df70 f   g_syscalls.obj
 0001:0004cfc0       _trap_BotTouchingGoal      2004dfc0 f   g_syscalls.obj
 0001:0004cff0       _trap_BotItemGoalInVisButNotVisible 2004dff0 f   g_syscalls.obj
 0001:0004d030       _trap_BotGetLevelItemGoal  2004e030 f   g_syscalls.obj
 0001:0004d070       _trap_BotGetNextCampSpotGoal 2004e070 f   g_syscalls.obj
 0001:0004d0a0       _trap_BotGetMapLocationGoal 2004e0a0 f   g_syscalls.obj
 0001:0004d0d0       _trap_BotAvoidGoalTime     2004e0d0 f   g_syscalls.obj
 0001:0004d110       _trap_BotSetAvoidGoalTime  2004e110 f   g_syscalls.obj
 0001:0004d150       _trap_BotInitLevelItems    2004e150 f   g_syscalls.obj
 0001:0004d180       _trap_BotUpdateEntityItems 2004e180 f   g_syscalls.obj
 0001:0004d1b0       _trap_BotLoadItemWeights   2004e1b0 f   g_syscalls.obj
 0001:0004d1e0       _trap_BotFreeItemWeights   2004e1e0 f   g_syscalls.obj
 0001:0004d210       _trap_BotInterbreedGoalFuzzyLogic 2004e210 f   g_syscalls.obj
 0001:0004d250       _trap_BotSaveGoalFuzzyLogic 2004e250 f   g_syscalls.obj
 0001:0004d280       _trap_BotMutateGoalFuzzyLogic 2004e280 f   g_syscalls.obj
 0001:0004d2c0       _trap_BotAllocGoalState    2004e2c0 f   g_syscalls.obj
 0001:0004d2f0       _trap_BotFreeGoalState     2004e2f0 f   g_syscalls.obj
 0001:0004d320       _trap_BotResetMoveState    2004e320 f   g_syscalls.obj
 0001:0004d350       _trap_BotAddAvoidSpot      2004e350 f   g_syscalls.obj
 0001:0004d3a0       _trap_BotMoveToGoal        2004e3a0 f   g_syscalls.obj
 0001:0004d3e0       _trap_BotMoveInDirection   2004e3e0 f   g_syscalls.obj
 0001:0004d430       _trap_BotResetAvoidReach   2004e430 f   g_syscalls.obj
 0001:0004d460       _trap_BotResetLastAvoidReach 2004e460 f   g_syscalls.obj
 0001:0004d490       _trap_BotReachabilityArea  2004e490 f   g_syscalls.obj
 0001:0004d4c0       _trap_BotMovementViewTarget 2004e4c0 f   g_syscalls.obj
 0001:0004d510       _trap_BotPredictVisiblePosition 2004e510 f   g_syscalls.obj
 0001:0004d550       _trap_BotAllocMoveState    2004e550 f   g_syscalls.obj
 0001:0004d580       _trap_BotFreeMoveState     2004e580 f   g_syscalls.obj
 0001:0004d5b0       _trap_BotInitMoveState     2004e5b0 f   g_syscalls.obj
 0001:0004d5e0       _trap_BotChooseBestFightWeapon 2004e5e0 f   g_syscalls.obj
 0001:0004d610       _trap_BotGetWeaponInfo     2004e610 f   g_syscalls.obj
 0001:0004d650       _trap_BotLoadWeaponWeights 2004e650 f   g_syscalls.obj
 0001:0004d680       _trap_BotAllocWeaponState  2004e680 f   g_syscalls.obj
 0001:0004d6b0       _trap_BotFreeWeaponState   2004e6b0 f   g_syscalls.obj
 0001:0004d6e0       _trap_BotResetWeaponState  2004e6e0 f   g_syscalls.obj
 0001:0004d710       _trap_GeneticParentsAndChildSelection 2004e710 f   g_syscalls.obj
 0001:0004d750       _trap_PC_LoadSource        2004e750 f   g_syscalls.obj
 0001:0004d780       _trap_PC_FreeSource        2004e780 f   g_syscalls.obj
 0001:0004d7b0       _trap_PC_ReadToken         2004e7b0 f   g_syscalls.obj
 0001:0004d7e0       _trap_PC_SourceFileAndLine 2004e7e0 f   g_syscalls.obj
 0001:0004d820       _Use_Target_Give           2004e820 f   g_target.obj
 0001:0004d8f0       _SP_target_give            2004e8f0 f   g_target.obj
 0001:0004d920       _Use_target_remove_powerups 2004e920 f   g_target.obj
 0001:0004d9b0       _SP_target_remove_powerups 2004e9b0 f   g_target.obj
 0001:0004d9e0       _Think_Target_Delay        2004e9e0 f   g_target.obj
 0001:0004da10       _Use_Target_Delay          2004ea10 f   g_target.obj
 0001:0004dac0       _SP_target_delay           2004eac0 f   g_target.obj
 0001:0004db60       _Use_Target_Score          2004eb60 f   g_target.obj
 0001:0004dba0       _SP_target_score           2004eba0 f   g_target.obj
 0001:0004dbf0       _Use_Target_Print          2004ebf0 f   g_target.obj
 0001:0004dd30       _SP_target_print           2004ed30 f   g_target.obj
 0001:0004dd60       _Use_Target_Speaker        2004ed60 f   g_target.obj
 0001:0004de50       _SP_target_speaker         2004ee50 f   g_target.obj
 0001:0004e0a0       _target_laser_think        2004f0a0 f   g_target.obj
 0001:0004e350       _target_laser_on           2004f350 f   g_target.obj
 0001:0004e3a0       _target_laser_off          2004f3a0 f   g_target.obj
 0001:0004e3e0       _target_laser_use          2004f3e0 f   g_target.obj
 0001:0004e440       _target_laser_start        2004f440 f   g_target.obj
 0001:0004e580       _SP_target_laser           2004f580 f   g_target.obj
 0001:0004e5c0       _target_teleporter_use     2004f5c0 f   g_target.obj
 0001:0004e640       _SP_target_teleporter      2004f640 f   g_target.obj
 0001:0004e6b0       _target_relay_use          2004f6b0 f   g_target.obj
 0001:0004e7c0       _SP_target_relay           2004f7c0 f   g_target.obj
 0001:0004e7f0       _target_kill_use           2004f7f0 f   g_target.obj
 0001:0004e830       _SP_target_kill            2004f830 f   g_target.obj
 0001:0004e860       _SP_target_position        2004f860 f   g_target.obj
 0001:0004e890       _SP_target_location        2004f890 f   g_target.obj
 0001:0004ea20       _Team_InitGame             2004fa20 f   g_team.obj
 0001:0004eaa0       _OtherTeam                 2004faa0 f   g_team.obj
 0001:0004eae0       _TeamName                  2004fae0 f   g_team.obj
 0001:0004eb30       _OtherTeamName             2004fb30 f   g_team.obj
 0001:0004eb80       _TeamColorString           2004fb80 f   g_team.obj
 0001:0004ebd0       _PrintMsg                  2004fbd0 f   g_team.obj
 0001:0004ecd0       _AddTeamScore              2004fcd0 f   g_team.obj
 0001:0004ee20       _OnSameTeam                2004fe20 f   g_team.obj
 0001:0004eea0       _Team_SetFlagStatus        2004fea0 f   g_team.obj
 0001:0004efb0       _Team_CheckDroppedItem     2004ffb0 f   g_team.obj
 0001:0004f010       _Team_ForceGesture         20050010 f   g_team.obj
 0001:0004f0c0       _Team_FragBonuses          200500c0 f   g_team.obj
 0001:0004fa90       _Team_CheckHurtCarrier     20050a90 f   g_team.obj
 0001:0004fbb0       _Team_ResetFlag            20050bb0 f   g_team.obj
 0001:0004fca0       _Team_ResetFlags           20050ca0 f   g_team.obj
 0001:0004fce0       _Team_ReturnFlagSound      20050ce0 f   g_team.obj
 0001:0004fd70       _Team_TakeFlagSound        20050d70 f   g_team.obj
 0001:0004fe90       _Team_CaptureFlagSound     20050e90 f   g_team.obj
 0001:0004ff20       _Team_ReturnFlag           20050f20 f   g_team.obj
 0001:0004ffa0       _Team_FreeEntity           20050fa0 f   g_team.obj
 0001:00050000       _Team_DroppedFlagThink     20051000 f   g_team.obj
 0001:00050080       _Team_TouchOurFlag         20051080 f   g_team.obj
 0001:000504d0       _Team_TouchEnemyFlag       200514d0 f   g_team.obj
 0001:000505b0       _Pickup_Team               200515b0 f   g_team.obj
 0001:00050690       _Team_GetLocation          20051690 f   g_team.obj
 0001:000507d0       _Team_GetLocationMsg       200517d0 f   g_team.obj
 0001:000508c0       _SelectRandomTeamSpawnPoint 200518c0 f   g_team.obj
 0001:00050a10       _SelectCTFSpawnPoint       20051a10 f   g_team.obj
 0001:00050ae0       _TeamplayInfoMessage       20051ae0 f   g_team.obj
 0001:00050ed0       _CheckTeamStatus           20051ed0 f   g_team.obj
 0001:000510a0       _SP_team_CTF_redplayer     200520a0 f   g_team.obj
 0001:000510c0       _SP_team_CTF_blueplayer    200520c0 f   g_team.obj
 0001:000510e0       _SP_team_CTF_redspawn      200520e0 f   g_team.obj
 0001:00051100       _SP_team_CTF_bluespawn     20052100 f   g_team.obj
 0001:00051120       _InitTrigger               20052120 f   g_trigger.obj
 0001:000511b0       _multi_wait                200521b0 f   g_trigger.obj
 0001:000511e0       _multi_trigger             200521e0 f   g_trigger.obj
 0001:000513f0       _Use_Multi                 200523f0 f   g_trigger.obj
 0001:00051420       _Touch_Multi               20052420 f   g_trigger.obj
 0001:00051460       _SP_trigger_multiple       20052460 f   g_trigger.obj
 0001:00051560       _trigger_always_think      20052560 f   g_trigger.obj
 0001:000515a0       _SP_trigger_always         200525a0 f   g_trigger.obj
 0001:000515e0       _trigger_push_touch        200525e0 f   g_trigger.obj
 0001:00051630       _AimAtTarget               20052630 f   g_trigger.obj
 0001:00051810       _SP_trigger_push           20052810 f   g_trigger.obj
 0001:000518b0       _Use_target_push           200528b0 f   g_trigger.obj
 0001:000519a0       _SP_target_push            200529a0 f   g_trigger.obj
 0001:00051b50       _trigger_teleporter_touch  20052b50 f   g_trigger.obj
 0001:00051c10       _SP_trigger_teleport       20052c10 f   g_trigger.obj
 0001:00051cc0       _hurt_use                  20052cc0 f   g_trigger.obj
 0001:00051d10       _hurt_touch                20052d10 f   g_trigger.obj
 0001:00051e30       _SP_trigger_hurt           20052e30 f   g_trigger.obj
 0001:00051f00       _func_timer_think          20052f00 f   g_trigger.obj
 0001:00051fa0       _func_timer_use            20052fa0 f   g_trigger.obj
 0001:00052000       _SP_func_timer             20053000 f   g_trigger.obj
 0001:00052130       _AddRemap                  20053130 f   g_utils.obj
 0001:00052260       _BuildShaderStateConfig    20053260 f   g_utils.obj
 0001:00052360       _G_FindConfigstringIndex   20053360 f   g_utils.obj
 0001:00052450       _G_ModelIndex              20053450 f   g_utils.obj
 0001:00052480       _G_SoundIndex              20053480 f   g_utils.obj
 0001:000524c0       _G_TeamCommand             200534c0 f   g_utils.obj
 0001:00052560       _G_Find                    20053560 f   g_utils.obj
 0001:00052610       _G_PickTarget              20053610 f   g_utils.obj
 0001:000526f0       _G_UseTargets              200536f0 f   g_utils.obj
 0001:00052840       _tv                        20053840 f   g_utils.obj
 0001:000528b0       _vtos                      200538b0 f   g_utils.obj
 0001:00052940       _G_SetMovedir              20053940 f   g_utils.obj
 0001:00052a90       _vectoyaw                  20053a90 f   g_utils.obj
 0001:00052b90       _G_InitGentity             20053b90 f   g_utils.obj
 0001:00052bf0       _G_Spawn                   20053bf0 f   g_utils.obj
 0001:00052dc0       _G_EntitiesFree            20053dc0 f   g_utils.obj
 0001:00052e30       _G_FreeEntity              20053e30 f   g_utils.obj
 0001:00052eb0       _G_TempEntity              20053eb0 f   g_utils.obj
 0001:00052fa0       _G_KillBox                 20053fa0 f   g_utils.obj
 0001:00053140       _G_AddPredictableEvent     20054140 f   g_utils.obj
 0001:00053190       _G_AddEvent                20054190 f   g_utils.obj
 0001:000532c0       _G_Sound                   200542c0 f   g_utils.obj
 0001:00053300       _G_SetOrigin               20054300 f   g_utils.obj
 0001:000533d0       _DebugLine                 200543d0 f   g_utils.obj
 0001:000536c0       _G_BounceProjectile        200546c0 f   g_weapon.obj
 0001:000537e0       _Weapon_Gauntlet           200547e0 f   g_weapon.obj
 0001:00053800       _CheckGauntletAttack       20054800 f   g_weapon.obj
 0001:00053a40       _SnapVectorTowards         20054a40 f   g_weapon.obj
 0001:00053af0       _Bullet_Fire               20054af0 f   g_weapon.obj
 0001:00053e40       _BFG_Fire                  20054e40 f   g_weapon.obj
 0001:00053ec0       _ShotgunPellet             20054ec0 f   g_weapon.obj
 0001:00054010       _ShotgunPattern            20055010 f   g_weapon.obj
 0001:00054280       _weapon_supershotgun_fire  20055280 f   g_weapon.obj
 0001:000543a0       _weapon_grenadelauncher_fire 200553a0 f   g_weapon.obj
 0001:00054450       _Weapon_RocketLauncher_Fire 20055450 f   g_weapon.obj
 0001:00054560       _Weapon_Plasmagun_Fire     20055560 f   g_weapon.obj
 0001:000545e0       _weapon_railgun_fire       200555e0 f   g_weapon.obj
 0001:000549c0       _Weapon_GrapplingHook_Fire 200559c0 f   g_weapon.obj
 0001:00054a40       _Weapon_HookFree           20055a40 f   g_weapon.obj
 0001:00054ac0       _Weapon_HookThink          20055ac0 f   g_weapon.obj
 0001:00054c80       _Weapon_LightningFire      20055c80 f   g_weapon.obj
 0001:00054ea0       _LogAccuracyHit            20055ea0 f   g_weapon.obj
 0001:00054f40       _CalcMuzzlePoint           20055f40 f   g_weapon.obj
 0001:00055050       _CalcMuzzlePointOrigin     20056050 f   g_weapon.obj
 0001:00055160       _FireWeapon                20056160 f   g_weapon.obj
 0001:000553b0       _Q_rand                    200563b0 f   q_math.obj
 0001:000553f0       _Q_random                  200563f0 f   q_math.obj
 0001:00055430       _Q_crandom                 20056430 f   q_math.obj
 0001:00055460       _ClampChar                 20056460 f   q_math.obj
 0001:00055490       _ClampShort                20056490 f   q_math.obj
 0001:000554d0       _DirToByte                 200564d0 f   q_math.obj
 0001:000555a0       _ByteToDir                 200565a0 f   q_math.obj
 0001:00055640       _ColorBytes3               20056640 f   q_math.obj
 0001:000556a0       _ColorBytes4               200566a0 f   q_math.obj
 0001:00055710       _NormalizeColor            20056710 f   q_math.obj
 0001:000557e0       _PlaneFromPoints           200567e0 f   q_math.obj
 0001:00055970       _RotatePointAroundVector   20056970 f   q_math.obj
 0001:00055c20       _RotateAroundDirection     20056c20 f   q_math.obj
 0001:00055cd0       _vectoangles               20056cd0 f   q_math.obj
 0001:00055ea0       _AnglesToAxis              20056ea0 f   q_math.obj
 0001:00055f10       _AxisClear                 20056f10 f   q_math.obj
 0001:00055fa0       _AxisCopy                  20056fa0 f   q_math.obj
 0001:00056040       _ProjectPointOnPlane       20057040 f   q_math.obj
 0001:00056180       _MakeNormalVectors         20057180 f   q_math.obj
 0001:00056270       _VectorRotate              20057270 f   q_math.obj
 0001:00056330       _Q_rsqrt                   20057330 f   q_math.obj
 0001:000563a0       _Q_fabs                    200573a0 f   q_math.obj
 0001:000563d0       _LerpAngle                 200573d0 f   q_math.obj
 0001:00056450       _AngleSubtract             20057450 f   q_math.obj
 0001:000564c0       _AnglesSubtract            200574c0 f   q_math.obj
 0001:00056540       _AngleMod                  20057540 f   q_math.obj
 0001:00056580       _AngleNormalize360         20057580 f   q_math.obj
 0001:000565c0       _AngleNormalize180         200575c0 f   q_math.obj
 0001:00056610       _AngleDelta                20057610 f   q_math.obj
 0001:00056640       _SetPlaneSignbits          20057640 f   q_math.obj
 0001:000566c0       _BoxOnPlaneSide            200576c0 f   q_math.obj
 0001:00056990       _RadiusFromBounds          20057990 f   q_math.obj
 0001:00056ab0       _ClearBounds               20057ab0 f   q_math.obj
 0001:00056b10       _AddPointToBounds          20057b10 f   q_math.obj
 0001:00056c10       _VectorNormalize           20057c10 f   q_math.obj
 0001:00056cd0       _VectorNormalize2          20057cd0 f   q_math.obj
 0001:00056db0       __VectorMA                 20057db0 f   q_math.obj
 0001:00056e10       __DotProduct               20057e10 f   q_math.obj
 0001:00056e60       __VectorSubtract           20057e60 f   q_math.obj
 0001:00056ec0       __VectorAdd                20057ec0 f   q_math.obj
 0001:00056f20       __VectorCopy               20057f20 f   q_math.obj
 0001:00056f60       __VectorScale              20057f60 f   q_math.obj
 0001:00056fb0       _Vector4Scale              20057fb0 f   q_math.obj
 0001:00057010       _Q_log2                    20058010 f   q_math.obj
 0001:00057050       _MatrixMultiply            20058050 f   q_math.obj
 0001:00057260       _AngleVectors              20058260 f   q_math.obj
 0001:000574c0       _PerpendicularVector       200584c0 f   q_math.obj
 0001:000575b0       _Com_Clamp                 200585b0 f   q_shared.obj
 0001:00057600       _COM_SkipPath              20058600 f   q_shared.obj
 0001:00057660       _COM_StripExtension        20058660 f   q_shared.obj
 0001:000576c0       _COM_DefaultExtension      200586c0 f   q_shared.obj
 0001:00057770       _ShortSwap                 20058770 f   q_shared.obj
 0001:000577d0       _ShortNoSwap               200587d0 f   q_shared.obj
 0001:000577f0       _LongSwap                  200587f0 f   q_shared.obj
 0001:00057890       _LongNoSwap                20058890 f   q_shared.obj
 0001:000578b0       _Long64Swap                200588b0 f   q_shared.obj
 0001:00057910       _Long64NoSwap              20058910 f   q_shared.obj
 0001:00057930       _FloatSwap                 20058930 f   q_shared.obj
 0001:00057970       _FloatNoSwap               20058970 f   q_shared.obj
 0001:00057990       _COM_BeginParseSession     20058990 f   q_shared.obj
 0001:000579e0       _COM_GetCurrentParseLine   200589e0 f   q_shared.obj
 0001:00057a00       _COM_Parse                 20058a00 f   q_shared.obj
 0001:00057a30       _COM_ParseError            20058a30 f   q_shared.obj
 0001:00057aa0       _COM_ParseWarning          20058aa0 f   q_shared.obj
 0001:00057b10       _COM_Compress              20058b10 f   q_shared.obj
 0001:00057d90       _COM_ParseExt              20058d90 f   q_shared.obj
 0001:000580c0       _COM_MatchToken            200590c0 f   q_shared.obj
 0001:00058120       _SkipBracedSection         20059120 f   q_shared.obj
 0001:000581b0       _SkipRestOfLine            200591b0 f   q_shared.obj
 0001:00058220       _Parse1DMatrix             20059220 f   q_shared.obj
 0001:000582b0       _Parse2DMatrix             200592b0 f   q_shared.obj
 0001:00058340       _Parse3DMatrix             20059340 f   q_shared.obj
 0001:000583e0       _Q_isprint                 200593e0 f   q_shared.obj
 0001:00058410       _Q_islower                 20059410 f   q_shared.obj
 0001:00058440       _Q_isupper                 20059440 f   q_shared.obj
 0001:00058470       _Q_isalpha                 20059470 f   q_shared.obj
 0001:000584b0       _Q_strrchr                 200594b0 f   q_shared.obj
 0001:00058530       _Q_strncpyz                20059530 f   q_shared.obj
 0001:000585c0       _Q_stricmpn                200595c0 f   q_shared.obj
 0001:000586d0       _Q_strncmp                 200596d0 f   q_shared.obj
 0001:00058760       _Q_stricmp                 20059760 f   q_shared.obj
 0001:000587b0       _Q_strlwr                  200597b0 f   q_shared.obj
 0001:00058810       _Q_strupr                  20059810 f   q_shared.obj
 0001:00058870       _Q_strcat                  20059870 f   q_shared.obj
 0001:000588e0       _Q_PrintStrlen             200598e0 f   q_shared.obj
 0001:00058980       _Q_CleanStr                20059980 f   q_shared.obj
 0001:00058a40       _Com_sprintf               20059a40 f   q_shared.obj
 0001:00058af0       _va                        20059af0 f   q_shared.obj
 0001:00058b60       _Info_ValueForKey          20059b60 f   q_shared.obj
 0001:00058d40       _Info_NextPair             20059d40 f   q_shared.obj
 0001:00058e50       _Info_RemoveKey            20059e50 f   q_shared.obj
 0001:00059020       _Info_RemoveKey_Big        2005a020 f   q_shared.obj
 0001:000591f0       _Info_Validate             2005a1f0 f   q_shared.obj
 0001:00059250       _Info_SetValueForKey       2005a250 f   q_shared.obj
 0001:00059430       _Info_SetValueForKey_Big   2005a430 f   q_shared.obj
 0001:00059600       _atol                      2005a600 f   LIBCMTD:atox.obj
 0001:00059700       _atoi                      2005a700 f   LIBCMTD:atox.obj
 0001:00059720       __atoi64                   2005a720 f   LIBCMTD:atox.obj
 0001:00059850       _strlen                    2005a850 f   LIBCMTD:strlen.obj
 0001:000598d0       _srand                     2005a8d0 f   LIBCMTD:rand.obj
 0001:000598e0       _rand                      2005a8e0 f   LIBCMTD:rand.obj
 0001:00059920       __fpmath                   2005a920 f   LIBCMTD:fpinit.obj
 0001:00059950       __fpclear                  2005a950 f   LIBCMTD:fpinit.obj
 0001:00059960       __cfltcvt_init             2005a960 f   LIBCMTD:fpinit.obj
 0001:000599b0       ___setfflag                2005a9b0 f   LIBCMTD:fpinit.obj
 0001:000599cc       __ftol                     2005a9cc f   LIBCMTD:ftol.obj
 0001:00059a00       _strncpy                   2005aa00 f   LIBCMTD:strncpy.obj
 0001:00059b00       _strcpy                    2005ab00 f   LIBCMTD:strcat.obj
 0001:00059b10       _strcat                    2005ab10 f   LIBCMTD:strcat.obj
 0001:00059bf0       _memcpy                    2005abf0 f   LIBCMTD:memcpy.obj
 0001:00059f30       _atof                      2005af30 f   LIBCMTD:atof.obj
 0001:00059fb0       _sscanf                    2005afb0 f   LIBCMTD:sscanf.obj
 0001:0005a070       __CIsqrt                   2005b070 f   LIBCMTD:sqrt.obj
 0001:0005a084       _sqrt                      2005b084 f   LIBCMTD:sqrt.obj
 0001:0005a130       _memset                    2005b130 f   LIBCMTD:memset.obj
 0001:0005a190       __toupper                  2005b190 f   LIBCMTD:toupper.obj
 0001:0005a1a0       _toupper                   2005b1a0 f   LIBCMTD:toupper.obj
 0001:0005a240       __toupper_lk               2005b240 f   LIBCMTD:toupper.obj
 0001:0005a370       _memmove                   2005b370 f   LIBCMTD:memmove.obj
 0001:0005a6b0       _strstr                    2005b6b0 f   LIBCMTD:strstr.obj
 0001:0005a730       _fabs                      2005b730 f   LIBCMTD:fabs.obj
 0001:0005a830       _strcmp                    2005b830 f   LIBCMTD:strcmp.obj
 0001:0005a8c0       _vsprintf                  2005b8c0 f   LIBCMTD:vsprintf.obj
 0001:0005a9c0       _abs                       2005b9c0 f   LIBCMTD:abs.obj
 0001:0005aa00       _strchr                    2005ba00 f   LIBCMTD:strchr.obj
 0001:0005aa06       ___from_strstr_to_strchr   2005ba06 f   LIBCMTD:strchr.obj
 0001:0005aac0       __CIsin                    2005bac0 f   LIBCMTD:sin.obj
 0001:0005aad4       _sin                       2005bad4 f   LIBCMTD:sin.obj
 0001:0005ab70       __CIcos                    2005bb70 f   LIBCMTD:cos.obj
 0001:0005ab84       _cos                       2005bb84 f   LIBCMTD:cos.obj
 0001:0005ac20       __alloca_probe             2005bc20 f   LIBCMTD:chkstk.obj
 0001:0005ac20       __chkstk                   2005bc20 f   LIBCMTD:chkstk.obj
 0001:0005ac50       __tolower                  2005bc50 f   LIBCMTD:tolower.obj
 0001:0005ac60       _tolower                   2005bc60 f   LIBCMTD:tolower.obj
 0001:0005ad00       __tolower_lk               2005bd00 f   LIBCMTD:tolower.obj
 0001:0005ae30       _ceil                      2005be30 f   LIBCMTD:ceil.obj
 0001:0005af70       _qsort                     2005bf70 f   LIBCMTD:qsort.obj
 0001:0005b270       _atan2                     2005c270 f   LIBCMTD:87ctriga.obj
 0001:0005b27a       __CIatan2                  2005c27a f   LIBCMTD:87ctriga.obj
 0001:0005b290       __assert                   2005c290 f   LIBCMTD:assert.obj
 0001:0005b610       __CRT_INIT@12              2005c610 f   LIBCMTD:dllcrt0.obj
 0001:0005b750       __DllMainCRTStartup@12     2005c750 f   LIBCMTD:dllcrt0.obj
 0001:0005b850       __amsg_exit                2005c850 f   LIBCMTD:dllcrt0.obj
 0001:0005b890       __isctype                  2005c890 f   LIBCMTD:isctype.obj
 0001:0005b950       __allmul                   2005c950 f   LIBCMTD:llmul.obj
 0001:0005b990       __mtinit                   2005c990 f   LIBCMTD:tidtable.obj
 0001:0005ba20       __mtterm                   2005ca20 f   LIBCMTD:tidtable.obj
 0001:0005ba50       __initptd                  2005ca50 f   LIBCMTD:tidtable.obj
 0001:0005ba70       __getptd                   2005ca70 f   LIBCMTD:tidtable.obj
 0001:0005bb10       __freeptd                  2005cb10 f   LIBCMTD:tidtable.obj
 0001:0005bc20       ___threadid                2005cc20 f   LIBCMTD:tidtable.obj
 0001:0005bc30       ___threadhandle            2005cc30 f   LIBCMTD:tidtable.obj
 0001:0005bc40       __setdefaultprecision      2005cc40 f   LIBCMTD:fp8.obj
 0001:0005bc60       __ms_p5_test_fdiv          2005cc60 f   LIBCMTD:testfdiv.obj
 0001:0005bcc0       __ms_p5_mp_test_fdiv       2005ccc0 f   LIBCMTD:testfdiv.obj
 0001:0005bd10       __forcdecpt                2005cd10 f   LIBCMTD:cvt.obj
 0001:0005bdc0       __cropzeros                2005cdc0 f   LIBCMTD:cvt.obj
 0001:0005bea0       __positive                 2005cea0 f   LIBCMTD:cvt.obj
 0001:0005bed0       __fassign                  2005ced0 f   LIBCMTD:cvt.obj
 0001:0005bf20       __cftoe                    2005cf20 f   LIBCMTD:cvt.obj
 0001:0005c110       __cftof                    2005d110 f   LIBCMTD:cvt.obj
 0001:0005c2c0       __cftog                    2005d2c0 f   LIBCMTD:cvt.obj
 0001:0005c3b0       __cfltcvt                  2005d3b0 f   LIBCMTD:cvt.obj
 0001:0005c440       __fltin2                   2005d440 f   LIBCMTD:cfin.obj
 0001:0005c500       __input                    2005d500 f   LIBCMTD:input.obj
 0001:0005da00       __CrtDbgBreak              2005ea00 f   LIBCMTD:dbgrpt.obj
 0001:0005da10       __CrtSetReportMode         2005ea10 f   LIBCMTD:dbgrpt.obj
 0001:0005da70       __CrtSetReportFile         2005ea70 f   LIBCMTD:dbgrpt.obj
 0001:0005daf0       __CrtSetReportHook         2005eaf0 f   LIBCMTD:dbgrpt.obj
 0001:0005db10       __CrtDbgReport             2005eb10 f   LIBCMTD:dbgrpt.obj
 0001:0005e1b0       __trandisp1                2005f1b0 f   LIBCMTD:87disp.obj
 0001:0005e217       __trandisp2                2005f217 f   LIBCMTD:87disp.obj
 0001:0005e2a3       __rttospopde               2005f2a3 f   LIBCMTD:87disp.obj
 0001:0005e2a8       __rttospop                 2005f2a8 f   LIBCMTD:87disp.obj
 0001:0005e2aa       __rtnospop                 2005f2aa f   LIBCMTD:87disp.obj
 0001:0005e2ac       __rttosnpop                2005f2ac f   LIBCMTD:87disp.obj
 0001:0005e2ad       __rtnospopde               2005f2ad f   LIBCMTD:87disp.obj
 0001:0005e2b4       __rtzeropop                2005f2b4 f   LIBCMTD:87disp.obj
 0001:0005e2b6       __rtzeronpop               2005f2b6 f   LIBCMTD:87disp.obj
 0001:0005e2bb       __rtonepop                 2005f2bb f   LIBCMTD:87disp.obj
 0001:0005e2bd       __rtonenpop                2005f2bd f   LIBCMTD:87disp.obj
 0001:0005e2c2       __tosnan1                  2005f2c2 f   LIBCMTD:87disp.obj
 0001:0005e2ed       __nosnan2                  2005f2ed f   LIBCMTD:87disp.obj
 0001:0005e2ef       __tosnan2                  2005f2ef f   LIBCMTD:87disp.obj
 0001:0005e317       __nan2                     2005f317 f   LIBCMTD:87disp.obj
 0001:0005e356       __rtindfpop                2005f356 f   LIBCMTD:87disp.obj
 0001:0005e358       __rtindfnpop               2005f358 f   LIBCMTD:87disp.obj
 0001:0005e369       __rttosnpopde              2005f369 f   LIBCMTD:87disp.obj
 0001:0005e373       __rtchsifneg               2005f373 f   LIBCMTD:87disp.obj
 0001:0005e380       __startTwoArgErrorHandling 2005f380 f   LIBCMTD:genexcep.obj
 0001:0005e397       __startOneArgErrorHandling 2005f397 f   LIBCMTD:genexcep.obj
 0001:0005e3e0       __twoToTOS                 2005f3e0 f   LIBCMTD:common.obj
 0001:0005e3f5       __load_CW                  2005f3f5 f   LIBCMTD:common.obj
 0001:0005e40c       __convertTOStoQNaN         2005f40c f   LIBCMTD:common.obj
 0001:0005e425       __fload_withFB             2005f425 f   LIBCMTD:common.obj
 0001:0005e468       __checkTOS_withFB          2005f468 f   LIBCMTD:common.obj
 0001:0005e47e       __fast_exit                2005f47e f   LIBCMTD:common.obj
 0001:0005e48b       __math_exit                2005f48b f   LIBCMTD:common.obj
 0001:0005e4b5       __check_overflow_exit      2005f4b5 f   LIBCMTD:common.obj
 0001:0005e4c9       __check_range_exit         2005f4c9 f   LIBCMTD:common.obj
 0001:0005e570       __mtinitlocks              2005f570 f   LIBCMTD:mlock.obj
 0001:0005e5b0       __mtdeletelocks            2005f5b0 f   LIBCMTD:mlock.obj
 0001:0005e650       __lock                     2005f650 f   LIBCMTD:mlock.obj
[...]
 0003:000040f0       ___lc_time_curr            200c20f0     LIBCMTD:strftime.obj
 0003:000040f8       ___lc_time_c               200c20f8     LIBCMTD:strftime.obj
 0003:000041a8       ___lconv_static_decimal    200c21a8     LIBCMTD:lconv.obj
 0003:000041b0       ___lconv_c                 200c21b0     LIBCMTD:lconv.obj
 0003:000041e0       ___lconv                   200c21e0     LIBCMTD:lconv.obj
 0003:000041f0       __pow10pos                 200c21f0     LIBCMTD:constpow.obj
 0003:00004350       __pow10neg                 200c2350     LIBCMTD:constpow.obj
 0003:000044ac       __timezone                 200c24ac     LIBCMTD:timeset.obj
 0003:000044b0       __daylight                 200c24b0     LIBCMTD:timeset.obj
 0003:000044b4       __dstbias                  200c24b4     LIBCMTD:timeset.obj
 0003:00004538       __tzname                   200c2538     LIBCMTD:timeset.obj
 0003:0000455c       __lpdays                   200c255c     LIBCMTD:days.obj
 0003:00004590       __days                     200c2590     LIBCMTD:days.obj
 0003:00004d60       _c_pmove                   200c2d60     bg_pmove.obj
 0003:00057df0       _remapCount                20115df0     g_utils.obj
 0003:000581ec       _vec3_origin               201161ec     q_math.obj
 0003:00072ae4       ___fastflag                20130ae4     LIBCMTD:fpinit.obj
 0003:00072ae8       __adjust_fdiv              20130ae8     LIBCMTD:fpinit.obj
 0003:00072af0       __aenvptr                  20130af0     LIBCMTD:dllcrt0.obj
 0003:00072af4       __wenvptr                  20130af4     LIBCMTD:dllcrt0.obj
 0003:00072af8       ___error_mode              20130af8     LIBCMTD:dllcrt0.obj
 0003:00072afc       ___app_type                20130afc     LIBCMTD:dllcrt0.obj
 0003:00072b74       ___lc_handle               20130b74     LIBCMTD:nlsdata2.obj
 0003:00072b8c       ___lc_codepage             20130b8c     LIBCMTD:nlsdata2.obj
 0003:00072b90       ___lc_collate_cp           20130b90     LIBCMTD:nlsdata2.obj
 0003:00072b98       __umaskval                 20130b98     LIBCMTD:crt0dat.obj
 0003:00072b9c       __osver                    20130b9c     LIBCMTD:crt0dat.obj
 0003:00072ba0       __winver                   20130ba0     LIBCMTD:crt0dat.obj
 0003:00072ba4       __winmajor                 20130ba4     LIBCMTD:crt0dat.obj
 0003:00072ba8       __winminor                 20130ba8     LIBCMTD:crt0dat.obj
 0003:00072bac       ___argc                    20130bac     LIBCMTD:crt0dat.obj
 0003:00072bb0       ___argv                    20130bb0     LIBCMTD:crt0dat.obj
 0003:00072bb4       ___wargv                   20130bb4     LIBCMTD:crt0dat.obj
 0003:00072bb8       __environ                  20130bb8     LIBCMTD:crt0dat.obj
 0003:00072bbc       ___initenv                 20130bbc     LIBCMTD:crt0dat.obj
 0003:00072bc0       __wenviron                 20130bc0     LIBCMTD:crt0dat.obj
 0003:00072bc4       ___winitenv                20130bc4     LIBCMTD:crt0dat.obj
 0003:00072bc8       __pgmptr                   20130bc8     LIBCMTD:crt0dat.obj
 0003:00072bcc       __wpgmptr                  20130bcc     LIBCMTD:crt0dat.obj
 0003:00072bd0       __exitflag                 20130bd0     LIBCMTD:crt0dat.obj
 0003:00072bd4       __C_Termination_Done       20130bd4     LIBCMTD:crt0dat.obj
 0003:00072bd8       __C_Exit_Done              20130bd8     LIBCMTD:crt0dat.obj
 0003:00072c00       __cflush                   20130c00     LIBCMTD:_file.obj
 0003:00072d20       __adbgmsg                  20130d20     LIBCMTD:crt0msg.obj
 0003:00072d28       ___lc_time_intl            20130d28     LIBCMTD:inittime.obj
 0003:00072d44       ___lc_id                   20130d44     LIBCMTD:nlsdata3.obj
 0003:00072d8c       __stdbuf                   20130d8c     LIBCMTD:_sftbuf.obj
 0003:00072d94       __newmode                  20130d94     LIBCMTD:_newmode.obj
 0003:00072d98       ?_pnhHeap@@3P6AHI@ZA       20130d98     LIBCMTD:handler.obj
 0003:00072da8       ___lconv_static_null       20130da8     LIBCMTD:lconv.obj
 0003:00072e80       _remappedShaders           20130e80     <common>
 0003:00077dbc       _neutralObelisk            20135dbc     <common>
 0003:00077de0       _teamgame                  20135de0     <common>
 0003:00077e04       _pushed_p                  20135e04     <common>
 0003:000797c0       _pushed                    201377c0     <common>
 0003:000817c0       _g_synchronousClients      2013f7c0     <common>
 0003:000ad6a0       _g_maxGameClients          2016b6a0     <common>
 0003:000ad7c0       _g_fraglimit               2016b7c0     <common>
 0003:000ad8e0       _g_gametype                2016b8e0     <common>
 0003:000ada00       _g_password                2016ba00     <common>
 0003:000adb20       _g_dmflags                 2016bb20     <common>
 0003:000adc40       _pmove_msec                2016bc40     <common>
 0003:000add60       _g_cheats                  2016bd60     <common>
 0003:000ade80       _g_capturelimit            2016be80     <common>
 0003:000adfa0       _g_weaponTeamRespawn       2016bfa0     <common>
 0003:000ae0c0       _g_needpass                2016c0c0     <common>
 0003:000ae1e0       _g_speed                   2016c1e0     <common>
 0003:000ae300       _g_teamForceBalance        2016c300     <common>
 0003:000ae420       _g_doWarmup                2016c420     <common>
 0003:000ae540       _g_debugDamage             2016c540     <common>
 0003:000ae660       _g_podiumDist              2016c660     <common>
 0003:000ae780       _g_banIPs                  2016c780     <common>
 0003:000ae8a0       _pmove_fixed               2016c8a0     <common>
 0003:000ae9c0       _g_rankings                2016c9c0     <common>
 0003:000aeae0       _g_knockback               2016cae0     <common>
 0003:000aec00       _g_clients                 2016cc00     <common>
 0003:000baf00       _g_maxclients              20178f00     <common>
 0003:000bb020       _g_podiumDrop              20179020     <common>
 0003:000bb140       _g_timelimit               20179140     <common>
 0003:000bb260       _g_filterBan               20179260     <common>
 0003:000bb380       _g_smoothClients           20179380     <common>
 0003:000bb4a0       _g_debugAlloc              201794a0     <common>
 0003:000bb5c0       _g_inactivity              201795c0     <common>
 0003:000bb6e0       _level                     201796e0     <common>
 0003:000bdae0       _g_restarted               2017bae0     <common>
 0003:000bdc00       _g_teamAutoJoin            2017bc00     <common>
 0003:000bdd20       _g_blood                   2017bd20     <common>
 0003:000bde40       _g_gravity                 2017be40     <common>
 0003:000bdf60       _g_listEntity              2017bf60     <common>
 0003:000be080       _g_allowVote               2017c080     <common>
 0003:000be1a0       _g_entities                2017c1a0     <common>
 0003:001881a0       _g_log                     202461a0     <common>
 0003:001882c0       _g_friendlyFire            202462c0     <common>
 0003:001883e0       _g_weaponRespawn           202463e0     <common>
 0003:00188500       _g_debugMove               20246500     <common>
 0003:00188620       _g_motd                    20246620     <common>
 0003:00188740       _g_forcerespawn            20246740     <common>
 0003:00188860       _g_warmup                  20246860     <common>
 0003:00188980       _g_logSync                 20246980     <common>
 0003:00188aa0       _g_quadfactor              20246aa0     <common>
 0003:00188bc0       _g_dedicated               20246bc0     <common>
 0003:00188ce0       _itemRegistered            20246ce0     <common>
 0003:001891c0       _bot_minplayers            202471c0     <common>
 0003:00189310       _g_numArenas               20247310     <common>
 0003:00189314       _podium2                   20247314     <common>
 0003:00189324       _podium3                   20247324     <common>
 0003:00189328       _podium1                   20247328     <common>
 0003:00189340       _pml                       20247340     <common>
 0003:001893f0       _pm                        202473f0     <common>
 0003:00189400       _ctftaskpreferences        20247400     <common>
 0003:0018a020       _bot_interbreedcycle       20248020     <common>
 0003:0018a3fc       _numbots                   202483fc     <common>
 0003:0018a400       _bot_testsolid             20248400     <common>
 0003:0018a520       _bot_interbreedwrite       20248520     <common>
 0003:0018a640       _bot_developer             20248640     <common>
 0003:0018a760       _bot_testclusters          20248760     <common>
 0003:0018a870       _bot_interbreedmatchcount  20248870     <common>
 0003:0018a880       _bot_saveroutingcache      20248880     <common>
 0003:0018a9a0       _bot_thinktime             202489a0     <common>
 0003:0018aac0       _botstates                 20248ac0     <common>
 0003:0018abc0       _regularupdate_time        20248bc0     <common>
 0003:0018abc4       _bot_interbreed            20248bc4     <common>
 0003:0018abc8       _floattime                 20248bc8     <common>
 0003:0018abe0       _bot_pause                 20248be0     <common>
 0003:0018ad00       _bot_interbreedbots        20248d00     <common>
 0003:0018ae20       _bot_memorydump            20248e20     <common>
 0003:0018af40       _bot_report                20248f40     <common>
 0003:0018b060       _bot_interbreedchar        20249060     <common>
 0003:0018b170       _lastteleport_origin       20249170     <common>
 0003:0018bea0       _ctf_blueflag              20249ea0     <common>
 0003:0018bee0       _g_spSkill                 20249ee0     <common>
 0003:0018c000       _bot_testrchat             2024a000     <common>
 0003:0018c110       _gametype                  2024a110     <common>
 0003:0018c120       _bot_nochat                2024a120     <common>
 0003:0018c230       _max_bspmodelindex         2024a230     <common>
 0003:0018c240       _bot_fastchat              2024a240     <common>
 0003:0018c360       _bot_rocketjump            2024a360     <common>
 0003:0018c480       _bot_predictobstacles      2024a480     <common>
 0003:0018c5a0       _bot_challenge             2024a5a0     <common>
 0003:0018c6b0       _red_numaltroutegoals      2024a6b0     <common>
 0003:0018c6c0       _ctf_redflag               2024a6c0     <common>
 0003:0018c6f8       _botai_freewaypoints       2024a6f8     <common>
 0003:0018c6fc       _altroutegoals_setup       2024a6fc     <common>
 0003:0018c700       _lastteleport_time         2024a700     <common>
 0003:0018c720       _blue_altroutegoals        2024a720     <common>
 0003:0018ca20       _blue_numaltroutegoals     2024aa20     <common>
 0003:0018ca40       _botai_waypoints           2024aa40     <common>
 0003:0018fc40       _bot_grapple               2024dc40     <common>
 0003:0018fd60       _red_altroutegoals         2024dd60     <common>
 0003:00190060       _maxclients                2024e060     <common>
 0003:00190064       _numnodeswitches           2024e064     <common>
 0003:00190640       _nodeswitch                2024e640     <common>
 0003:00192300       _notleader                 20250300     <common>
 0003:0019243c       ___alternate_form          2025043c     <common>
 0003:0019244c       ___no_lead_zeros           2025044c     <common>
 0003:00192450       ___mbcodepage              20250450     <common>
 0003:001924d0       ___mbulinfo                202504d0     <common>
 0003:001924dc       ___ismbcodepage            202504dc     <common>
 0003:001924e0       __mbcasemap                202504e0     <common>
 0003:001925e0       __mbctype                  202505e0     <common>
 0003:001926e4       ___mblcid                  202506e4     <common>
 0003:001926e8       ___sbh_sizeHeaderList      202506e8     <common>
 0003:001926f8       ___sbh_indGroupDefer       202506f8     <common>
 0003:001926fc       ___sbh_pHeaderScan         202506fc     <common>
 0003:00192700       ___sbh_pHeaderDefer        20250700     <common>
 0003:00192704       ___sbh_cntHeaderList       20250704     <common>
 0003:00192708       ___sbh_pHeaderList         20250708     <common>
 0003:0019270c       __crtheap                  2025070c     <common>
 0003:00192718       __pfnDumpClient            20250718     <common>
 0003:00192740       ___pioinfo                 20250740     <common>
 0003:0019287c       __nhandle                  2025087c     <common>
 0003:00192880       ___piob                    20250880     <common>
 0003:00192bc0       __bufin                    20250bc0     <common>
 0003:00193bc0       __nstream                  20251bc0     <common>
 0003:00193bc4       ___env_initialized         20251bc4     <common>
 0003:00193bd4       ___mbctype_initialized     20251bd4     <common>
 0003:00193bd8       ___onexitend               20251bd8     <common>
 0003:00193bdc       ___onexitbegin             20251bdc     <common>
 0003:00193be0       ___setlc_active            20251be0     <common>
 0003:00193bf0       ___unguarded_readlc_active 20251bf0     <common>
 0003:00193bf4       __pfnReportHook            20251bf4     <common>
 0003:00193c00       __acmdln                   20251c00     <common>
 0003:00193c10       __pRawDllMain              20251c10     <common>
 0004:00000000       __IMPORT_DESCRIPTOR_KERNEL32 20252000     kernel32:KERNEL32.dll
 0004:00000014       __NULL_IMPORT_DESCRIPTOR   20252014     kernel32:KERNEL32.dll
 0004:000001bc       __imp__InterlockedDecrement@4 202521bc     kernel32:KERNEL32.dll
 0004:000001c0       __imp__InterlockedIncrement@4 202521c0     kernel32:KERNEL32.dll
 0004:000001c4       __imp__GetModuleFileNameA@12 202521c4     kernel32:KERNEL32.dll
 0004:000001c8       __imp__GetCommandLineA@0   202521c8     kernel32:KERNEL32.dll
 0004:000001cc       __imp__GetVersion@0        202521cc     kernel32:KERNEL32.dll
 0004:000001d0       __imp__GetCurrentThreadId@0 202521d0     kernel32:KERNEL32.dll
 0004:000001d4       __imp__TlsSetValue@8       202521d4     kernel32:KERNEL32.dll
 0004:000001d8       __imp__TlsAlloc@0          202521d8     kernel32:KERNEL32.dll
 0004:000001dc       __imp__TlsFree@4           202521dc     kernel32:KERNEL32.dll
 0004:000001e0       __imp__SetLastError@4      202521e0     kernel32:KERNEL32.dll
 0004:000001e4       __imp__TlsGetValue@4       202521e4     kernel32:KERNEL32.dll
 0004:000001e8       __imp__GetLastError@0      202521e8     kernel32:KERNEL32.dll
 0004:000001ec       __imp__GetCurrentThread@0  202521ec     kernel32:KERNEL32.dll
 0004:000001f0       __imp__GetProcAddress@8    202521f0     kernel32:KERNEL32.dll
 0004:000001f4       __imp__GetModuleHandleA@4  202521f4     kernel32:KERNEL32.dll
 0004:000001f8       __imp__DebugBreak@0        202521f8     kernel32:KERNEL32.dll
 0004:000001fc       __imp__GetStdHandle@4      202521fc     kernel32:KERNEL32.dll
 0004:00000200       __imp__WriteFile@20        20252200     kernel32:KERNEL32.dll
 0004:00000204       __imp__OutputDebugStringA@4 20252204     kernel32:KERNEL32.dll
 0004:00000208       __imp__LoadLibraryA@4      20252208     kernel32:KERNEL32.dll
 0004:0000020c       __imp__InitializeCriticalSection@4 2025220c     kernel32:KERNEL32.dll
 0004:00000210       __imp__DeleteCriticalSection@4 20252210     kernel32:KERNEL32.dll
 0004:00000214       __imp__EnterCriticalSection@4 20252214     kernel32:KERNEL32.dll
 0004:00000218       __imp__LeaveCriticalSection@4 20252218     kernel32:KERNEL32.dll
 0004:0000021c       __imp__ExitProcess@4       2025221c     kernel32:KERNEL32.dll
 0004:00000220       __imp__FatalAppExitA@8     20252220     kernel32:KERNEL32.dll
 0004:00000224       __imp__Sleep@4             20252224     kernel32:KERNEL32.dll
 0004:00000228       __imp__WideCharToMultiByte@32 20252228     kernel32:KERNEL32.dll
 0004:0000022c       __imp__MultiByteToWideChar@24 2025222c     kernel32:KERNEL32.dll
 0004:00000230       __imp__LCMapStringA@24     20252230     kernel32:KERNEL32.dll
 0004:00000234       __imp__LCMapStringW@24     20252234     kernel32:KERNEL32.dll
 0004:00000238       __imp__RaiseException@16   20252238     kernel32:KERNEL32.dll
 0004:0000023c       __imp__TerminateProcess@8  2025223c     kernel32:KERNEL32.dll
 0004:00000240       __imp__GetCurrentProcess@0 20252240     kernel32:KERNEL32.dll
 0004:00000244       __imp__SetConsoleCtrlHandler@8 20252244     kernel32:KERNEL32.dll
 0004:00000248       __imp__SetHandleCount@4    20252248     kernel32:KERNEL32.dll
 0004:0000024c       __imp__GetFileType@4       2025224c     kernel32:KERNEL32.dll
 0004:00000250       __imp__GetStartupInfoA@4   20252250     kernel32:KERNEL32.dll
 0004:00000254       __imp__IsBadWritePtr@8     20252254     kernel32:KERNEL32.dll
 0004:00000258       __imp__IsBadReadPtr@8      20252258     kernel32:KERNEL32.dll
 0004:0000025c       __imp__HeapValidate@12     2025225c     kernel32:KERNEL32.dll
 0004:00000260       __imp__FreeEnvironmentStringsA@4 20252260     kernel32:KERNEL32.dll
 0004:00000264       __imp__FreeEnvironmentStringsW@4 20252264     kernel32:KERNEL32.dll
 0004:00000268       __imp__GetEnvironmentStrings@0 20252268     kernel32:KERNEL32.dll
 0004:0000026c       __imp__GetEnvironmentStringsW@0 2025226c     kernel32:KERNEL32.dll
 0004:00000270       __imp__HeapDestroy@4       20252270     kernel32:KERNEL32.dll
 0004:00000274       __imp__HeapCreate@12       20252274     kernel32:KERNEL32.dll
 0004:00000278       __imp__HeapFree@12         20252278     kernel32:KERNEL32.dll
 0004:0000027c       __imp__VirtualFree@12      2025227c     kernel32:KERNEL32.dll
 0004:00000280       __imp__GetStringTypeA@20   20252280     kernel32:KERNEL32.dll
 0004:00000284       __imp__GetStringTypeW@16   20252284     kernel32:KERNEL32.dll
 0004:00000288       __imp__UnhandledExceptionFilter@4 20252288     kernel32:KERNEL32.dll
 0004:0000028c       __imp__GetCPInfo@8         2025228c     kernel32:KERNEL32.dll
 0004:00000290       __imp__IsValidLocale@8     20252290     kernel32:KERNEL32.dll
 0004:00000294       __imp__IsValidCodePage@4   20252294     kernel32:KERNEL32.dll
 0004:00000298       __imp__GetLocaleInfoA@16   20252298     kernel32:KERNEL32.dll
 0004:0000029c       __imp__EnumSystemLocalesA@8 2025229c     kernel32:KERNEL32.dll
 0004:000002a0       __imp__GetUserDefaultLCID@0 202522a0     kernel32:KERNEL32.dll
 0004:000002a4       __imp__GetVersionExA@4     202522a4     kernel32:KERNEL32.dll
 0004:000002a8       __imp__RtlUnwind@16        202522a8     kernel32:KERNEL32.dll
 0004:000002ac       __imp__SetFilePointer@16   202522ac     kernel32:KERNEL32.dll
 0004:000002b0       __imp__FlushFileBuffers@4  202522b0     kernel32:KERNEL32.dll
 0004:000002b4       __imp__HeapAlloc@12        202522b4     kernel32:KERNEL32.dll
 0004:000002b8       __imp__HeapReAlloc@16      202522b8     kernel32:KERNEL32.dll
 0004:000002bc       __imp__VirtualAlloc@16     202522bc     kernel32:KERNEL32.dll
 0004:000002c0       __imp__GetACP@0            202522c0     kernel32:KERNEL32.dll
 0004:000002c4       __imp__GetOEMCP@0          202522c4     kernel32:KERNEL32.dll
 0004:000002c8       __imp__ReadFile@20         202522c8     kernel32:KERNEL32.dll
 0004:000002cc       __imp__SetStdHandle@8      202522cc     kernel32:KERNEL32.dll
 0004:000002d0       __imp__GetTimeZoneInformation@4 202522d0     kernel32:KERNEL32.dll
 0004:000002d4       __imp__GetLocaleInfoW@16   202522d4     kernel32:KERNEL32.dll
 0004:000002d8       __imp__CloseHandle@4       202522d8     kernel32:KERNEL32.dll
 0004:000002dc       __imp__CompareStringA@24   202522dc     kernel32:KERNEL32.dll
 0004:000002e0       __imp__CompareStringW@24   202522e0     kernel32:KERNEL32.dll
 0004:000002e4       __imp__SetEnvironmentVariableA@8 202522e4     kernel32:KERNEL32.dll
 0004:000002e8       \177KERNEL32_NULL_THUNK_DATA 202522e8     kernel32:KERNEL32.dll

 entry point at        0001:0005b750

