 qagamex86

 Timestamp is 61952167 (Wed Nov 17 10:36:07 2021)

 Preferred load address is 20000000

 Start         Length     Name                   Class
 0001:00000000 0007a30eH .text                   CODE
 0001:0007a30e 00038602H .textbss                CODE
 0002:00000000 00009a64H .rdata                  DATA
 0002:00009a70 0000016cH .edata                  DATA
 0003:00000000 00000104H .CRT$XCA                DATA
 0003:00000104 00000104H .CRT$XCZ                DATA
 0003:00000208 00000104H .CRT$XIA                DATA
 0003:0000030c 00000109H .CRT$XIC                DATA
 0003:00000418 00000104H .CRT$XIZ                DATA
 0003:0000051c 00000104H .CRT$XPA                DATA
 0003:00000620 00000104H .CRT$XPX                DATA
 0003:00000724 00000104H .CRT$XPZ                DATA
 0003:00000828 00000104H .CRT$XTA                DATA
 0003:0000092c 00000104H .CRT$XTZ                DATA
 0003:00000a30 00004135H .data                   DATA
 0003:00004b68 0018eeecH .bss                    DATA
 0004:00000000 00000014H .idata$2                DATA
 0004:00000014 00000014H .idata$3                DATA
 0004:00000028 00000194H .idata$4                DATA
 0004:000001bc 00000194H .idata$5                DATA
 0004:00000350 000006d5H .idata$6                DATA

  Address         Publics by Value              Rva+Base     Lib:Object

 0001:00002500       _BotNumActivePlayers       20003500 f   ai_chat.obj
 0001:00002630       _BotIsFirstInRankings      20003630 f   ai_chat.obj
 0001:00002780       _BotIsLastInRankings       20003780 f   ai_chat.obj
 0001:000028d0       _BotFirstClientInRankings  200038d0 f   ai_chat.obj
 0001:00002a50       _BotLastClientInRankings   20003a50 f   ai_chat.obj
 0001:00002bd0       _BotRandomOpponentName     20003bd0 f   ai_chat.obj
 0001:00002e10       _BotMapTitle               20003e10 f   ai_chat.obj
 0001:00002e80       _BotWeaponNameForMeansOfDeath 20003e80 f   ai_chat.obj
 0001:00002f80       _BotRandomWeaponName       20003f80 f   ai_chat.obj
 0001:00003050       _BotVisibleEnemies         20004050 f   ai_chat.obj
 0001:000031a0       _BotValidChatPosition      200041a0 f   ai_chat.obj
 0001:000033d0       _BotChat_EnterGame         200043d0 f   ai_chat.obj
 0001:00003560       _BotChat_ExitGame          20004560 f   ai_chat.obj
 0001:000036d0       _BotChat_StartLevel        200046d0 f   ai_chat.obj
 0001:00003850       _BotChat_EndLevel          20004850 f   ai_chat.obj
 0001:00003b00       _BotChat_Death             20004b00 f   ai_chat.obj
 0001:000040b0       _BotChat_Kill              200050b0 f   ai_chat.obj
 0001:000043e0       _BotChat_EnemySuicide      200053e0 f   ai_chat.obj
 0001:000045a0       _BotChat_HitTalking        200055a0 f   ai_chat.obj
 0001:000047d0       _BotChat_HitNoDeath        200057d0 f   ai_chat.obj
 0001:00004a40       _BotChat_HitNoKill         20005a40 f   ai_chat.obj
 0001:00004c60       _BotChat_Random            20005c60 f   ai_chat.obj
 0001:00004fd0       _BotChatTime               20005fd0 f   ai_chat.obj
 0001:00005020       _BotChatTest               20006020 f   ai_chat.obj
 0001:000060d0       _BotPrintTeamGoal          200070d0 f   ai_cmd.obj
 0001:00006380       _BotGetItemTeamGoal        20007380 f   ai_cmd.obj
 0001:00006400       _BotGetMessageTeamGoal     20007400 f   ai_cmd.obj
 0001:00006490       _BotGetTime                20007490 f   ai_cmd.obj
 0001:00006610       _FindClientByName          20007610 f   ai_cmd.obj
 0001:00006730       _FindEnemyByName           20007730 f   ai_cmd.obj
 0001:00006890       _NumPlayersOnSameTeam      20007890 f   ai_cmd.obj
 0001:00006970       _BotGetPatrolWaypoints     20007970 f   ai_cmd.obj
 0001:00006cd0       _BotAddressedToBot         20007cd0 f   ai_cmd.obj
 0001:00007000       _BotGPSToPosition          20008000 f   ai_cmd.obj
 0001:00007150       _BotMatch_HelpAccompany    20008150 f   ai_cmd.obj
 0001:00007710       _BotMatch_DefendKeyArea    20008710 f   ai_cmd.obj
 0001:000078f0       _BotMatch_GetItem          200088f0 f   ai_cmd.obj
 0001:00007a80       _BotMatch_Camp             20008a80 f   ai_cmd.obj
 0001:00007f50       _BotMatch_Patrol           20008f50 f   ai_cmd.obj
 0001:000080f0       _BotMatch_GetFlag          200090f0 f   ai_cmd.obj
 0001:00008290       _BotMatch_AttackEnemyBase  20009290 f   ai_cmd.obj
 0001:00008400       _BotMatch_RushBase         20009400 f   ai_cmd.obj
 0001:00008570       _BotMatch_TaskPreference   20009570 f   ai_cmd.obj
 0001:00008790       _BotMatch_ReturnFlag       20009790 f   ai_cmd.obj
 0001:000088e0       _BotMatch_JoinSubteam      200098e0 f   ai_cmd.obj
 0001:00008a00       _BotMatch_LeaveSubteam     20009a00 f   ai_cmd.obj
 0001:00008b00       _BotMatch_WhichTeam        20009b00 f   ai_cmd.obj
 0001:00008bc0       _BotMatch_CheckPoint       20009bc0 f   ai_cmd.obj
 0001:00008f30       _BotMatch_FormationSpace   20009f30 f   ai_cmd.obj
 0001:00009050       _BotMatch_Dismiss          2000a050 f   ai_cmd.obj
 0001:00009150       _BotMatch_Suicide          2000a150 f   ai_cmd.obj
 0001:00009220       _BotMatch_StartTeamLeaderShip 2000a220 f   ai_cmd.obj
 0001:00009310       _BotMatch_StopTeamLeaderShip 2000a310 f   ai_cmd.obj
 0001:00009420       _BotMatch_WhoIsTeamLeader  2000a420 f   ai_cmd.obj
 0001:000094b0       _BotMatch_WhatAreYouDoing  2000a4b0 f   ai_cmd.obj
 0001:000097e0       _BotMatch_WhatIsMyCommand  2000a7e0 f   ai_cmd.obj
 0001:00009840       _BotNearestVisibleItem     2000a840 f   ai_cmd.obj
 0001:00009a10       _BotMatch_WhereAreYou      2000aa10 f   ai_cmd.obj
 0001:00009da0       _BotMatch_LeadTheWay       2000ada0 f   ai_cmd.obj
 0001:0000a140       _BotMatch_Kill             2000b140 f   ai_cmd.obj
 0001:0000a2f0       _BotMatch_CTF              2000b2f0 f   ai_cmd.obj
 0001:0000a520       _BotMatch_EnterGame        2000b520 f   ai_cmd.obj
 0001:0000a580       _BotMatch_NewLeader        2000b580 f   ai_cmd.obj
 0001:0000a600       _BotMatchMessage           2000b600 f   ai_cmd.obj
 0001:0000aad0       _BotResetNodeSwitches      2000bad0 f   ai_dmnet.obj
 0001:0000aaf0       _BotDumpNodeSwitches       2000baf0 f   ai_dmnet.obj
 0001:0000aba0       _BotRecordNodeSwitch       2000bba0 f   ai_dmnet.obj
 0001:0000ac60       _BotGetAirGoal             2000bc60 f   ai_dmnet.obj
 0001:0000ae70       _BotGoForAir               2000be70 f   ai_dmnet.obj
 0001:0000afa0       _BotNearbyGoal             2000bfa0 f   ai_dmnet.obj
 0001:0000b090       _BotReachedGoal            2000c090 f   ai_dmnet.obj
 0001:0000b2c0       _BotGetItemLongTermGoal    2000c2c0 f   ai_dmnet.obj
 0001:0000b460       _BotGetLongTermGoal        2000c460 f   ai_dmnet.obj
 0001:0000da10       _BotLongTermGoal           2000ea10 f   ai_dmnet.obj
 0001:0000e060       _AIEnter_Intermission      2000f060 f   ai_dmnet.obj
 0001:0000e0f0       _AINode_Intermission       2000f0f0 f   ai_dmnet.obj
 0001:0000e190       _AIEnter_Observer          2000f190 f   ai_dmnet.obj
 0001:0000e1f0       _AINode_Observer           2000f1f0 f   ai_dmnet.obj
 0001:0000e240       _AIEnter_Stand             2000f240 f   ai_dmnet.obj
 0001:0000e2a0       _AINode_Stand              2000f2a0 f   ai_dmnet.obj
 0001:0000e410       _AIEnter_Respawn           2000f410 f   ai_dmnet.obj
 0001:0000e560       _AINode_Respawn            2000f560 f   ai_dmnet.obj
 0001:0000e6b0       _BotSelectActivateWeapon   2000f6b0 f   ai_dmnet.obj
 0001:0000e7e0       _BotClearPath              2000f7e0 f   ai_dmnet.obj
 0001:0000ed70       _AIEnter_Seek_ActivateEntity 2000fd70 f   ai_dmnet.obj
 0001:0000edc0       _AINode_Seek_ActivateEntity 2000fdc0 f   ai_dmnet.obj
 0001:0000f7d0       _AIEnter_Seek_NBG          200107d0 f   ai_dmnet.obj
 0001:0000f880       _AINode_Seek_NBG           20010880 f   ai_dmnet.obj
 0001:0000fe60       _AIEnter_Seek_LTG          20010e60 f   ai_dmnet.obj
 0001:0000ff10       _AINode_Seek_LTG           20010f10 f   ai_dmnet.obj
 0001:00010720       _AIEnter_Battle_Fight      20011720 f   ai_dmnet.obj
 0001:00010780       _AIEnter_Battle_SuicidalFight 20011780 f   ai_dmnet.obj
 0001:00010800       _AINode_Battle_Fight       20011800 f   ai_dmnet.obj
 0001:00010e40       _AIEnter_Battle_Chase      20011e40 f   ai_dmnet.obj
 0001:00010ea0       _AINode_Battle_Chase       20011ea0 f   ai_dmnet.obj
 0001:00011550       _AIEnter_Battle_Retreat    20012550 f   ai_dmnet.obj
 0001:000115a0       _AINode_Battle_Retreat     200125a0 f   ai_dmnet.obj
 0001:00011d80       _AIEnter_Battle_NBG        20012d80 f   ai_dmnet.obj
 0001:00011dd0       _AINode_Battle_NBG         20012dd0 f   ai_dmnet.obj
 0001:00012440       _BotSetUserInfo            20013440 f   ai_dmq3.obj
 0001:000124d0       _BotCTFCarryingFlag        200134d0 f   ai_dmq3.obj
 0001:00012530       _BotTeam                   20013530 f   ai_dmq3.obj
 0001:00012600       _BotOppositeTeam           20013600 f   ai_dmq3.obj
 0001:00012650       _BotEnemyFlag              20013650 f   ai_dmq3.obj
 0001:00012690       _BotTeamFlag               20013690 f   ai_dmq3.obj
 0001:000126d0       _EntityIsDead              200136d0 f   ai_dmq3.obj
 0001:00012730       _EntityCarriesFlag         20013730 f   ai_dmq3.obj
 0001:00012780       _EntityIsInvisible         20013780 f   ai_dmq3.obj
 0001:000127d0       _EntityIsShooting          200137d0 f   ai_dmq3.obj
 0001:00012810       _EntityIsChatting          20013810 f   ai_dmq3.obj
 0001:00012850       _EntityHasQuad             20013850 f   ai_dmq3.obj
 0001:00012880       _BotRememberLastOrderedTask 20013880 f   ai_dmq3.obj
 0001:00012910       _BotSetTeamStatus          20013910 f   ai_dmq3.obj
 0001:00012930       _BotSetLastOrderedTask     20013930 f   ai_dmq3.obj
 0001:00012b60       _BotRefuseOrder            20013b60 f   ai_dmq3.obj
 0001:00012c10       _BotCTFSeekGoals           20013c10 f   ai_dmq3.obj
 0001:00013a10       _BotCTFRetreatGoals        20014a10 f   ai_dmq3.obj
 0001:00013ad0       _BotTeamGoals              20014ad0 f   ai_dmq3.obj
 0001:00013b40       _BotPointAreaNum           20014b40 f   ai_dmq3.obj
 0001:00013be0       _ClientName                20014be0 f   ai_dmq3.obj
 0001:00013ca0       _ClientSkin                20014ca0 f   ai_dmq3.obj
 0001:00013d50       _ClientFromName            20014d50 f   ai_dmq3.obj
 0001:00013e30       _ClientOnSameTeamFromName  20014e30 f   ai_dmq3.obj
 0001:00013f30       _stristr                   20014f30 f   ai_dmq3.obj
 0001:00013ff0       _EasyClientName            20014ff0 f   ai_dmq3.obj
 0001:00014330       _BotSynonymContext         20015330 f   ai_dmq3.obj
 0001:00014390       _BotChooseWeapon           20015390 f   ai_dmq3.obj
 0001:00014460       _BotSetupForMovement       20015460 f   ai_dmq3.obj
 0001:00014620       _BotCheckItemPickup        20015620 f   ai_dmq3.obj
 0001:00014640       _BotUpdateInventory        20015640 f   ai_dmq3.obj
 0001:00014a00       _BotUpdateBattleInventory  20015a00 f   ai_dmq3.obj
 0001:00014ab0       _BotBattleUseItems         20015ab0 f   ai_dmq3.obj
 0001:00014b40       _BotSetTeleportTime        20015b40 f   ai_dmq3.obj
 0001:00014ba0       _BotIsDead                 20015ba0 f   ai_dmq3.obj
 0001:00014bd0       _BotIsObserver             20015bd0 f   ai_dmq3.obj
 0001:00014c60       _BotIntermission           20015c60 f   ai_dmq3.obj
 0001:00014cc0       _BotInLavaOrSlime          20015cc0 f   ai_dmq3.obj
 0001:00014d30       _BotCreateWayPoint         20015d30 f   ai_dmq3.obj
 0001:00014e70       _BotFindWayPoint           20015e70 f   ai_dmq3.obj
 0001:00014ed0       _BotFreeWaypoints          20015ed0 f   ai_dmq3.obj
 0001:00014f20       _BotInitWaypoints          20015f20 f   ai_dmq3.obj
 0001:00014f90       _TeamPlayIsOn              20015f90 f   ai_dmq3.obj
 0001:00014fc0       _BotAggression             20015fc0 f   ai_dmq3.obj
 0001:000151b0       _BotFeelingBad             200161b0 f   ai_dmq3.obj
 0001:00015230       _BotWantsToRetreat         20016230 f   ai_dmq3.obj
 0001:00015300       _BotWantsToChase           20016300 f   ai_dmq3.obj
 0001:000153c0       _BotWantsToHelp            200163c0 f   ai_dmq3.obj
 0001:000153e0       _BotCanAndWantsToRocketJump 200163e0 f   ai_dmq3.obj
 0001:000154c0       _BotHasPersistantPowerupAndWeapon 200164c0 f   ai_dmq3.obj
 0001:00015660       _BotGoCamp                 20016660 f   ai_dmq3.obj
 0001:000157a0       _BotWantsToCamp            200167a0 f   ai_dmq3.obj
 0001:00015a70       _BotDontAvoid              20016a70 f   ai_dmq3.obj
 0001:00015ae0       _BotGoForPowerups          20016ae0 f   ai_dmq3.obj
 0001:00015b70       _BotRoamGoal               20016b70 f   ai_dmq3.obj
 0001:00015fb0       _BotAttackMove             20016fb0 f   ai_dmq3.obj
 0001:00016870       _BotSameTeam               20017870 f   ai_dmq3.obj
 0001:00016980       _InFieldOfVision           20017980 f   ai_dmq3.obj
 0001:00016ad0       _BotEntityVisible          20017ad0 f   ai_dmq3.obj
 0001:000171a0       _BotFindEnemy              200181a0 f   ai_dmq3.obj
 0001:000177f0       _BotTeamFlagCarrierVisible 200187f0 f   ai_dmq3.obj
 0001:00017910       _BotTeamFlagCarrier        20018910 f   ai_dmq3.obj
 0001:000179d0       _BotEnemyFlagCarrierVisible 200189d0 f   ai_dmq3.obj
 0001:00017af0       _BotVisibleTeamMatesAndEnemies 20018af0 f   ai_dmq3.obj
 0001:00017cd0       _BotAimAtEnemy             20018cd0 f   ai_dmq3.obj
 0001:00019310       _BotCheckAttack            2001a310 f   ai_dmq3.obj
 0001:000199d0       _BotMapScripts             2001a9d0 f   ai_dmq3.obj
 0001:00019f50       _BotSetMovedir             2001af50 f   ai_dmq3.obj
 0001:0001a080       _BotModelMinsMaxs          2001b080 f   ai_dmq3.obj
 0001:0001a260       _BotFuncButtonActivateGoal 2001b260 f   ai_dmq3.obj
 0001:0001b120       _BotFuncDoorActivateGoal   2001c120 f   ai_dmq3.obj
 0001:0001b370       _BotTriggerMultipleActivateGoal 2001c370 f   ai_dmq3.obj
 0001:0001b720       _BotPopFromActivateGoalStack 2001c720 f   ai_dmq3.obj
 0001:0001b7b0       _BotPushOntoActivateGoalStack 2001c7b0 f   ai_dmq3.obj
 0001:0001b910       _BotClearActivateGoalStack 2001c910 f   ai_dmq3.obj
 0001:0001b950       _BotEnableActivateGoalAreas 2001c950 f   ai_dmq3.obj
 0001:0001b9e0       _BotIsGoingToActivateEntity 2001c9e0 f   ai_dmq3.obj
 0001:0001baf0       _BotGetActivateGoal        2001caf0 f   ai_dmq3.obj
 0001:0001c5b0       _BotGoForActivateGoal      2001d5b0 f   ai_dmq3.obj
 0001:0001c6a0       _BotPrintActivateGoalInfo  2001d6a0 f   ai_dmq3.obj
 0001:0001c7f0       _BotRandomMove             2001d7f0 f   ai_dmq3.obj
 0001:0001c8b0       _BotAIBlocked              2001d8b0 f   ai_dmq3.obj
 0001:0001cd40       _BotAIPredictObstacles     2001dd40 f   ai_dmq3.obj
 0001:0001cf60       _BotCheckConsoleMessages   2001df60 f   ai_dmq3.obj
 0001:0001d4c0       _BotCheckForGrenades       2001e4c0 f   ai_dmq3.obj
 0001:0001d520       _BotCheckEvents            2001e520 f   ai_dmq3.obj
 0001:0001dad0       _BotCheckSnapshot          2001ead0 f   ai_dmq3.obj
 0001:0001dbf0       _BotCheckAir               2001ebf0 f   ai_dmq3.obj
 0001:0001dc50       _BotAlternateRoute         2001ec50 f   ai_dmq3.obj
 0001:0001dd30       _BotGetAlternateRouteGoal  2001ed30 f   ai_dmq3.obj
 0001:0001ded0       _BotSetupAlternativeRouteGoals 2001eed0 f   ai_dmq3.obj
 0001:0001df00       _BotDeathmatchAI           2001ef00 f   ai_dmq3.obj
 0001:0001e3a0       _BotSetEntityNumForGoalWithModel 2001f3a0 f   ai_dmq3.obj
 0001:0001e4b0       _BotSetEntityNumForGoal    2001f4b0 f   ai_dmq3.obj
 0001:0001e5a0       _BotGoalForBSPEntity       2001f5a0 f   ai_dmq3.obj
 0001:0001e7b0       _BotSetupDeathmatchAI      2001f7b0 f   ai_dmq3.obj
 0001:0001ea10       _BotShutdownDeathmatchAI   2001fa10 f   ai_dmq3.obj
 0001:0001ea30       _BotAI_Print               2001fa30 f   ai_main.obj
 0001:0001eb70       _BotAI_Trace               2001fb70 f   ai_main.obj
 0001:0001ec80       _BotAI_GetClientState      2001fc80 f   ai_main.obj
 0001:0001ed00       _BotAI_GetEntityState      2001fd00 f   ai_main.obj
 0001:0001edb0       _BotAI_GetSnapshotEntity   2001fdb0 f   ai_main.obj
 0001:0001ee20       _BotAI_BotInitialChat      2001fe20 f   ai_main.obj
 0001:0001ef20       _BotTestAAS                2001ff20 f   ai_main.obj
 0001:0001f030       _BotReportStatus           20020030 f   ai_main.obj
 0001:0001f530       _BotTeamplayReport         20020530 f   ai_main.obj
 0001:0001f790       _BotSetInfoConfigString    20020790 f   ai_main.obj
 0001:0001fc40       _BotUpdateInfoConfigStrings 20020c40 f   ai_main.obj
 0001:0001fd40       _BotInterbreedBots         20020d40 f   ai_main.obj
 0001:0001ff70       _BotWriteInterbreeded      20020f70 f   ai_main.obj
 0001:00020070       _BotInterbreedEndMatch     20021070 f   ai_main.obj
 0001:00020120       _BotInterbreeding          20021120 f   ai_main.obj
 0001:000202a0       _BotEntityInfo             200212a0 f   ai_main.obj
 0001:000202d0       _NumBots                   200212d0 f   ai_main.obj
 0001:000202f0       _BotTeamLeader             200212f0 f   ai_main.obj
 0001:00020360       _AngleDifference           20021360 f   ai_main.obj
 0001:000203e0       _BotChangeViewAngle        200213e0 f   ai_main.obj
 0001:00020500       _BotChangeViewAngles       20021500 f   ai_main.obj
 0001:00020930       _BotInputToUserCommand     20021930 f   ai_main.obj
 0001:00020e40       _BotUpdateInput            20021e40 f   ai_main.obj
 0001:00020fd0       _BotAIRegularUpdate        20021fd0 f   ai_main.obj
 0001:00021020       _RemoveColorEscapeSequences 20022020 f   ai_main.obj
 0001:00021100       _BotAI                     20022100 f   ai_main.obj
 0001:00021680       _BotScheduleBotThink       20022680 f   ai_main.obj
 0001:00021720       _BotWriteSessionData       20022720 f   ai_main.obj
 0001:00021890       _BotReadSessionData        20022890 f   ai_main.obj
 0001:000219e0       _BotAISetupClient          200229e0 f   ai_main.obj
 0001:00021f90       _BotAIShutdownClient       20022f90 f   ai_main.obj
 0001:00022110       _BotResetState             20023110 f   ai_main.obj
 0001:000223c0       _BotAILoadMap              200233c0 f   ai_main.obj
 0001:000224a0       _BotAIStartFrame           200234a0 f   ai_main.obj
 0001:00022ce0       _BotInitLibrary            20023ce0 f   ai_main.obj
 0001:000232c0       _BotAISetup                200242c0 f   ai_main.obj
 0001:000234b0       _BotAIShutdown             200244b0 f   ai_main.obj
 0001:00023540       _BotValidTeamLeader        20024540 f   ai_team.obj
 0001:000235a0       _BotNumTeamMates           200245a0 f   ai_team.obj
 0001:000236e0       _BotClientTravelTimeToGoal 200246e0 f   ai_team.obj
 0001:00023770       _BotSortTeamMatesByBaseTravelTime 20024770 f   ai_team.obj
 0001:000239e0       _BotSetTeamMateTaskPreference 200249e0 f   ai_team.obj
 0001:00023a40       _BotGetTeamMateTaskPreference 20024a40 f   ai_team.obj
 0001:00023ac0       _BotSortTeamMatesByTaskPreference 20024ac0 f   ai_team.obj
 0001:00023ce0       _BotSayTeamOrderAlways     20024ce0 f   ai_team.obj
 0001:00023dc0       _BotSayTeamOrder           20024dc0 f   ai_team.obj
 0001:00023df0       _BotVoiceChat              20024df0 f   ai_team.obj
 0001:00023e10       _BotVoiceChatOnly          20024e10 f   ai_team.obj
 0001:00023e30       _BotSayVoiceTeamOrder      20024e30 f   ai_team.obj
 0001:00023e50       _BotCTFOrders_BothFlagsNotAtBase 20024e50 f   ai_team.obj
 0001:00024530       _BotCTFOrders_FlagNotAtBase 20025530 f   ai_team.obj
 0001:00024e90       _BotCTFOrders_EnemyFlagNotAtBase 20025e90 f   ai_team.obj
 0001:000254a0       _BotCTFOrders_BothFlagsAtBase 200264a0 f   ai_team.obj
 0001:00025e00       _BotCTFOrders              20026e00 f   ai_team.obj
 0001:00025ee0       _BotCreateGroup            20026ee0 f   ai_team.obj
 0001:00025fd0       _BotTeamOrders             20026fd0 f   ai_team.obj
 0001:000262c0       _FindHumanTeamLeader       200272c0 f   ai_team.obj
 0001:000263b0       _BotTeamAI                 200273b0 f   ai_team.obj
 0001:00026960       _BotVoiceChat_GetFlag      20027960 f   ai_vcmd.obj
 0001:00026a90       _BotVoiceChat_Offense      20027a90 f   ai_vcmd.obj
 0001:00026ba0       _BotVoiceChat_Defend       20027ba0 f   ai_vcmd.obj
 0001:00026d00       _BotVoiceChat_DefendFlag   20027d00 f   ai_vcmd.obj
 0001:00026d30       _BotVoiceChat_Patrol       20027d30 f   ai_vcmd.obj
 0001:00026df0       _BotVoiceChat_Camp         20027df0 f   ai_vcmd.obj
 0001:00027060       _BotVoiceChat_FollowMe     20028060 f   ai_vcmd.obj
 0001:000272f0       _BotVoiceChat_FollowFlagCarrier 200282f0 f   ai_vcmd.obj
 0001:00027350       _BotVoiceChat_ReturnFlag   20028350 f   ai_vcmd.obj
 0001:00027440       _BotVoiceChat_StartLeader  20028440 f   ai_vcmd.obj
 0001:00027470       _BotVoiceChat_StopLeader   20028470 f   ai_vcmd.obj
 0001:000274e0       _BotVoiceChat_WhoIsLeader  200284e0 f   ai_vcmd.obj
 0001:000275a0       _BotVoiceChat_WantOnDefense 200285a0 f   ai_vcmd.obj
 0001:00027680       _BotVoiceChat_WantOnOffense 20028680 f   ai_vcmd.obj
 0001:00027760       _BotVoiceChat_Dummy        20028760 f   ai_vcmd.obj
 0001:00027780       _BotVoiceChatCommand       20028780 f   ai_vcmd.obj
 0001:00027a50       _BG_FindItemForPowerup     20028a50 f   bg_misc.obj
 0001:00027af0       _BG_FindItemForHoldable    20028af0 f   bg_misc.obj
 0001:00027b80       _BG_FindItemForWeapon      20028b80 f   bg_misc.obj
 0001:00027bf0       _BG_FindItem               20028bf0 f   bg_misc.obj
 0001:00027c50       _BG_PlayerTouchesItem      20028c50 f   bg_misc.obj
 0001:00027d40       _BG_CanItemBeGrabbed       20028d40 f   bg_misc.obj
 0001:00028000       _BG_EvaluateTrajectory     20029000 f   bg_misc.obj
 0001:000282f0       _BG_EvaluateTrajectoryDelta 200292f0 f   bg_misc.obj
 0001:00028520       _BG_AddPredictableEventToPlayerstate 20029520 f   bg_misc.obj
 0001:00028600       _BG_TouchJumpPad           20029600 f   bg_misc.obj
 0001:00028720       _BG_PlayerStateToEntityState 20029720 f   bg_misc.obj
 0001:00028b50       _BG_PlayerStateToEntityStateExtraPolate 20029b50 f   bg_misc.obj
 0001:00028fa0       _PM_AddEvent               20029fa0 f   bg_pmove.obj
 0001:00028fd0       _PM_AddTouchEnt            20029fd0 f   bg_pmove.obj
 0001:00029080       _PM_ClipVelocity           2002a080 f   bg_pmove.obj
 0001:00029140       _PM_UpdateViewAngles       2002a140 f   bg_pmove.obj
 0001:00029280       _PmoveSingle               2002a280 f   bg_pmove.obj
 0001:0002d1c0       _Pmove                     2002e1c0 f   bg_pmove.obj
 0001:0002d2f0       _PM_SlideMove              2002e2f0 f   bg_slidemove.obj
 0001:0002ddd0       _PM_StepSlideMove          2002edd0 f   bg_slidemove.obj
 0001:0002e310       _P_DamageFeedback          2002f310 f   g_active.obj
 0001:0002e510       _P_WorldEffects            2002f510 f   g_active.obj
 0001:0002e860       _G_SetClientSound          2002f860 f   g_active.obj
 0001:0002e8d0       _ClientImpacts             2002f8d0 f   g_active.obj
 0001:0002ea10       _G_TouchTriggers           2002fa10 f   g_active.obj
 0001:0002ee50       _SpectatorThink            2002fe50 f   g_active.obj
 0001:0002eff0       _ClientInactivityTimer     2002fff0 f   g_active.obj
 0001:0002f180       _ClientTimerActions        20030180 f   g_active.obj
 0001:0002f390       _ClientIntermissionThink   20030390 f   g_active.obj
 0001:0002f440       _ClientEvents              20030440 f   g_active.obj
 0001:0002f750       _SendPendingPredictableEvents 20030750 f   g_active.obj
 0001:0002f8a0       _ClientThink_real          200308a0 f   g_active.obj
 0001:00030110       _ClientThink               20031110 f   g_active.obj
 0001:000301b0       _G_RunClient               200311b0 f   g_active.obj
 0001:00030210       _SpectatorClientEndFrame   20031210 f   g_active.obj
 0001:000303f0       _ClientEndFrame            200313f0 f   g_active.obj
 0001:000305c0       _UpdateTournamentInfo      200315c0 f   g_arenas.obj
 0001:000308c0       _SpawnModelsOnVictoryPads  200318c0 f   g_arenas.obj
 0001:00031780       _Svcmd_AbortPodium_f       20032780 f   g_arenas.obj
 0001:000317e0       _trap_Cvar_VariableValue   200327e0 f   g_bot.obj
 0001:00031830       _G_ParseInfos              20032830 f   g_bot.obj
 0001:00031a70       _G_GetArenaInfoByMap       20032a70 f   g_bot.obj
 0001:00031af0       _G_AddRandomBot            20032af0 f   g_bot.obj
 0001:00031e40       _G_RemoveRandomBot         20032e40 f   g_bot.obj
 0001:00031f40       _G_CountHumanPlayers       20032f40 f   g_bot.obj
 0001:00032000       _G_CountBotPlayers         20033000 f   g_bot.obj
 0001:00032120       _G_CheckMinimumPlayers     20033120 f   g_bot.obj
 0001:000323c0       _G_CheckBotSpawn           200333c0 f   g_bot.obj
 0001:00032570       _G_RemoveQueuedBotBegin    20033570 f   g_bot.obj
 0001:000325d0       _G_BotConnect              200335d0 f   g_bot.obj
 0001:000326e0       _Svcmd_AddBot_f            200336e0 f   g_bot.obj
 0001:00032f20       _Svcmd_BotList_f           20033f20 f   g_bot.obj
 0001:00033120       _G_GetBotInfoByNumber      20034120 f   g_bot.obj
 0001:00033180       _G_GetBotInfoByName        20034180 f   g_bot.obj
 0001:00033210       _G_InitBots                20034210 f   g_bot.obj
 0001:00033c20       _SP_info_player_deathmatch 20034c20 f   g_client.obj
 0001:00033cb0       _SP_info_player_start      20034cb0 f   g_client.obj
 0001:00033cf0       _SP_info_player_intermission 20034cf0 f   g_client.obj
 0001:00033d10       _SpotWouldTelefrag         20034d10 f   g_client.obj
 0001:00033e50       _SelectNearestDeathmatchSpawnPoint 20034e50 f   g_client.obj
 0001:00033f70       _SelectRandomDeathmatchSpawnPoint 20034f70 f   g_client.obj
 0001:00034040       _SelectRandomFurthestSpawnPoint 20035040 f   g_client.obj
 0001:00034470       _SelectSpawnPoint          20035470 f   g_client.obj
 0001:000344a0       _SelectInitialSpawnPoint   200354a0 f   g_client.obj
 0001:000345b0       _SelectSpectatorSpawnPoint 200355b0 f   g_client.obj
 0001:00034630       _InitBodyQue               20035630 f   g_client.obj
 0001:000346b0       _BodySink                  200356b0 f   g_client.obj
 0001:00034730       _CopyToBodyQue             20035730 f   g_client.obj
 0001:00034b90       _SetClientViewAngle        20035b90 f   g_client.obj
 0001:00034ca0       _respawn                   20035ca0 f   g_client.obj
 0001:00034d10       _TeamCount                 20035d10 f   g_client.obj
 0001:00034dc0       _TeamLeader                20035dc0 f   g_client.obj
 0001:00034e70       _PickTeam                  20035e70 f   g_client.obj
 0001:00034f00       _ClientUserinfoChanged     20035f00 f   g_client.obj
 0001:00035870       _ClientConnect             20036870 f   g_client.obj
 0001:00035b30       _ClientBegin               20036b30 f   g_client.obj
 0001:00035ce0       _ClientSpawn               20036ce0 f   g_client.obj
 0001:00036640       _ClientDisconnect          20037640 f   g_client.obj
 0001:00036910       _DeathmatchScoreboardMessage 20037910 f   g_cmds.obj
 0001:00036c50       _Cmd_Score_f               20037c50 f   g_cmds.obj
 0001:00036c80       _CheatsOk                  20037c80 f   g_cmds.obj
 0001:00036d20       _ConcatArgs                20037d20 f   g_cmds.obj
 0001:00036e30       _SanitizeString            20037e30 f   g_cmds.obj
 0001:00036ed0       _ClientNumberFromString    20037ed0 f   g_cmds.obj
 0001:000370d0       _Cmd_Give_f                200380d0 f   g_cmds.obj
 0001:00037380       _Cmd_God_f                 20038380 f   g_cmds.obj
 0001:00037430       _Cmd_Notarget_f            20038430 f   g_cmds.obj
 0001:000374e0       _Cmd_Noclip_f              200384e0 f   g_cmds.obj
 0001:000375a0       _Cmd_LevelShot_f           200385a0 f   g_cmds.obj
 0001:00037630       _Cmd_TeamTask_f            20038630 f   g_cmds.obj
 0001:00037740       _Cmd_Kill_f                20038740 f   g_cmds.obj
 0001:000377f0       _BroadcastTeamChange       200387f0 f   g_cmds.obj
 0001:00037900       _SetTeam                   20038900 f   g_cmds.obj
 0001:00037e10       _StopFollowing             20038e10 f   g_cmds.obj
 0001:00037ed0       _Cmd_Team_f                20038ed0 f   g_cmds.obj
 0001:000380e0       _Cmd_Follow_f              200390e0 f   g_cmds.obj
 0001:00038270       _Cmd_FollowCycle_f         20039270 f   g_cmds.obj
 0001:00038400       _G_Say                     20039400 f   g_cmds.obj
 0001:00038870       _G_Voice                   20039870 f   g_cmds.obj
 0001:00038a90       _Cmd_GameCommand_f         20039a90 f   g_cmds.obj
 0001:00038b90       _Cmd_Where_f               20039b90 f   g_cmds.obj
 0001:00038bf0       _Cmd_CallVote_f            20039bf0 f   g_cmds.obj
 0001:00039390       _Cmd_Vote_f                2003a390 f   g_cmds.obj
 0001:00039560       _Cmd_CallTeamVote_f        2003a560 f   g_cmds.obj
 0001:00039d90       _Cmd_TeamVote_f            2003ad90 f   g_cmds.obj
 0001:00039fd0       _Cmd_SetViewpos_f          2003afd0 f   g_cmds.obj
 0001:0003a150       _Cmd_Stats_f               2003b150 f   g_cmds.obj
 0001:0003a170       _ClientCommand             2003b170 f   g_cmds.obj
 0001:0003afd0       _ScorePlum                 2003bfd0 f   g_combat.obj
 0001:0003b050       _AddScore                  2003c050 f   g_combat.obj
 0001:0003b120       _TossClientItems           2003c120 f   g_combat.obj
 0001:0003b310       _LookAtKiller              2003c310 f   g_combat.obj
 0001:0003b430       _GibEntity                 2003c430 f   g_combat.obj
 0001:0003b530       _body_die                  2003c530 f   g_combat.obj
 0001:0003b590       _CheckAlmostCapture        2003c590 f   g_combat.obj
 0001:0003b7e0       _CheckAlmostScored         2003c7e0 f   g_combat.obj
 0001:0003b940       _player_die                2003c940 f   g_combat.obj
 0001:0003c0d0       _CheckArmor                2003d0d0 f   g_combat.obj
 0001:0003c190       _RaySphereIntersections    2003d190 f   g_combat.obj
 0001:0003c420       _G_Damage                  2003d420 f   g_combat.obj
 0001:0003cb70       _CanDamage                 2003db70 f   g_combat.obj
 0001:0003ce80       _G_RadiusDamage            2003de80 f   g_combat.obj
 0001:0003d220       _Pickup_Powerup            2003e220 f   g_items.obj
 0001:0003d4f0       _Pickup_Holdable           2003e4f0 f   g_items.obj
 0001:0003d570       _Add_Ammo                  2003e570 f   g_items.obj
 0001:0003d600       _Pickup_Ammo               2003e600 f   g_items.obj
 0001:0003d680       _Combine_Weapon            2003e680 f   g_items.obj
 0001:0003d7a0       _Pickup_Weapon             2003e7a0 f   g_items.obj
 0001:0003da70       _Pickup_Health             2003ea70 f   g_items.obj
 0001:0003db90       _Pickup_Armor              2003eb90 f   g_items.obj
 0001:0003dc40       _RespawnItem               2003ec40 f   g_items.obj
 0001:0003ded0       _Touch_Item                2003eed0 f   g_items.obj
 0001:0003e3e0       _LaunchItem                2003f3e0 f   g_items.obj
 0001:0003e5f0       _Drop_Item                 2003f5f0 f   g_items.obj
 0001:0003e6e0       _Use_Item                  2003f6e0 f   g_items.obj
 0001:0003e710       _FinishSpawningItem        2003f710 f   g_items.obj
 0001:0003ea10       _G_CheckTeamItems          2003fa10 f   g_items.obj
 0001:0003ead0       _ClearRegisteredItems      2003fad0 f   g_items.obj
 0001:0003eb30       _RegisterItem              2003fb30 f   g_items.obj
 0001:0003eb80       _SaveRegisteredItems       2003fb80 f   g_items.obj
 0001:0003ec70       _G_ItemDisabled            2003fc70 f   g_items.obj
 0001:0003ecc0       _G_SpawnItem               2003fcc0 f   g_items.obj
 0001:0003edd0       _G_BounceItem              2003fdd0 f   g_items.obj
 0001:0003f080       _G_RunItem                 20040080 f   g_items.obj
 0001:0003f270       _vmMain                    20040270 f   g_main.obj
 0001:0003f3d0       _G_Printf                  200403d0 f   g_main.obj
 0001:0003f430       _G_Error                   20040430 f   g_main.obj
 0001:0003f490       _G_FindTeams               20040490 f   g_main.obj
 0001:0003f6d0       _G_RemapTeamShaders        200406d0 f   g_main.obj
 0001:0003f6f0       _G_RegisterCvars           200406f0 f   g_main.obj
 0001:0003f810       _G_UpdateCvars             20040810 f   g_main.obj
 0001:0003f910       _G_InitGame                20040910 f   g_main.obj
 0001:0003fc70       _G_ShutdownGame            20040c70 f   g_main.obj
 0001:0003fd00       _Com_Error                 20040d00 f   g_main.obj
 0001:0003fd60       _Com_Printf                20040d60 f   g_main.obj
 0001:0003fdc0       _AddTournamentPlayer       20040dc0 f   g_main.obj
 0001:0003ff00       _RemoveTournamentLoser     20040f00 f   g_main.obj
 0001:0003ff70       _RemoveTournamentWinner    20040f70 f   g_main.obj
 0001:0003ffe0       _AdjustTournamentScores    20040fe0 f   g_main.obj
 0001:000400e0       _SortRanks                 200410e0 f   g_main.obj
 0001:00040290       _CalculateRanks            20041290 f   g_main.obj
 0001:000408c0       _SendScoreboardMessageToAllClients 200418c0 f   g_main.obj
 0001:00040940       _MoveClientToIntermission  20041940 f   g_main.obj
 0001:00040ae0       _FindIntermissionPoint     20041ae0 f   g_main.obj
 0001:00040c20       _BeginIntermission         20041c20 f   g_main.obj
 0001:00040d10       _ExitLevel                 20041d10 f   g_main.obj
 0001:00040ea0       _G_LogPrintf               20041ea0 f   g_main.obj
 0001:00041010       _LogExit                   20042010 f   g_main.obj
 0001:00041190       _CheckIntermissionExit     20042190 f   g_main.obj
 0001:00041380       _ScoreIsTied               20042380 f   g_main.obj
 0001:00041420       _CheckExitRules            20042420 f   g_main.obj
 0001:000416e0       _CheckTournament           200426e0 f   g_main.obj
 0001:00041a70       _CheckVote                 20042a70 f   g_main.obj
 0001:00041ba0       _PrintTeam                 20042ba0 f   g_main.obj
 0001:00041c20       _SetLeader                 20042c20 f   g_main.obj
 0001:00041e00       _CheckTeamLeader           20042e00 f   g_main.obj
 0001:00041f90       _CheckTeamVote             20042f90 f   g_main.obj
 0001:00042140       _CheckCvars                20043140 f   g_main.obj
 0001:000421d0       _G_RunThink                200431d0 f   g_main.obj
 0001:00042260       _G_RunFrame                20043260 f   g_main.obj
 0001:000425e0       _G_Alloc                   200435e0 f   g_mem.obj
 0001:00042690       _G_InitMemory              20043690 f   g_mem.obj
 0001:000426b0       _Svcmd_GameMem_f           200436b0 f   g_mem.obj
 0001:000426f0       _SP_info_camp              200436f0 f   g_misc.obj
 0001:00042720       _SP_info_null              20043720 f   g_misc.obj
 0001:00042750       _SP_info_notnull           20043750 f   g_misc.obj
 0001:00042780       _SP_light                  20043780 f   g_misc.obj
 0001:000427b0       _TeleportPlayer            200437b0 f   g_misc.obj
 0001:00042a70       _SP_misc_teleporter_dest   20043a70 f   g_misc.obj
 0001:00042a90       _SP_misc_model             20043a90 f   g_misc.obj
 0001:00042ac0       _locateCamera              20043ac0 f   g_misc.obj
 0001:00042ca0       _SP_misc_portal_surface    20043ca0 f   g_misc.obj
 0001:00042db0       _SP_misc_portal_camera     20043db0 f   g_misc.obj
 0001:00042e80       _Use_Shooter               20043e80 f   g_misc.obj
 0001:00043170       _InitShooter               20044170 f   g_misc.obj
 0001:000432f0       _SP_shooter_rocket         200442f0 f   g_misc.obj
 0001:00043320       _SP_shooter_plasma         20044320 f   g_misc.obj
 0001:00043350       _SP_shooter_grenade        20044350 f   g_misc.obj
 0001:00043380       _G_BounceMissile           20044380 f   g_missile.obj
 0001:00043620       _G_ExplodeMissile          20044620 f   g_missile.obj
 0001:000437d0       _G_MissileImpact           200447d0 f   g_missile.obj
 0001:00043e60       _G_RunMissile              20044e60 f   g_missile.obj
 0001:00044080       _fire_plasma               20045080 f   g_missile.obj
 0001:000442d0       _fire_grenade              200452d0 f   g_missile.obj
 0001:00044530       _fire_bfg                  20045530 f   g_missile.obj
 0001:00044780       _fire_rocket               20045780 f   g_missile.obj
 0001:000449d0       _fire_grapple              200459d0 f   g_missile.obj
 0001:00044c00       _G_TestEntityPosition      20045c00 f   g_mover.obj
 0001:00044d10       _G_CreateRotationMatrix    20045d10 f   g_mover.obj
 0001:00044d60       _G_TransposeMatrix         20045d60 f   g_mover.obj
 0001:00044de0       _G_RotatePoint             20045de0 f   g_mover.obj
 0001:00044ea0       _G_TryPushingEntity        20045ea0 f   g_mover.obj
 0001:00045540       _G_CheckProxMinePosition   20046540 f   g_mover.obj
 0001:00045660       _G_TryPushingProxMine      20046660 f   g_mover.obj
 0001:00045880       _G_MoverPush               20046880 f   g_mover.obj
 0001:00045f80       _G_MoverTeam               20046f80 f   g_mover.obj
 0001:00046220       _G_RunMover                20047220 f   g_mover.obj
 0001:00046290       _SetMoverState             20047290 f   g_mover.obj
 0001:00046570       _MatchTeam                 20047570 f   g_mover.obj
 0001:000465c0       _ReturnToPos1              200475c0 f   g_mover.obj
 0001:00046630       _Reached_BinaryMover       20047630 f   g_mover.obj
 0001:000467c0       _Use_BinaryMover           200477c0 f   g_mover.obj
 0001:00046a30       _InitMover                 20047a30 f   g_mover.obj
 0001:00046e30       _Blocked_Door              20047e30 f   g_mover.obj
 0001:00046f20       _Touch_DoorTrigger         20047f20 f   g_mover.obj
 0001:00047180       _Think_SpawnNewDoorTrigger 20048180 f   g_mover.obj
 0001:00047410       _Think_MatchTeam           20048410 f   g_mover.obj
 0001:00047450       _SP_func_door              20048450 f   g_mover.obj
 0001:000478a0       _Touch_Plat                200488a0 f   g_mover.obj
 0001:00047910       _Touch_PlatCenterTrigger   20048910 f   g_mover.obj
 0001:00047970       _SpawnPlatTrigger          20048970 f   g_mover.obj
 0001:00047b90       _SP_func_plat              20048b90 f   g_mover.obj
 0001:00047e10       _Touch_Button              20048e10 f   g_mover.obj
 0001:00047e60       _SP_func_button            20048e60 f   g_mover.obj
 0001:00048120       _Think_BeginMoving         20049120 f   g_mover.obj
 0001:00048150       _Reached_Train             20049150 f   g_mover.obj
 0001:000483b0       _Think_SetupTrainTargets   200493b0 f   g_mover.obj
 0001:00048550       _SP_path_corner            20049550 f   g_mover.obj
 0001:000485b0       _SP_func_train             200495b0 f   g_mover.obj
 0001:00048710       _SP_func_static            20049710 f   g_mover.obj
 0001:000487c0       _SP_func_rotating          200497c0 f   g_mover.obj
 0001:00048970       _SP_func_bobbing           20049970 f   g_mover.obj
 0001:00048b30       _SP_func_pendulum          20049b30 f   g_mover.obj
 0001:00048d30       _G_WriteClientSessionData  20049d30 f   g_session.obj
 0001:00048df0       _G_ReadSessionData         20049df0 f   g_session.obj
 0001:00048f00       _G_InitSessionData         20049f00 f   g_session.obj
 0001:00049040       _G_InitWorldSession        2004a040 f   g_session.obj
 0001:000490c0       _G_WriteSessionData        2004a0c0 f   g_session.obj
 0001:00049170       _G_SpawnString             2004a170 f   g_spawn.obj
 0001:00049210       _G_SpawnFloat              2004a210 f   g_spawn.obj
 0001:00049260       _G_SpawnInt                2004a260 f   g_spawn.obj
 0001:000492b0       _G_SpawnVector             2004a2b0 f   g_spawn.obj
 0001:00049310       _SP_item_botroam           2004a310 f   g_spawn.obj
 0001:00049330       _G_CallSpawn               2004a330 f   g_spawn.obj
 0001:00049450       _G_NewString               2004a450 f   g_spawn.obj
 0001:00049540       _G_ParseField              2004a540 f   g_spawn.obj
 0001:00049710       _G_SpawnGEntityFromSpawnVars 2004a710 f   g_spawn.obj
 0001:00049980       _G_AddSpawnVarToken        2004a980 f   g_spawn.obj
 0001:00049a20       _G_ParseSpawnVars          2004aa20 f   g_spawn.obj
 0001:00049bd0       _SP_worldspawn             2004abd0 f   g_spawn.obj
 0001:00049e10       _G_SpawnEntitiesFromString 2004ae10 f   g_spawn.obj
 0001:00049e80       _G_FilterPacket            2004ae80 f   g_svcmds.obj
 0001:00049fc0       _G_ProcessIPBans           2004afc0 f   g_svcmds.obj
 0001:0004a520       _Svcmd_AddIP_f             2004b520 f   g_svcmds.obj
 0001:0004a590       _Svcmd_RemoveIP_f          2004b590 f   g_svcmds.obj
 0001:0004a6a0       _Svcmd_EntityList_f        2004b6a0 f   g_svcmds.obj
 0001:0004a8d0       _ClientForString           2004b8d0 f   g_svcmds.obj
 0001:0004aa20       _Svcmd_ForceTeam_f         2004ba20 f   g_svcmds.obj
 0001:0004aad0       _ConsoleCommand            2004bad0 f   g_svcmds.obj
 0001:0004ad60       _dllEntry                  2004bd60 f   g_syscalls.obj
 0001:0004ad80       _PASSFLOAT                 2004bd80 f   g_syscalls.obj
 0001:0004ada0       _trap_Printf               2004bda0 f   g_syscalls.obj
 0001:0004add0       _trap_Error                2004bdd0 f   g_syscalls.obj
 0001:0004ae00       _trap_Milliseconds         2004be00 f   g_syscalls.obj
 0001:0004ae30       _trap_Argc                 2004be30 f   g_syscalls.obj
 0001:0004ae60       _trap_Argv                 2004be60 f   g_syscalls.obj
 0001:0004ae90       _trap_FS_FOpenFile         2004be90 f   g_syscalls.obj
 0001:0004aec0       _trap_FS_Read              2004bec0 f   g_syscalls.obj
 0001:0004aef0       _trap_FS_Write             2004bef0 f   g_syscalls.obj
 0001:0004af20       _trap_FS_FCloseFile        2004bf20 f   g_syscalls.obj
 0001:0004af50       _trap_FS_GetFileList       2004bf50 f   g_syscalls.obj
 0001:0004af90       _trap_FS_Seek              2004bf90 f   g_syscalls.obj
 0001:0004afc0       _trap_SendConsoleCommand   2004bfc0 f   g_syscalls.obj
 0001:0004aff0       _trap_Cvar_Register        2004bff0 f   g_syscalls.obj
 0001:0004b030       _trap_Cvar_Update          2004c030 f   g_syscalls.obj
 0001:0004b060       _trap_Cvar_Set             2004c060 f   g_syscalls.obj
 0001:0004b090       _trap_Cvar_VariableIntegerValue 2004c090 f   g_syscalls.obj
 0001:0004b0c0       _trap_Cvar_VariableStringBuffer 2004c0c0 f   g_syscalls.obj
 0001:0004b0f0       _trap_LocateGameData       2004c0f0 f   g_syscalls.obj
 0001:0004b130       _trap_DropClient           2004c130 f   g_syscalls.obj
 0001:0004b160       _trap_SendServerCommand    2004c160 f   g_syscalls.obj
 0001:0004b190       _trap_SetConfigstring      2004c190 f   g_syscalls.obj
 0001:0004b1c0       _trap_GetConfigstring      2004c1c0 f   g_syscalls.obj
 0001:0004b1f0       _trap_GetUserinfo          2004c1f0 f   g_syscalls.obj
 0001:0004b220       _trap_SetUserinfo          2004c220 f   g_syscalls.obj
 0001:0004b250       _trap_GetServerinfo        2004c250 f   g_syscalls.obj
 0001:0004b280       _trap_SetBrushModel        2004c280 f   g_syscalls.obj
 0001:0004b2b0       _trap_Trace                2004c2b0 f   g_syscalls.obj
 0001:0004b300       _trap_TraceCapsule         2004c300 f   g_syscalls.obj
 0001:0004b350       _trap_PointContents        2004c350 f   g_syscalls.obj
 0001:0004b380       _trap_InPVS                2004c380 f   g_syscalls.obj
 0001:0004b3b0       _trap_InPVSIgnorePortals   2004c3b0 f   g_syscalls.obj
 0001:0004b3e0       _trap_AdjustAreaPortalState 2004c3e0 f   g_syscalls.obj
 0001:0004b410       _trap_AreasConnected       2004c410 f   g_syscalls.obj
 0001:0004b440       _trap_LinkEntity           2004c440 f   g_syscalls.obj
 0001:0004b470       _trap_UnlinkEntity         2004c470 f   g_syscalls.obj
 0001:0004b4a0       _trap_EntitiesInBox        2004c4a0 f   g_syscalls.obj
 0001:0004b4e0       _trap_EntityContact        2004c4e0 f   g_syscalls.obj
 0001:0004b510       _trap_EntityContactCapsule 2004c510 f   g_syscalls.obj
 0001:0004b540       _trap_BotAllocateClient    2004c540 f   g_syscalls.obj
 0001:0004b570       _trap_BotFreeClient        2004c570 f   g_syscalls.obj
 0001:0004b5a0       _trap_GetUsercmd           2004c5a0 f   g_syscalls.obj
 0001:0004b5d0       _trap_GetEntityToken       2004c5d0 f   g_syscalls.obj
 0001:0004b600       _trap_DebugPolygonCreate   2004c600 f   g_syscalls.obj
 0001:0004b630       _trap_DebugPolygonDelete   2004c630 f   g_syscalls.obj
 0001:0004b660       _trap_RealTime             2004c660 f   g_syscalls.obj
 0001:0004b690       _trap_SnapVector           2004c690 f   g_syscalls.obj
 0001:0004b6c0       _trap_BotLibSetup          2004c6c0 f   g_syscalls.obj
 0001:0004b6f0       _trap_BotLibShutdown       2004c6f0 f   g_syscalls.obj
 0001:0004b720       _trap_BotLibVarSet         2004c720 f   g_syscalls.obj
 0001:0004b750       _trap_BotLibVarGet         2004c750 f   g_syscalls.obj
 0001:0004b790       _trap_BotLibDefine         2004c790 f   g_syscalls.obj
 0001:0004b7c0       _trap_BotLibStartFrame     2004c7c0 f   g_syscalls.obj
 0001:0004b800       _trap_BotLibLoadMap        2004c800 f   g_syscalls.obj
 0001:0004b830       _trap_BotLibUpdateEntity   2004c830 f   g_syscalls.obj
 0001:0004b860       _trap_BotLibTest           2004c860 f   g_syscalls.obj
 0001:0004b8a0       _trap_BotGetSnapshotEntity 2004c8a0 f   g_syscalls.obj
 0001:0004b8d0       _trap_BotGetServerCommand  2004c8d0 f   g_syscalls.obj
 0001:0004b910       _trap_BotUserCommand       2004c910 f   g_syscalls.obj
 0001:0004b940       _trap_AAS_EntityInfo       2004c940 f   g_syscalls.obj
 0001:0004b970       _trap_AAS_Initialized      2004c970 f   g_syscalls.obj
 0001:0004b9a0       _trap_AAS_PresenceTypeBoundingBox 2004c9a0 f   g_syscalls.obj
 0001:0004b9e0       _trap_AAS_Time             2004c9e0 f   g_syscalls.obj
 0001:0004ba10       _trap_AAS_PointAreaNum     2004ca10 f   g_syscalls.obj
 0001:0004ba40       _trap_AAS_PointReachabilityAreaIndex 2004ca40 f   g_syscalls.obj
 0001:0004ba70       _trap_AAS_TraceAreas       2004ca70 f   g_syscalls.obj
 0001:0004bab0       _trap_AAS_BBoxAreas        2004cab0 f   g_syscalls.obj
 0001:0004baf0       _trap_AAS_AreaInfo         2004caf0 f   g_syscalls.obj
 0001:0004bb20       _trap_AAS_PointContents    2004cb20 f   g_syscalls.obj
 0001:0004bb50       _trap_AAS_NextBSPEntity    2004cb50 f   g_syscalls.obj
 0001:0004bb80       _trap_AAS_ValueForBSPEpairKey 2004cb80 f   g_syscalls.obj
 0001:0004bbc0       _trap_AAS_VectorForBSPEpairKey 2004cbc0 f   g_syscalls.obj
 0001:0004bc00       _trap_AAS_FloatForBSPEpairKey 2004cc00 f   g_syscalls.obj
 0001:0004bc40       _trap_AAS_IntForBSPEpairKey 2004cc40 f   g_syscalls.obj
 0001:0004bc80       _trap_AAS_AreaReachability 2004cc80 f   g_syscalls.obj
 0001:0004bcb0       _trap_AAS_AreaTravelTimeToGoalArea 2004ccb0 f   g_syscalls.obj
 0001:0004bcf0       _trap_AAS_EnableRoutingArea 2004ccf0 f   g_syscalls.obj
 0001:0004bd20       _trap_AAS_PredictRoute     2004cd20 f   g_syscalls.obj
 0001:0004bd80       _trap_AAS_AlternativeRouteGoals 2004cd80 f   g_syscalls.obj
 0001:0004bdd0       _trap_AAS_Swimming         2004cdd0 f   g_syscalls.obj
 0001:0004be00       _trap_AAS_PredictClientMovement 2004ce00 f   g_syscalls.obj
 0001:0004be80       _trap_EA_Say               2004ce80 f   g_syscalls.obj
 0001:0004beb0       _trap_EA_SayTeam           2004ceb0 f   g_syscalls.obj
 0001:0004bee0       _trap_EA_Command           2004cee0 f   g_syscalls.obj
 0001:0004bf10       _trap_EA_Action            2004cf10 f   g_syscalls.obj
 0001:0004bf40       _trap_EA_Gesture           2004cf40 f   g_syscalls.obj
 0001:0004bf70       _trap_EA_Talk              2004cf70 f   g_syscalls.obj
 0001:0004bfa0       _trap_EA_Attack            2004cfa0 f   g_syscalls.obj
 0001:0004bfd0       _trap_EA_Use               2004cfd0 f   g_syscalls.obj
 0001:0004c000       _trap_EA_Respawn           2004d000 f   g_syscalls.obj
 0001:0004c030       _trap_EA_Crouch            2004d030 f   g_syscalls.obj
 0001:0004c060       _trap_EA_MoveUp            2004d060 f   g_syscalls.obj
 0001:0004c090       _trap_EA_MoveDown          2004d090 f   g_syscalls.obj
 0001:0004c0c0       _trap_EA_MoveForward       2004d0c0 f   g_syscalls.obj
 0001:0004c0f0       _trap_EA_MoveBack          2004d0f0 f   g_syscalls.obj
 0001:0004c120       _trap_EA_MoveLeft          2004d120 f   g_syscalls.obj
 0001:0004c150       _trap_EA_MoveRight         2004d150 f   g_syscalls.obj
 0001:0004c180       _trap_EA_SelectWeapon      2004d180 f   g_syscalls.obj
 0001:0004c1b0       _trap_EA_Jump              2004d1b0 f   g_syscalls.obj
 0001:0004c1e0       _trap_EA_DelayedJump       2004d1e0 f   g_syscalls.obj
 0001:0004c210       _trap_EA_Move              2004d210 f   g_syscalls.obj
 0001:0004c250       _trap_EA_View              2004d250 f   g_syscalls.obj
 0001:0004c280       _trap_EA_EndRegular        2004d280 f   g_syscalls.obj
 0001:0004c2c0       _trap_EA_GetInput          2004d2c0 f   g_syscalls.obj
 0001:0004c300       _trap_EA_ResetInput        2004d300 f   g_syscalls.obj
 0001:0004c330       _trap_BotLoadCharacter     2004d330 f   g_syscalls.obj
 0001:0004c370       _trap_BotFreeCharacter     2004d370 f   g_syscalls.obj
 0001:0004c3a0       _trap_Characteristic_Float 2004d3a0 f   g_syscalls.obj
 0001:0004c3e0       _trap_Characteristic_BFloat 2004d3e0 f   g_syscalls.obj
 0001:0004c440       _trap_Characteristic_Integer 2004d440 f   g_syscalls.obj
 0001:0004c470       _trap_Characteristic_BInteger 2004d470 f   g_syscalls.obj
 0001:0004c4b0       _trap_Characteristic_String 2004d4b0 f   g_syscalls.obj
 0001:0004c4f0       _trap_BotAllocChatState    2004d4f0 f   g_syscalls.obj
 0001:0004c520       _trap_BotFreeChatState     2004d520 f   g_syscalls.obj
 0001:0004c550       _trap_BotQueueConsoleMessage 2004d550 f   g_syscalls.obj
 0001:0004c590       _trap_BotRemoveConsoleMessage 2004d590 f   g_syscalls.obj
 0001:0004c5c0       _trap_BotNextConsoleMessage 2004d5c0 f   g_syscalls.obj
 0001:0004c5f0       _trap_BotNumConsoleMessages 2004d5f0 f   g_syscalls.obj
 0001:0004c620       _trap_BotInitialChat       2004d620 f   g_syscalls.obj
 0001:0004c680       _trap_BotNumInitialChats   2004d680 f   g_syscalls.obj
 0001:0004c6b0       _trap_BotReplyChat         2004d6b0 f   g_syscalls.obj
 0001:0004c720       _trap_BotChatLength        2004d720 f   g_syscalls.obj
 0001:0004c750       _trap_BotEnterChat         2004d750 f   g_syscalls.obj
 0001:0004c790       _trap_BotGetChatMessage    2004d790 f   g_syscalls.obj
 0001:0004c7d0       _trap_StringContains       2004d7d0 f   g_syscalls.obj
 0001:0004c810       _trap_BotFindMatch         2004d810 f   g_syscalls.obj
 0001:0004c850       _trap_BotMatchVariable     2004d850 f   g_syscalls.obj
 0001:0004c890       _trap_UnifyWhiteSpaces     2004d890 f   g_syscalls.obj
 0001:0004c8c0       _trap_BotReplaceSynonyms   2004d8c0 f   g_syscalls.obj
 0001:0004c8f0       _trap_BotLoadChatFile      2004d8f0 f   g_syscalls.obj
 0001:0004c930       _trap_BotSetChatGender     2004d930 f   g_syscalls.obj
 0001:0004c960       _trap_BotSetChatName       2004d960 f   g_syscalls.obj
 0001:0004c9a0       _trap_BotResetGoalState    2004d9a0 f   g_syscalls.obj
 0001:0004c9d0       _trap_BotResetAvoidGoals   2004d9d0 f   g_syscalls.obj
 0001:0004ca00       _trap_BotRemoveFromAvoidGoals 2004da00 f   g_syscalls.obj
 0001:0004ca30       _trap_BotPushGoal          2004da30 f   g_syscalls.obj
 0001:0004ca60       _trap_BotPopGoal           2004da60 f   g_syscalls.obj
 0001:0004ca90       _trap_BotEmptyGoalStack    2004da90 f   g_syscalls.obj
 0001:0004cac0       _trap_BotDumpAvoidGoals    2004dac0 f   g_syscalls.obj
 0001:0004caf0       _trap_BotDumpGoalStack     2004daf0 f   g_syscalls.obj
 0001:0004cb20       _trap_BotGoalName          2004db20 f   g_syscalls.obj
 0001:0004cb60       _trap_BotGetTopGoal        2004db60 f   g_syscalls.obj
 0001:0004cb90       _trap_BotGetSecondGoal     2004db90 f   g_syscalls.obj
 0001:0004cbc0       _trap_BotChooseLTGItem     2004dbc0 f   g_syscalls.obj
 0001:0004cc00       _trap_BotChooseNBGItem     2004dc00 f   g_syscalls.obj
 0001:0004cc50       _trap_BotTouchingGoal      2004dc50 f   g_syscalls.obj
 0001:0004cc80       _trap_BotItemGoalInVisButNotVisible 2004dc80 f   g_syscalls.obj
 0001:0004ccc0       _trap_BotGetLevelItemGoal  2004dcc0 f   g_syscalls.obj
 0001:0004cd00       _trap_BotGetNextCampSpotGoal 2004dd00 f   g_syscalls.obj
 0001:0004cd30       _trap_BotGetMapLocationGoal 2004dd30 f   g_syscalls.obj
 0001:0004cd60       _trap_BotAvoidGoalTime     2004dd60 f   g_syscalls.obj
 0001:0004cda0       _trap_BotSetAvoidGoalTime  2004dda0 f   g_syscalls.obj
 0001:0004cde0       _trap_BotInitLevelItems    2004dde0 f   g_syscalls.obj
 0001:0004ce10       _trap_BotUpdateEntityItems 2004de10 f   g_syscalls.obj
 0001:0004ce40       _trap_BotLoadItemWeights   2004de40 f   g_syscalls.obj
 0001:0004ce70       _trap_BotFreeItemWeights   2004de70 f   g_syscalls.obj
 0001:0004cea0       _trap_BotInterbreedGoalFuzzyLogic 2004dea0 f   g_syscalls.obj
 0001:0004cee0       _trap_BotSaveGoalFuzzyLogic 2004dee0 f   g_syscalls.obj
 0001:0004cf10       _trap_BotMutateGoalFuzzyLogic 2004df10 f   g_syscalls.obj
 0001:0004cf50       _trap_BotAllocGoalState    2004df50 f   g_syscalls.obj
 0001:0004cf80       _trap_BotFreeGoalState     2004df80 f   g_syscalls.obj
 0001:0004cfb0       _trap_BotResetMoveState    2004dfb0 f   g_syscalls.obj
 0001:0004cfe0       _trap_BotAddAvoidSpot      2004dfe0 f   g_syscalls.obj
 0001:0004d030       _trap_BotMoveToGoal        2004e030 f   g_syscalls.obj
 0001:0004d070       _trap_BotMoveInDirection   2004e070 f   g_syscalls.obj
 0001:0004d0c0       _trap_BotResetAvoidReach   2004e0c0 f   g_syscalls.obj
 0001:0004d0f0       _trap_BotResetLastAvoidReach 2004e0f0 f   g_syscalls.obj
 0001:0004d120       _trap_BotReachabilityArea  2004e120 f   g_syscalls.obj
 0001:0004d150       _trap_BotMovementViewTarget 2004e150 f   g_syscalls.obj
 0001:0004d1a0       _trap_BotPredictVisiblePosition 2004e1a0 f   g_syscalls.obj
 0001:0004d1e0       _trap_BotAllocMoveState    2004e1e0 f   g_syscalls.obj
 0001:0004d210       _trap_BotFreeMoveState     2004e210 f   g_syscalls.obj
 0001:0004d240       _trap_BotInitMoveState     2004e240 f   g_syscalls.obj
 0001:0004d270       _trap_BotChooseBestFightWeapon 2004e270 f   g_syscalls.obj
 0001:0004d2a0       _trap_BotGetWeaponInfo     2004e2a0 f   g_syscalls.obj
 0001:0004d2e0       _trap_BotLoadWeaponWeights 2004e2e0 f   g_syscalls.obj
 0001:0004d310       _trap_BotAllocWeaponState  2004e310 f   g_syscalls.obj
 0001:0004d340       _trap_BotFreeWeaponState   2004e340 f   g_syscalls.obj
 0001:0004d370       _trap_BotResetWeaponState  2004e370 f   g_syscalls.obj
 0001:0004d3a0       _trap_GeneticParentsAndChildSelection 2004e3a0 f   g_syscalls.obj
 0001:0004d3e0       _trap_PC_LoadSource        2004e3e0 f   g_syscalls.obj
 0001:0004d410       _trap_PC_FreeSource        2004e410 f   g_syscalls.obj
 0001:0004d440       _trap_PC_ReadToken         2004e440 f   g_syscalls.obj
 0001:0004d470       _trap_PC_SourceFileAndLine 2004e470 f   g_syscalls.obj
 0001:0004d4b0       _Use_Target_Give           2004e4b0 f   g_target.obj
 0001:0004d580       _SP_target_give            2004e580 f   g_target.obj
 0001:0004d5b0       _Use_target_remove_powerups 2004e5b0 f   g_target.obj
 0001:0004d640       _SP_target_remove_powerups 2004e640 f   g_target.obj
 0001:0004d670       _Think_Target_Delay        2004e670 f   g_target.obj
 0001:0004d6a0       _Use_Target_Delay          2004e6a0 f   g_target.obj
 0001:0004d750       _SP_target_delay           2004e750 f   g_target.obj
 0001:0004d7f0       _Use_Target_Score          2004e7f0 f   g_target.obj
 0001:0004d830       _SP_target_score           2004e830 f   g_target.obj
 0001:0004d880       _Use_Target_Print          2004e880 f   g_target.obj
 0001:0004d9c0       _SP_target_print           2004e9c0 f   g_target.obj
 0001:0004d9f0       _Use_Target_Speaker        2004e9f0 f   g_target.obj
 0001:0004dae0       _SP_target_speaker         2004eae0 f   g_target.obj
 0001:0004dd30       _target_laser_think        2004ed30 f   g_target.obj
 0001:0004dfe0       _target_laser_on           2004efe0 f   g_target.obj
 0001:0004e030       _target_laser_off          2004f030 f   g_target.obj
 0001:0004e070       _target_laser_use          2004f070 f   g_target.obj
 0001:0004e0d0       _target_laser_start        2004f0d0 f   g_target.obj
 0001:0004e210       _SP_target_laser           2004f210 f   g_target.obj
 0001:0004e250       _target_teleporter_use     2004f250 f   g_target.obj
 0001:0004e2d0       _SP_target_teleporter      2004f2d0 f   g_target.obj
 0001:0004e340       _target_relay_use          2004f340 f   g_target.obj
 0001:0004e450       _SP_target_relay           2004f450 f   g_target.obj
 0001:0004e480       _target_kill_use           2004f480 f   g_target.obj
 0001:0004e4c0       _SP_target_kill            2004f4c0 f   g_target.obj
 0001:0004e4f0       _SP_target_position        2004f4f0 f   g_target.obj
 0001:0004e520       _SP_target_location        2004f520 f   g_target.obj
 0001:0004e6b0       _Team_InitGame             2004f6b0 f   g_team.obj
 0001:0004e730       _OtherTeam                 2004f730 f   g_team.obj
 0001:0004e770       _TeamName                  2004f770 f   g_team.obj
 0001:0004e7c0       _OtherTeamName             2004f7c0 f   g_team.obj
 0001:0004e810       _TeamColorString           2004f810 f   g_team.obj
 0001:0004e860       _PrintMsg                  2004f860 f   g_team.obj
 0001:0004e960       _AddTeamScore              2004f960 f   g_team.obj
 0001:0004eab0       _OnSameTeam                2004fab0 f   g_team.obj
 0001:0004eb30       _Team_SetFlagStatus        2004fb30 f   g_team.obj
 0001:0004ec40       _Team_CheckDroppedItem     2004fc40 f   g_team.obj
 0001:0004eca0       _Team_ForceGesture         2004fca0 f   g_team.obj
 0001:0004ed50       _Team_FragBonuses          2004fd50 f   g_team.obj
 0001:0004f720       _Team_CheckHurtCarrier     20050720 f   g_team.obj
 0001:0004f840       _Team_ResetFlag            20050840 f   g_team.obj
 0001:0004f930       _Team_ResetFlags           20050930 f   g_team.obj
 0001:0004f970       _Team_ReturnFlagSound      20050970 f   g_team.obj
 0001:0004fa00       _Team_TakeFlagSound        20050a00 f   g_team.obj
 0001:0004fb20       _Team_CaptureFlagSound     20050b20 f   g_team.obj
 0001:0004fbb0       _Team_ReturnFlag           20050bb0 f   g_team.obj
 0001:0004fc30       _Team_FreeEntity           20050c30 f   g_team.obj
 0001:0004fc90       _Team_DroppedFlagThink     20050c90 f   g_team.obj
 0001:0004fd10       _Team_TouchOurFlag         20050d10 f   g_team.obj
 0001:00050160       _Team_TouchEnemyFlag       20051160 f   g_team.obj
 0001:00050240       _Pickup_Team               20051240 f   g_team.obj
 0001:00050320       _Team_GetLocation          20051320 f   g_team.obj
 0001:00050460       _Team_GetLocationMsg       20051460 f   g_team.obj
 0001:00050550       _SelectRandomTeamSpawnPoint 20051550 f   g_team.obj
 0001:000506a0       _SelectCTFSpawnPoint       200516a0 f   g_team.obj
 0001:00050770       _TeamplayInfoMessage       20051770 f   g_team.obj
 0001:00050b60       _CheckTeamStatus           20051b60 f   g_team.obj
 0001:00050d30       _SP_team_CTF_redplayer     20051d30 f   g_team.obj
 0001:00050d50       _SP_team_CTF_blueplayer    20051d50 f   g_team.obj
 0001:00050d70       _SP_team_CTF_redspawn      20051d70 f   g_team.obj
 0001:00050d90       _SP_team_CTF_bluespawn     20051d90 f   g_team.obj
 0001:00050db0       _InitTrigger               20051db0 f   g_trigger.obj
 0001:00050e40       _multi_wait                20051e40 f   g_trigger.obj
 0001:00050e70       _multi_trigger             20051e70 f   g_trigger.obj
 0001:00051080       _Use_Multi                 20052080 f   g_trigger.obj
 0001:000510b0       _Touch_Multi               200520b0 f   g_trigger.obj
 0001:000510f0       _SP_trigger_multiple       200520f0 f   g_trigger.obj
 0001:000511f0       _trigger_always_think      200521f0 f   g_trigger.obj
 0001:00051230       _SP_trigger_always         20052230 f   g_trigger.obj
 0001:00051270       _trigger_push_touch        20052270 f   g_trigger.obj
 0001:000512c0       _AimAtTarget               200522c0 f   g_trigger.obj
 0001:000514a0       _SP_trigger_push           200524a0 f   g_trigger.obj
 0001:00051540       _Use_target_push           20052540 f   g_trigger.obj
 0001:00051630       _SP_target_push            20052630 f   g_trigger.obj
 0001:000517e0       _trigger_teleporter_touch  200527e0 f   g_trigger.obj
 0001:000518a0       _SP_trigger_teleport       200528a0 f   g_trigger.obj
 0001:00051950       _hurt_use                  20052950 f   g_trigger.obj
 0001:000519a0       _hurt_touch                200529a0 f   g_trigger.obj
 0001:00051ac0       _SP_trigger_hurt           20052ac0 f   g_trigger.obj
 0001:00051b90       _func_timer_think          20052b90 f   g_trigger.obj
 0001:00051c30       _func_timer_use            20052c30 f   g_trigger.obj
 0001:00051c90       _SP_func_timer             20052c90 f   g_trigger.obj
 0001:00051dc0       _AddRemap                  20052dc0 f   g_utils.obj
 0001:00051ef0       _BuildShaderStateConfig    20052ef0 f   g_utils.obj
 0001:00051ff0       _G_FindConfigstringIndex   20052ff0 f   g_utils.obj
 0001:000520e0       _G_ModelIndex              200530e0 f   g_utils.obj
 0001:00052110       _G_SoundIndex              20053110 f   g_utils.obj
 0001:00052150       _G_TeamCommand             20053150 f   g_utils.obj
 0001:000521f0       _G_Find                    200531f0 f   g_utils.obj
 0001:000522a0       _G_PickTarget              200532a0 f   g_utils.obj
 0001:00052380       _G_UseTargets              20053380 f   g_utils.obj
 0001:000524d0       _tv                        200534d0 f   g_utils.obj
 0001:00052540       _vtos                      20053540 f   g_utils.obj
 0001:000525d0       _G_SetMovedir              200535d0 f   g_utils.obj
 0001:00052720       _vectoyaw                  20053720 f   g_utils.obj
 0001:00052820       _G_InitGentity             20053820 f   g_utils.obj
 0001:00052880       _G_Spawn                   20053880 f   g_utils.obj
 0001:00052a50       _G_EntitiesFree            20053a50 f   g_utils.obj
 0001:00052ac0       _G_FreeEntity              20053ac0 f   g_utils.obj
 0001:00052b40       _G_TempEntity              20053b40 f   g_utils.obj
 0001:00052c30       _G_KillBox                 20053c30 f   g_utils.obj
 0001:00052dd0       _G_AddPredictableEvent     20053dd0 f   g_utils.obj
 0001:00052e20       _G_AddEvent                20053e20 f   g_utils.obj
 0001:00052f50       _G_Sound                   20053f50 f   g_utils.obj
 0001:00052f90       _G_SetOrigin               20053f90 f   g_utils.obj
 0001:00053060       _DebugLine                 20054060 f   g_utils.obj
 0001:00053350       _G_BounceProjectile        20054350 f   g_weapon.obj
 0001:00053470       _Weapon_Gauntlet           20054470 f   g_weapon.obj
 0001:00053490       _CheckGauntletAttack       20054490 f   g_weapon.obj
 0001:000536d0       _SnapVectorTowards         200546d0 f   g_weapon.obj
 0001:00053780       _Bullet_Fire               20054780 f   g_weapon.obj
 0001:00053ad0       _BFG_Fire                  20054ad0 f   g_weapon.obj
 0001:00053b50       _ShotgunPellet             20054b50 f   g_weapon.obj
 0001:00053ca0       _ShotgunPattern            20054ca0 f   g_weapon.obj
 0001:00053f10       _weapon_supershotgun_fire  20054f10 f   g_weapon.obj
 0001:00054030       _weapon_grenadelauncher_fire 20055030 f   g_weapon.obj
 0001:000540e0       _Weapon_RocketLauncher_Fire 200550e0 f   g_weapon.obj
 0001:00054160       _Weapon_Plasmagun_Fire     20055160 f   g_weapon.obj
 0001:000541e0       _weapon_railgun_fire       200551e0 f   g_weapon.obj
 0001:000545d0       _Weapon_GrapplingHook_Fire 200555d0 f   g_weapon.obj
 0001:00054650       _Weapon_HookFree           20055650 f   g_weapon.obj
 0001:000546d0       _Weapon_HookThink          200556d0 f   g_weapon.obj
 0001:00054890       _Weapon_LightningFire      20055890 f   g_weapon.obj
 0001:00054ac0       _LogAccuracyHit            20055ac0 f   g_weapon.obj
 0001:00054b60       _CalcMuzzlePoint           20055b60 f   g_weapon.obj
 0001:00054c70       _CalcMuzzlePointOrigin     20055c70 f   g_weapon.obj
 0001:00054d80       _FireWeapon                20055d80 f   g_weapon.obj
 0001:00054fd0       _Q_rand                    20055fd0 f   q_math.obj
 0001:00055010       _Q_random                  20056010 f   q_math.obj
 0001:00055050       _Q_crandom                 20056050 f   q_math.obj
 0001:00055080       _ClampChar                 20056080 f   q_math.obj
 0001:000550b0       _ClampShort                200560b0 f   q_math.obj
 0001:000550f0       _DirToByte                 200560f0 f   q_math.obj
 0001:000551c0       _ByteToDir                 200561c0 f   q_math.obj
 0001:00055260       _ColorBytes3               20056260 f   q_math.obj
 0001:000552c0       _ColorBytes4               200562c0 f   q_math.obj
 0001:00055330       _NormalizeColor            20056330 f   q_math.obj
 0001:00055400       _PlaneFromPoints           20056400 f   q_math.obj
 0001:00055590       _RotatePointAroundVector   20056590 f   q_math.obj
 0001:00055840       _RotateAroundDirection     20056840 f   q_math.obj
 0001:000558f0       _vectoangles               200568f0 f   q_math.obj
 0001:00055ac0       _AnglesToAxis              20056ac0 f   q_math.obj
 0001:00055b30       _AxisClear                 20056b30 f   q_math.obj
 0001:00055bc0       _AxisCopy                  20056bc0 f   q_math.obj
 0001:00055c60       _ProjectPointOnPlane       20056c60 f   q_math.obj
 0001:00055da0       _MakeNormalVectors         20056da0 f   q_math.obj
 0001:00055e90       _VectorRotate              20056e90 f   q_math.obj
 0001:00055f50       _Q_rsqrt                   20056f50 f   q_math.obj
 0001:00055fc0       _Q_fabs                    20056fc0 f   q_math.obj
 0001:00055ff0       _LerpAngle                 20056ff0 f   q_math.obj
 0001:00056070       _AngleSubtract             20057070 f   q_math.obj
 0001:000560e0       _AnglesSubtract            200570e0 f   q_math.obj
 0001:00056160       _AngleMod                  20057160 f   q_math.obj
 0001:000561a0       _AngleNormalize360         200571a0 f   q_math.obj
 0001:000561e0       _AngleNormalize180         200571e0 f   q_math.obj
 0001:00056230       _AngleDelta                20057230 f   q_math.obj
 0001:00056260       _SetPlaneSignbits          20057260 f   q_math.obj
 0001:000562e0       _BoxOnPlaneSide            200572e0 f   q_math.obj
 0001:000565b0       _RadiusFromBounds          200575b0 f   q_math.obj
 0001:000566d0       _ClearBounds               200576d0 f   q_math.obj
 0001:00056730       _AddPointToBounds          20057730 f   q_math.obj
 0001:00056830       _VectorNormalize           20057830 f   q_math.obj
 0001:000568f0       _VectorNormalize2          200578f0 f   q_math.obj
 0001:000569d0       __VectorMA                 200579d0 f   q_math.obj
 0001:00056a30       __DotProduct               20057a30 f   q_math.obj
 0001:00056a80       __VectorSubtract           20057a80 f   q_math.obj
 0001:00056ae0       __VectorAdd                20057ae0 f   q_math.obj
 0001:00056b40       __VectorCopy               20057b40 f   q_math.obj
 0001:00056b80       __VectorScale              20057b80 f   q_math.obj
 0001:00056bd0       _Vector4Scale              20057bd0 f   q_math.obj
 0001:00056c30       _Q_log2                    20057c30 f   q_math.obj
 0001:00056c70       _MatrixMultiply            20057c70 f   q_math.obj
 0001:00056e80       _AngleVectors              20057e80 f   q_math.obj
 0001:000570e0       _PerpendicularVector       200580e0 f   q_math.obj
 0001:000571d0       _Com_Clamp                 200581d0 f   q_shared.obj
 0001:00057220       _COM_SkipPath              20058220 f   q_shared.obj
 0001:00057280       _COM_StripExtension        20058280 f   q_shared.obj
 0001:000572e0       _COM_DefaultExtension      200582e0 f   q_shared.obj
 0001:00057390       _ShortSwap                 20058390 f   q_shared.obj
 0001:000573f0       _ShortNoSwap               200583f0 f   q_shared.obj
 0001:00057410       _LongSwap                  20058410 f   q_shared.obj
 0001:000574b0       _LongNoSwap                200584b0 f   q_shared.obj
 0001:000574d0       _Long64Swap                200584d0 f   q_shared.obj
 0001:00057530       _Long64NoSwap              20058530 f   q_shared.obj
 0001:00057550       _FloatSwap                 20058550 f   q_shared.obj
 0001:00057590       _FloatNoSwap               20058590 f   q_shared.obj
 0001:000575b0       _COM_BeginParseSession     200585b0 f   q_shared.obj
 0001:00057600       _COM_GetCurrentParseLine   20058600 f   q_shared.obj
 0001:00057620       _COM_Parse                 20058620 f   q_shared.obj
 0001:00057650       _COM_ParseError            20058650 f   q_shared.obj
 0001:000576c0       _COM_ParseWarning          200586c0 f   q_shared.obj
 0001:00057730       _COM_Compress              20058730 f   q_shared.obj
 0001:000579b0       _COM_ParseExt              200589b0 f   q_shared.obj
 0001:00057ce0       _COM_MatchToken            20058ce0 f   q_shared.obj
 0001:00057d40       _SkipBracedSection         20058d40 f   q_shared.obj
 0001:00057dd0       _SkipRestOfLine            20058dd0 f   q_shared.obj
 0001:00057e40       _Parse1DMatrix             20058e40 f   q_shared.obj
 0001:00057ed0       _Parse2DMatrix             20058ed0 f   q_shared.obj
 0001:00057f60       _Parse3DMatrix             20058f60 f   q_shared.obj
 0001:00058000       _Q_isprint                 20059000 f   q_shared.obj
 0001:00058030       _Q_islower                 20059030 f   q_shared.obj
 0001:00058060       _Q_isupper                 20059060 f   q_shared.obj
 0001:00058090       _Q_isalpha                 20059090 f   q_shared.obj
 0001:000580d0       _Q_strrchr                 200590d0 f   q_shared.obj
 0001:00058150       _Q_strncpyz                20059150 f   q_shared.obj
 0001:000581e0       _Q_stricmpn                200591e0 f   q_shared.obj
 0001:000582f0       _Q_strncmp                 200592f0 f   q_shared.obj
 0001:00058380       _Q_stricmp                 20059380 f   q_shared.obj
 0001:000583d0       _Q_strlwr                  200593d0 f   q_shared.obj
 0001:00058430       _Q_strupr                  20059430 f   q_shared.obj
 0001:00058490       _Q_strcat                  20059490 f   q_shared.obj
 0001:00058500       _Q_PrintStrlen             20059500 f   q_shared.obj
 0001:000585a0       _Q_CleanStr                200595a0 f   q_shared.obj
 0001:00058660       _Com_sprintf               20059660 f   q_shared.obj
 0001:00058710       _va                        20059710 f   q_shared.obj
 0001:00058780       _Info_ValueForKey          20059780 f   q_shared.obj
 0001:00058960       _Info_NextPair             20059960 f   q_shared.obj
 0001:00058a70       _Info_RemoveKey            20059a70 f   q_shared.obj
 0001:00058c40       _Info_RemoveKey_Big        20059c40 f   q_shared.obj
 0001:00058e10       _Info_Validate             20059e10 f   q_shared.obj
 0001:00058e70       _Info_SetValueForKey       20059e70 f   q_shared.obj
 0001:00059050       _Info_SetValueForKey_Big   2005a050 f   q_shared.obj
 0001:00059220       _atol                      2005a220 f   LIBCMTD:atox.obj
 0001:00059320       _atoi                      2005a320 f   LIBCMTD:atox.obj
 0001:00059340       __atoi64                   2005a340 f   LIBCMTD:atox.obj
 0001:00059470       _strlen                    2005a470 f   LIBCMTD:strlen.obj
 0001:000594f0       _srand                     2005a4f0 f   LIBCMTD:rand.obj
 0001:00059500       _rand                      2005a500 f   LIBCMTD:rand.obj
 0001:00059540       __fpmath                   2005a540 f   LIBCMTD:fpinit.obj
 0001:00059570       __fpclear                  2005a570 f   LIBCMTD:fpinit.obj
 0001:00059580       __cfltcvt_init             2005a580 f   LIBCMTD:fpinit.obj
 0001:000595d0       ___setfflag                2005a5d0 f   LIBCMTD:fpinit.obj
 0001:000595ec       __ftol                     2005a5ec f   LIBCMTD:ftol.obj
 0001:00059620       _strncpy                   2005a620 f   LIBCMTD:strncpy.obj
 0001:00059720       _strcpy                    2005a720 f   LIBCMTD:strcat.obj
 0001:00059730       _strcat                    2005a730 f   LIBCMTD:strcat.obj
 0001:00059810       _memcpy                    2005a810 f   LIBCMTD:memcpy.obj
 0001:00059b50       _atof                      2005ab50 f   LIBCMTD:atof.obj
 0001:00059bd0       _sscanf                    2005abd0 f   LIBCMTD:sscanf.obj
 0001:00059c90       __CIsqrt                   2005ac90 f   LIBCMTD:sqrt.obj
 0001:00059ca4       _sqrt                      2005aca4 f   LIBCMTD:sqrt.obj
 0001:00059d50       _memset                    2005ad50 f   LIBCMTD:memset.obj
 0001:00059db0       __toupper                  2005adb0 f   LIBCMTD:toupper.obj
 0001:00059dc0       _toupper                   2005adc0 f   LIBCMTD:toupper.obj
 0001:00059e60       __toupper_lk               2005ae60 f   LIBCMTD:toupper.obj
 0001:00059f90       _memmove                   2005af90 f   LIBCMTD:memmove.obj
 0001:0005a2d0       _strstr                    2005b2d0 f   LIBCMTD:strstr.obj
 0001:0005a350       _fabs                      2005b350 f   LIBCMTD:fabs.obj
 0001:0005a450       _strcmp                    2005b450 f   LIBCMTD:strcmp.obj
 0001:0005a4e0       _vsprintf                  2005b4e0 f   LIBCMTD:vsprintf.obj
 0001:0005a5e0       _abs                       2005b5e0 f   LIBCMTD:abs.obj
 0001:0005a620       _strchr                    2005b620 f   LIBCMTD:strchr.obj
 0001:0005a626       ___from_strstr_to_strchr   2005b626 f   LIBCMTD:strchr.obj
 0001:0005a6e0       __CIsin                    2005b6e0 f   LIBCMTD:sin.obj
 0001:0005a6f4       _sin                       2005b6f4 f   LIBCMTD:sin.obj
 0001:0005a790       __CIcos                    2005b790 f   LIBCMTD:cos.obj
 0001:0005a7a4       _cos                       2005b7a4 f   LIBCMTD:cos.obj
 0001:0005a840       __alloca_probe             2005b840 f   LIBCMTD:chkstk.obj
 0001:0005a840       __chkstk                   2005b840 f   LIBCMTD:chkstk.obj
 0001:0005a870       __tolower                  2005b870 f   LIBCMTD:tolower.obj
 0001:0005a880       _tolower                   2005b880 f   LIBCMTD:tolower.obj
 0001:0005a920       __tolower_lk               2005b920 f   LIBCMTD:tolower.obj
 0001:0005aa50       _ceil                      2005ba50 f   LIBCMTD:ceil.obj
 0001:0005ab90       _qsort                     2005bb90 f   LIBCMTD:qsort.obj
 0001:0005ae90       _atan2                     2005be90 f   LIBCMTD:87ctriga.obj
 0001:0005ae9a       __CIatan2                  2005be9a f   LIBCMTD:87ctriga.obj
 0001:0005aeb0       __assert                   2005beb0 f   LIBCMTD:assert.obj
 0001:0005b230       __CRT_INIT@12              2005c230 f   LIBCMTD:dllcrt0.obj
 0001:0005b370       __DllMainCRTStartup@12     2005c370 f   LIBCMTD:dllcrt0.obj
 0001:0005b470       __amsg_exit                2005c470 f   LIBCMTD:dllcrt0.obj
 0001:0005b4b0       __isctype                  2005c4b0 f   LIBCMTD:isctype.obj
 0001:0005b570       __allmul                   2005c570 f   LIBCMTD:llmul.obj
 0001:0005b5b0       __mtinit                   2005c5b0 f   LIBCMTD:tidtable.obj
 0001:0005b640       __mtterm                   2005c640 f   LIBCMTD:tidtable.obj
 0001:0005b670       __initptd                  2005c670 f   LIBCMTD:tidtable.obj
 0001:0005b690       __getptd                   2005c690 f   LIBCMTD:tidtable.obj
 0001:0005b730       __freeptd                  2005c730 f   LIBCMTD:tidtable.obj
 0001:0005b840       ___threadid                2005c840 f   LIBCMTD:tidtable.obj
 0001:0005b850       ___threadhandle            2005c850 f   LIBCMTD:tidtable.obj
 0001:0005b860       __setdefaultprecision      2005c860 f   LIBCMTD:fp8.obj
 0001:0005b880       __ms_p5_test_fdiv          2005c880 f   LIBCMTD:testfdiv.obj
 0001:0005b8e0       __ms_p5_mp_test_fdiv       2005c8e0 f   LIBCMTD:testfdiv.obj
 0001:0005b930       __forcdecpt                2005c930 f   LIBCMTD:cvt.obj
 0001:0005b9e0       __cropzeros                2005c9e0 f   LIBCMTD:cvt.obj
 0001:0005bac0       __positive                 2005cac0 f   LIBCMTD:cvt.obj
 0001:0005baf0       __fassign                  2005caf0 f   LIBCMTD:cvt.obj
 0001:0005bb40       __cftoe                    2005cb40 f   LIBCMTD:cvt.obj
 0001:0005bd30       __cftof                    2005cd30 f   LIBCMTD:cvt.obj
 0001:0005bee0       __cftog                    2005cee0 f   LIBCMTD:cvt.obj
 0001:0005bfd0       __cfltcvt                  2005cfd0 f   LIBCMTD:cvt.obj
 0001:0005c060       __fltin2                   2005d060 f   LIBCMTD:cfin.obj
 0001:0005c120       __input                    2005d120 f   LIBCMTD:input.obj
 0001:0005d620       __CrtDbgBreak              2005e620 f   LIBCMTD:dbgrpt.obj
 0001:0005d630       __CrtSetReportMode         2005e630 f   LIBCMTD:dbgrpt.obj
 0001:0005d690       __CrtSetReportFile         2005e690 f   LIBCMTD:dbgrpt.obj
 0001:0005d710       __CrtSetReportHook         2005e710 f   LIBCMTD:dbgrpt.obj
 0001:0005d730       __CrtDbgReport             2005e730 f   LIBCMTD:dbgrpt.obj
 0001:0005ddd0       __trandisp1                2005edd0 f   LIBCMTD:87disp.obj
 0001:0005de37       __trandisp2                2005ee37 f   LIBCMTD:87disp.obj
 0001:0005dec3       __rttospopde               2005eec3 f   LIBCMTD:87disp.obj
 0001:0005dec8       __rttospop                 2005eec8 f   LIBCMTD:87disp.obj
 0001:0005deca       __rtnospop                 2005eeca f   LIBCMTD:87disp.obj
 0001:0005decc       __rttosnpop                2005eecc f   LIBCMTD:87disp.obj
 0001:0005decd       __rtnospopde               2005eecd f   LIBCMTD:87disp.obj
 0001:0005ded4       __rtzeropop                2005eed4 f   LIBCMTD:87disp.obj
 0001:0005ded6       __rtzeronpop               2005eed6 f   LIBCMTD:87disp.obj
 0001:0005dedb       __rtonepop                 2005eedb f   LIBCMTD:87disp.obj
 0001:0005dedd       __rtonenpop                2005eedd f   LIBCMTD:87disp.obj
 0001:0005dee2       __tosnan1                  2005eee2 f   LIBCMTD:87disp.obj
 0001:0005df0d       __nosnan2                  2005ef0d f   LIBCMTD:87disp.obj
 0001:0005df0f       __tosnan2                  2005ef0f f   LIBCMTD:87disp.obj
 0001:0005df37       __nan2                     2005ef37 f   LIBCMTD:87disp.obj
 0001:0005df76       __rtindfpop                2005ef76 f   LIBCMTD:87disp.obj
 0001:0005df78       __rtindfnpop               2005ef78 f   LIBCMTD:87disp.obj
 0001:0005df89       __rttosnpopde              2005ef89 f   LIBCMTD:87disp.obj
 0001:0005df93       __rtchsifneg               2005ef93 f   LIBCMTD:87disp.obj
 0001:0005dfa0       __startTwoArgErrorHandling 2005efa0 f   LIBCMTD:genexcep.obj
 0001:0005dfb7       __startOneArgErrorHandling 2005efb7 f   LIBCMTD:genexcep.obj
 0001:0005e000       __twoToTOS                 2005f000 f   LIBCMTD:common.obj
 0001:0005e015       __load_CW                  2005f015 f   LIBCMTD:common.obj
 0001:0005e02c       __convertTOStoQNaN         2005f02c f   LIBCMTD:common.obj
 0001:0005e045       __fload_withFB             2005f045 f   LIBCMTD:common.obj
 0001:0005e088       __checkTOS_withFB          2005f088 f   LIBCMTD:common.obj
 0001:0005e09e       __fast_exit                2005f09e f   LIBCMTD:common.obj
 0001:0005e0ab       __math_exit                2005f0ab f   LIBCMTD:common.obj
 0001:0005e0d5       __check_overflow_exit      2005f0d5 f   LIBCMTD:common.obj
 0001:0005e0e9       __check_range_exit         2005f0e9 f   LIBCMTD:common.obj
 0001:0005e190       __mtinitlocks              2005f190 f   LIBCMTD:mlock.obj
 0001:0005e1d0       __mtdeletelocks            2005f1d0 f   LIBCMTD:mlock.obj
 0001:0005e270       __lock                     2005f270 f   LIBCMTD:mlock.obj
 0001:0005e310       __unlock                   2005f310 f   LIBCMTD:mlock.obj
[...]
 0003:00004060       ___lc_time_curr            200c2060     LIBCMTD:strftime.obj
 0003:00004068       ___lc_time_c               200c2068     LIBCMTD:strftime.obj
 0003:00004118       ___lconv_static_decimal    200c2118     LIBCMTD:lconv.obj
 0003:00004120       ___lconv_c                 200c2120     LIBCMTD:lconv.obj
 0003:00004150       ___lconv                   200c2150     LIBCMTD:lconv.obj
 0003:00004160       __pow10pos                 200c2160     LIBCMTD:constpow.obj
 0003:000042c0       __pow10neg                 200c22c0     LIBCMTD:constpow.obj
 0003:0000441c       __timezone                 200c241c     LIBCMTD:timeset.obj
 0003:00004420       __daylight                 200c2420     LIBCMTD:timeset.obj
 0003:00004424       __dstbias                  200c2424     LIBCMTD:timeset.obj
 0003:000044a8       __tzname                   200c24a8     LIBCMTD:timeset.obj
 0003:000044cc       __lpdays                   200c24cc     LIBCMTD:days.obj
 0003:00004500       __days                     200c2500     LIBCMTD:days.obj
 0003:00004cd0       _c_pmove                   200c2cd0     bg_pmove.obj
 0003:00057d60       _remapCount                20115d60     g_utils.obj
 0003:0005815c       _vec3_origin               2011615c     q_math.obj
 0003:00072a54       ___fastflag                20130a54     LIBCMTD:fpinit.obj
 0003:00072a58       __adjust_fdiv              20130a58     LIBCMTD:fpinit.obj
 0003:00072a60       __aenvptr                  20130a60     LIBCMTD:dllcrt0.obj
 0003:00072a64       __wenvptr                  20130a64     LIBCMTD:dllcrt0.obj
 0003:00072a68       ___error_mode              20130a68     LIBCMTD:dllcrt0.obj
 0003:00072a6c       ___app_type                20130a6c     LIBCMTD:dllcrt0.obj
 0003:00072ae4       ___lc_handle               20130ae4     LIBCMTD:nlsdata2.obj
 0003:00072afc       ___lc_codepage             20130afc     LIBCMTD:nlsdata2.obj
 0003:00072b00       ___lc_collate_cp           20130b00     LIBCMTD:nlsdata2.obj
 0003:00072b08       __umaskval                 20130b08     LIBCMTD:crt0dat.obj
 0003:00072b0c       __osver                    20130b0c     LIBCMTD:crt0dat.obj
 0003:00072b10       __winver                   20130b10     LIBCMTD:crt0dat.obj
 0003:00072b14       __winmajor                 20130b14     LIBCMTD:crt0dat.obj
 0003:00072b18       __winminor                 20130b18     LIBCMTD:crt0dat.obj
 0003:00072b1c       ___argc                    20130b1c     LIBCMTD:crt0dat.obj
 0003:00072b20       ___argv                    20130b20     LIBCMTD:crt0dat.obj
 0003:00072b24       ___wargv                   20130b24     LIBCMTD:crt0dat.obj
 0003:00072b28       __environ                  20130b28     LIBCMTD:crt0dat.obj
 0003:00072b2c       ___initenv                 20130b2c     LIBCMTD:crt0dat.obj
 0003:00072b30       __wenviron                 20130b30     LIBCMTD:crt0dat.obj
 0003:00072b34       ___winitenv                20130b34     LIBCMTD:crt0dat.obj
 0003:00072b38       __pgmptr                   20130b38     LIBCMTD:crt0dat.obj
 0003:00072b3c       __wpgmptr                  20130b3c     LIBCMTD:crt0dat.obj
 0003:00072b40       __exitflag                 20130b40     LIBCMTD:crt0dat.obj
 0003:00072b44       __C_Termination_Done       20130b44     LIBCMTD:crt0dat.obj
 0003:00072b48       __C_Exit_Done              20130b48     LIBCMTD:crt0dat.obj
 0003:00072b70       __cflush                   20130b70     LIBCMTD:_file.obj
 0003:00072c90       __adbgmsg                  20130c90     LIBCMTD:crt0msg.obj
 0003:00072c98       ___lc_time_intl            20130c98     LIBCMTD:inittime.obj
 0003:00072cb4       ___lc_id                   20130cb4     LIBCMTD:nlsdata3.obj
 0003:00072cfc       __stdbuf                   20130cfc     LIBCMTD:_sftbuf.obj
 0003:00072d04       __newmode                  20130d04     LIBCMTD:_newmode.obj
 0003:00072d08       ?_pnhHeap@@3P6AHI@ZA       20130d08     LIBCMTD:handler.obj
 0003:00072d18       ___lconv_static_null       20130d18     LIBCMTD:lconv.obj
 0003:00072e00       _remappedShaders           20130e00     <common>
 0003:00077d3c       _neutralObelisk            20135d3c     <common>
 0003:00077d60       _teamgame                  20135d60     <common>
 0003:00077d84       _pushed_p                  20135d84     <common>
 0003:00079740       _pushed                    20137740     <common>
 0003:00081740       _g_synchronousClients      2013f740     <common>
 0003:000ad5e0       _g_maxGameClients          2016b5e0     <common>
 0003:000ad700       _g_fraglimit               2016b700     <common>
 0003:000ad820       _g_gametype                2016b820     <common>
 0003:000ad940       _g_password                2016b940     <common>
 0003:000ada60       _g_dmflags                 2016ba60     <common>
 0003:000adb80       _pmove_msec                2016bb80     <common>
 0003:000adca0       _g_cheats                  2016bca0     <common>
 0003:000addc0       _g_capturelimit            2016bdc0     <common>
 0003:000adee0       _g_weaponTeamRespawn       2016bee0     <common>
 0003:000ae000       _g_needpass                2016c000     <common>
 0003:000ae120       _g_speed                   2016c120     <common>
 0003:000ae240       _g_teamForceBalance        2016c240     <common>
 0003:000ae360       _g_doWarmup                2016c360     <common>
 0003:000ae480       _g_debugDamage             2016c480     <common>
 0003:000ae5a0       _g_podiumDist              2016c5a0     <common>
 0003:000ae6c0       _g_banIPs                  2016c6c0     <common>
 0003:000ae7e0       _pmove_fixed               2016c7e0     <common>
 0003:000ae900       _g_rankings                2016c900     <common>
 0003:000aea20       _g_knockback               2016ca20     <common>
 0003:000aeb40       _g_clients                 2016cb40     <common>
 0003:000bad40       _g_maxclients              20178d40     <common>
 0003:000bae60       _g_podiumDrop              20178e60     <common>
 0003:000baf80       _g_timelimit               20178f80     <common>
 0003:000bb0a0       _g_filterBan               201790a0     <common>
 0003:000bb1c0       _g_smoothClients           201791c0     <common>
 0003:000bb2e0       _g_debugAlloc              201792e0     <common>
 0003:000bb400       _g_inactivity              20179400     <common>
 0003:000bb520       _level                     20179520     <common>
 0003:000bd920       _g_restarted               2017b920     <common>
 0003:000bda40       _g_teamAutoJoin            2017ba40     <common>
 0003:000bdb60       _g_blood                   2017bb60     <common>
 0003:000bdc80       _g_gravity                 2017bc80     <common>
 0003:000bdda0       _g_listEntity              2017bda0     <common>
 0003:000bdec0       _g_allowVote               2017bec0     <common>
 0003:000bdfe0       _g_entities                2017bfe0     <common>
 0003:00187fe0       _g_log                     20245fe0     <common>
 0003:00188100       _g_friendlyFire            20246100     <common>
 0003:00188220       _g_weaponRespawn           20246220     <common>
 0003:00188340       _g_debugMove               20246340     <common>
 0003:00188460       _g_motd                    20246460     <common>
 0003:00188580       _g_forcerespawn            20246580     <common>
 0003:001886a0       _g_warmup                  202466a0     <common>
 0003:001887c0       _g_logSync                 202467c0     <common>
 0003:001888e0       _g_quadfactor              202468e0     <common>
 0003:00188a00       _g_dedicated               20246a00     <common>
 0003:00188b20       _itemRegistered            20246b20     <common>
 0003:00189000       _bot_minplayers            20247000     <common>
 0003:00189150       _g_numArenas               20247150     <common>
 0003:00189154       _podium2                   20247154     <common>
 0003:00189164       _podium3                   20247164     <common>
 0003:00189168       _podium1                   20247168     <common>
 0003:00189180       _pml                       20247180     <common>
 0003:00189230       _pm                        20247230     <common>
 0003:00189240       _ctftaskpreferences        20247240     <common>
 0003:00189e60       _bot_interbreedcycle       20247e60     <common>
 0003:0018a23c       _numbots                   2024823c     <common>
 0003:0018a240       _bot_testsolid             20248240     <common>
 0003:0018a360       _bot_interbreedwrite       20248360     <common>
 0003:0018a480       _bot_developer             20248480     <common>
 0003:0018a5a0       _bot_testclusters          202485a0     <common>
 0003:0018a6b0       _bot_interbreedmatchcount  202486b0     <common>
 0003:0018a6c0       _bot_saveroutingcache      202486c0     <common>
 0003:0018a7e0       _bot_thinktime             202487e0     <common>
 0003:0018a900       _botstates                 20248900     <common>
 0003:0018aa00       _regularupdate_time        20248a00     <common>
 0003:0018aa04       _bot_interbreed            20248a04     <common>
 0003:0018aa08       _floattime                 20248a08     <common>
 0003:0018aa20       _bot_pause                 20248a20     <common>
 0003:0018ab40       _bot_interbreedbots        20248b40     <common>
 0003:0018ac60       _bot_memorydump            20248c60     <common>
 0003:0018ad80       _bot_report                20248d80     <common>
 0003:0018aea0       _bot_interbreedchar        20248ea0     <common>
 0003:0018afb0       _lastteleport_origin       20248fb0     <common>
 0003:0018bce0       _ctf_blueflag              20249ce0     <common>
 0003:0018bd20       _g_spSkill                 20249d20     <common>
 0003:0018be40       _bot_testrchat             20249e40     <common>
 0003:0018bf50       _gametype                  20249f50     <common>
 0003:0018bf60       _bot_nochat                20249f60     <common>
 0003:0018c070       _max_bspmodelindex         2024a070     <common>
 0003:0018c080       _bot_fastchat              2024a080     <common>
 0003:0018c1a0       _bot_rocketjump            2024a1a0     <common>
 0003:0018c2c0       _bot_predictobstacles      2024a2c0     <common>
 0003:0018c3e0       _bot_challenge             2024a3e0     <common>
 0003:0018c4f0       _red_numaltroutegoals      2024a4f0     <common>
 0003:0018c500       _ctf_redflag               2024a500     <common>
 0003:0018c538       _botai_freewaypoints       2024a538     <common>
 0003:0018c53c       _altroutegoals_setup       2024a53c     <common>
 0003:0018c540       _lastteleport_time         2024a540     <common>
 0003:0018c560       _blue_altroutegoals        2024a560     <common>
 0003:0018c860       _blue_numaltroutegoals     2024a860     <common>
 0003:0018c880       _botai_waypoints           2024a880     <common>
 0003:0018fa80       _bot_grapple               2024da80     <common>
 0003:0018fba0       _red_altroutegoals         2024dba0     <common>
 0003:0018fea0       _maxclients                2024dea0     <common>
 0003:0018fea4       _numnodeswitches           2024dea4     <common>
 0003:00190480       _nodeswitch                2024e480     <common>
 0003:00192140       _notleader                 20250140     <common>
 0003:0019227c       ___alternate_form          2025027c     <common>
 0003:0019228c       ___no_lead_zeros           2025028c     <common>
 0003:00192290       ___mbcodepage              20250290     <common>
 0003:00192310       ___mbulinfo                20250310     <common>
 0003:0019231c       ___ismbcodepage            2025031c     <common>
 0003:00192320       __mbcasemap                20250320     <common>
 0003:00192420       __mbctype                  20250420     <common>
 0003:00192524       ___mblcid                  20250524     <common>
 0003:00192528       ___sbh_sizeHeaderList      20250528     <common>
 0003:00192538       ___sbh_indGroupDefer       20250538     <common>
 0003:0019253c       ___sbh_pHeaderScan         2025053c     <common>
 0003:00192540       ___sbh_pHeaderDefer        20250540     <common>
 0003:00192544       ___sbh_cntHeaderList       20250544     <common>
 0003:00192548       ___sbh_pHeaderList         20250548     <common>
 0003:0019254c       __crtheap                  2025054c     <common>
 0003:00192558       __pfnDumpClient            20250558     <common>
 0003:00192580       ___pioinfo                 20250580     <common>
 0003:001926bc       __nhandle                  202506bc     <common>
 0003:001926c0       ___piob                    202506c0     <common>
 0003:00192a00       __bufin                    20250a00     <common>
 0003:00193a00       __nstream                  20251a00     <common>
 0003:00193a04       ___env_initialized         20251a04     <common>
 0003:00193a14       ___mbctype_initialized     20251a14     <common>
 0003:00193a18       ___onexitend               20251a18     <common>
 0003:00193a1c       ___onexitbegin             20251a1c     <common>
 0003:00193a20       ___setlc_active            20251a20     <common>
 0003:00193a30       ___unguarded_readlc_active 20251a30     <common>
 0003:00193a34       __pfnReportHook            20251a34     <common>
 0003:00193a40       __acmdln                   20251a40     <common>
 0003:00193a50       __pRawDllMain              20251a50     <common>
 0004:00000000       __IMPORT_DESCRIPTOR_KERNEL32 20252000     kernel32:KERNEL32.dll
 0004:00000014       __NULL_IMPORT_DESCRIPTOR   20252014     kernel32:KERNEL32.dll
 0004:000001bc       __imp__InterlockedDecrement@4 202521bc     kernel32:KERNEL32.dll
 0004:000001c0       __imp__InterlockedIncrement@4 202521c0     kernel32:KERNEL32.dll
 0004:000001c4       __imp__GetModuleFileNameA@12 202521c4     kernel32:KERNEL32.dll
 0004:000001c8       __imp__GetCommandLineA@0   202521c8     kernel32:KERNEL32.dll
 0004:000001cc       __imp__GetVersion@0        202521cc     kernel32:KERNEL32.dll
 0004:000001d0       __imp__GetCurrentThreadId@0 202521d0     kernel32:KERNEL32.dll
 0004:000001d4       __imp__TlsSetValue@8       202521d4     kernel32:KERNEL32.dll
 0004:000001d8       __imp__TlsAlloc@0          202521d8     kernel32:KERNEL32.dll
 0004:000001dc       __imp__TlsFree@4           202521dc     kernel32:KERNEL32.dll
 0004:000001e0       __imp__SetLastError@4      202521e0     kernel32:KERNEL32.dll
 0004:000001e4       __imp__TlsGetValue@4       202521e4     kernel32:KERNEL32.dll
 0004:000001e8       __imp__GetLastError@0      202521e8     kernel32:KERNEL32.dll
 0004:000001ec       __imp__GetCurrentThread@0  202521ec     kernel32:KERNEL32.dll
 0004:000001f0       __imp__GetProcAddress@8    202521f0     kernel32:KERNEL32.dll
 0004:000001f4       __imp__GetModuleHandleA@4  202521f4     kernel32:KERNEL32.dll
 0004:000001f8       __imp__DebugBreak@0        202521f8     kernel32:KERNEL32.dll
 0004:000001fc       __imp__GetStdHandle@4      202521fc     kernel32:KERNEL32.dll
 0004:00000200       __imp__WriteFile@20        20252200     kernel32:KERNEL32.dll
 0004:00000204       __imp__OutputDebugStringA@4 20252204     kernel32:KERNEL32.dll
 0004:00000208       __imp__LoadLibraryA@4      20252208     kernel32:KERNEL32.dll
 0004:0000020c       __imp__InitializeCriticalSection@4 2025220c     kernel32:KERNEL32.dll
 0004:00000210       __imp__DeleteCriticalSection@4 20252210     kernel32:KERNEL32.dll
 0004:00000214       __imp__EnterCriticalSection@4 20252214     kernel32:KERNEL32.dll
 0004:00000218       __imp__LeaveCriticalSection@4 20252218     kernel32:KERNEL32.dll
 0004:0000021c       __imp__ExitProcess@4       2025221c     kernel32:KERNEL32.dll
 0004:00000220       __imp__FatalAppExitA@8     20252220     kernel32:KERNEL32.dll
 0004:00000224       __imp__Sleep@4             20252224     kernel32:KERNEL32.dll
 0004:00000228       __imp__WideCharToMultiByte@32 20252228     kernel32:KERNEL32.dll
 0004:0000022c       __imp__MultiByteToWideChar@24 2025222c     kernel32:KERNEL32.dll
 0004:00000230       __imp__LCMapStringA@24     20252230     kernel32:KERNEL32.dll
 0004:00000234       __imp__LCMapStringW@24     20252234     kernel32:KERNEL32.dll
 0004:00000238       __imp__RaiseException@16   20252238     kernel32:KERNEL32.dll
 0004:0000023c       __imp__TerminateProcess@8  2025223c     kernel32:KERNEL32.dll
 0004:00000240       __imp__GetCurrentProcess@0 20252240     kernel32:KERNEL32.dll
 0004:00000244       __imp__SetConsoleCtrlHandler@8 20252244     kernel32:KERNEL32.dll
 0004:00000248       __imp__SetHandleCount@4    20252248     kernel32:KERNEL32.dll
 0004:0000024c       __imp__GetFileType@4       2025224c     kernel32:KERNEL32.dll
 0004:00000250       __imp__GetStartupInfoA@4   20252250     kernel32:KERNEL32.dll
 0004:00000254       __imp__IsBadWritePtr@8     20252254     kernel32:KERNEL32.dll
 0004:00000258       __imp__IsBadReadPtr@8      20252258     kernel32:KERNEL32.dll
 0004:0000025c       __imp__HeapValidate@12     2025225c     kernel32:KERNEL32.dll
 0004:00000260       __imp__FreeEnvironmentStringsA@4 20252260     kernel32:KERNEL32.dll
 0004:00000264       __imp__FreeEnvironmentStringsW@4 20252264     kernel32:KERNEL32.dll
 0004:00000268       __imp__GetEnvironmentStrings@0 20252268     kernel32:KERNEL32.dll
 0004:0000026c       __imp__GetEnvironmentStringsW@0 2025226c     kernel32:KERNEL32.dll
 0004:00000270       __imp__HeapDestroy@4       20252270     kernel32:KERNEL32.dll
 0004:00000274       __imp__HeapCreate@12       20252274     kernel32:KERNEL32.dll
 0004:00000278       __imp__HeapFree@12         20252278     kernel32:KERNEL32.dll
 0004:0000027c       __imp__VirtualFree@12      2025227c     kernel32:KERNEL32.dll
 0004:00000280       __imp__GetStringTypeA@20   20252280     kernel32:KERNEL32.dll
 0004:00000284       __imp__GetStringTypeW@16   20252284     kernel32:KERNEL32.dll
 0004:00000288       __imp__UnhandledExceptionFilter@4 20252288     kernel32:KERNEL32.dll
 0004:0000028c       __imp__GetCPInfo@8         2025228c     kernel32:KERNEL32.dll
 0004:00000290       __imp__IsValidLocale@8     20252290     kernel32:KERNEL32.dll
 0004:00000294       __imp__IsValidCodePage@4   20252294     kernel32:KERNEL32.dll
 0004:00000298       __imp__GetLocaleInfoA@16   20252298     kernel32:KERNEL32.dll
 0004:0000029c       __imp__EnumSystemLocalesA@8 2025229c     kernel32:KERNEL32.dll
 0004:000002a0       __imp__GetUserDefaultLCID@0 202522a0     kernel32:KERNEL32.dll
 0004:000002a4       __imp__GetVersionExA@4     202522a4     kernel32:KERNEL32.dll
 0004:000002a8       __imp__RtlUnwind@16        202522a8     kernel32:KERNEL32.dll
 0004:000002ac       __imp__SetFilePointer@16   202522ac     kernel32:KERNEL32.dll
 0004:000002b0       __imp__FlushFileBuffers@4  202522b0     kernel32:KERNEL32.dll
 0004:000002b4       __imp__HeapAlloc@12        202522b4     kernel32:KERNEL32.dll
 0004:000002b8       __imp__HeapReAlloc@16      202522b8     kernel32:KERNEL32.dll
 0004:000002bc       __imp__VirtualAlloc@16     202522bc     kernel32:KERNEL32.dll
 0004:000002c0       __imp__GetACP@0            202522c0     kernel32:KERNEL32.dll
 0004:000002c4       __imp__GetOEMCP@0          202522c4     kernel32:KERNEL32.dll
 0004:000002c8       __imp__ReadFile@20         202522c8     kernel32:KERNEL32.dll
 0004:000002cc       __imp__SetStdHandle@8      202522cc     kernel32:KERNEL32.dll
 0004:000002d0       __imp__GetTimeZoneInformation@4 202522d0     kernel32:KERNEL32.dll
 0004:000002d4       __imp__GetLocaleInfoW@16   202522d4     kernel32:KERNEL32.dll
 0004:000002d8       __imp__CloseHandle@4       202522d8     kernel32:KERNEL32.dll
 0004:000002dc       __imp__CompareStringA@24   202522dc     kernel32:KERNEL32.dll
 0004:000002e0       __imp__CompareStringW@24   202522e0     kernel32:KERNEL32.dll
 0004:000002e4       __imp__SetEnvironmentVariableA@8 202522e4     kernel32:KERNEL32.dll
 0004:000002e8       \177KERNEL32_NULL_THUNK_DATA 202522e8     kernel32:KERNEL32.dll

 entry point at        0001:0005b370

